/home/nisanth/carla_ros_ws/install/carla_ros_bridge/lib/python3.10/site-packages/carla_ros_bridge/odom_sensor.py
/home/nisanth/carla_ros_ws/install/carla_ros_bridge/lib/python3.10/site-packages/carla_ros_bridge/ego_vehicle.py
/home/nisanth/carla_ros_ws/install/carla_ros_bridge/lib/python3.10/site-packages/carla_ros_bridge/debug_helper.py
/home/nisanth/carla_ros_ws/install/carla_ros_bridge/lib/python3.10/site-packages/carla_ros_bridge/opendrive_sensor.py
/home/nisanth/carla_ros_ws/install/carla_ros_bridge/lib/python3.10/site-packages/carla_ros_bridge/carla_status_publisher.py
/home/nisanth/carla_ros_ws/install/carla_ros_bridge/lib/python3.10/site-packages/carla_ros_bridge/actor_factory.py
/home/nisanth/carla_ros_ws/install/carla_ros_bridge/lib/python3.10/site-packages/carla_ros_bridge/gnss.py
/home/nisanth/carla_ros_ws/install/carla_ros_bridge/lib/python3.10/site-packages/carla_ros_bridge/lane_invasion_sensor.py
/home/nisanth/carla_ros_ws/install/carla_ros_bridge/lib/python3.10/site-packages/carla_ros_bridge/speedometer_sensor.py
/home/nisanth/carla_ros_ws/install/carla_ros_bridge/lib/python3.10/site-packages/carla_ros_bridge/radar.py
/home/nisanth/carla_ros_ws/install/carla_ros_bridge/lib/python3.10/site-packages/carla_ros_bridge/actor_control.py
/home/nisanth/carla_ros_ws/install/carla_ros_bridge/lib/python3.10/site-packages/carla_ros_bridge/actor_list_sensor.py
/home/nisanth/carla_ros_ws/install/carla_ros_bridge/lib/python3.10/site-packages/carla_ros_bridge/marker_sensor.py
/home/nisanth/carla_ros_ws/install/carla_ros_bridge/lib/python3.10/site-packages/carla_ros_bridge/traffic_participant.py
/home/nisanth/carla_ros_ws/install/carla_ros_bridge/lib/python3.10/site-packages/carla_ros_bridge/spectator.py
/home/nisanth/carla_ros_ws/install/carla_ros_bridge/lib/python3.10/site-packages/carla_ros_bridge/collision_sensor.py
/home/nisanth/carla_ros_ws/install/carla_ros_bridge/lib/python3.10/site-packages/carla_ros_bridge/camera.py
/home/nisanth/carla_ros_ws/install/carla_ros_bridge/lib/python3.10/site-packages/carla_ros_bridge/lidar.py
/home/nisanth/carla_ros_ws/install/carla_ros_bridge/lib/python3.10/site-packages/carla_ros_bridge/walker.py
/home/nisanth/carla_ros_ws/install/carla_ros_bridge/lib/python3.10/site-packages/carla_ros_bridge/object_sensor.py
/home/nisanth/carla_ros_ws/install/carla_ros_bridge/lib/python3.10/site-packages/carla_ros_bridge/tf_sensor.py
/home/nisanth/carla_ros_ws/install/carla_ros_bridge/lib/python3.10/site-packages/carla_ros_bridge/bridge.py
/home/nisanth/carla_ros_ws/install/carla_ros_bridge/lib/python3.10/site-packages/carla_ros_bridge/vehicle.py
/home/nisanth/carla_ros_ws/install/carla_ros_bridge/lib/python3.10/site-packages/carla_ros_bridge/world_info.py
/home/nisanth/carla_ros_ws/install/carla_ros_bridge/lib/python3.10/site-packages/carla_ros_bridge/__init__.py
/home/nisanth/carla_ros_ws/install/carla_ros_bridge/lib/python3.10/site-packages/carla_ros_bridge/traffic.py
/home/nisanth/carla_ros_ws/install/carla_ros_bridge/lib/python3.10/site-packages/carla_ros_bridge/traffic_lights_sensor.py
/home/nisanth/carla_ros_ws/install/carla_ros_bridge/lib/python3.10/site-packages/carla_ros_bridge/rss_sensor.py
/home/nisanth/carla_ros_ws/install/carla_ros_bridge/lib/python3.10/site-packages/carla_ros_bridge/pseudo_actor.py
/home/nisanth/carla_ros_ws/install/carla_ros_bridge/lib/python3.10/site-packages/carla_ros_bridge/imu.py
/home/nisanth/carla_ros_ws/install/carla_ros_bridge/lib/python3.10/site-packages/carla_ros_bridge/sensor.py
/home/nisanth/carla_ros_ws/install/carla_ros_bridge/lib/python3.10/site-packages/carla_ros_bridge/actor.py
/home/nisanth/carla_ros_ws/install/carla_ros_bridge/lib/python3.10/site-packages/carla_ros_bridge/CARLA_VERSION
/home/nisanth/carla_ros_ws/install/carla_ros_bridge/lib/python3.10/site-packages/carla_ros_bridge/__pycache__/odom_sensor.cpython-310.pyc
/home/nisanth/carla_ros_ws/install/carla_ros_bridge/lib/python3.10/site-packages/carla_ros_bridge/__pycache__/ego_vehicle.cpython-310.pyc
/home/nisanth/carla_ros_ws/install/carla_ros_bridge/lib/python3.10/site-packages/carla_ros_bridge/__pycache__/debug_helper.cpython-310.pyc
/home/nisanth/carla_ros_ws/install/carla_ros_bridge/lib/python3.10/site-packages/carla_ros_bridge/__pycache__/opendrive_sensor.cpython-310.pyc
/home/nisanth/carla_ros_ws/install/carla_ros_bridge/lib/python3.10/site-packages/carla_ros_bridge/__pycache__/carla_status_publisher.cpython-310.pyc
/home/nisanth/carla_ros_ws/install/carla_ros_bridge/lib/python3.10/site-packages/carla_ros_bridge/__pycache__/actor_factory.cpython-310.pyc
/home/nisanth/carla_ros_ws/install/carla_ros_bridge/lib/python3.10/site-packages/carla_ros_bridge/__pycache__/gnss.cpython-310.pyc
/home/nisanth/carla_ros_ws/install/carla_ros_bridge/lib/python3.10/site-packages/carla_ros_bridge/__pycache__/lane_invasion_sensor.cpython-310.pyc
/home/nisanth/carla_ros_ws/install/carla_ros_bridge/lib/python3.10/site-packages/carla_ros_bridge/__pycache__/speedometer_sensor.cpython-310.pyc
/home/nisanth/carla_ros_ws/install/carla_ros_bridge/lib/python3.10/site-packages/carla_ros_bridge/__pycache__/radar.cpython-310.pyc
/home/nisanth/carla_ros_ws/install/carla_ros_bridge/lib/python3.10/site-packages/carla_ros_bridge/__pycache__/actor_control.cpython-310.pyc
/home/nisanth/carla_ros_ws/install/carla_ros_bridge/lib/python3.10/site-packages/carla_ros_bridge/__pycache__/actor_list_sensor.cpython-310.pyc
/home/nisanth/carla_ros_ws/install/carla_ros_bridge/lib/python3.10/site-packages/carla_ros_bridge/__pycache__/marker_sensor.cpython-310.pyc
/home/nisanth/carla_ros_ws/install/carla_ros_bridge/lib/python3.10/site-packages/carla_ros_bridge/__pycache__/traffic_participant.cpython-310.pyc
/home/nisanth/carla_ros_ws/install/carla_ros_bridge/lib/python3.10/site-packages/carla_ros_bridge/__pycache__/spectator.cpython-310.pyc
/home/nisanth/carla_ros_ws/install/carla_ros_bridge/lib/python3.10/site-packages/carla_ros_bridge/__pycache__/collision_sensor.cpython-310.pyc
/home/nisanth/carla_ros_ws/install/carla_ros_bridge/lib/python3.10/site-packages/carla_ros_bridge/__pycache__/camera.cpython-310.pyc
/home/nisanth/carla_ros_ws/install/carla_ros_bridge/lib/python3.10/site-packages/carla_ros_bridge/__pycache__/lidar.cpython-310.pyc
/home/nisanth/carla_ros_ws/install/carla_ros_bridge/lib/python3.10/site-packages/carla_ros_bridge/__pycache__/walker.cpython-310.pyc
/home/nisanth/carla_ros_ws/install/carla_ros_bridge/lib/python3.10/site-packages/carla_ros_bridge/__pycache__/object_sensor.cpython-310.pyc
/home/nisanth/carla_ros_ws/install/carla_ros_bridge/lib/python3.10/site-packages/carla_ros_bridge/__pycache__/tf_sensor.cpython-310.pyc
/home/nisanth/carla_ros_ws/install/carla_ros_bridge/lib/python3.10/site-packages/carla_ros_bridge/__pycache__/bridge.cpython-310.pyc
/home/nisanth/carla_ros_ws/install/carla_ros_bridge/lib/python3.10/site-packages/carla_ros_bridge/__pycache__/vehicle.cpython-310.pyc
/home/nisanth/carla_ros_ws/install/carla_ros_bridge/lib/python3.10/site-packages/carla_ros_bridge/__pycache__/world_info.cpython-310.pyc
/home/nisanth/carla_ros_ws/install/carla_ros_bridge/lib/python3.10/site-packages/carla_ros_bridge/__pycache__/__init__.cpython-310.pyc
/home/nisanth/carla_ros_ws/install/carla_ros_bridge/lib/python3.10/site-packages/carla_ros_bridge/__pycache__/traffic.cpython-310.pyc
/home/nisanth/carla_ros_ws/install/carla_ros_bridge/lib/python3.10/site-packages/carla_ros_bridge/__pycache__/traffic_lights_sensor.cpython-310.pyc
/home/nisanth/carla_ros_ws/install/carla_ros_bridge/lib/python3.10/site-packages/carla_ros_bridge/__pycache__/rss_sensor.cpython-310.pyc
/home/nisanth/carla_ros_ws/install/carla_ros_bridge/lib/python3.10/site-packages/carla_ros_bridge/__pycache__/pseudo_actor.cpython-310.pyc
/home/nisanth/carla_ros_ws/install/carla_ros_bridge/lib/python3.10/site-packages/carla_ros_bridge/__pycache__/imu.cpython-310.pyc
/home/nisanth/carla_ros_ws/install/carla_ros_bridge/lib/python3.10/site-packages/carla_ros_bridge/__pycache__/sensor.cpython-310.pyc
/home/nisanth/carla_ros_ws/install/carla_ros_bridge/lib/python3.10/site-packages/carla_ros_bridge/__pycache__/actor.cpython-310.pyc
/home/nisanth/carla_ros_ws/install/carla_ros_bridge/share/ament_index/resource_index/packages/carla_ros_bridge
/home/nisanth/carla_ros_ws/install/carla_ros_bridge/share/carla_ros_bridge/package.xml
/home/nisanth/carla_ros_ws/install/carla_ros_bridge/share/carla_ros_bridge/carla_ros_bridge.launch.py
/home/nisanth/carla_ros_ws/install/carla_ros_bridge/share/carla_ros_bridge/carla_ros_bridge_with_example_ego_vehicle.launch.py
/home/nisanth/carla_ros_ws/install/carla_ros_bridge/share/carla_ros_bridge/test/test_objects.json
/home/nisanth/carla_ros_ws/install/carla_ros_bridge/lib/python3.10/site-packages/carla_ros_bridge-0.0.0-py3.10.egg-info/dependency_links.txt
/home/nisanth/carla_ros_ws/install/carla_ros_bridge/lib/python3.10/site-packages/carla_ros_bridge-0.0.0-py3.10.egg-info/requires.txt
/home/nisanth/carla_ros_ws/install/carla_ros_bridge/lib/python3.10/site-packages/carla_ros_bridge-0.0.0-py3.10.egg-info/SOURCES.txt
/home/nisanth/carla_ros_ws/install/carla_ros_bridge/lib/python3.10/site-packages/carla_ros_bridge-0.0.0-py3.10.egg-info/zip-safe
/home/nisanth/carla_ros_ws/install/carla_ros_bridge/lib/python3.10/site-packages/carla_ros_bridge-0.0.0-py3.10.egg-info/entry_points.txt
/home/nisanth/carla_ros_ws/install/carla_ros_bridge/lib/python3.10/site-packages/carla_ros_bridge-0.0.0-py3.10.egg-info/PKG-INFO
/home/nisanth/carla_ros_ws/install/carla_ros_bridge/lib/python3.10/site-packages/carla_ros_bridge-0.0.0-py3.10.egg-info/top_level.txt
/home/nisanth/carla_ros_ws/install/carla_ros_bridge/lib/carla_ros_bridge/bridge
