/home/nisanth/carla_ros_ws/install/ros_compatibility/lib/python3.10/site-packages/ros_compatibility/callback_groups.py
/home/nisanth/carla_ros_ws/install/ros_compatibility/lib/python3.10/site-packages/ros_compatibility/qos.py
/home/nisanth/carla_ros_ws/install/ros_compatibility/lib/python3.10/site-packages/ros_compatibility/core.py
/home/nisanth/carla_ros_ws/install/ros_compatibility/lib/python3.10/site-packages/ros_compatibility/executors.py
/home/nisanth/carla_ros_ws/install/ros_compatibility/lib/python3.10/site-packages/ros_compatibility/node.py
/home/nisanth/carla_ros_ws/install/ros_compatibility/lib/python3.10/site-packages/ros_compatibility/exceptions.py
/home/nisanth/carla_ros_ws/install/ros_compatibility/lib/python3.10/site-packages/ros_compatibility/logging.py
/home/nisanth/carla_ros_ws/install/ros_compatibility/lib/python3.10/site-packages/ros_compatibility/__init__.py
/home/nisanth/carla_ros_ws/install/ros_compatibility/lib/python3.10/site-packages/ros_compatibility/__pycache__/callback_groups.cpython-310.pyc
/home/nisanth/carla_ros_ws/install/ros_compatibility/lib/python3.10/site-packages/ros_compatibility/__pycache__/qos.cpython-310.pyc
/home/nisanth/carla_ros_ws/install/ros_compatibility/lib/python3.10/site-packages/ros_compatibility/__pycache__/core.cpython-310.pyc
/home/nisanth/carla_ros_ws/install/ros_compatibility/lib/python3.10/site-packages/ros_compatibility/__pycache__/executors.cpython-310.pyc
/home/nisanth/carla_ros_ws/install/ros_compatibility/lib/python3.10/site-packages/ros_compatibility/__pycache__/node.cpython-310.pyc
/home/nisanth/carla_ros_ws/install/ros_compatibility/lib/python3.10/site-packages/ros_compatibility/__pycache__/exceptions.cpython-310.pyc
/home/nisanth/carla_ros_ws/install/ros_compatibility/lib/python3.10/site-packages/ros_compatibility/__pycache__/logging.cpython-310.pyc
/home/nisanth/carla_ros_ws/install/ros_compatibility/lib/python3.10/site-packages/ros_compatibility/__pycache__/__init__.cpython-310.pyc
/home/nisanth/carla_ros_ws/install/ros_compatibility/share/ament_index/resource_index/packages/ros_compatibility
/home/nisanth/carla_ros_ws/install/ros_compatibility/share/ros_compatibility/package.xml
/home/nisanth/carla_ros_ws/install/ros_compatibility/lib/python3.10/site-packages/ros_compatibility-0.0.0-py3.10.egg-info/dependency_links.txt
/home/nisanth/carla_ros_ws/install/ros_compatibility/lib/python3.10/site-packages/ros_compatibility-0.0.0-py3.10.egg-info/requires.txt
/home/nisanth/carla_ros_ws/install/ros_compatibility/lib/python3.10/site-packages/ros_compatibility-0.0.0-py3.10.egg-info/SOURCES.txt
/home/nisanth/carla_ros_ws/install/ros_compatibility/lib/python3.10/site-packages/ros_compatibility-0.0.0-py3.10.egg-info/zip-safe
/home/nisanth/carla_ros_ws/install/ros_compatibility/lib/python3.10/site-packages/ros_compatibility-0.0.0-py3.10.egg-info/PKG-INFO
/home/nisanth/carla_ros_ws/install/ros_compatibility/lib/python3.10/site-packages/ros_compatibility-0.0.0-py3.10.egg-info/top_level.txt
