[1.752s] Invoking command in '/home/nisanth/carla_ros_ws/src/av_controller': AMENT_PREFIX_PATH=/home/nisanth/carla_ros_ws/install/carla_msgs:${AMENT_PREFIX_PATH} CMAKE_PREFIX_PATH=/home/nisanth/carla_ros_ws/install/carla_msgs LD_LIBRARY_PATH=/home/nisanth/carla_ros_ws/install/carla_msgs/lib:${LD_LIBRARY_PATH} PYTHONPATH=/home/nisanth/carla_ros_ws/build/av_controller/prefix_override:/usr/lib/python3/dist-packages/colcon_core/task/python/colcon_distutils_commands:/home/nisanth/carla_ros_ws/install/av_controller/lib/python3.10/site-packages:/home/nisanth/carla_ros_ws/install/carla_msgs/local/lib/python3.10/dist-packages:${PYTHONPATH} /usr/bin/python3 -W ignore:setup.py install is deprecated -W ignore:easy_install command is deprecated setup.py egg_info --egg-base ../../build/av_controller build --build-base /home/nisanth/carla_ros_ws/build/av_controller/build install --record /home/nisanth/carla_ros_ws/build/av_controller/install.log --single-version-externally-managed install_data
[2.025s] running egg_info
[2.026s] creating ../../build/av_controller/av_controller.egg-info
[2.027s] writing ../../build/av_controller/av_controller.egg-info/PKG-INFO
[2.027s] writing dependency_links to ../../build/av_controller/av_controller.egg-info/dependency_links.txt
[2.028s] writing entry points to ../../build/av_controller/av_controller.egg-info/entry_points.txt
[2.028s] writing requirements to ../../build/av_controller/av_controller.egg-info/requires.txt
[2.028s] writing top-level names to ../../build/av_controller/av_controller.egg-info/top_level.txt
[2.028s] writing manifest file '../../build/av_controller/av_controller.egg-info/SOURCES.txt'
[2.030s] reading manifest file '../../build/av_controller/av_controller.egg-info/SOURCES.txt'
[2.031s] writing manifest file '../../build/av_controller/av_controller.egg-info/SOURCES.txt'
[2.031s] running build
[2.031s] running build_py
[2.032s] creating /home/nisanth/carla_ros_ws/build/av_controller/build
[2.032s] creating /home/nisanth/carla_ros_ws/build/av_controller/build/lib
[2.032s] creating /home/nisanth/carla_ros_ws/build/av_controller/build/lib/av_controller
[2.033s] copying av_controller/__init__.py -> /home/nisanth/carla_ros_ws/build/av_controller/build/lib/av_controller
[2.033s] running install
[2.033s] running install_lib
[2.034s] creating /home/nisanth/carla_ros_ws/install/av_controller/lib/python3.10/site-packages/av_controller
[2.035s] copying /home/nisanth/carla_ros_ws/build/av_controller/build/lib/av_controller/__init__.py -> /home/nisanth/carla_ros_ws/install/av_controller/lib/python3.10/site-packages/av_controller
[2.035s] byte-compiling /home/nisanth/carla_ros_ws/install/av_controller/lib/python3.10/site-packages/av_controller/__init__.py to __init__.cpython-310.pyc
[2.036s] running install_data
[2.036s] creating /home/nisanth/carla_ros_ws/install/av_controller/share/ament_index
[2.037s] creating /home/nisanth/carla_ros_ws/install/av_controller/share/ament_index/resource_index
[2.037s] creating /home/nisanth/carla_ros_ws/install/av_controller/share/ament_index/resource_index/packages
[2.038s] copying resource/av_controller -> /home/nisanth/carla_ros_ws/install/av_controller/share/ament_index/resource_index/packages
[2.039s] copying package.xml -> /home/nisanth/carla_ros_ws/install/av_controller/share/av_controller
[2.039s] running install_egg_info
[2.041s] Copying ../../build/av_controller/av_controller.egg-info to /home/nisanth/carla_ros_ws/install/av_controller/lib/python3.10/site-packages/av_controller-0.0.0-py3.10.egg-info
[2.043s] running install_scripts
[2.067s] writing list of installed files to '/home/nisanth/carla_ros_ws/build/av_controller/install.log'
[2.096s] Invoked command in '/home/nisanth/carla_ros_ws/src/av_controller' returned '0': AMENT_PREFIX_PATH=/home/nisanth/carla_ros_ws/install/carla_msgs:${AMENT_PREFIX_PATH} CMAKE_PREFIX_PATH=/home/nisanth/carla_ros_ws/install/carla_msgs LD_LIBRARY_PATH=/home/nisanth/carla_ros_ws/install/carla_msgs/lib:${LD_LIBRARY_PATH} PYTHONPATH=/home/nisanth/carla_ros_ws/build/av_controller/prefix_override:/usr/lib/python3/dist-packages/colcon_core/task/python/colcon_distutils_commands:/home/nisanth/carla_ros_ws/install/av_controller/lib/python3.10/site-packages:/home/nisanth/carla_ros_ws/install/carla_msgs/local/lib/python3.10/dist-packages:${PYTHONPATH} /usr/bin/python3 -W ignore:setup.py install is deprecated -W ignore:easy_install command is deprecated setup.py egg_info --egg-base ../../build/av_controller build --build-base /home/nisanth/carla_ros_ws/build/av_controller/build install --record /home/nisanth/carla_ros_ws/build/av_controller/install.log --single-version-externally-managed install_data
