[0.897s] Invoking command in '/home/nisanth/carla_ros_ws/build/rviz_carla_plugin': AMENT_PREFIX_PATH=/home/nisanth/carla_ros_ws/install/carla_ros_scenario_runner_types:/home/nisanth/carla_ros_ws/install/carla_msgs:${AMENT_PREFIX_PATH} CMAKE_PREFIX_PATH=/home/nisanth/carla_ros_ws/install/carla_ros_scenario_runner_types:/home/nisanth/carla_ros_ws/install/carla_msgs:/opt/ros/humble LD_LIBRARY_PATH=/home/nisanth/carla_ros_ws/install/carla_ros_scenario_runner_types/lib:/home/nisanth/carla_ros_ws/install/carla_msgs/lib:${LD_LIBRARY_PATH} PYTHONPATH=/home/nisanth/carla_ros_ws/install/carla_ros_scenario_runner_types/local/lib/python3.10/dist-packages:/home/nisanth/carla_ros_ws/install/carla_msgs/local/lib/python3.10/dist-packages:${PYTHONPATH} /usr/bin/cmake /home/nisanth/carla_ros_ws/src/ros-bridge/rviz_carla_plugin -DAMENT_CMAKE_SYMLINK_INSTALL=1 -DCMAKE_INSTALL_PREFIX=/home/nisanth/carla_ros_ws/install/rviz_carla_plugin
[1.492s] -- The C compiler identification is GNU 11.4.0
[1.522s] -- The CXX compiler identification is GNU 11.4.0
[1.967s] -- Detecting C compiler ABI info
[2.197s] -- Detecting C compiler ABI info - done
[2.209s] -- Check for working C compiler: /usr/bin/cc - skipped
[2.209s] -- Detecting C compile features
[2.210s] -- Detecting C compile features - done
[2.215s] -- Detecting CXX compiler ABI info
[2.455s] -- Detecting CXX compiler ABI info - done
[2.467s] -- Check for working CXX compiler: /usr/bin/c++ - skipped
[2.467s] -- Detecting CXX compile features
[2.468s] -- Detecting CXX compile features - done
[2.471s] -- Found ros_environment: 3.2.2 (/opt/ros/humble/share/ros_environment/cmake)
[2.474s] -- Found ament_cmake: 1.3.13 (/opt/ros/humble/share/ament_cmake/cmake)
[2.692s] -- Found Python3: /usr/bin/python3 (found version "3.10.12") found components: Interpreter 
[2.788s] -- Override CMake install command with custom implementation using symlinks instead of copying resources
[2.820s] -- Found rviz_common: 11.2.25 (/opt/ros/humble/share/rviz_common/cmake)
[3.018s] -- Setting assimp_DIR to: '/opt/ros/humble/share/rviz_assimp_vendor/cmake/../../../opt/rviz_assimp_vendor/lib/cmake/assimp-4.1'
[3.026s] -- Setting OGRE_DIR to: '/opt/ros/humble/share/rviz_ogre_vendor/cmake/../../../opt/rviz_ogre_vendor/lib/OGRE/cmake'
[3.029s] -- Found OGRE
[3.029s] --   static     : OFF
[3.029s] --   components : HLMS;MeshLodGenerator;Overlay;Paging;Property;RTShaderSystem;Terrain;Volume
[3.029s] --   plugins    : Plugin_BSPSceneManager;Plugin_OctreeSceneManager;Plugin_PCZSceneManager;Plugin_ParticleFX;RenderSystem_GL;RenderSystem_GL3Plus;Codec_STBI
[3.029s] --   media      : /opt/ros/humble/opt/rviz_ogre_vendor/share/OGRE/Media
[3.029s] -- OGRE_LIBRARIES: OgreHLMS;OgreMeshLodGenerator;OgreOverlay;OgrePaging;OgreProperty;OgreRTShaderSystem;OgreTerrain;OgreVolume;OgreMain
[3.029s] -- OGRE_LIBRARY_DIRS: /opt/ros/humble/opt/rviz_ogre_vendor/lib
[3.030s] -- OGRE_PLUGINS: Plugin_BSPSceneManager;Plugin_OctreeSceneManager;Plugin_PCZSceneManager;Plugin_ParticleFX;RenderSystem_GL;RenderSystem_GL3Plus;Codec_STBI
[3.030s] -- OGRE_PLUGIN_DIR: /opt/ros/humble/opt/rviz_ogre_vendor/lib/OGRE
[3.030s] -- rviz_ogre_vendor::OgreOverlay for IMPORTED_LOCATION_RELEASE: /opt/ros/humble/opt/rviz_ogre_vendor/lib/libOgreOverlay.so
[3.030s] -- rviz_ogre_vendor::OgreOverlay for IMPORTED_LOCATION_DEBUG: /opt/ros/humble/opt/rviz_ogre_vendor/lib/libOgreOverlay.so
[3.030s] -- rviz_ogre_vendor::OgreMain for IMPORTED_LOCATION_RELEASE: /opt/ros/humble/opt/rviz_ogre_vendor/lib/libOgreMain.so
[3.030s] -- rviz_ogre_vendor::OgreMain for IMPORTED_LOCATION_DEBUG: /opt/ros/humble/opt/rviz_ogre_vendor/lib/libOgreMain.so
[3.070s] -- Could not find freeimage library
[4.620s] -- Found ZLIB: /usr/lib/x86_64-linux-gnu/libz.so (found version "1.2.11") 
[5.247s] -- Found OpenGL: /usr/lib/x86_64-linux-gnu/libOpenGL.so   
[9.691s] -- Found X11: /usr/include   
[9.692s] -- Looking for XOpenDisplay in /usr/lib/x86_64-linux-gnu/libX11.so;/usr/lib/x86_64-linux-gnu/libXext.so
[9.868s] -- Looking for XOpenDisplay in /usr/lib/x86_64-linux-gnu/libX11.so;/usr/lib/x86_64-linux-gnu/libXext.so - found
[9.869s] -- Looking for gethostbyname
[10.032s] -- Looking for gethostbyname - found
[10.032s] -- Looking for connect
[10.186s] -- Looking for connect - found
[10.186s] -- Looking for remove
[10.337s] -- Looking for remove - found
[10.337s] -- Looking for shmat
[10.519s] -- Looking for shmat - found
[10.519s] -- Looking for IceConnectionNumber in ICE
[10.699s] -- Looking for IceConnectionNumber in ICE - found
[11.909s] -- library: /usr/lib/x86_64-linux-gnu/libcurl.so
[11.986s] -- Found rosidl_generator_c: 3.1.8 (/opt/ros/humble/share/rosidl_generator_c/cmake)
[11.991s] -- Found rosidl_adapter: 3.1.8 (/opt/ros/humble/share/rosidl_adapter/cmake)
[12.002s] -- Found rosidl_generator_cpp: 3.1.8 (/opt/ros/humble/share/rosidl_generator_cpp/cmake)
[12.015s] -- Using all available rosidl_typesupport_c: rosidl_typesupport_fastrtps_c;rosidl_typesupport_introspection_c
[12.032s] -- Using all available rosidl_typesupport_cpp: rosidl_typesupport_fastrtps_cpp;rosidl_typesupport_introspection_cpp
[13.372s] -- Found rmw_implementation_cmake: 6.1.2 (/opt/ros/humble/share/rmw_implementation_cmake/cmake)
[13.375s] -- Found rmw_fastrtps_cpp: 6.2.10 (/opt/ros/humble/share/rmw_fastrtps_cpp/cmake)
[13.404s] -- Found TinyXML2 via Config file: TinyXML2_DIR-NOTFOUND
[13.473s] -- Found OpenSSL: /usr/lib/x86_64-linux-gnu/libcrypto.so (found version "3.0.2")  
[13.476s] -- Found TinyXML2 via Config file: TinyXML2_DIR-NOTFOUND
[13.616s] -- Found FastRTPS: /opt/ros/humble/include  
[13.619s] -- Found TinyXML2 via Config file: TinyXML2_DIR-NOTFOUND
[13.629s] -- Found TinyXML2 via Config file: TinyXML2_DIR-NOTFOUND
[13.697s] -- Using RMW implementation 'rmw_fastrtps_cpp' as default
[13.710s] -- Looking for pthread.h
[13.866s] -- Looking for pthread.h - found
[13.866s] -- Performing Test CMAKE_HAVE_LIBC_PTHREAD
[14.039s] -- Performing Test CMAKE_HAVE_LIBC_PTHREAD - Success
[14.040s] -- Found Threads: TRUE  
[14.180s] -- Found Eigen3: TRUE (found version "3.4.0") 
[14.181s] -- Ensuring Eigen3 include directory is part of orocos-kdl CMake target
[14.324s] -- Found carla_msgs: 1.3.0 (/home/nisanth/carla_ros_ws/install/carla_msgs/share/carla_msgs/cmake)
[14.353s] -- Found nav_msgs: 4.9.1 (/opt/ros/humble/share/nav_msgs/cmake)
[14.367s] -- Found carla_ros_scenario_runner_types: 0.1.0 (/home/nisanth/carla_ros_ws/install/carla_ros_scenario_runner_types/share/carla_ros_scenario_runner_types/cmake)
[14.464s] -- Configuring done
[14.522s] -- Generating done
[14.529s] -- Build files have been written to: /home/nisanth/carla_ros_ws/build/rviz_carla_plugin
[14.549s] Invoked command in '/home/nisanth/carla_ros_ws/build/rviz_carla_plugin' returned '0': AMENT_PREFIX_PATH=/home/nisanth/carla_ros_ws/install/carla_ros_scenario_runner_types:/home/nisanth/carla_ros_ws/install/carla_msgs:${AMENT_PREFIX_PATH} CMAKE_PREFIX_PATH=/home/nisanth/carla_ros_ws/install/carla_ros_scenario_runner_types:/home/nisanth/carla_ros_ws/install/carla_msgs:/opt/ros/humble LD_LIBRARY_PATH=/home/nisanth/carla_ros_ws/install/carla_ros_scenario_runner_types/lib:/home/nisanth/carla_ros_ws/install/carla_msgs/lib:${LD_LIBRARY_PATH} PYTHONPATH=/home/nisanth/carla_ros_ws/install/carla_ros_scenario_runner_types/local/lib/python3.10/dist-packages:/home/nisanth/carla_ros_ws/install/carla_msgs/local/lib/python3.10/dist-packages:${PYTHONPATH} /usr/bin/cmake /home/nisanth/carla_ros_ws/src/ros-bridge/rviz_carla_plugin -DAMENT_CMAKE_SYMLINK_INSTALL=1 -DCMAKE_INSTALL_PREFIX=/home/nisanth/carla_ros_ws/install/rviz_carla_plugin
[14.551s] Invoking command in '/home/nisanth/carla_ros_ws/build/rviz_carla_plugin': AMENT_PREFIX_PATH=/home/nisanth/carla_ros_ws/install/carla_ros_scenario_runner_types:/home/nisanth/carla_ros_ws/install/carla_msgs:${AMENT_PREFIX_PATH} CMAKE_PREFIX_PATH=/home/nisanth/carla_ros_ws/install/carla_ros_scenario_runner_types:/home/nisanth/carla_ros_ws/install/carla_msgs:/opt/ros/humble LD_LIBRARY_PATH=/home/nisanth/carla_ros_ws/install/carla_ros_scenario_runner_types/lib:/home/nisanth/carla_ros_ws/install/carla_msgs/lib:${LD_LIBRARY_PATH} PYTHONPATH=/home/nisanth/carla_ros_ws/install/carla_ros_scenario_runner_types/local/lib/python3.10/dist-packages:/home/nisanth/carla_ros_ws/install/carla_msgs/local/lib/python3.10/dist-packages:${PYTHONPATH} /usr/bin/cmake --build /home/nisanth/carla_ros_ws/build/rviz_carla_plugin -- -j12 -l12
[14.622s] [ 12%] [34m[1mAutomatic MOC for target rviz_carla_plugin[0m
[15.256s] [ 12%] Built target rviz_carla_plugin_autogen
[15.270s] [ 25%] [34m[1mGenerating qrc_rviz_carla_plugin.cpp[0m
[15.305s] [ 62%] [32mBuilding CXX object CMakeFiles/rviz_carla_plugin.dir/src/indicator_widget.cpp.o[0m
[15.305s] [ 62%] [32mBuilding CXX object CMakeFiles/rviz_carla_plugin.dir/qrc_rviz_carla_plugin.cpp.o[0m
[15.305s] [ 62%] [32mBuilding CXX object CMakeFiles/rviz_carla_plugin.dir/src/drive_widget.cpp.o[0m
[15.305s] [ 75%] [32mBuilding CXX object CMakeFiles/rviz_carla_plugin.dir/rviz_carla_plugin_autogen/mocs_compilation.cpp.o[0m
[15.305s] [ 87%] [32mBuilding CXX object CMakeFiles/rviz_carla_plugin.dir/src/carla_control_panel_ROS2.cpp.o[0m
[42.348s] [100%] [32m[1mLinking CXX shared library librviz_carla_plugin.so[0m
[48.326s] [100%] Built target rviz_carla_plugin
[48.343s] Invoked command in '/home/nisanth/carla_ros_ws/build/rviz_carla_plugin' returned '0': AMENT_PREFIX_PATH=/home/nisanth/carla_ros_ws/install/carla_ros_scenario_runner_types:/home/nisanth/carla_ros_ws/install/carla_msgs:${AMENT_PREFIX_PATH} CMAKE_PREFIX_PATH=/home/nisanth/carla_ros_ws/install/carla_ros_scenario_runner_types:/home/nisanth/carla_ros_ws/install/carla_msgs:/opt/ros/humble LD_LIBRARY_PATH=/home/nisanth/carla_ros_ws/install/carla_ros_scenario_runner_types/lib:/home/nisanth/carla_ros_ws/install/carla_msgs/lib:${LD_LIBRARY_PATH} PYTHONPATH=/home/nisanth/carla_ros_ws/install/carla_ros_scenario_runner_types/local/lib/python3.10/dist-packages:/home/nisanth/carla_ros_ws/install/carla_msgs/local/lib/python3.10/dist-packages:${PYTHONPATH} /usr/bin/cmake --build /home/nisanth/carla_ros_ws/build/rviz_carla_plugin -- -j12 -l12
[48.345s] Invoking command in '/home/nisanth/carla_ros_ws/build/rviz_carla_plugin': AMENT_PREFIX_PATH=/home/nisanth/carla_ros_ws/install/carla_ros_scenario_runner_types:/home/nisanth/carla_ros_ws/install/carla_msgs:${AMENT_PREFIX_PATH} CMAKE_PREFIX_PATH=/home/nisanth/carla_ros_ws/install/carla_ros_scenario_runner_types:/home/nisanth/carla_ros_ws/install/carla_msgs:/opt/ros/humble LD_LIBRARY_PATH=/home/nisanth/carla_ros_ws/install/carla_ros_scenario_runner_types/lib:/home/nisanth/carla_ros_ws/install/carla_msgs/lib:${LD_LIBRARY_PATH} PYTHONPATH=/home/nisanth/carla_ros_ws/install/carla_ros_scenario_runner_types/local/lib/python3.10/dist-packages:/home/nisanth/carla_ros_ws/install/carla_msgs/local/lib/python3.10/dist-packages:${PYTHONPATH} /usr/bin/cmake --install /home/nisanth/carla_ros_ws/build/rviz_carla_plugin
[48.354s] -- Install configuration: ""
[48.355s] -- Execute custom install script
[48.357s] -- Symlinking: /home/nisanth/carla_ros_ws/install/rviz_carla_plugin/share/rviz_carla_plugin//plugin_description_ros2.xml
[48.370s] -- Symlinking: /home/nisanth/carla_ros_ws/install/rviz_carla_plugin/share/rviz_carla_plugin/environment/library_path.sh
[48.382s] -- Symlinking: /home/nisanth/carla_ros_ws/install/rviz_carla_plugin/share/rviz_carla_plugin/environment/library_path.dsv
[48.394s] -- Up-to-date symlink: /home/nisanth/carla_ros_ws/install/rviz_carla_plugin/share/rviz_carla_plugin/plugin_description_ros2.xml
[48.396s] -- Symlinking: /home/nisanth/carla_ros_ws/install/rviz_carla_plugin/share/rviz_carla_plugin/classes/CarlaControl.png
[48.408s] -- Symlinking: /home/nisanth/carla_ros_ws/install/rviz_carla_plugin/share/rviz_carla_plugin/pause.png
[48.421s] -- Symlinking: /home/nisanth/carla_ros_ws/install/rviz_carla_plugin/share/rviz_carla_plugin/play.png
[48.434s] -- Symlinking: /home/nisanth/carla_ros_ws/install/rviz_carla_plugin/share/rviz_carla_plugin/step_once.png
[48.448s] -- Symlinking: /home/nisanth/carla_ros_ws/install/rviz_carla_plugin/share/ament_index/resource_index/package_run_dependencies/rviz_carla_plugin
[48.462s] -- Symlinking: /home/nisanth/carla_ros_ws/install/rviz_carla_plugin/share/ament_index/resource_index/parent_prefix_path/rviz_carla_plugin
[48.474s] -- Symlinking: /home/nisanth/carla_ros_ws/install/rviz_carla_plugin/share/rviz_carla_plugin/environment/ament_prefix_path.sh
[48.486s] -- Symlinking: /home/nisanth/carla_ros_ws/install/rviz_carla_plugin/share/rviz_carla_plugin/environment/ament_prefix_path.dsv
[48.500s] -- Symlinking: /home/nisanth/carla_ros_ws/install/rviz_carla_plugin/share/rviz_carla_plugin/environment/path.sh
[48.512s] -- Symlinking: /home/nisanth/carla_ros_ws/install/rviz_carla_plugin/share/rviz_carla_plugin/environment/path.dsv
[48.524s] -- Symlinking: /home/nisanth/carla_ros_ws/install/rviz_carla_plugin/share/rviz_carla_plugin/local_setup.bash
[48.537s] -- Symlinking: /home/nisanth/carla_ros_ws/install/rviz_carla_plugin/share/rviz_carla_plugin/local_setup.sh
[48.550s] -- Symlinking: /home/nisanth/carla_ros_ws/install/rviz_carla_plugin/share/rviz_carla_plugin/local_setup.zsh
[48.562s] -- Symlinking: /home/nisanth/carla_ros_ws/install/rviz_carla_plugin/share/rviz_carla_plugin/local_setup.dsv
[48.574s] -- Symlinking: /home/nisanth/carla_ros_ws/install/rviz_carla_plugin/share/rviz_carla_plugin/package.dsv
[48.587s] -- Symlinking: /home/nisanth/carla_ros_ws/install/rviz_carla_plugin/share/ament_index/resource_index/packages/rviz_carla_plugin
[48.600s] -- Symlinking: /home/nisanth/carla_ros_ws/install/rviz_carla_plugin/share/ament_index/resource_index/rviz_common__pluginlib__plugin/rviz_carla_plugin
[48.614s] -- Symlinking: /home/nisanth/carla_ros_ws/install/rviz_carla_plugin/share/rviz_carla_plugin/cmake/ament_cmake_export_libraries-extras.cmake
[48.626s] -- Symlinking: /home/nisanth/carla_ros_ws/install/rviz_carla_plugin/share/rviz_carla_plugin/cmake/rviz_carla_pluginConfig.cmake
[48.639s] -- Symlinking: /home/nisanth/carla_ros_ws/install/rviz_carla_plugin/share/rviz_carla_plugin/cmake/rviz_carla_pluginConfig-version.cmake
[48.651s] -- Symlinking: /home/nisanth/carla_ros_ws/install/rviz_carla_plugin/share/rviz_carla_plugin/package.xml
[48.664s] -- Installing: /home/nisanth/carla_ros_ws/install/rviz_carla_plugin/lib/librviz_carla_plugin.so
[48.701s] -- Set runtime path of "/home/nisanth/carla_ros_ws/install/rviz_carla_plugin/lib/librviz_carla_plugin.so" to ""
[48.705s] Invoked command in '/home/nisanth/carla_ros_ws/build/rviz_carla_plugin' returned '0': AMENT_PREFIX_PATH=/home/nisanth/carla_ros_ws/install/carla_ros_scenario_runner_types:/home/nisanth/carla_ros_ws/install/carla_msgs:${AMENT_PREFIX_PATH} CMAKE_PREFIX_PATH=/home/nisanth/carla_ros_ws/install/carla_ros_scenario_runner_types:/home/nisanth/carla_ros_ws/install/carla_msgs:/opt/ros/humble LD_LIBRARY_PATH=/home/nisanth/carla_ros_ws/install/carla_ros_scenario_runner_types/lib:/home/nisanth/carla_ros_ws/install/carla_msgs/lib:${LD_LIBRARY_PATH} PYTHONPATH=/home/nisanth/carla_ros_ws/install/carla_ros_scenario_runner_types/local/lib/python3.10/dist-packages:/home/nisanth/carla_ros_ws/install/carla_msgs/local/lib/python3.10/dist-packages:${PYTHONPATH} /usr/bin/cmake --install /home/nisanth/carla_ros_ws/build/rviz_carla_plugin
