[0.548s] Invoking command in '/home/nisanth/carla_ros_ws/build/carla_waypoint_types': CMAKE_PREFIX_PATH=/opt/ros/humble /usr/bin/cmake /home/nisanth/carla_ros_ws/src/ros-bridge/carla_waypoint_types -DAMENT_CMAKE_SYMLINK_INSTALL=1 -DCMAKE_INSTALL_PREFIX=/home/nisanth/carla_ros_ws/install/carla_waypoint_types
[0.869s] -- The C compiler identification is GNU 11.4.0
[1.082s] -- The CXX compiler identification is GNU 11.4.0
[1.480s] -- Detecting C compiler ABI info
[1.699s] -- Detecting C compiler ABI info - done
[1.709s] -- Check for working C compiler: /usr/bin/cc - skipped
[1.710s] -- Detecting C compile features
[1.710s] -- Detecting C compile features - done
[1.714s] -- Detecting CXX compiler ABI info
[1.894s] -- Detecting CXX compiler ABI info - done
[1.906s] -- Check for working CXX compiler: /usr/bin/c++ - skipped
[1.907s] -- Detecting CXX compile features
[1.907s] -- Detecting CXX compile features - done
[1.909s] -- Found ros_environment: 3.2.2 (/opt/ros/humble/share/ros_environment/cmake)
[1.911s] -- Found ament_cmake: 1.3.13 (/opt/ros/humble/share/ament_cmake/cmake)
[2.126s] -- Found Python3: /usr/bin/python3 (found version "3.10.12") found components: Interpreter 
[2.241s] -- Override CMake install command with custom implementation using symlinks instead of copying resources
[2.293s] -- Found nav_msgs: 4.9.1 (/opt/ros/humble/share/nav_msgs/cmake)
[2.440s] -- Found rosidl_generator_c: 3.1.8 (/opt/ros/humble/share/rosidl_generator_c/cmake)
[2.448s] -- Found rosidl_adapter: 3.1.8 (/opt/ros/humble/share/rosidl_adapter/cmake)
[2.464s] -- Found rosidl_generator_cpp: 3.1.8 (/opt/ros/humble/share/rosidl_generator_cpp/cmake)
[2.488s] -- Using all available rosidl_typesupport_c: rosidl_typesupport_fastrtps_c;rosidl_typesupport_introspection_c
[2.519s] -- Using all available rosidl_typesupport_cpp: rosidl_typesupport_fastrtps_cpp;rosidl_typesupport_introspection_cpp
[2.613s] -- Found rosidl_default_generators: 1.2.0 (/opt/ros/humble/share/rosidl_default_generators/cmake)
[2.992s] -- Found ament_cmake_cppcheck: 0.12.15 (/opt/ros/humble/share/ament_cmake_cppcheck/cmake)
[2.994s] -- Found ament_cmake_cpplint: 0.12.15 (/opt/ros/humble/share/ament_cmake_cpplint/cmake)
[2.996s] -- Found ament_cmake_uncrustify: 0.12.15 (/opt/ros/humble/share/ament_cmake_uncrustify/cmake)
[2.999s] -- Found ament_cmake_ros: 0.10.0 (/opt/ros/humble/share/ament_cmake_ros/cmake)
[3.506s] -- Using all available rosidl_typesupport_c: rosidl_typesupport_fastrtps_c;rosidl_typesupport_introspection_c
[3.701s] -- Using all available rosidl_typesupport_cpp: rosidl_typesupport_fastrtps_cpp;rosidl_typesupport_introspection_cpp
[3.833s] -- Found PythonInterp: /usr/bin/python3 (found suitable version "3.10.12", minimum required is "3.6") 
[3.834s] -- Found python_cmake_module: 0.10.0 (/opt/ros/humble/share/python_cmake_module/cmake)
[4.199s] -- Found PythonLibs: /usr/lib/x86_64-linux-gnu/libpython3.10.so (found suitable version "3.10.12", minimum required is "3.5") 
[4.199s] -- Using PYTHON_EXECUTABLE: /usr/bin/python3
[4.199s] -- Using PYTHON_INCLUDE_DIRS: /usr/include/python3.10
[4.199s] -- Using PYTHON_LIBRARIES: /usr/lib/x86_64-linux-gnu/libpython3.10.so
[4.224s] -- Found PythonExtra: .so  
[4.333s] -- Found ament_cmake_flake8: 0.12.15 (/opt/ros/humble/share/ament_cmake_flake8/cmake)
[4.336s] -- Found ament_cmake_pep257: 0.12.15 (/opt/ros/humble/share/ament_cmake_pep257/cmake)
[4.340s] -- Found ament_lint_auto: 0.12.15 (/opt/ros/humble/share/ament_lint_auto/cmake)
[4.359s] -- Added test 'copyright' to check source files copyright and LICENSE
[4.360s] -- Added test 'lint_cmake' to check CMake code style
[4.361s] -- Added test 'xmllint' to check XML markup files
[4.365s] -- Configuring done
[4.450s] -- Generating done
[4.467s] -- Build files have been written to: /home/nisanth/carla_ros_ws/build/carla_waypoint_types
[4.484s] Invoked command in '/home/nisanth/carla_ros_ws/build/carla_waypoint_types' returned '0': CMAKE_PREFIX_PATH=/opt/ros/humble /usr/bin/cmake /home/nisanth/carla_ros_ws/src/ros-bridge/carla_waypoint_types -DAMENT_CMAKE_SYMLINK_INSTALL=1 -DCMAKE_INSTALL_PREFIX=/home/nisanth/carla_ros_ws/install/carla_waypoint_types
[4.486s] Invoking command in '/home/nisanth/carla_ros_ws/build/carla_waypoint_types': CMAKE_PREFIX_PATH=/opt/ros/humble /usr/bin/cmake --build /home/nisanth/carla_ros_ws/build/carla_waypoint_types -- -j12 -l12
[4.544s] [  2%] [34m[1mGenerating C code for ROS interfaces[0m
[4.561s] [  4%] [34m[1mGenerating C++ code for ROS interfaces[0m
[4.578s] [  4%] Built target ament_cmake_python_symlink_carla_waypoint_types
[4.953s] running egg_info
[4.954s] creating carla_waypoint_types.egg-info
[4.954s] writing carla_waypoint_types.egg-info/PKG-INFO
[4.955s] writing dependency_links to carla_waypoint_types.egg-info/dependency_links.txt
[4.955s] writing top-level names to carla_waypoint_types.egg-info/top_level.txt
[4.956s] writing manifest file 'carla_waypoint_types.egg-info/SOURCES.txt'
[4.959s] reading manifest file 'carla_waypoint_types.egg-info/SOURCES.txt'
[4.959s] writing manifest file 'carla_waypoint_types.egg-info/SOURCES.txt'
[5.012s] [  4%] Built target ament_cmake_python_build_carla_waypoint_types_egg
[5.235s] [  6%] [32mBuilding C object CMakeFiles/carla_waypoint_types__rosidl_generator_c.dir/rosidl_generator_c/carla_waypoint_types/msg/detail/carla_waypoint__functions.c.o[0m
[5.241s] [  8%] [32mBuilding C object CMakeFiles/carla_waypoint_types__rosidl_generator_c.dir/rosidl_generator_c/carla_waypoint_types/srv/detail/get_actor_waypoint__functions.c.o[0m
[5.248s] [ 10%] [32mBuilding C object CMakeFiles/carla_waypoint_types__rosidl_generator_c.dir/rosidl_generator_c/carla_waypoint_types/srv/detail/get_waypoint__functions.c.o[0m
[5.340s] [ 10%] Built target carla_waypoint_types__cpp
[5.355s] [ 12%] [34m[1mGenerating C++ type support for eProsima Fast-RTPS[0m
[5.361s] [ 14%] [34m[1mGenerating C++ type support dispatch for ROS interfaces[0m
[5.366s] [ 17%] [34m[1mGenerating C++ introspection for ROS interfaces[0m
[5.514s] [ 19%] [32m[1mLinking C shared library libcarla_waypoint_types__rosidl_generator_c.so[0m
[5.679s] [ 19%] Built target carla_waypoint_types__rosidl_generator_c
[5.702s] [ 21%] [34m[1mGenerating C type support for eProsima Fast-RTPS[0m
[5.712s] [ 23%] [34m[1mGenerating C type support dispatch for ROS interfaces[0m
[5.721s] [ 25%] [34m[1mGenerating C introspection for ROS interfaces[0m
[6.115s] [ 27%] [32mBuilding CXX object CMakeFiles/carla_waypoint_types__rosidl_typesupport_cpp.dir/rosidl_typesupport_cpp/carla_waypoint_types/msg/carla_waypoint__type_support.cpp.o[0m
[6.118s] [ 29%] [32mBuilding CXX object CMakeFiles/carla_waypoint_types__rosidl_typesupport_cpp.dir/rosidl_typesupport_cpp/carla_waypoint_types/srv/get_waypoint__type_support.cpp.o[0m
[6.155s] [ 31%] [32mBuilding CXX object CMakeFiles/carla_waypoint_types__rosidl_typesupport_cpp.dir/rosidl_typesupport_cpp/carla_waypoint_types/srv/get_actor_waypoint__type_support.cpp.o[0m
[6.232s] [ 34%] [32mBuilding CXX object CMakeFiles/carla_waypoint_types__rosidl_typesupport_introspection_cpp.dir/rosidl_typesupport_introspection_cpp/carla_waypoint_types/msg/detail/carla_waypoint__type_support.cpp.o[0m
[6.239s] [ 36%] [32mBuilding CXX object CMakeFiles/carla_waypoint_types__rosidl_typesupport_introspection_cpp.dir/rosidl_typesupport_introspection_cpp/carla_waypoint_types/srv/detail/get_actor_waypoint__type_support.cpp.o[0m
[6.270s] [ 38%] [32mBuilding CXX object CMakeFiles/carla_waypoint_types__rosidl_typesupport_introspection_cpp.dir/rosidl_typesupport_introspection_cpp/carla_waypoint_types/srv/detail/get_waypoint__type_support.cpp.o[0m
[6.614s] [ 40%] [32mBuilding CXX object CMakeFiles/carla_waypoint_types__rosidl_typesupport_fastrtps_cpp.dir/rosidl_typesupport_fastrtps_cpp/carla_waypoint_types/msg/detail/dds_fastrtps/carla_waypoint__type_support.cpp.o[0m
[6.641s] [ 42%] [32mBuilding CXX object CMakeFiles/carla_waypoint_types__rosidl_typesupport_fastrtps_cpp.dir/rosidl_typesupport_fastrtps_cpp/carla_waypoint_types/srv/detail/dds_fastrtps/get_actor_waypoint__type_support.cpp.o[0m
[6.693s] [ 44%] [32mBuilding CXX object CMakeFiles/carla_waypoint_types__rosidl_typesupport_fastrtps_cpp.dir/rosidl_typesupport_fastrtps_cpp/carla_waypoint_types/srv/detail/dds_fastrtps/get_waypoint__type_support.cpp.o[0m
[6.724s] [ 46%] [32mBuilding CXX object CMakeFiles/carla_waypoint_types__rosidl_typesupport_c.dir/rosidl_typesupport_c/carla_waypoint_types/msg/carla_waypoint__type_support.cpp.o[0m
[6.952s] [ 48%] [32mBuilding CXX object CMakeFiles/carla_waypoint_types__rosidl_typesupport_c.dir/rosidl_typesupport_c/carla_waypoint_types/srv/get_waypoint__type_support.cpp.o[0m
[7.148s] [ 51%] [32mBuilding CXX object CMakeFiles/carla_waypoint_types__rosidl_typesupport_c.dir/rosidl_typesupport_c/carla_waypoint_types/srv/get_actor_waypoint__type_support.cpp.o[0m
[7.285s] [ 53%] [32m[1mLinking CXX shared library libcarla_waypoint_types__rosidl_typesupport_c.so[0m
[7.383s] [ 55%] [32mBuilding C object CMakeFiles/carla_waypoint_types__rosidl_typesupport_introspection_c.dir/rosidl_typesupport_introspection_c/carla_waypoint_types/msg/detail/carla_waypoint__type_support.c.o[0m
[7.418s] [ 57%] [32mBuilding CXX object CMakeFiles/carla_waypoint_types__rosidl_typesupport_fastrtps_c.dir/rosidl_typesupport_fastrtps_c/carla_waypoint_types/msg/detail/carla_waypoint__type_support_c.cpp.o[0m
[7.420s] [ 59%] [32mBuilding C object CMakeFiles/carla_waypoint_types__rosidl_typesupport_introspection_c.dir/rosidl_typesupport_introspection_c/carla_waypoint_types/srv/detail/get_waypoint__type_support.c.o[0m
[7.548s] [ 61%] [32mBuilding CXX object CMakeFiles/carla_waypoint_types__rosidl_typesupport_fastrtps_c.dir/rosidl_typesupport_fastrtps_c/carla_waypoint_types/srv/detail/get_waypoint__type_support_c.cpp.o[0m
[7.597s] [ 63%] [32mBuilding C object CMakeFiles/carla_waypoint_types__rosidl_typesupport_introspection_c.dir/rosidl_typesupport_introspection_c/carla_waypoint_types/srv/detail/get_actor_waypoint__type_support.c.o[0m
[7.605s] [ 65%] [32mBuilding CXX object CMakeFiles/carla_waypoint_types__rosidl_typesupport_fastrtps_c.dir/rosidl_typesupport_fastrtps_c/carla_waypoint_types/srv/detail/get_actor_waypoint__type_support_c.cpp.o[0m
[7.760s] [ 68%] [32m[1mLinking C shared library libcarla_waypoint_types__rosidl_typesupport_introspection_c.so[0m
[7.905s] [ 70%] [32m[1mLinking CXX shared library libcarla_waypoint_types__rosidl_typesupport_cpp.so[0m
[8.241s] [ 70%] Built target carla_waypoint_types__rosidl_typesupport_c
[8.360s] [ 72%] [32m[1mLinking CXX shared library libcarla_waypoint_types__rosidl_typesupport_introspection_cpp.so[0m
[8.414s] [ 72%] Built target carla_waypoint_types__rosidl_typesupport_introspection_c
[8.510s] [ 72%] Built target carla_waypoint_types__rosidl_typesupport_cpp
[8.559s] [ 74%] [32m[1mLinking CXX shared library libcarla_waypoint_types__rosidl_typesupport_fastrtps_cpp.so[0m
[8.788s] [ 76%] [32m[1mLinking CXX shared library libcarla_waypoint_types__rosidl_typesupport_fastrtps_c.so[0m
[9.204s] [ 76%] Built target carla_waypoint_types__rosidl_typesupport_introspection_cpp
[9.268s] [ 76%] Built target carla_waypoint_types__rosidl_typesupport_fastrtps_cpp
[9.535s] [ 76%] Built target carla_waypoint_types__rosidl_typesupport_fastrtps_c
[9.577s] [ 76%] Built target carla_waypoint_types
[9.610s] [ 78%] [34m[1mGenerating Python code for ROS interfaces[0m
[10.580s] [ 78%] Built target carla_waypoint_types__py
[10.616s] [ 80%] [32mBuilding C object CMakeFiles/carla_waypoint_types__rosidl_generator_py.dir/rosidl_generator_py/carla_waypoint_types/srv/_get_actor_waypoint_s.c.o[0m
[10.617s] [ 82%] [32mBuilding C object CMakeFiles/carla_waypoint_types__rosidl_generator_py.dir/rosidl_generator_py/carla_waypoint_types/msg/_carla_waypoint_s.c.o[0m
[10.618s] [ 85%] [32mBuilding C object CMakeFiles/carla_waypoint_types__rosidl_generator_py.dir/rosidl_generator_py/carla_waypoint_types/srv/_get_waypoint_s.c.o[0m
[10.954s] [ 87%] [32m[1mLinking C shared library rosidl_generator_py/carla_waypoint_types/libcarla_waypoint_types__rosidl_generator_py.so[0m
[11.152s] [ 87%] Built target carla_waypoint_types__rosidl_generator_py
[11.189s] [ 89%] [32mBuilding C object CMakeFiles/carla_waypoint_types__rosidl_typesupport_c__pyext.dir/rosidl_generator_py/carla_waypoint_types/_carla_waypoint_types_s.ep.rosidl_typesupport_c.c.o[0m
[11.189s] [ 91%] [32mBuilding C object CMakeFiles/carla_waypoint_types__rosidl_typesupport_introspection_c__pyext.dir/rosidl_generator_py/carla_waypoint_types/_carla_waypoint_types_s.ep.rosidl_typesupport_introspection_c.c.o[0m
[11.189s] [ 93%] [32mBuilding C object CMakeFiles/carla_waypoint_types__rosidl_typesupport_fastrtps_c__pyext.dir/rosidl_generator_py/carla_waypoint_types/_carla_waypoint_types_s.ep.rosidl_typesupport_fastrtps_c.c.o[0m
[11.430s] [ 95%] [32m[1mLinking C shared library rosidl_generator_py/carla_waypoint_types/carla_waypoint_types_s__rosidl_typesupport_fastrtps_c.cpython-310-x86_64-linux-gnu.so[0m
[11.452s] [ 97%] [32m[1mLinking C shared library rosidl_generator_py/carla_waypoint_types/carla_waypoint_types_s__rosidl_typesupport_introspection_c.cpython-310-x86_64-linux-gnu.so[0m
[11.482s] [100%] [32m[1mLinking C shared library rosidl_generator_py/carla_waypoint_types/carla_waypoint_types_s__rosidl_typesupport_c.cpython-310-x86_64-linux-gnu.so[0m
[11.918s] [100%] Built target carla_waypoint_types__rosidl_typesupport_fastrtps_c__pyext
[11.949s] [100%] Built target carla_waypoint_types__rosidl_typesupport_introspection_c__pyext
[11.964s] [100%] Built target carla_waypoint_types__rosidl_typesupport_c__pyext
[12.020s] Invoked command in '/home/nisanth/carla_ros_ws/build/carla_waypoint_types' returned '0': CMAKE_PREFIX_PATH=/opt/ros/humble /usr/bin/cmake --build /home/nisanth/carla_ros_ws/build/carla_waypoint_types -- -j12 -l12
[12.052s] Invoking command in '/home/nisanth/carla_ros_ws/build/carla_waypoint_types': CMAKE_PREFIX_PATH=/opt/ros/humble /usr/bin/cmake --install /home/nisanth/carla_ros_ws/build/carla_waypoint_types
[12.062s] -- Install configuration: ""
[12.063s] -- Execute custom install script
[12.068s] -- Symlinking: /home/nisanth/carla_ros_ws/install/carla_waypoint_types/share/ament_index/resource_index/rosidl_interfaces/carla_waypoint_types
[12.099s] -- Symlinking: /home/nisanth/carla_ros_ws/install/carla_waypoint_types/include/carla_waypoint_types/carla_waypoint_types/msg/carla_waypoint.h
[12.137s] -- Symlinking: /home/nisanth/carla_ros_ws/install/carla_waypoint_types/include/carla_waypoint_types/carla_waypoint_types/msg/detail/carla_waypoint__functions.h
[12.161s] -- Symlinking: /home/nisanth/carla_ros_ws/install/carla_waypoint_types/include/carla_waypoint_types/carla_waypoint_types/msg/detail/carla_waypoint__struct.h
[12.188s] -- Symlinking: /home/nisanth/carla_ros_ws/install/carla_waypoint_types/include/carla_waypoint_types/carla_waypoint_types/msg/detail/carla_waypoint__type_support.h
[12.224s] -- Symlinking: /home/nisanth/carla_ros_ws/install/carla_waypoint_types/include/carla_waypoint_types/carla_waypoint_types/msg/rosidl_generator_c__visibility_control.h
[12.265s] -- Symlinking: /home/nisanth/carla_ros_ws/install/carla_waypoint_types/include/carla_waypoint_types/carla_waypoint_types/srv/detail/get_actor_waypoint__functions.h
[12.309s] -- Symlinking: /home/nisanth/carla_ros_ws/install/carla_waypoint_types/include/carla_waypoint_types/carla_waypoint_types/srv/detail/get_actor_waypoint__struct.h
[12.329s] -- Symlinking: /home/nisanth/carla_ros_ws/install/carla_waypoint_types/include/carla_waypoint_types/carla_waypoint_types/srv/detail/get_actor_waypoint__type_support.h
[12.349s] -- Symlinking: /home/nisanth/carla_ros_ws/install/carla_waypoint_types/include/carla_waypoint_types/carla_waypoint_types/srv/detail/get_waypoint__functions.h
[12.371s] -- Symlinking: /home/nisanth/carla_ros_ws/install/carla_waypoint_types/include/carla_waypoint_types/carla_waypoint_types/srv/detail/get_waypoint__struct.h
[12.396s] -- Symlinking: /home/nisanth/carla_ros_ws/install/carla_waypoint_types/include/carla_waypoint_types/carla_waypoint_types/srv/detail/get_waypoint__type_support.h
[12.433s] -- Symlinking: /home/nisanth/carla_ros_ws/install/carla_waypoint_types/include/carla_waypoint_types/carla_waypoint_types/srv/get_actor_waypoint.h
[12.450s] -- Symlinking: /home/nisanth/carla_ros_ws/install/carla_waypoint_types/include/carla_waypoint_types/carla_waypoint_types/srv/get_waypoint.h
[12.468s] -- Symlinking: /home/nisanth/carla_ros_ws/install/carla_waypoint_types/share/carla_waypoint_types/environment/library_path.sh
[12.487s] -- Symlinking: /home/nisanth/carla_ros_ws/install/carla_waypoint_types/share/carla_waypoint_types/environment/library_path.dsv
[12.522s] -- Symlinking: /home/nisanth/carla_ros_ws/install/carla_waypoint_types/include/carla_waypoint_types/carla_waypoint_types/msg/detail/carla_waypoint__rosidl_typesupport_fastrtps_c.h
[12.541s] -- Symlinking: /home/nisanth/carla_ros_ws/install/carla_waypoint_types/include/carla_waypoint_types/carla_waypoint_types/msg/rosidl_typesupport_fastrtps_c__visibility_control.h
[12.556s] -- Symlinking: /home/nisanth/carla_ros_ws/install/carla_waypoint_types/include/carla_waypoint_types/carla_waypoint_types/srv/detail/get_actor_waypoint__rosidl_typesupport_fastrtps_c.h
[12.582s] -- Symlinking: /home/nisanth/carla_ros_ws/install/carla_waypoint_types/include/carla_waypoint_types/carla_waypoint_types/srv/detail/get_waypoint__rosidl_typesupport_fastrtps_c.h
[12.630s] -- Symlinking: /home/nisanth/carla_ros_ws/install/carla_waypoint_types/include/carla_waypoint_types/carla_waypoint_types/msg/carla_waypoint.hpp
[12.654s] -- Symlinking: /home/nisanth/carla_ros_ws/install/carla_waypoint_types/include/carla_waypoint_types/carla_waypoint_types/msg/detail/carla_waypoint__builder.hpp
[12.684s] -- Symlinking: /home/nisanth/carla_ros_ws/install/carla_waypoint_types/include/carla_waypoint_types/carla_waypoint_types/msg/detail/carla_waypoint__struct.hpp
[12.712s] -- Symlinking: /home/nisanth/carla_ros_ws/install/carla_waypoint_types/include/carla_waypoint_types/carla_waypoint_types/msg/detail/carla_waypoint__traits.hpp
[12.733s] -- Symlinking: /home/nisanth/carla_ros_ws/install/carla_waypoint_types/include/carla_waypoint_types/carla_waypoint_types/msg/detail/carla_waypoint__type_support.hpp
[12.761s] -- Symlinking: /home/nisanth/carla_ros_ws/install/carla_waypoint_types/include/carla_waypoint_types/carla_waypoint_types/msg/rosidl_generator_cpp__visibility_control.hpp
[12.791s] -- Symlinking: /home/nisanth/carla_ros_ws/install/carla_waypoint_types/include/carla_waypoint_types/carla_waypoint_types/srv/detail/get_actor_waypoint__builder.hpp
[12.821s] -- Symlinking: /home/nisanth/carla_ros_ws/install/carla_waypoint_types/include/carla_waypoint_types/carla_waypoint_types/srv/detail/get_actor_waypoint__struct.hpp
[12.861s] -- Symlinking: /home/nisanth/carla_ros_ws/install/carla_waypoint_types/include/carla_waypoint_types/carla_waypoint_types/srv/detail/get_actor_waypoint__traits.hpp
[12.886s] -- Symlinking: /home/nisanth/carla_ros_ws/install/carla_waypoint_types/include/carla_waypoint_types/carla_waypoint_types/srv/detail/get_actor_waypoint__type_support.hpp
[12.916s] -- Symlinking: /home/nisanth/carla_ros_ws/install/carla_waypoint_types/include/carla_waypoint_types/carla_waypoint_types/srv/detail/get_waypoint__builder.hpp
[12.965s] -- Symlinking: /home/nisanth/carla_ros_ws/install/carla_waypoint_types/include/carla_waypoint_types/carla_waypoint_types/srv/detail/get_waypoint__struct.hpp
[12.998s] -- Symlinking: /home/nisanth/carla_ros_ws/install/carla_waypoint_types/include/carla_waypoint_types/carla_waypoint_types/srv/detail/get_waypoint__traits.hpp
[13.032s] -- Symlinking: /home/nisanth/carla_ros_ws/install/carla_waypoint_types/include/carla_waypoint_types/carla_waypoint_types/srv/detail/get_waypoint__type_support.hpp
[13.052s] -- Symlinking: /home/nisanth/carla_ros_ws/install/carla_waypoint_types/include/carla_waypoint_types/carla_waypoint_types/srv/get_actor_waypoint.hpp
[13.071s] -- Symlinking: /home/nisanth/carla_ros_ws/install/carla_waypoint_types/include/carla_waypoint_types/carla_waypoint_types/srv/get_waypoint.hpp
[13.108s] -- Symlinking: /home/nisanth/carla_ros_ws/install/carla_waypoint_types/include/carla_waypoint_types/carla_waypoint_types/msg/detail/carla_waypoint__rosidl_typesupport_fastrtps_cpp.hpp
[13.141s] -- Symlinking: /home/nisanth/carla_ros_ws/install/carla_waypoint_types/include/carla_waypoint_types/carla_waypoint_types/msg/rosidl_typesupport_fastrtps_cpp__visibility_control.h
[13.164s] -- Symlinking: /home/nisanth/carla_ros_ws/install/carla_waypoint_types/include/carla_waypoint_types/carla_waypoint_types/srv/detail/get_actor_waypoint__rosidl_typesupport_fastrtps_cpp.hpp
[13.187s] -- Symlinking: /home/nisanth/carla_ros_ws/install/carla_waypoint_types/include/carla_waypoint_types/carla_waypoint_types/srv/detail/get_waypoint__rosidl_typesupport_fastrtps_cpp.hpp
[13.216s] -- Symlinking: /home/nisanth/carla_ros_ws/install/carla_waypoint_types/include/carla_waypoint_types/carla_waypoint_types/msg/detail/carla_waypoint__rosidl_typesupport_introspection_c.h
[13.247s] -- Symlinking: /home/nisanth/carla_ros_ws/install/carla_waypoint_types/include/carla_waypoint_types/carla_waypoint_types/msg/rosidl_typesupport_introspection_c__visibility_control.h
[13.298s] -- Symlinking: /home/nisanth/carla_ros_ws/install/carla_waypoint_types/include/carla_waypoint_types/carla_waypoint_types/srv/detail/get_actor_waypoint__rosidl_typesupport_introspection_c.h
[13.327s] -- Symlinking: /home/nisanth/carla_ros_ws/install/carla_waypoint_types/include/carla_waypoint_types/carla_waypoint_types/srv/detail/get_waypoint__rosidl_typesupport_introspection_c.h
[13.358s] -- Symlinking: /home/nisanth/carla_ros_ws/install/carla_waypoint_types/include/carla_waypoint_types/carla_waypoint_types/msg/detail/carla_waypoint__rosidl_typesupport_introspection_cpp.hpp
[13.380s] -- Symlinking: /home/nisanth/carla_ros_ws/install/carla_waypoint_types/include/carla_waypoint_types/carla_waypoint_types/srv/detail/get_actor_waypoint__rosidl_typesupport_introspection_cpp.hpp
[13.411s] -- Symlinking: /home/nisanth/carla_ros_ws/install/carla_waypoint_types/include/carla_waypoint_types/carla_waypoint_types/srv/detail/get_waypoint__rosidl_typesupport_introspection_cpp.hpp
[13.438s] -- Symlinking: /home/nisanth/carla_ros_ws/install/carla_waypoint_types/share/carla_waypoint_types/environment/pythonpath.sh
[13.485s] -- Symlinking: /home/nisanth/carla_ros_ws/install/carla_waypoint_types/share/carla_waypoint_types/environment/pythonpath.dsv
[13.525s] -- Symlinking: /home/nisanth/carla_ros_ws/install/carla_waypoint_types/local/lib/python3.10/dist-packages/carla_waypoint_types-0.1.0-py3.10.egg-info/PKG-INFO
[13.562s] -- Symlinking: /home/nisanth/carla_ros_ws/install/carla_waypoint_types/local/lib/python3.10/dist-packages/carla_waypoint_types-0.1.0-py3.10.egg-info/SOURCES.txt
[13.606s] -- Symlinking: /home/nisanth/carla_ros_ws/install/carla_waypoint_types/local/lib/python3.10/dist-packages/carla_waypoint_types-0.1.0-py3.10.egg-info/dependency_links.txt
[13.634s] -- Symlinking: /home/nisanth/carla_ros_ws/install/carla_waypoint_types/local/lib/python3.10/dist-packages/carla_waypoint_types-0.1.0-py3.10.egg-info/top_level.txt
[13.655s] -- Symlinking: /home/nisanth/carla_ros_ws/install/carla_waypoint_types/local/lib/python3.10/dist-packages/carla_waypoint_types/__init__.py
[13.690s] -- Symlinking: /home/nisanth/carla_ros_ws/install/carla_waypoint_types/local/lib/python3.10/dist-packages/carla_waypoint_types/_carla_waypoint_types_s.ep.rosidl_typesupport_c.c
[13.740s] -- Symlinking: /home/nisanth/carla_ros_ws/install/carla_waypoint_types/local/lib/python3.10/dist-packages/carla_waypoint_types/_carla_waypoint_types_s.ep.rosidl_typesupport_fastrtps_c.c
[13.764s] -- Symlinking: /home/nisanth/carla_ros_ws/install/carla_waypoint_types/local/lib/python3.10/dist-packages/carla_waypoint_types/_carla_waypoint_types_s.ep.rosidl_typesupport_introspection_c.c
[13.795s] -- Symlinking: /home/nisanth/carla_ros_ws/install/carla_waypoint_types/local/lib/python3.10/dist-packages/carla_waypoint_types/carla_waypoint_types_s__rosidl_typesupport_c.cpython-310-x86_64-linux-gnu.so
[13.817s] -- Symlinking: /home/nisanth/carla_ros_ws/install/carla_waypoint_types/local/lib/python3.10/dist-packages/carla_waypoint_types/carla_waypoint_types_s__rosidl_typesupport_fastrtps_c.cpython-310-x86_64-linux-gnu.so
[13.843s] -- Symlinking: /home/nisanth/carla_ros_ws/install/carla_waypoint_types/local/lib/python3.10/dist-packages/carla_waypoint_types/carla_waypoint_types_s__rosidl_typesupport_introspection_c.cpython-310-x86_64-linux-gnu.so
[13.876s] -- Symlinking: /home/nisanth/carla_ros_ws/install/carla_waypoint_types/local/lib/python3.10/dist-packages/carla_waypoint_types/libcarla_waypoint_types__rosidl_generator_py.so
[13.911s] -- Symlinking: /home/nisanth/carla_ros_ws/install/carla_waypoint_types/local/lib/python3.10/dist-packages/carla_waypoint_types/msg/__init__.py
[13.946s] -- Symlinking: /home/nisanth/carla_ros_ws/install/carla_waypoint_types/local/lib/python3.10/dist-packages/carla_waypoint_types/msg/_carla_waypoint.py
[13.974s] -- Symlinking: /home/nisanth/carla_ros_ws/install/carla_waypoint_types/local/lib/python3.10/dist-packages/carla_waypoint_types/msg/_carla_waypoint_s.c
[14.004s] -- Symlinking: /home/nisanth/carla_ros_ws/install/carla_waypoint_types/local/lib/python3.10/dist-packages/carla_waypoint_types/srv/__init__.py
[14.047s] -- Symlinking: /home/nisanth/carla_ros_ws/install/carla_waypoint_types/local/lib/python3.10/dist-packages/carla_waypoint_types/srv/_get_actor_waypoint.py
[14.077s] -- Symlinking: /home/nisanth/carla_ros_ws/install/carla_waypoint_types/local/lib/python3.10/dist-packages/carla_waypoint_types/srv/_get_actor_waypoint_s.c
[14.115s] -- Symlinking: /home/nisanth/carla_ros_ws/install/carla_waypoint_types/local/lib/python3.10/dist-packages/carla_waypoint_types/srv/_get_waypoint.py
[14.139s] -- Symlinking: /home/nisanth/carla_ros_ws/install/carla_waypoint_types/local/lib/python3.10/dist-packages/carla_waypoint_types/srv/_get_waypoint_s.c
[14.161s] -- Up-to-date symlink: /home/nisanth/carla_ros_ws/install/carla_waypoint_types/local/lib/python3.10/dist-packages/carla_waypoint_types/carla_waypoint_types_s__rosidl_typesupport_fastrtps_c.cpython-310-x86_64-linux-gnu.so
[14.162s] -- Up-to-date symlink: /home/nisanth/carla_ros_ws/install/carla_waypoint_types/local/lib/python3.10/dist-packages/carla_waypoint_types/carla_waypoint_types_s__rosidl_typesupport_introspection_c.cpython-310-x86_64-linux-gnu.so
[14.163s] -- Up-to-date symlink: /home/nisanth/carla_ros_ws/install/carla_waypoint_types/local/lib/python3.10/dist-packages/carla_waypoint_types/carla_waypoint_types_s__rosidl_typesupport_c.cpython-310-x86_64-linux-gnu.so
[14.164s] -- Symlinking: /home/nisanth/carla_ros_ws/install/carla_waypoint_types/share/carla_waypoint_types/msg/CarlaWaypoint.idl
[14.199s] -- Symlinking: /home/nisanth/carla_ros_ws/install/carla_waypoint_types/share/carla_waypoint_types/srv/GetWaypoint.idl
[14.224s] -- Symlinking: /home/nisanth/carla_ros_ws/install/carla_waypoint_types/share/carla_waypoint_types/srv/GetActorWaypoint.idl
[14.251s] -- Symlinking: /home/nisanth/carla_ros_ws/install/carla_waypoint_types/share/carla_waypoint_types/msg/CarlaWaypoint.msg
[14.274s] -- Symlinking: /home/nisanth/carla_ros_ws/install/carla_waypoint_types/share/carla_waypoint_types/srv/GetWaypoint.srv
[14.292s] -- Symlinking: /home/nisanth/carla_ros_ws/install/carla_waypoint_types/share/carla_waypoint_types/srv/GetWaypoint_Request.msg
[14.320s] -- Symlinking: /home/nisanth/carla_ros_ws/install/carla_waypoint_types/share/carla_waypoint_types/srv/GetWaypoint_Response.msg
[14.347s] -- Symlinking: /home/nisanth/carla_ros_ws/install/carla_waypoint_types/share/carla_waypoint_types/srv/GetActorWaypoint.srv
[14.386s] -- Symlinking: /home/nisanth/carla_ros_ws/install/carla_waypoint_types/share/carla_waypoint_types/srv/GetActorWaypoint_Request.msg
[14.409s] -- Symlinking: /home/nisanth/carla_ros_ws/install/carla_waypoint_types/share/carla_waypoint_types/srv/GetActorWaypoint_Response.msg
[14.432s] -- Symlinking: /home/nisanth/carla_ros_ws/install/carla_waypoint_types/share/ament_index/resource_index/package_run_dependencies/carla_waypoint_types
[14.484s] -- Symlinking: /home/nisanth/carla_ros_ws/install/carla_waypoint_types/share/ament_index/resource_index/parent_prefix_path/carla_waypoint_types
[14.527s] -- Symlinking: /home/nisanth/carla_ros_ws/install/carla_waypoint_types/share/carla_waypoint_types/environment/ament_prefix_path.sh
[14.551s] -- Symlinking: /home/nisanth/carla_ros_ws/install/carla_waypoint_types/share/carla_waypoint_types/environment/ament_prefix_path.dsv
[14.574s] -- Symlinking: /home/nisanth/carla_ros_ws/install/carla_waypoint_types/share/carla_waypoint_types/environment/path.sh
[14.595s] -- Symlinking: /home/nisanth/carla_ros_ws/install/carla_waypoint_types/share/carla_waypoint_types/environment/path.dsv
[14.615s] -- Symlinking: /home/nisanth/carla_ros_ws/install/carla_waypoint_types/share/carla_waypoint_types/local_setup.bash
[14.651s] -- Symlinking: /home/nisanth/carla_ros_ws/install/carla_waypoint_types/share/carla_waypoint_types/local_setup.sh
[14.673s] -- Symlinking: /home/nisanth/carla_ros_ws/install/carla_waypoint_types/share/carla_waypoint_types/local_setup.zsh
[14.728s] -- Symlinking: /home/nisanth/carla_ros_ws/install/carla_waypoint_types/share/carla_waypoint_types/local_setup.dsv
[14.741s] -- Symlinking: /home/nisanth/carla_ros_ws/install/carla_waypoint_types/share/carla_waypoint_types/package.dsv
[14.763s] -- Symlinking: /home/nisanth/carla_ros_ws/install/carla_waypoint_types/share/ament_index/resource_index/packages/carla_waypoint_types
[14.812s] -- Symlinking: /home/nisanth/carla_ros_ws/install/carla_waypoint_types/share/carla_waypoint_types/cmake/rosidl_cmake-extras.cmake
[14.844s] -- Symlinking: /home/nisanth/carla_ros_ws/install/carla_waypoint_types/share/carla_waypoint_types/cmake/ament_cmake_export_dependencies-extras.cmake
[14.878s] -- Symlinking: /home/nisanth/carla_ros_ws/install/carla_waypoint_types/share/carla_waypoint_types/cmake/ament_cmake_export_include_directories-extras.cmake
[14.933s] -- Symlinking: /home/nisanth/carla_ros_ws/install/carla_waypoint_types/share/carla_waypoint_types/cmake/ament_cmake_export_libraries-extras.cmake
[14.973s] -- Symlinking: /home/nisanth/carla_ros_ws/install/carla_waypoint_types/share/carla_waypoint_types/cmake/ament_cmake_export_targets-extras.cmake
[14.995s] -- Symlinking: /home/nisanth/carla_ros_ws/install/carla_waypoint_types/share/carla_waypoint_types/cmake/rosidl_cmake_export_typesupport_targets-extras.cmake
[15.037s] -- Symlinking: /home/nisanth/carla_ros_ws/install/carla_waypoint_types/share/carla_waypoint_types/cmake/rosidl_cmake_export_typesupport_libraries-extras.cmake
[15.070s] -- Symlinking: /home/nisanth/carla_ros_ws/install/carla_waypoint_types/share/carla_waypoint_types/cmake/carla_waypoint_typesConfig.cmake
[15.103s] -- Symlinking: /home/nisanth/carla_ros_ws/install/carla_waypoint_types/share/carla_waypoint_types/cmake/carla_waypoint_typesConfig-version.cmake
[15.136s] -- Symlinking: /home/nisanth/carla_ros_ws/install/carla_waypoint_types/share/carla_waypoint_types/package.xml
[15.164s] -- Installing: /home/nisanth/carla_ros_ws/install/carla_waypoint_types/lib/libcarla_waypoint_types__rosidl_generator_c.so
[15.166s] -- Set runtime path of "/home/nisanth/carla_ros_ws/install/carla_waypoint_types/lib/libcarla_waypoint_types__rosidl_generator_c.so" to ""
[15.166s] -- Installing: /home/nisanth/carla_ros_ws/install/carla_waypoint_types/lib/libcarla_waypoint_types__rosidl_typesupport_fastrtps_c.so
[15.176s] -- Set runtime path of "/home/nisanth/carla_ros_ws/install/carla_waypoint_types/lib/libcarla_waypoint_types__rosidl_typesupport_fastrtps_c.so" to ""
[15.176s] -- Installing: /home/nisanth/carla_ros_ws/install/carla_waypoint_types/lib/libcarla_waypoint_types__rosidl_typesupport_fastrtps_cpp.so
[15.176s] -- Set runtime path of "/home/nisanth/carla_ros_ws/install/carla_waypoint_types/lib/libcarla_waypoint_types__rosidl_typesupport_fastrtps_cpp.so" to ""
[15.177s] -- Installing: /home/nisanth/carla_ros_ws/install/carla_waypoint_types/lib/libcarla_waypoint_types__rosidl_typesupport_introspection_c.so
[15.177s] -- Set runtime path of "/home/nisanth/carla_ros_ws/install/carla_waypoint_types/lib/libcarla_waypoint_types__rosidl_typesupport_introspection_c.so" to ""
[15.177s] -- Installing: /home/nisanth/carla_ros_ws/install/carla_waypoint_types/lib/libcarla_waypoint_types__rosidl_typesupport_c.so
[15.177s] -- Set runtime path of "/home/nisanth/carla_ros_ws/install/carla_waypoint_types/lib/libcarla_waypoint_types__rosidl_typesupport_c.so" to ""
[15.177s] -- Installing: /home/nisanth/carla_ros_ws/install/carla_waypoint_types/lib/libcarla_waypoint_types__rosidl_typesupport_introspection_cpp.so
[15.177s] -- Set runtime path of "/home/nisanth/carla_ros_ws/install/carla_waypoint_types/lib/libcarla_waypoint_types__rosidl_typesupport_introspection_cpp.so" to ""
[15.177s] -- Installing: /home/nisanth/carla_ros_ws/install/carla_waypoint_types/lib/libcarla_waypoint_types__rosidl_typesupport_cpp.so
[15.179s] -- Set runtime path of "/home/nisanth/carla_ros_ws/install/carla_waypoint_types/lib/libcarla_waypoint_types__rosidl_typesupport_cpp.so" to ""
[15.364s] Listing '/home/nisanth/carla_ros_ws/install/carla_waypoint_types/local/lib/python3.10/dist-packages/carla_waypoint_types'...
[15.365s] Compiling '/home/nisanth/carla_ros_ws/install/carla_waypoint_types/local/lib/python3.10/dist-packages/carla_waypoint_types/__init__.py'...
[15.365s] Listing '/home/nisanth/carla_ros_ws/install/carla_waypoint_types/local/lib/python3.10/dist-packages/carla_waypoint_types/msg'...
[15.365s] Compiling '/home/nisanth/carla_ros_ws/install/carla_waypoint_types/local/lib/python3.10/dist-packages/carla_waypoint_types/msg/__init__.py'...
[15.365s] Compiling '/home/nisanth/carla_ros_ws/install/carla_waypoint_types/local/lib/python3.10/dist-packages/carla_waypoint_types/msg/_carla_waypoint.py'...
[15.365s] Listing '/home/nisanth/carla_ros_ws/install/carla_waypoint_types/local/lib/python3.10/dist-packages/carla_waypoint_types/srv'...
[15.365s] Compiling '/home/nisanth/carla_ros_ws/install/carla_waypoint_types/local/lib/python3.10/dist-packages/carla_waypoint_types/srv/__init__.py'...
[15.365s] Compiling '/home/nisanth/carla_ros_ws/install/carla_waypoint_types/local/lib/python3.10/dist-packages/carla_waypoint_types/srv/_get_actor_waypoint.py'...
[15.365s] Compiling '/home/nisanth/carla_ros_ws/install/carla_waypoint_types/local/lib/python3.10/dist-packages/carla_waypoint_types/srv/_get_waypoint.py'...
[15.377s] -- Installing: /home/nisanth/carla_ros_ws/install/carla_waypoint_types/lib/libcarla_waypoint_types__rosidl_generator_py.so
[15.378s] -- Set runtime path of "/home/nisanth/carla_ros_ws/install/carla_waypoint_types/lib/libcarla_waypoint_types__rosidl_generator_py.so" to ""
[15.378s] -- Installing: /home/nisanth/carla_ros_ws/install/carla_waypoint_types/share/carla_waypoint_types/cmake/export_carla_waypoint_types__rosidl_generator_cExport.cmake
[15.378s] -- Installing: /home/nisanth/carla_ros_ws/install/carla_waypoint_types/share/carla_waypoint_types/cmake/export_carla_waypoint_types__rosidl_generator_cExport-noconfig.cmake
[15.378s] -- Installing: /home/nisanth/carla_ros_ws/install/carla_waypoint_types/share/carla_waypoint_types/cmake/export_carla_waypoint_types__rosidl_typesupport_fastrtps_cExport.cmake
[15.378s] -- Installing: /home/nisanth/carla_ros_ws/install/carla_waypoint_types/share/carla_waypoint_types/cmake/export_carla_waypoint_types__rosidl_typesupport_fastrtps_cExport-noconfig.cmake
[15.379s] -- Installing: /home/nisanth/carla_ros_ws/install/carla_waypoint_types/share/carla_waypoint_types/cmake/export_carla_waypoint_types__rosidl_generator_cppExport.cmake
[15.379s] -- Installing: /home/nisanth/carla_ros_ws/install/carla_waypoint_types/share/carla_waypoint_types/cmake/export_carla_waypoint_types__rosidl_typesupport_fastrtps_cppExport.cmake
[15.380s] -- Installing: /home/nisanth/carla_ros_ws/install/carla_waypoint_types/share/carla_waypoint_types/cmake/export_carla_waypoint_types__rosidl_typesupport_fastrtps_cppExport-noconfig.cmake
[15.380s] -- Installing: /home/nisanth/carla_ros_ws/install/carla_waypoint_types/share/carla_waypoint_types/cmake/carla_waypoint_types__rosidl_typesupport_introspection_cExport.cmake
[15.380s] -- Installing: /home/nisanth/carla_ros_ws/install/carla_waypoint_types/share/carla_waypoint_types/cmake/carla_waypoint_types__rosidl_typesupport_introspection_cExport-noconfig.cmake
[15.382s] -- Installing: /home/nisanth/carla_ros_ws/install/carla_waypoint_types/share/carla_waypoint_types/cmake/carla_waypoint_types__rosidl_typesupport_cExport.cmake
[15.393s] -- Installing: /home/nisanth/carla_ros_ws/install/carla_waypoint_types/share/carla_waypoint_types/cmake/carla_waypoint_types__rosidl_typesupport_cExport-noconfig.cmake
[15.394s] -- Installing: /home/nisanth/carla_ros_ws/install/carla_waypoint_types/share/carla_waypoint_types/cmake/carla_waypoint_types__rosidl_typesupport_introspection_cppExport.cmake
[15.394s] -- Installing: /home/nisanth/carla_ros_ws/install/carla_waypoint_types/share/carla_waypoint_types/cmake/carla_waypoint_types__rosidl_typesupport_introspection_cppExport-noconfig.cmake
[15.394s] -- Installing: /home/nisanth/carla_ros_ws/install/carla_waypoint_types/share/carla_waypoint_types/cmake/carla_waypoint_types__rosidl_typesupport_cppExport.cmake
[15.394s] -- Installing: /home/nisanth/carla_ros_ws/install/carla_waypoint_types/share/carla_waypoint_types/cmake/carla_waypoint_types__rosidl_typesupport_cppExport-noconfig.cmake
[15.394s] -- Installing: /home/nisanth/carla_ros_ws/install/carla_waypoint_types/share/carla_waypoint_types/cmake/export_carla_waypoint_types__rosidl_generator_pyExport.cmake
[15.394s] -- Installing: /home/nisanth/carla_ros_ws/install/carla_waypoint_types/share/carla_waypoint_types/cmake/export_carla_waypoint_types__rosidl_generator_pyExport-noconfig.cmake
[15.400s] Invoked command in '/home/nisanth/carla_ros_ws/build/carla_waypoint_types' returned '0': CMAKE_PREFIX_PATH=/opt/ros/humble /usr/bin/cmake --install /home/nisanth/carla_ros_ws/build/carla_waypoint_types
