-- Found ros_environment: 3.2.2 (/opt/ros/humble/share/ros_environment/cmake)
-- Found ament_cmake: 1.3.13 (/opt/ros/humble/share/ament_cmake/cmake)
-- Override CMake install command with custom implementation using symlinks instead of copying resources
-- Found rviz_common: 11.2.25 (/opt/ros/humble/share/rviz_common/cmake)
-- Setting assimp_DIR to: '/opt/ros/humble/share/rviz_assimp_vendor/cmake/../../../opt/rviz_assimp_vendor/lib/cmake/assimp-4.1'
-- Setting OGRE_DIR to: '/opt/ros/humble/share/rviz_ogre_vendor/cmake/../../../opt/rviz_ogre_vendor/lib/OGRE/cmake'
-- Found OGRE
--   static     : OFF
--   components : HLMS;MeshLodGenerator;Overlay;Paging;Property;RTShaderSystem;Terrain;Volume
--   plugins    : Plugin_BSPSceneManager;Plugin_OctreeSceneManager;Plugin_PCZSceneManager;Plugin_ParticleFX;RenderSystem_GL;RenderSystem_GL3Plus;Codec_STBI
--   media      : /opt/ros/humble/opt/rviz_ogre_vendor/share/OGRE/Media
-- OGRE_LIBRARIES: OgreHLMS;OgreMeshLodGenerator;OgreOverlay;OgrePaging;OgreProperty;OgreRTShaderSystem;OgreTerrain;OgreVolume;OgreMain
-- OGRE_LIBRARY_DIRS: /opt/ros/humble/opt/rviz_ogre_vendor/lib
-- OGRE_PLUGINS: Plugin_BSPSceneManager;Plugin_OctreeSceneManager;Plugin_PCZSceneManager;Plugin_ParticleFX;RenderSystem_GL;RenderSystem_GL3Plus;Codec_STBI
-- OGRE_PLUGIN_DIR: /opt/ros/humble/opt/rviz_ogre_vendor/lib/OGRE
-- rviz_ogre_vendor::OgreOverlay for IMPORTED_LOCATION_RELEASE: /opt/ros/humble/opt/rviz_ogre_vendor/lib/libOgreOverlay.so
-- rviz_ogre_vendor::OgreOverlay for IMPORTED_LOCATION_DEBUG: /opt/ros/humble/opt/rviz_ogre_vendor/lib/libOgreOverlay.so
-- rviz_ogre_vendor::OgreMain for IMPORTED_LOCATION_RELEASE: /opt/ros/humble/opt/rviz_ogre_vendor/lib/libOgreMain.so
-- rviz_ogre_vendor::OgreMain for IMPORTED_LOCATION_DEBUG: /opt/ros/humble/opt/rviz_ogre_vendor/lib/libOgreMain.so
-- Could not find freeimage library
-- library: /usr/lib/x86_64-linux-gnu/libcurl.so
-- Found rosidl_generator_c: 3.1.8 (/opt/ros/humble/share/rosidl_generator_c/cmake)
-- Found rosidl_adapter: 3.1.8 (/opt/ros/humble/share/rosidl_adapter/cmake)
-- Found rosidl_generator_cpp: 3.1.8 (/opt/ros/humble/share/rosidl_generator_cpp/cmake)
-- Using all available rosidl_typesupport_c: rosidl_typesupport_fastrtps_c;rosidl_typesupport_introspection_c
-- Using all available rosidl_typesupport_cpp: rosidl_typesupport_fastrtps_cpp;rosidl_typesupport_introspection_cpp
-- Found rmw_implementation_cmake: 6.1.2 (/opt/ros/humble/share/rmw_implementation_cmake/cmake)
-- Found rmw_fastrtps_cpp: 6.2.10 (/opt/ros/humble/share/rmw_fastrtps_cpp/cmake)
-- Found TinyXML2 via Config file: TinyXML2_DIR-NOTFOUND
-- Found TinyXML2 via Config file: TinyXML2_DIR-NOTFOUND
-- Found TinyXML2 via Config file: TinyXML2_DIR-NOTFOUND
-- Found TinyXML2 via Config file: TinyXML2_DIR-NOTFOUND
-- Using RMW implementation 'rmw_fastrtps_cpp' as default
-- Ensuring Eigen3 include directory is part of orocos-kdl CMake target
-- Found carla_msgs: 1.3.0 (/home/nisanth/carla_ros_ws/install/carla_msgs/share/carla_msgs/cmake)
-- Found nav_msgs: 4.9.1 (/opt/ros/humble/share/nav_msgs/cmake)
-- Found carla_ros_scenario_runner_types: 0.1.0 (/home/nisanth/carla_ros_ws/install/carla_ros_scenario_runner_types/share/carla_ros_scenario_runner_types/cmake)
-- Configuring done
-- Generating done
-- Build files have been written to: /home/nisanth/carla_ros_ws/build/rviz_carla_plugin
[ 12%] [34m[1mAutomatic MOC for target rviz_carla_plugin[0m
[ 12%] Built target rviz_carla_plugin_autogen
[35m[1mConsolidate compiler generated dependencies of target rviz_carla_plugin[0m
[ 25%] [32m[1mLinking CXX shared library librviz_carla_plugin.so[0m
[100%] Built target rviz_carla_plugin
-- Install configuration: ""
-- Execute custom install script
-- Up-to-date symlink: /home/nisanth/carla_ros_ws/install/rviz_carla_plugin/share/rviz_carla_plugin//plugin_description_ros2.xml
-- Up-to-date symlink: /home/nisanth/carla_ros_ws/install/rviz_carla_plugin/share/rviz_carla_plugin/environment/library_path.sh
-- Up-to-date symlink: /home/nisanth/carla_ros_ws/install/rviz_carla_plugin/share/rviz_carla_plugin/environment/library_path.dsv
-- Up-to-date symlink: /home/nisanth/carla_ros_ws/install/rviz_carla_plugin/share/rviz_carla_plugin/plugin_description_ros2.xml
-- Up-to-date symlink: /home/nisanth/carla_ros_ws/install/rviz_carla_plugin/share/rviz_carla_plugin/classes/CarlaControl.png
-- Up-to-date symlink: /home/nisanth/carla_ros_ws/install/rviz_carla_plugin/share/rviz_carla_plugin/pause.png
-- Up-to-date symlink: /home/nisanth/carla_ros_ws/install/rviz_carla_plugin/share/rviz_carla_plugin/play.png
-- Up-to-date symlink: /home/nisanth/carla_ros_ws/install/rviz_carla_plugin/share/rviz_carla_plugin/step_once.png
-- Up-to-date symlink: /home/nisanth/carla_ros_ws/install/rviz_carla_plugin/share/ament_index/resource_index/package_run_dependencies/rviz_carla_plugin
-- Up-to-date symlink: /home/nisanth/carla_ros_ws/install/rviz_carla_plugin/share/ament_index/resource_index/parent_prefix_path/rviz_carla_plugin
-- Up-to-date symlink: /home/nisanth/carla_ros_ws/install/rviz_carla_plugin/share/rviz_carla_plugin/environment/ament_prefix_path.sh
-- Up-to-date symlink: /home/nisanth/carla_ros_ws/install/rviz_carla_plugin/share/rviz_carla_plugin/environment/ament_prefix_path.dsv
-- Up-to-date symlink: /home/nisanth/carla_ros_ws/install/rviz_carla_plugin/share/rviz_carla_plugin/environment/path.sh
-- Up-to-date symlink: /home/nisanth/carla_ros_ws/install/rviz_carla_plugin/share/rviz_carla_plugin/environment/path.dsv
-- Up-to-date symlink: /home/nisanth/carla_ros_ws/install/rviz_carla_plugin/share/rviz_carla_plugin/local_setup.bash
-- Up-to-date symlink: /home/nisanth/carla_ros_ws/install/rviz_carla_plugin/share/rviz_carla_plugin/local_setup.sh
-- Up-to-date symlink: /home/nisanth/carla_ros_ws/install/rviz_carla_plugin/share/rviz_carla_plugin/local_setup.zsh
-- Up-to-date symlink: /home/nisanth/carla_ros_ws/install/rviz_carla_plugin/share/rviz_carla_plugin/local_setup.dsv
-- Symlinking: /home/nisanth/carla_ros_ws/install/rviz_carla_plugin/share/rviz_carla_plugin/package.dsv
-- Up-to-date symlink: /home/nisanth/carla_ros_ws/install/rviz_carla_plugin/share/ament_index/resource_index/packages/rviz_carla_plugin
-- Up-to-date symlink: /home/nisanth/carla_ros_ws/install/rviz_carla_plugin/share/ament_index/resource_index/rviz_common__pluginlib__plugin/rviz_carla_plugin
-- Up-to-date symlink: /home/nisanth/carla_ros_ws/install/rviz_carla_plugin/share/rviz_carla_plugin/cmake/ament_cmake_export_libraries-extras.cmake
-- Up-to-date symlink: /home/nisanth/carla_ros_ws/install/rviz_carla_plugin/share/rviz_carla_plugin/cmake/rviz_carla_pluginConfig.cmake
-- Up-to-date symlink: /home/nisanth/carla_ros_ws/install/rviz_carla_plugin/share/rviz_carla_plugin/cmake/rviz_carla_pluginConfig-version.cmake
-- Up-to-date symlink: /home/nisanth/carla_ros_ws/install/rviz_carla_plugin/share/rviz_carla_plugin/package.xml
-- Installing: /home/nisanth/carla_ros_ws/install/rviz_carla_plugin/lib/librviz_carla_plugin.so
-- Set runtime path of "/home/nisanth/carla_ros_ws/install/rviz_carla_plugin/lib/librviz_carla_plugin.so" to ""
