[0.866s] Invoking command in '/home/nisanth/carla_ros_ws/build/rviz_carla_plugin': AMENT_PREFIX_PATH=/home/nisanth/carla_ros_ws/install/carla_ros_scenario_runner_types:/home/nisanth/carla_ros_ws/install/carla_msgs:${AMENT_PREFIX_PATH} CMAKE_PREFIX_PATH=/home/nisanth/carla_ros_ws/install/carla_ros_scenario_runner_types:/home/nisanth/carla_ros_ws/install/carla_msgs:/opt/ros/humble LD_LIBRARY_PATH=/home/nisanth/carla_ros_ws/install/carla_ros_scenario_runner_types/lib:/home/nisanth/carla_ros_ws/install/carla_msgs/lib:${LD_LIBRARY_PATH} PYTHONPATH=/home/nisanth/carla_ros_ws/install/carla_ros_scenario_runner_types/local/lib/python3.10/dist-packages:/home/nisanth/carla_ros_ws/install/carla_msgs/local/lib/python3.10/dist-packages:${PYTHONPATH} /usr/bin/cmake /home/nisanth/carla_ros_ws/src/ros-bridge/rviz_carla_plugin -DCMAKE_INSTALL_PREFIX=/home/nisanth/carla_ros_ws/install/rviz_carla_plugin
[1.278s] -- Found ros_environment: 3.2.2 (/opt/ros/humble/share/ros_environment/cmake)
[1.278s] -- Found ament_cmake: 1.3.13 (/opt/ros/humble/share/ament_cmake/cmake)
[1.278s] -- Override CMake install command with custom implementation using symlinks instead of copying resources
[1.278s] -- Found rviz_common: 11.2.25 (/opt/ros/humble/share/rviz_common/cmake)
[1.278s] -- Setting assimp_DIR to: '/opt/ros/humble/share/rviz_assimp_vendor/cmake/../../../opt/rviz_assimp_vendor/lib/cmake/assimp-4.1'
[1.278s] -- Setting OGRE_DIR to: '/opt/ros/humble/share/rviz_ogre_vendor/cmake/../../../opt/rviz_ogre_vendor/lib/OGRE/cmake'
[1.279s] -- Found OGRE
[1.279s] --   static     : OFF
[1.279s] --   components : HLMS;MeshLodGenerator;Overlay;Paging;Property;RTShaderSystem;Terrain;Volume
[1.279s] --   plugins    : Plugin_BSPSceneManager;Plugin_OctreeSceneManager;Plugin_PCZSceneManager;Plugin_ParticleFX;RenderSystem_GL;RenderSystem_GL3Plus;Codec_STBI
[1.279s] --   media      : /opt/ros/humble/opt/rviz_ogre_vendor/share/OGRE/Media
[1.279s] -- OGRE_LIBRARIES: OgreHLMS;OgreMeshLodGenerator;OgreOverlay;OgrePaging;OgreProperty;OgreRTShaderSystem;OgreTerrain;OgreVolume;OgreMain
[1.279s] -- OGRE_LIBRARY_DIRS: /opt/ros/humble/opt/rviz_ogre_vendor/lib
[1.280s] -- OGRE_PLUGINS: Plugin_BSPSceneManager;Plugin_OctreeSceneManager;Plugin_PCZSceneManager;Plugin_ParticleFX;RenderSystem_GL;RenderSystem_GL3Plus;Codec_STBI
[1.280s] -- OGRE_PLUGIN_DIR: /opt/ros/humble/opt/rviz_ogre_vendor/lib/OGRE
[1.280s] -- rviz_ogre_vendor::OgreOverlay for IMPORTED_LOCATION_RELEASE: /opt/ros/humble/opt/rviz_ogre_vendor/lib/libOgreOverlay.so
[1.281s] -- rviz_ogre_vendor::OgreOverlay for IMPORTED_LOCATION_DEBUG: /opt/ros/humble/opt/rviz_ogre_vendor/lib/libOgreOverlay.so
[1.281s] -- rviz_ogre_vendor::OgreMain for IMPORTED_LOCATION_RELEASE: /opt/ros/humble/opt/rviz_ogre_vendor/lib/libOgreMain.so
[1.281s] -- rviz_ogre_vendor::OgreMain for IMPORTED_LOCATION_DEBUG: /opt/ros/humble/opt/rviz_ogre_vendor/lib/libOgreMain.so
[1.281s] -- Could not find freeimage library
[3.678s] -- library: /usr/lib/x86_64-linux-gnu/libcurl.so
[3.714s] -- Found rosidl_generator_c: 3.1.8 (/opt/ros/humble/share/rosidl_generator_c/cmake)
[3.716s] -- Found rosidl_adapter: 3.1.8 (/opt/ros/humble/share/rosidl_adapter/cmake)
[3.721s] -- Found rosidl_generator_cpp: 3.1.8 (/opt/ros/humble/share/rosidl_generator_cpp/cmake)
[3.729s] -- Using all available rosidl_typesupport_c: rosidl_typesupport_fastrtps_c;rosidl_typesupport_introspection_c
[3.739s] -- Using all available rosidl_typesupport_cpp: rosidl_typesupport_fastrtps_cpp;rosidl_typesupport_introspection_cpp
[4.651s] -- Found rmw_implementation_cmake: 6.1.2 (/opt/ros/humble/share/rmw_implementation_cmake/cmake)
[4.652s] -- Found rmw_fastrtps_cpp: 6.2.10 (/opt/ros/humble/share/rmw_fastrtps_cpp/cmake)
[4.666s] -- Found TinyXML2 via Config file: TinyXML2_DIR-NOTFOUND
[4.676s] -- Found TinyXML2 via Config file: TinyXML2_DIR-NOTFOUND
[4.741s] -- Found TinyXML2 via Config file: TinyXML2_DIR-NOTFOUND
[4.748s] -- Found TinyXML2 via Config file: TinyXML2_DIR-NOTFOUND
[4.805s] -- Using RMW implementation 'rmw_fastrtps_cpp' as default
[4.877s] -- Ensuring Eigen3 include directory is part of orocos-kdl CMake target
[4.977s] -- Found carla_msgs: 1.3.0 (/home/nisanth/carla_ros_ws/install/carla_msgs/share/carla_msgs/cmake)
[4.996s] -- Found nav_msgs: 4.9.1 (/opt/ros/humble/share/nav_msgs/cmake)
[5.007s] -- Found carla_ros_scenario_runner_types: 0.1.0 (/home/nisanth/carla_ros_ws/install/carla_ros_scenario_runner_types/share/carla_ros_scenario_runner_types/cmake)
[5.080s] -- Configuring done
[5.134s] -- Generating done
[5.140s] -- Build files have been written to: /home/nisanth/carla_ros_ws/build/rviz_carla_plugin
[5.151s] Invoked command in '/home/nisanth/carla_ros_ws/build/rviz_carla_plugin' returned '0': AMENT_PREFIX_PATH=/home/nisanth/carla_ros_ws/install/carla_ros_scenario_runner_types:/home/nisanth/carla_ros_ws/install/carla_msgs:${AMENT_PREFIX_PATH} CMAKE_PREFIX_PATH=/home/nisanth/carla_ros_ws/install/carla_ros_scenario_runner_types:/home/nisanth/carla_ros_ws/install/carla_msgs:/opt/ros/humble LD_LIBRARY_PATH=/home/nisanth/carla_ros_ws/install/carla_ros_scenario_runner_types/lib:/home/nisanth/carla_ros_ws/install/carla_msgs/lib:${LD_LIBRARY_PATH} PYTHONPATH=/home/nisanth/carla_ros_ws/install/carla_ros_scenario_runner_types/local/lib/python3.10/dist-packages:/home/nisanth/carla_ros_ws/install/carla_msgs/local/lib/python3.10/dist-packages:${PYTHONPATH} /usr/bin/cmake /home/nisanth/carla_ros_ws/src/ros-bridge/rviz_carla_plugin -DCMAKE_INSTALL_PREFIX=/home/nisanth/carla_ros_ws/install/rviz_carla_plugin
[5.152s] Invoking command in '/home/nisanth/carla_ros_ws/build/rviz_carla_plugin': AMENT_PREFIX_PATH=/home/nisanth/carla_ros_ws/install/carla_ros_scenario_runner_types:/home/nisanth/carla_ros_ws/install/carla_msgs:${AMENT_PREFIX_PATH} CMAKE_PREFIX_PATH=/home/nisanth/carla_ros_ws/install/carla_ros_scenario_runner_types:/home/nisanth/carla_ros_ws/install/carla_msgs:/opt/ros/humble LD_LIBRARY_PATH=/home/nisanth/carla_ros_ws/install/carla_ros_scenario_runner_types/lib:/home/nisanth/carla_ros_ws/install/carla_msgs/lib:${LD_LIBRARY_PATH} PYTHONPATH=/home/nisanth/carla_ros_ws/install/carla_ros_scenario_runner_types/local/lib/python3.10/dist-packages:/home/nisanth/carla_ros_ws/install/carla_msgs/local/lib/python3.10/dist-packages:${PYTHONPATH} /usr/bin/cmake --build /home/nisanth/carla_ros_ws/build/rviz_carla_plugin -- -j12 -l12
[5.201s] [ 12%] [34m[1mAutomatic MOC for target rviz_carla_plugin[0m
[5.230s] [ 12%] Built target rviz_carla_plugin_autogen
[5.244s] [35m[1mConsolidate compiler generated dependencies of target rviz_carla_plugin[0m
[5.270s] [ 25%] [32m[1mLinking CXX shared library librviz_carla_plugin.so[0m
[7.927s] [100%] Built target rviz_carla_plugin
[7.938s] Invoked command in '/home/nisanth/carla_ros_ws/build/rviz_carla_plugin' returned '0': AMENT_PREFIX_PATH=/home/nisanth/carla_ros_ws/install/carla_ros_scenario_runner_types:/home/nisanth/carla_ros_ws/install/carla_msgs:${AMENT_PREFIX_PATH} CMAKE_PREFIX_PATH=/home/nisanth/carla_ros_ws/install/carla_ros_scenario_runner_types:/home/nisanth/carla_ros_ws/install/carla_msgs:/opt/ros/humble LD_LIBRARY_PATH=/home/nisanth/carla_ros_ws/install/carla_ros_scenario_runner_types/lib:/home/nisanth/carla_ros_ws/install/carla_msgs/lib:${LD_LIBRARY_PATH} PYTHONPATH=/home/nisanth/carla_ros_ws/install/carla_ros_scenario_runner_types/local/lib/python3.10/dist-packages:/home/nisanth/carla_ros_ws/install/carla_msgs/local/lib/python3.10/dist-packages:${PYTHONPATH} /usr/bin/cmake --build /home/nisanth/carla_ros_ws/build/rviz_carla_plugin -- -j12 -l12
[7.940s] Invoking command in '/home/nisanth/carla_ros_ws/build/rviz_carla_plugin': AMENT_PREFIX_PATH=/home/nisanth/carla_ros_ws/install/carla_ros_scenario_runner_types:/home/nisanth/carla_ros_ws/install/carla_msgs:${AMENT_PREFIX_PATH} CMAKE_PREFIX_PATH=/home/nisanth/carla_ros_ws/install/carla_ros_scenario_runner_types:/home/nisanth/carla_ros_ws/install/carla_msgs:/opt/ros/humble LD_LIBRARY_PATH=/home/nisanth/carla_ros_ws/install/carla_ros_scenario_runner_types/lib:/home/nisanth/carla_ros_ws/install/carla_msgs/lib:${LD_LIBRARY_PATH} PYTHONPATH=/home/nisanth/carla_ros_ws/install/carla_ros_scenario_runner_types/local/lib/python3.10/dist-packages:/home/nisanth/carla_ros_ws/install/carla_msgs/local/lib/python3.10/dist-packages:${PYTHONPATH} /usr/bin/cmake --install /home/nisanth/carla_ros_ws/build/rviz_carla_plugin
[7.947s] -- Install configuration: ""
[7.947s] -- Execute custom install script
[7.948s] -- Up-to-date symlink: /home/nisanth/carla_ros_ws/install/rviz_carla_plugin/share/rviz_carla_plugin//plugin_description_ros2.xml
[7.948s] -- Up-to-date symlink: /home/nisanth/carla_ros_ws/install/rviz_carla_plugin/share/rviz_carla_plugin/environment/library_path.sh
[7.949s] -- Up-to-date symlink: /home/nisanth/carla_ros_ws/install/rviz_carla_plugin/share/rviz_carla_plugin/environment/library_path.dsv
[7.949s] -- Up-to-date symlink: /home/nisanth/carla_ros_ws/install/rviz_carla_plugin/share/rviz_carla_plugin/plugin_description_ros2.xml
[7.950s] -- Up-to-date symlink: /home/nisanth/carla_ros_ws/install/rviz_carla_plugin/share/rviz_carla_plugin/classes/CarlaControl.png
[7.950s] -- Up-to-date symlink: /home/nisanth/carla_ros_ws/install/rviz_carla_plugin/share/rviz_carla_plugin/pause.png
[7.950s] -- Up-to-date symlink: /home/nisanth/carla_ros_ws/install/rviz_carla_plugin/share/rviz_carla_plugin/play.png
[7.951s] -- Up-to-date symlink: /home/nisanth/carla_ros_ws/install/rviz_carla_plugin/share/rviz_carla_plugin/step_once.png
[7.951s] -- Up-to-date symlink: /home/nisanth/carla_ros_ws/install/rviz_carla_plugin/share/ament_index/resource_index/package_run_dependencies/rviz_carla_plugin
[7.951s] -- Up-to-date symlink: /home/nisanth/carla_ros_ws/install/rviz_carla_plugin/share/ament_index/resource_index/parent_prefix_path/rviz_carla_plugin
[7.952s] -- Up-to-date symlink: /home/nisanth/carla_ros_ws/install/rviz_carla_plugin/share/rviz_carla_plugin/environment/ament_prefix_path.sh
[7.952s] -- Up-to-date symlink: /home/nisanth/carla_ros_ws/install/rviz_carla_plugin/share/rviz_carla_plugin/environment/ament_prefix_path.dsv
[7.952s] -- Up-to-date symlink: /home/nisanth/carla_ros_ws/install/rviz_carla_plugin/share/rviz_carla_plugin/environment/path.sh
[7.953s] -- Up-to-date symlink: /home/nisanth/carla_ros_ws/install/rviz_carla_plugin/share/rviz_carla_plugin/environment/path.dsv
[7.953s] -- Up-to-date symlink: /home/nisanth/carla_ros_ws/install/rviz_carla_plugin/share/rviz_carla_plugin/local_setup.bash
[7.953s] -- Up-to-date symlink: /home/nisanth/carla_ros_ws/install/rviz_carla_plugin/share/rviz_carla_plugin/local_setup.sh
[7.953s] -- Up-to-date symlink: /home/nisanth/carla_ros_ws/install/rviz_carla_plugin/share/rviz_carla_plugin/local_setup.zsh
[7.954s] -- Up-to-date symlink: /home/nisanth/carla_ros_ws/install/rviz_carla_plugin/share/rviz_carla_plugin/local_setup.dsv
[7.954s] -- Symlinking: /home/nisanth/carla_ros_ws/install/rviz_carla_plugin/share/rviz_carla_plugin/package.dsv
[7.963s] -- Up-to-date symlink: /home/nisanth/carla_ros_ws/install/rviz_carla_plugin/share/ament_index/resource_index/packages/rviz_carla_plugin
[7.963s] -- Up-to-date symlink: /home/nisanth/carla_ros_ws/install/rviz_carla_plugin/share/ament_index/resource_index/rviz_common__pluginlib__plugin/rviz_carla_plugin
[7.964s] -- Up-to-date symlink: /home/nisanth/carla_ros_ws/install/rviz_carla_plugin/share/rviz_carla_plugin/cmake/ament_cmake_export_libraries-extras.cmake
[7.964s] -- Up-to-date symlink: /home/nisanth/carla_ros_ws/install/rviz_carla_plugin/share/rviz_carla_plugin/cmake/rviz_carla_pluginConfig.cmake
[7.964s] -- Up-to-date symlink: /home/nisanth/carla_ros_ws/install/rviz_carla_plugin/share/rviz_carla_plugin/cmake/rviz_carla_pluginConfig-version.cmake
[7.965s] -- Up-to-date symlink: /home/nisanth/carla_ros_ws/install/rviz_carla_plugin/share/rviz_carla_plugin/package.xml
[7.965s] -- Installing: /home/nisanth/carla_ros_ws/install/rviz_carla_plugin/lib/librviz_carla_plugin.so
[7.995s] -- Set runtime path of "/home/nisanth/carla_ros_ws/install/rviz_carla_plugin/lib/librviz_carla_plugin.so" to ""
[7.997s] Invoked command in '/home/nisanth/carla_ros_ws/build/rviz_carla_plugin' returned '0': AMENT_PREFIX_PATH=/home/nisanth/carla_ros_ws/install/carla_ros_scenario_runner_types:/home/nisanth/carla_ros_ws/install/carla_msgs:${AMENT_PREFIX_PATH} CMAKE_PREFIX_PATH=/home/nisanth/carla_ros_ws/install/carla_ros_scenario_runner_types:/home/nisanth/carla_ros_ws/install/carla_msgs:/opt/ros/humble LD_LIBRARY_PATH=/home/nisanth/carla_ros_ws/install/carla_ros_scenario_runner_types/lib:/home/nisanth/carla_ros_ws/install/carla_msgs/lib:${LD_LIBRARY_PATH} PYTHONPATH=/home/nisanth/carla_ros_ws/install/carla_ros_scenario_runner_types/local/lib/python3.10/dist-packages:/home/nisanth/carla_ros_ws/install/carla_msgs/local/lib/python3.10/dist-packages:${PYTHONPATH} /usr/bin/cmake --install /home/nisanth/carla_ros_ws/build/rviz_carla_plugin
