running develop
running egg_info
creating src/carla_ackermann_control.egg-info
writing src/carla_ackermann_control.egg-info/PKG-INFO
writing dependency_links to src/carla_ackermann_control.egg-info/dependency_links.txt
writing entry points to src/carla_ackermann_control.egg-info/entry_points.txt
writing requirements to src/carla_ackermann_control.egg-info/requires.txt
writing top-level names to src/carla_ackermann_control.egg-info/top_level.txt
writing manifest file 'src/carla_ackermann_control.egg-info/SOURCES.txt'
reading manifest file 'src/carla_ackermann_control.egg-info/SOURCES.txt'
writing manifest file 'src/carla_ackermann_control.egg-info/SOURCES.txt'
running build_ext
Creating /home/nisanth/carla_ros_ws/install/carla_ackermann_control/lib/python3.10/site-packages/carla-ackermann-control.egg-link (link to src)
Installing carla_ackermann_control_node script to /home/nisanth/carla_ros_ws/install/carla_ackermann_control/lib/carla_ackermann_control

Installed /home/nisanth/carla_ros_ws/build/carla_ackermann_control/src
running symlink_data
creating /home/nisanth/carla_ros_ws/install/carla_ackermann_control/share/ament_index
creating /home/nisanth/carla_ros_ws/install/carla_ackermann_control/share/ament_index/resource_index
creating /home/nisanth/carla_ros_ws/install/carla_ackermann_control/share/ament_index/resource_index/packages
symbolically linking /home/nisanth/carla_ros_ws/build/carla_ackermann_control/resource/carla_ackermann_control -> /home/nisanth/carla_ros_ws/install/carla_ackermann_control/share/ament_index/resource_index/packages
symbolically linking /home/nisanth/carla_ros_ws/build/carla_ackermann_control/package.xml -> /home/nisanth/carla_ros_ws/install/carla_ackermann_control/share/carla_ackermann_control
symbolically linking /home/nisanth/carla_ros_ws/build/carla_ackermann_control/launch/carla_ros_bridge_with_ackermann_control.launch.py -> /home/nisanth/carla_ros_ws/install/carla_ackermann_control/share/carla_ackermann_control
symbolically linking /home/nisanth/carla_ros_ws/build/carla_ackermann_control/launch/carla_ackermann_control.launch.py -> /home/nisanth/carla_ros_ws/install/carla_ackermann_control/share/carla_ackermann_control
symbolically linking /home/nisanth/carla_ros_ws/build/carla_ackermann_control/config/settings.yaml -> /home/nisanth/carla_ros_ws/install/carla_ackermann_control/share/carla_ackermann_control
