[1.936s] Invoking command in '/home/nisanth/carla_ros_ws/build/carla_ackermann_control': AMENT_PREFIX_PATH=/home/nisanth/carla_ros_ws/install/carla_ros_bridge:/home/nisanth/carla_ros_ws/install/carla_spawn_objects:/home/nisanth/carla_ros_ws/install/carla_manual_control:/home/nisanth/carla_ros_ws/install/carla_ackermann_msgs:/home/nisanth/carla_ros_ws/install/ros_compatibility:/home/nisanth/carla_ros_ws/install/carla_msgs:/home/nisanth/carla_ros_ws/install/carla_common:${AMENT_PREFIX_PATH} CMAKE_PREFIX_PATH=/home/nisanth/carla_ros_ws/install/carla_ackermann_msgs:/home/nisanth/carla_ros_ws/install/carla_msgs LD_LIBRARY_PATH=/home/nisanth/carla_ros_ws/install/carla_ackermann_msgs/lib:/home/nisanth/carla_ros_ws/install/carla_msgs/lib:${LD_LIBRARY_PATH} PYTHONPATH=/home/nisanth/carla_ros_ws/build/carla_ackermann_control/prefix_override:/usr/lib/python3/dist-packages/colcon_core/task/python/colcon_distutils_commands:/home/nisanth/carla_ros_ws/install/carla_ackermann_control/lib/python3.10/site-packages:/home/nisanth/carla_ros_ws/build/carla_ros_bridge/src:/home/nisanth/carla_ros_ws/install/carla_ros_bridge/lib/python3.10/site-packages:/home/nisanth/carla_ros_ws/build/carla_spawn_objects:/home/nisanth/carla_ros_ws/install/carla_spawn_objects/lib/python3.10/site-packages:/home/nisanth/carla_ros_ws/build/carla_manual_control/src:/home/nisanth/carla_ros_ws/install/carla_manual_control/lib/python3.10/site-packages:/home/nisanth/carla_ros_ws/install/carla_ackermann_msgs/local/lib/python3.10/dist-packages:/home/nisanth/carla_ros_ws/build/ros_compatibility/src:/home/nisanth/carla_ros_ws/install/ros_compatibility/lib/python3.10/site-packages:/home/nisanth/carla_ros_ws/install/carla_msgs/local/lib/python3.10/dist-packages:/home/nisanth/carla_ros_ws/build/carla_common/src:/home/nisanth/carla_ros_ws/install/carla_common/lib/python3.10/site-packages:${PYTHONPATH} /usr/bin/python3 -W ignore:setup.py install is deprecated -W ignore:easy_install command is deprecated setup.py develop --editable --build-directory /home/nisanth/carla_ros_ws/build/carla_ackermann_control/build --no-deps symlink_data
[2.217s] running develop
[2.385s] running egg_info
[2.385s] creating src/carla_ackermann_control.egg-info
[2.386s] writing src/carla_ackermann_control.egg-info/PKG-INFO
[2.387s] writing dependency_links to src/carla_ackermann_control.egg-info/dependency_links.txt
[2.387s] writing entry points to src/carla_ackermann_control.egg-info/entry_points.txt
[2.387s] writing requirements to src/carla_ackermann_control.egg-info/requires.txt
[2.387s] writing top-level names to src/carla_ackermann_control.egg-info/top_level.txt
[2.387s] writing manifest file 'src/carla_ackermann_control.egg-info/SOURCES.txt'
[2.389s] reading manifest file 'src/carla_ackermann_control.egg-info/SOURCES.txt'
[2.390s] writing manifest file 'src/carla_ackermann_control.egg-info/SOURCES.txt'
[2.392s] running build_ext
[2.392s] Creating /home/nisanth/carla_ros_ws/install/carla_ackermann_control/lib/python3.10/site-packages/carla-ackermann-control.egg-link (link to src)
[2.393s] Installing carla_ackermann_control_node script to /home/nisanth/carla_ros_ws/install/carla_ackermann_control/lib/carla_ackermann_control
[2.394s] 
[2.394s] Installed /home/nisanth/carla_ros_ws/build/carla_ackermann_control/src
[2.394s] running symlink_data
[2.394s] creating /home/nisanth/carla_ros_ws/install/carla_ackermann_control/share/ament_index
[2.394s] creating /home/nisanth/carla_ros_ws/install/carla_ackermann_control/share/ament_index/resource_index
[2.395s] creating /home/nisanth/carla_ros_ws/install/carla_ackermann_control/share/ament_index/resource_index/packages
[2.395s] symbolically linking /home/nisanth/carla_ros_ws/build/carla_ackermann_control/resource/carla_ackermann_control -> /home/nisanth/carla_ros_ws/install/carla_ackermann_control/share/ament_index/resource_index/packages
[2.396s] symbolically linking /home/nisanth/carla_ros_ws/build/carla_ackermann_control/package.xml -> /home/nisanth/carla_ros_ws/install/carla_ackermann_control/share/carla_ackermann_control
[2.397s] symbolically linking /home/nisanth/carla_ros_ws/build/carla_ackermann_control/launch/carla_ros_bridge_with_ackermann_control.launch.py -> /home/nisanth/carla_ros_ws/install/carla_ackermann_control/share/carla_ackermann_control
[2.397s] symbolically linking /home/nisanth/carla_ros_ws/build/carla_ackermann_control/launch/carla_ackermann_control.launch.py -> /home/nisanth/carla_ros_ws/install/carla_ackermann_control/share/carla_ackermann_control
[2.397s] symbolically linking /home/nisanth/carla_ros_ws/build/carla_ackermann_control/config/settings.yaml -> /home/nisanth/carla_ros_ws/install/carla_ackermann_control/share/carla_ackermann_control
[2.442s] Invoked command in '/home/nisanth/carla_ros_ws/build/carla_ackermann_control' returned '0': AMENT_PREFIX_PATH=/home/nisanth/carla_ros_ws/install/carla_ros_bridge:/home/nisanth/carla_ros_ws/install/carla_spawn_objects:/home/nisanth/carla_ros_ws/install/carla_manual_control:/home/nisanth/carla_ros_ws/install/carla_ackermann_msgs:/home/nisanth/carla_ros_ws/install/ros_compatibility:/home/nisanth/carla_ros_ws/install/carla_msgs:/home/nisanth/carla_ros_ws/install/carla_common:${AMENT_PREFIX_PATH} CMAKE_PREFIX_PATH=/home/nisanth/carla_ros_ws/install/carla_ackermann_msgs:/home/nisanth/carla_ros_ws/install/carla_msgs LD_LIBRARY_PATH=/home/nisanth/carla_ros_ws/install/carla_ackermann_msgs/lib:/home/nisanth/carla_ros_ws/install/carla_msgs/lib:${LD_LIBRARY_PATH} PYTHONPATH=/home/nisanth/carla_ros_ws/build/carla_ackermann_control/prefix_override:/usr/lib/python3/dist-packages/colcon_core/task/python/colcon_distutils_commands:/home/nisanth/carla_ros_ws/install/carla_ackermann_control/lib/python3.10/site-packages:/home/nisanth/carla_ros_ws/build/carla_ros_bridge/src:/home/nisanth/carla_ros_ws/install/carla_ros_bridge/lib/python3.10/site-packages:/home/nisanth/carla_ros_ws/build/carla_spawn_objects:/home/nisanth/carla_ros_ws/install/carla_spawn_objects/lib/python3.10/site-packages:/home/nisanth/carla_ros_ws/build/carla_manual_control/src:/home/nisanth/carla_ros_ws/install/carla_manual_control/lib/python3.10/site-packages:/home/nisanth/carla_ros_ws/install/carla_ackermann_msgs/local/lib/python3.10/dist-packages:/home/nisanth/carla_ros_ws/build/ros_compatibility/src:/home/nisanth/carla_ros_ws/install/ros_compatibility/lib/python3.10/site-packages:/home/nisanth/carla_ros_ws/install/carla_msgs/local/lib/python3.10/dist-packages:/home/nisanth/carla_ros_ws/build/carla_common/src:/home/nisanth/carla_ros_ws/install/carla_common/lib/python3.10/site-packages:${PYTHONPATH} /usr/bin/python3 -W ignore:setup.py install is deprecated -W ignore:easy_install command is deprecated setup.py develop --editable --build-directory /home/nisanth/carla_ros_ws/build/carla_ackermann_control/build --no-deps symlink_data
