[1.907s] Invoking command in '/home/nisanth/carla_ros_ws/build/rqt_carla_control': PYTHONPATH=/home/nisanth/carla_ros_ws/build/rqt_carla_control/prefix_override:/usr/lib/python3/dist-packages/colcon_core/task/python/colcon_distutils_commands:/home/nisanth/carla_ros_ws/install/rqt_carla_control/lib/python3.10/site-packages:${PYTHONPATH} /usr/bin/python3 -W ignore:setup.py install is deprecated -W ignore:easy_install command is deprecated setup.py develop --editable --build-directory /home/nisanth/carla_ros_ws/build/rqt_carla_control/build --no-deps symlink_data
[2.284s] running develop
[2.491s] running egg_info
[2.491s] creating src/rqt_carla_control.egg-info
[2.492s] writing src/rqt_carla_control.egg-info/PKG-INFO
[2.493s] writing dependency_links to src/rqt_carla_control.egg-info/dependency_links.txt
[2.493s] writing requirements to src/rqt_carla_control.egg-info/requires.txt
[2.494s] writing top-level names to src/rqt_carla_control.egg-info/top_level.txt
[2.494s] writing manifest file 'src/rqt_carla_control.egg-info/SOURCES.txt'
[2.498s] reading manifest file 'src/rqt_carla_control.egg-info/SOURCES.txt'
[2.499s] writing manifest file 'src/rqt_carla_control.egg-info/SOURCES.txt'
[2.500s] running build_ext
[2.500s] Creating /home/nisanth/carla_ros_ws/install/rqt_carla_control/lib/python3.10/site-packages/rqt-carla-control.egg-link (link to src)
[2.503s] Installing rqt_carla_control script to /home/nisanth/carla_ros_ws/install/rqt_carla_control/lib/rqt_carla_control
[2.504s] 
[2.504s] Installed /home/nisanth/carla_ros_ws/build/rqt_carla_control/src
[2.504s] running symlink_data
[2.504s] creating /home/nisanth/carla_ros_ws/install/rqt_carla_control/share/ament_index
[2.505s] creating /home/nisanth/carla_ros_ws/install/rqt_carla_control/share/ament_index/resource_index
[2.506s] creating /home/nisanth/carla_ros_ws/install/rqt_carla_control/share/ament_index/resource_index/packages
[2.506s] symbolically linking /home/nisanth/carla_ros_ws/build/rqt_carla_control/resource/rqt_carla_control -> /home/nisanth/carla_ros_ws/install/rqt_carla_control/share/ament_index/resource_index/packages
[2.506s] symbolically linking /home/nisanth/carla_ros_ws/build/rqt_carla_control/package.xml -> /home/nisanth/carla_ros_ws/install/rqt_carla_control/share/rqt_carla_control
[2.507s] symbolically linking /home/nisanth/carla_ros_ws/build/rqt_carla_control/plugin.xml -> /home/nisanth/carla_ros_ws/install/rqt_carla_control/share/rqt_carla_control
[2.507s] creating /home/nisanth/carla_ros_ws/install/rqt_carla_control/share/rqt_carla_control/resource
[2.508s] symbolically linking /home/nisanth/carla_ros_ws/build/rqt_carla_control/resource/CarlaControl.ui -> /home/nisanth/carla_ros_ws/install/rqt_carla_control/share/rqt_carla_control/resource
[2.509s] symbolically linking /home/nisanth/carla_ros_ws/build/rqt_carla_control/resource/pause.png -> /home/nisanth/carla_ros_ws/install/rqt_carla_control/share/rqt_carla_control/resource
[2.509s] symbolically linking /home/nisanth/carla_ros_ws/build/rqt_carla_control/resource/play.png -> /home/nisanth/carla_ros_ws/install/rqt_carla_control/share/rqt_carla_control/resource
[2.510s] symbolically linking /home/nisanth/carla_ros_ws/build/rqt_carla_control/resource/step_once.png -> /home/nisanth/carla_ros_ws/install/rqt_carla_control/share/rqt_carla_control/resource
[2.623s] Invoked command in '/home/nisanth/carla_ros_ws/build/rqt_carla_control' returned '0': PYTHONPATH=/home/nisanth/carla_ros_ws/build/rqt_carla_control/prefix_override:/usr/lib/python3/dist-packages/colcon_core/task/python/colcon_distutils_commands:/home/nisanth/carla_ros_ws/install/rqt_carla_control/lib/python3.10/site-packages:${PYTHONPATH} /usr/bin/python3 -W ignore:setup.py install is deprecated -W ignore:easy_install command is deprecated setup.py develop --editable --build-directory /home/nisanth/carla_ros_ws/build/rqt_carla_control/build --no-deps symlink_data
