[1.973s] Invoking command in '/home/nisanth/carla_ros_ws/src/ros-bridge/carla_ros_scenario_runner': AMENT_PREFIX_PATH=/home/nisanth/carla_ros_ws/install/carla_ros_scenario_runner_types:/home/nisanth/carla_ros_ws/install/carla_msgs:/home/nisanth/carla_ros_ws/install/carla_common:${AMENT_PREFIX_PATH} CMAKE_PREFIX_PATH=/home/nisanth/carla_ros_ws/install/carla_ros_scenario_runner_types:/home/nisanth/carla_ros_ws/install/carla_msgs LD_LIBRARY_PATH=/home/nisanth/carla_ros_ws/install/carla_ros_scenario_runner_types/lib:/home/nisanth/carla_ros_ws/install/carla_msgs/lib:${LD_LIBRARY_PATH} PYTHONPATH=/home/nisanth/carla_ros_ws/build/carla_ros_scenario_runner/prefix_override:/usr/lib/python3/dist-packages/colcon_core/task/python/colcon_distutils_commands:/home/nisanth/carla_ros_ws/install/carla_ros_scenario_runner/lib/python3.10/site-packages:/home/nisanth/carla_ros_ws/install/carla_ros_scenario_runner_types/local/lib/python3.10/dist-packages:/home/nisanth/carla_ros_ws/install/carla_msgs/local/lib/python3.10/dist-packages:/home/nisanth/carla_ros_ws/install/carla_common/lib/python3.10/site-packages:${PYTHONPATH} /usr/bin/python3 -W ignore:setup.py install is deprecated -W ignore:easy_install command is deprecated setup.py egg_info --egg-base ../../../build/carla_ros_scenario_runner build --build-base /home/nisanth/carla_ros_ws/build/carla_ros_scenario_runner/build install --record /home/nisanth/carla_ros_ws/build/carla_ros_scenario_runner/install.log --single-version-externally-managed install_data
[2.242s] running egg_info
[2.242s] creating ../../../build/carla_ros_scenario_runner/carla_ros_scenario_runner.egg-info
[2.244s] writing ../../../build/carla_ros_scenario_runner/carla_ros_scenario_runner.egg-info/PKG-INFO
[2.244s] writing dependency_links to ../../../build/carla_ros_scenario_runner/carla_ros_scenario_runner.egg-info/dependency_links.txt
[2.245s] writing entry points to ../../../build/carla_ros_scenario_runner/carla_ros_scenario_runner.egg-info/entry_points.txt
[2.245s] writing requirements to ../../../build/carla_ros_scenario_runner/carla_ros_scenario_runner.egg-info/requires.txt
[2.245s] writing top-level names to ../../../build/carla_ros_scenario_runner/carla_ros_scenario_runner.egg-info/top_level.txt
[2.245s] writing manifest file '../../../build/carla_ros_scenario_runner/carla_ros_scenario_runner.egg-info/SOURCES.txt'
[2.246s] reading manifest file '../../../build/carla_ros_scenario_runner/carla_ros_scenario_runner.egg-info/SOURCES.txt'
[2.246s] writing manifest file '../../../build/carla_ros_scenario_runner/carla_ros_scenario_runner.egg-info/SOURCES.txt'
[2.246s] running build
[2.247s] running build_py
[2.247s] creating /home/nisanth/carla_ros_ws/build/carla_ros_scenario_runner/build
[2.247s] creating /home/nisanth/carla_ros_ws/build/carla_ros_scenario_runner/build/lib
[2.247s] creating /home/nisanth/carla_ros_ws/build/carla_ros_scenario_runner/build/lib/carla_ros_scenario_runner
[2.248s] copying src/carla_ros_scenario_runner/ros_vehicle_control.py -> /home/nisanth/carla_ros_ws/build/carla_ros_scenario_runner/build/lib/carla_ros_scenario_runner
[2.248s] copying src/carla_ros_scenario_runner/scenario_runner_runner.py -> /home/nisanth/carla_ros_ws/build/carla_ros_scenario_runner/build/lib/carla_ros_scenario_runner
[2.249s] copying src/carla_ros_scenario_runner/__init__.py -> /home/nisanth/carla_ros_ws/build/carla_ros_scenario_runner/build/lib/carla_ros_scenario_runner
[2.249s] copying src/carla_ros_scenario_runner/carla_ros_scenario_runner_node.py -> /home/nisanth/carla_ros_ws/build/carla_ros_scenario_runner/build/lib/carla_ros_scenario_runner
[2.249s] copying src/carla_ros_scenario_runner/application_runner.py -> /home/nisanth/carla_ros_ws/build/carla_ros_scenario_runner/build/lib/carla_ros_scenario_runner
[2.250s] running install
[2.250s] running install_lib
[2.250s] creating /home/nisanth/carla_ros_ws/install/carla_ros_scenario_runner/lib/python3.10/site-packages/carla_ros_scenario_runner
[2.251s] copying /home/nisanth/carla_ros_ws/build/carla_ros_scenario_runner/build/lib/carla_ros_scenario_runner/ros_vehicle_control.py -> /home/nisanth/carla_ros_ws/install/carla_ros_scenario_runner/lib/python3.10/site-packages/carla_ros_scenario_runner
[2.251s] copying /home/nisanth/carla_ros_ws/build/carla_ros_scenario_runner/build/lib/carla_ros_scenario_runner/scenario_runner_runner.py -> /home/nisanth/carla_ros_ws/install/carla_ros_scenario_runner/lib/python3.10/site-packages/carla_ros_scenario_runner
[2.251s] copying /home/nisanth/carla_ros_ws/build/carla_ros_scenario_runner/build/lib/carla_ros_scenario_runner/__init__.py -> /home/nisanth/carla_ros_ws/install/carla_ros_scenario_runner/lib/python3.10/site-packages/carla_ros_scenario_runner
[2.251s] copying /home/nisanth/carla_ros_ws/build/carla_ros_scenario_runner/build/lib/carla_ros_scenario_runner/carla_ros_scenario_runner_node.py -> /home/nisanth/carla_ros_ws/install/carla_ros_scenario_runner/lib/python3.10/site-packages/carla_ros_scenario_runner
[2.251s] copying /home/nisanth/carla_ros_ws/build/carla_ros_scenario_runner/build/lib/carla_ros_scenario_runner/application_runner.py -> /home/nisanth/carla_ros_ws/install/carla_ros_scenario_runner/lib/python3.10/site-packages/carla_ros_scenario_runner
[2.252s] byte-compiling /home/nisanth/carla_ros_ws/install/carla_ros_scenario_runner/lib/python3.10/site-packages/carla_ros_scenario_runner/ros_vehicle_control.py to ros_vehicle_control.cpython-310.pyc
[2.253s] byte-compiling /home/nisanth/carla_ros_ws/install/carla_ros_scenario_runner/lib/python3.10/site-packages/carla_ros_scenario_runner/scenario_runner_runner.py to scenario_runner_runner.cpython-310.pyc
[2.254s] byte-compiling /home/nisanth/carla_ros_ws/install/carla_ros_scenario_runner/lib/python3.10/site-packages/carla_ros_scenario_runner/__init__.py to __init__.cpython-310.pyc
[2.254s] byte-compiling /home/nisanth/carla_ros_ws/install/carla_ros_scenario_runner/lib/python3.10/site-packages/carla_ros_scenario_runner/carla_ros_scenario_runner_node.py to carla_ros_scenario_runner_node.cpython-310.pyc
[2.255s] byte-compiling /home/nisanth/carla_ros_ws/install/carla_ros_scenario_runner/lib/python3.10/site-packages/carla_ros_scenario_runner/application_runner.py to application_runner.cpython-310.pyc
[2.255s] running install_data
[2.256s] running install_egg_info
[2.258s] Copying ../../../build/carla_ros_scenario_runner/carla_ros_scenario_runner.egg-info to /home/nisanth/carla_ros_ws/install/carla_ros_scenario_runner/lib/python3.10/site-packages/carla_ros_scenario_runner-0.0.0-py3.10.egg-info
[2.260s] running install_scripts
[2.275s] Installing carla_ros_scenario_runner script to /home/nisanth/carla_ros_ws/install/carla_ros_scenario_runner/lib/carla_ros_scenario_runner
[2.276s] writing list of installed files to '/home/nisanth/carla_ros_ws/build/carla_ros_scenario_runner/install.log'
[2.294s] Invoked command in '/home/nisanth/carla_ros_ws/src/ros-bridge/carla_ros_scenario_runner' returned '0': AMENT_PREFIX_PATH=/home/nisanth/carla_ros_ws/install/carla_ros_scenario_runner_types:/home/nisanth/carla_ros_ws/install/carla_msgs:/home/nisanth/carla_ros_ws/install/carla_common:${AMENT_PREFIX_PATH} CMAKE_PREFIX_PATH=/home/nisanth/carla_ros_ws/install/carla_ros_scenario_runner_types:/home/nisanth/carla_ros_ws/install/carla_msgs LD_LIBRARY_PATH=/home/nisanth/carla_ros_ws/install/carla_ros_scenario_runner_types/lib:/home/nisanth/carla_ros_ws/install/carla_msgs/lib:${LD_LIBRARY_PATH} PYTHONPATH=/home/nisanth/carla_ros_ws/build/carla_ros_scenario_runner/prefix_override:/usr/lib/python3/dist-packages/colcon_core/task/python/colcon_distutils_commands:/home/nisanth/carla_ros_ws/install/carla_ros_scenario_runner/lib/python3.10/site-packages:/home/nisanth/carla_ros_ws/install/carla_ros_scenario_runner_types/local/lib/python3.10/dist-packages:/home/nisanth/carla_ros_ws/install/carla_msgs/local/lib/python3.10/dist-packages:/home/nisanth/carla_ros_ws/install/carla_common/lib/python3.10/site-packages:${PYTHONPATH} /usr/bin/python3 -W ignore:setup.py install is deprecated -W ignore:easy_install command is deprecated setup.py egg_info --egg-base ../../../build/carla_ros_scenario_runner build --build-base /home/nisanth/carla_ros_ws/build/carla_ros_scenario_runner/build install --record /home/nisanth/carla_ros_ws/build/carla_ros_scenario_runner/install.log --single-version-externally-managed install_data
