[0.393s] Invoking command in '/home/nisanth/carla_ros_ws/build/pcl_recorder': AMENT_PREFIX_PATH=/home/nisanth/carla_ros_ws/install/carla_ros_bridge:/home/nisanth/carla_ros_ws/install/carla_spawn_objects:/home/nisanth/carla_ros_ws/install/carla_manual_control:/home/nisanth/carla_ros_ws/install/ros_compatibility:/home/nisanth/carla_ros_ws/install/carla_msgs:/home/nisanth/carla_ros_ws/install/carla_common:${AMENT_PREFIX_PATH} CMAKE_PREFIX_PATH=/home/nisanth/carla_ros_ws/install/carla_msgs:/opt/ros/humble LD_LIBRARY_PATH=/home/nisanth/carla_ros_ws/install/carla_msgs/lib:${LD_LIBRARY_PATH} PYTHONPATH=/home/nisanth/carla_ros_ws/install/carla_ros_bridge/lib/python3.10/site-packages:/home/nisanth/carla_ros_ws/install/carla_spawn_objects/lib/python3.10/site-packages:/home/nisanth/carla_ros_ws/install/carla_manual_control/lib/python3.10/site-packages:/home/nisanth/carla_ros_ws/install/ros_compatibility/lib/python3.10/site-packages:/home/nisanth/carla_ros_ws/install/carla_msgs/local/lib/python3.10/dist-packages:/home/nisanth/carla_ros_ws/install/carla_common/lib/python3.10/site-packages:${PYTHONPATH} /usr/bin/cmake /home/nisanth/carla_ros_ws/src/ros-bridge/pcl_recorder -DCMAKE_INSTALL_PREFIX=/home/nisanth/carla_ros_ws/install/pcl_recorder
[0.405s] -- Found ros_environment: 3.2.2 (/opt/ros/humble/share/ros_environment/cmake)
[0.406s] -- Found ament_cmake: 1.3.13 (/opt/ros/humble/share/ament_cmake/cmake)
[0.508s] -- Override CMake install command with custom implementation using symlinks instead of copying resources
[0.516s] -- Found rclcpp: 16.0.18 (/opt/ros/humble/share/rclcpp/cmake)
[0.624s] -- Found rosidl_generator_c: 3.1.8 (/opt/ros/humble/share/rosidl_generator_c/cmake)
[0.626s] -- Found rosidl_adapter: 3.1.8 (/opt/ros/humble/share/rosidl_adapter/cmake)
[0.631s] -- Found rosidl_generator_cpp: 3.1.8 (/opt/ros/humble/share/rosidl_generator_cpp/cmake)
[0.639s] -- Using all available rosidl_typesupport_c: rosidl_typesupport_fastrtps_c;rosidl_typesupport_introspection_c
[0.649s] -- Using all available rosidl_typesupport_cpp: rosidl_typesupport_fastrtps_cpp;rosidl_typesupport_introspection_cpp
[0.688s] -- Found rmw_implementation_cmake: 6.1.2 (/opt/ros/humble/share/rmw_implementation_cmake/cmake)
[0.691s] -- Found rmw_fastrtps_cpp: 6.2.10 (/opt/ros/humble/share/rmw_fastrtps_cpp/cmake)
[4.190s] -- Using RMW implementation 'rmw_fastrtps_cpp' as default
[4.225s] -- Found rclcpp_components: 16.0.18 (/opt/ros/humble/share/rclcpp_components/cmake)
[4.237s] -- Found sensor_msgs: 4.9.1 (/opt/ros/humble/share/sensor_msgs/cmake)
[4.258s] -- Found tf2: 0.25.19 (/opt/ros/humble/share/tf2/cmake)
[4.261s] -- Found tf2_eigen: 0.25.19 (/opt/ros/humble/share/tf2_eigen/cmake)
[4.307s] -- Found tf2_geometry_msgs: 0.25.19 (/opt/ros/humble/share/tf2_geometry_msgs/cmake)
[4.310s] -- Found eigen3_cmake_module: 0.1.1 (/opt/ros/humble/share/eigen3_cmake_module/cmake)
[4.311s] -- Ensuring Eigen3 include directory is part of orocos-kdl CMake target
[4.312s] -- Found pcl_conversions: 2.4.5 (/opt/ros/humble/share/pcl_conversions/cmake)
[4.344s] -- Eigen found (include: /usr/include/eigen3, version: 3.4.0)
[5.359s] -- FLANN found (include: /usr/include, lib: /usr/lib/x86_64-linux-gnu/libflann_cpp.so)
[8.147s] -- OpenNI found (version: 1.5.4.0, include: /usr/include/ni, lib: /usr/lib/libOpenNI.so;libusb::libusb)
[8.153s] -- OpenNI2 found (version: 2.2.0.33, include: /usr/include/openni2, lib: /usr/lib/x86_64-linux-gnu/libOpenNI2.so;libusb::libusb)
[9.556s] -- Eigen found (include: /usr/include/eigen3, version: 3.4.0)
[9.562s] -- OpenNI found (version: 1.5.4.0, include: /usr/include/ni, lib: /usr/lib/libOpenNI.so;libusb::libusb)
[9.567s] -- OpenNI2 found (version: 2.2.0.33, include: /usr/include/openni2, lib: /usr/lib/x86_64-linux-gnu/libOpenNI2.so;libusb::libusb)
[10.975s] -- Found Qhull version 8.0.2
[12.371s] -- OpenNI found (version: 1.5.4.0, include: /usr/include/ni, lib: /usr/lib/libOpenNI.so;libusb::libusb)
[13.770s] [33mCMake Warning (dev) at CMakeLists.txt:64 (find_package):
[13.770s]   Policy CMP0074 is not set: find_package uses <PackageName>_ROOT variables.
[13.770s]   Run "cmake --help-policy CMP0074" for policy details.  Use the cmake_policy
[13.770s]   command to set the policy and suppress this warning.
[13.770s] 
[13.770s]   CMake variable PCL_ROOT is set to:
[13.770s] 
[13.770s]     /usr
[13.770s] 
[13.770s]   For compatibility, CMake is ignoring the variable.
[13.770s] This warning is for project developers.  Use -Wno-dev to suppress it.
[13.770s] [0m
[13.842s] -- Configuring done
[13.906s] -- Generating done
[13.917s] -- Build files have been written to: /home/nisanth/carla_ros_ws/build/pcl_recorder
[13.930s] Invoked command in '/home/nisanth/carla_ros_ws/build/pcl_recorder' returned '0': AMENT_PREFIX_PATH=/home/nisanth/carla_ros_ws/install/carla_ros_bridge:/home/nisanth/carla_ros_ws/install/carla_spawn_objects:/home/nisanth/carla_ros_ws/install/carla_manual_control:/home/nisanth/carla_ros_ws/install/ros_compatibility:/home/nisanth/carla_ros_ws/install/carla_msgs:/home/nisanth/carla_ros_ws/install/carla_common:${AMENT_PREFIX_PATH} CMAKE_PREFIX_PATH=/home/nisanth/carla_ros_ws/install/carla_msgs:/opt/ros/humble LD_LIBRARY_PATH=/home/nisanth/carla_ros_ws/install/carla_msgs/lib:${LD_LIBRARY_PATH} PYTHONPATH=/home/nisanth/carla_ros_ws/install/carla_ros_bridge/lib/python3.10/site-packages:/home/nisanth/carla_ros_ws/install/carla_spawn_objects/lib/python3.10/site-packages:/home/nisanth/carla_ros_ws/install/carla_manual_control/lib/python3.10/site-packages:/home/nisanth/carla_ros_ws/install/ros_compatibility/lib/python3.10/site-packages:/home/nisanth/carla_ros_ws/install/carla_msgs/local/lib/python3.10/dist-packages:/home/nisanth/carla_ros_ws/install/carla_common/lib/python3.10/site-packages:${PYTHONPATH} /usr/bin/cmake /home/nisanth/carla_ros_ws/src/ros-bridge/pcl_recorder -DCMAKE_INSTALL_PREFIX=/home/nisanth/carla_ros_ws/install/pcl_recorder
[13.932s] Invoking command in '/home/nisanth/carla_ros_ws/build/pcl_recorder': AMENT_PREFIX_PATH=/home/nisanth/carla_ros_ws/install/carla_ros_bridge:/home/nisanth/carla_ros_ws/install/carla_spawn_objects:/home/nisanth/carla_ros_ws/install/carla_manual_control:/home/nisanth/carla_ros_ws/install/ros_compatibility:/home/nisanth/carla_ros_ws/install/carla_msgs:/home/nisanth/carla_ros_ws/install/carla_common:${AMENT_PREFIX_PATH} CMAKE_PREFIX_PATH=/home/nisanth/carla_ros_ws/install/carla_msgs:/opt/ros/humble LD_LIBRARY_PATH=/home/nisanth/carla_ros_ws/install/carla_msgs/lib:${LD_LIBRARY_PATH} PYTHONPATH=/home/nisanth/carla_ros_ws/install/carla_ros_bridge/lib/python3.10/site-packages:/home/nisanth/carla_ros_ws/install/carla_spawn_objects/lib/python3.10/site-packages:/home/nisanth/carla_ros_ws/install/carla_manual_control/lib/python3.10/site-packages:/home/nisanth/carla_ros_ws/install/ros_compatibility/lib/python3.10/site-packages:/home/nisanth/carla_ros_ws/install/carla_msgs/local/lib/python3.10/dist-packages:/home/nisanth/carla_ros_ws/install/carla_common/lib/python3.10/site-packages:${PYTHONPATH} /usr/bin/cmake --build /home/nisanth/carla_ros_ws/build/pcl_recorder -- -j12 -l12
[13.976s] [35m[1mConsolidate compiler generated dependencies of target pcl_recorder_node[0m
[14.022s] [100%] Built target pcl_recorder_node
[14.033s] Invoked command in '/home/nisanth/carla_ros_ws/build/pcl_recorder' returned '0': AMENT_PREFIX_PATH=/home/nisanth/carla_ros_ws/install/carla_ros_bridge:/home/nisanth/carla_ros_ws/install/carla_spawn_objects:/home/nisanth/carla_ros_ws/install/carla_manual_control:/home/nisanth/carla_ros_ws/install/ros_compatibility:/home/nisanth/carla_ros_ws/install/carla_msgs:/home/nisanth/carla_ros_ws/install/carla_common:${AMENT_PREFIX_PATH} CMAKE_PREFIX_PATH=/home/nisanth/carla_ros_ws/install/carla_msgs:/opt/ros/humble LD_LIBRARY_PATH=/home/nisanth/carla_ros_ws/install/carla_msgs/lib:${LD_LIBRARY_PATH} PYTHONPATH=/home/nisanth/carla_ros_ws/install/carla_ros_bridge/lib/python3.10/site-packages:/home/nisanth/carla_ros_ws/install/carla_spawn_objects/lib/python3.10/site-packages:/home/nisanth/carla_ros_ws/install/carla_manual_control/lib/python3.10/site-packages:/home/nisanth/carla_ros_ws/install/ros_compatibility/lib/python3.10/site-packages:/home/nisanth/carla_ros_ws/install/carla_msgs/local/lib/python3.10/dist-packages:/home/nisanth/carla_ros_ws/install/carla_common/lib/python3.10/site-packages:${PYTHONPATH} /usr/bin/cmake --build /home/nisanth/carla_ros_ws/build/pcl_recorder -- -j12 -l12
[14.034s] Invoking command in '/home/nisanth/carla_ros_ws/build/pcl_recorder': AMENT_PREFIX_PATH=/home/nisanth/carla_ros_ws/install/carla_ros_bridge:/home/nisanth/carla_ros_ws/install/carla_spawn_objects:/home/nisanth/carla_ros_ws/install/carla_manual_control:/home/nisanth/carla_ros_ws/install/ros_compatibility:/home/nisanth/carla_ros_ws/install/carla_msgs:/home/nisanth/carla_ros_ws/install/carla_common:${AMENT_PREFIX_PATH} CMAKE_PREFIX_PATH=/home/nisanth/carla_ros_ws/install/carla_msgs:/opt/ros/humble LD_LIBRARY_PATH=/home/nisanth/carla_ros_ws/install/carla_msgs/lib:${LD_LIBRARY_PATH} PYTHONPATH=/home/nisanth/carla_ros_ws/install/carla_ros_bridge/lib/python3.10/site-packages:/home/nisanth/carla_ros_ws/install/carla_spawn_objects/lib/python3.10/site-packages:/home/nisanth/carla_ros_ws/install/carla_manual_control/lib/python3.10/site-packages:/home/nisanth/carla_ros_ws/install/ros_compatibility/lib/python3.10/site-packages:/home/nisanth/carla_ros_ws/install/carla_msgs/local/lib/python3.10/dist-packages:/home/nisanth/carla_ros_ws/install/carla_common/lib/python3.10/site-packages:${PYTHONPATH} /usr/bin/cmake --install /home/nisanth/carla_ros_ws/build/pcl_recorder
[14.041s] -- Install configuration: ""
[14.041s] -- Execute custom install script
[14.042s] -- Up-to-date symlink: /home/nisanth/carla_ros_ws/install/pcl_recorder/lib/pcl_recorder/pcl_recorder_node
[14.042s] -- Up-to-date symlink: /home/nisanth/carla_ros_ws/install/pcl_recorder/share/pcl_recorder//pcl_recorder.launch
[14.043s] -- Up-to-date symlink: /home/nisanth/carla_ros_ws/install/pcl_recorder/share/pcl_recorder//pcl_recorder.launch.py
[14.043s] -- Up-to-date symlink: /home/nisanth/carla_ros_ws/install/pcl_recorder/share/ament_index/resource_index/package_run_dependencies/pcl_recorder
[14.043s] -- Up-to-date symlink: /home/nisanth/carla_ros_ws/install/pcl_recorder/share/ament_index/resource_index/parent_prefix_path/pcl_recorder
[14.044s] -- Up-to-date symlink: /home/nisanth/carla_ros_ws/install/pcl_recorder/share/pcl_recorder/environment/ament_prefix_path.sh
[14.044s] -- Up-to-date symlink: /home/nisanth/carla_ros_ws/install/pcl_recorder/share/pcl_recorder/environment/ament_prefix_path.dsv
[14.044s] -- Up-to-date symlink: /home/nisanth/carla_ros_ws/install/pcl_recorder/share/pcl_recorder/environment/path.sh
[14.045s] -- Up-to-date symlink: /home/nisanth/carla_ros_ws/install/pcl_recorder/share/pcl_recorder/environment/path.dsv
[14.045s] -- Up-to-date symlink: /home/nisanth/carla_ros_ws/install/pcl_recorder/share/pcl_recorder/local_setup.bash
[14.045s] -- Up-to-date symlink: /home/nisanth/carla_ros_ws/install/pcl_recorder/share/pcl_recorder/local_setup.sh
[14.045s] -- Up-to-date symlink: /home/nisanth/carla_ros_ws/install/pcl_recorder/share/pcl_recorder/local_setup.zsh
[14.046s] -- Up-to-date symlink: /home/nisanth/carla_ros_ws/install/pcl_recorder/share/pcl_recorder/local_setup.dsv
[14.046s] -- Symlinking: /home/nisanth/carla_ros_ws/install/pcl_recorder/share/pcl_recorder/package.dsv
[14.055s] -- Up-to-date symlink: /home/nisanth/carla_ros_ws/install/pcl_recorder/share/ament_index/resource_index/packages/pcl_recorder
[14.055s] -- Up-to-date symlink: /home/nisanth/carla_ros_ws/install/pcl_recorder/share/pcl_recorder/cmake/pcl_recorderConfig.cmake
[14.055s] -- Up-to-date symlink: /home/nisanth/carla_ros_ws/install/pcl_recorder/share/pcl_recorder/cmake/pcl_recorderConfig-version.cmake
[14.056s] -- Up-to-date symlink: /home/nisanth/carla_ros_ws/install/pcl_recorder/share/pcl_recorder/package.xml
[14.058s] Invoked command in '/home/nisanth/carla_ros_ws/build/pcl_recorder' returned '0': AMENT_PREFIX_PATH=/home/nisanth/carla_ros_ws/install/carla_ros_bridge:/home/nisanth/carla_ros_ws/install/carla_spawn_objects:/home/nisanth/carla_ros_ws/install/carla_manual_control:/home/nisanth/carla_ros_ws/install/ros_compatibility:/home/nisanth/carla_ros_ws/install/carla_msgs:/home/nisanth/carla_ros_ws/install/carla_common:${AMENT_PREFIX_PATH} CMAKE_PREFIX_PATH=/home/nisanth/carla_ros_ws/install/carla_msgs:/opt/ros/humble LD_LIBRARY_PATH=/home/nisanth/carla_ros_ws/install/carla_msgs/lib:${LD_LIBRARY_PATH} PYTHONPATH=/home/nisanth/carla_ros_ws/install/carla_ros_bridge/lib/python3.10/site-packages:/home/nisanth/carla_ros_ws/install/carla_spawn_objects/lib/python3.10/site-packages:/home/nisanth/carla_ros_ws/install/carla_manual_control/lib/python3.10/site-packages:/home/nisanth/carla_ros_ws/install/ros_compatibility/lib/python3.10/site-packages:/home/nisanth/carla_ros_ws/install/carla_msgs/local/lib/python3.10/dist-packages:/home/nisanth/carla_ros_ws/install/carla_common/lib/python3.10/site-packages:${PYTHONPATH} /usr/bin/cmake --install /home/nisanth/carla_ros_ws/build/pcl_recorder
