[0.547s] Invoking command in '/home/nisanth/carla_ros_ws/build/carla_ros_scenario_runner_types': CMAKE_PREFIX_PATH=/opt/ros/humble /usr/bin/cmake /home/nisanth/carla_ros_ws/src/ros-bridge/carla_ros_scenario_runner_types -DAMENT_CMAKE_SYMLINK_INSTALL=1 -DCMAKE_INSTALL_PREFIX=/home/nisanth/carla_ros_ws/install/carla_ros_scenario_runner_types
[0.873s] -- The C compiler identification is GNU 11.4.0
[1.070s] -- The CXX compiler identification is GNU 11.4.0
[1.468s] -- Detecting C compiler ABI info
[1.696s] -- Detecting C compiler ABI info - done
[1.706s] -- Check for working C compiler: /usr/bin/cc - skipped
[1.706s] -- Detecting C compile features
[1.707s] -- Detecting C compile features - done
[1.711s] -- Detecting CXX compiler ABI info
[1.898s] -- Detecting CXX compiler ABI info - done
[1.907s] -- Check for working CXX compiler: /usr/bin/c++ - skipped
[1.908s] -- Detecting CXX compile features
[1.908s] -- Detecting CXX compile features - done
[1.912s] -- Found ros_environment: 3.2.2 (/opt/ros/humble/share/ros_environment/cmake)
[1.913s] -- Found ament_cmake: 1.3.13 (/opt/ros/humble/share/ament_cmake/cmake)
[2.136s] -- Found Python3: /usr/bin/python3 (found version "3.10.12") found components: Interpreter 
[2.245s] -- Override CMake install command with custom implementation using symlinks instead of copying resources
[2.297s] -- Found builtin_interfaces: 1.2.2 (/opt/ros/humble/share/builtin_interfaces/cmake)
[2.444s] -- Found rosidl_generator_c: 3.1.8 (/opt/ros/humble/share/rosidl_generator_c/cmake)
[2.452s] -- Found rosidl_adapter: 3.1.8 (/opt/ros/humble/share/rosidl_adapter/cmake)
[2.468s] -- Found rosidl_generator_cpp: 3.1.8 (/opt/ros/humble/share/rosidl_generator_cpp/cmake)
[2.492s] -- Using all available rosidl_typesupport_c: rosidl_typesupport_fastrtps_c;rosidl_typesupport_introspection_c
[2.523s] -- Using all available rosidl_typesupport_cpp: rosidl_typesupport_fastrtps_cpp;rosidl_typesupport_introspection_cpp
[2.548s] -- Found geometry_msgs: 4.9.1 (/opt/ros/humble/share/geometry_msgs/cmake)
[2.594s] -- Found rosidl_default_generators: 1.2.0 (/opt/ros/humble/share/rosidl_default_generators/cmake)
[2.992s] -- Found ament_cmake_cppcheck: 0.12.15 (/opt/ros/humble/share/ament_cmake_cppcheck/cmake)
[2.995s] -- Found ament_cmake_cpplint: 0.12.15 (/opt/ros/humble/share/ament_cmake_cpplint/cmake)
[2.999s] -- Found ament_cmake_uncrustify: 0.12.15 (/opt/ros/humble/share/ament_cmake_uncrustify/cmake)
[3.003s] -- Found ament_cmake_ros: 0.10.0 (/opt/ros/humble/share/ament_cmake_ros/cmake)
[3.483s] -- Using all available rosidl_typesupport_c: rosidl_typesupport_fastrtps_c;rosidl_typesupport_introspection_c
[3.663s] -- Using all available rosidl_typesupport_cpp: rosidl_typesupport_fastrtps_cpp;rosidl_typesupport_introspection_cpp
[3.806s] -- Found PythonInterp: /usr/bin/python3 (found suitable version "3.10.12", minimum required is "3.6") 
[3.809s] -- Found python_cmake_module: 0.10.0 (/opt/ros/humble/share/python_cmake_module/cmake)
[4.157s] -- Found PythonLibs: /usr/lib/x86_64-linux-gnu/libpython3.10.so (found suitable version "3.10.12", minimum required is "3.5") 
[4.157s] -- Using PYTHON_EXECUTABLE: /usr/bin/python3
[4.157s] -- Using PYTHON_INCLUDE_DIRS: /usr/include/python3.10
[4.157s] -- Using PYTHON_LIBRARIES: /usr/lib/x86_64-linux-gnu/libpython3.10.so
[4.181s] -- Found PythonExtra: .so  
[4.280s] -- Found ament_cmake_flake8: 0.12.15 (/opt/ros/humble/share/ament_cmake_flake8/cmake)
[4.284s] -- Found ament_cmake_pep257: 0.12.15 (/opt/ros/humble/share/ament_cmake_pep257/cmake)
[4.290s] -- Found ament_lint_auto: 0.12.15 (/opt/ros/humble/share/ament_lint_auto/cmake)
[4.321s] -- Added test 'copyright' to check source files copyright and LICENSE
[4.322s] -- Added test 'lint_cmake' to check CMake code style
[4.323s] -- Added test 'xmllint' to check XML markup files
[4.329s] -- Configuring done
[4.416s] -- Generating done
[4.429s] -- Build files have been written to: /home/nisanth/carla_ros_ws/build/carla_ros_scenario_runner_types
[4.445s] Invoked command in '/home/nisanth/carla_ros_ws/build/carla_ros_scenario_runner_types' returned '0': CMAKE_PREFIX_PATH=/opt/ros/humble /usr/bin/cmake /home/nisanth/carla_ros_ws/src/ros-bridge/carla_ros_scenario_runner_types -DAMENT_CMAKE_SYMLINK_INSTALL=1 -DCMAKE_INSTALL_PREFIX=/home/nisanth/carla_ros_ws/install/carla_ros_scenario_runner_types
[4.447s] Invoking command in '/home/nisanth/carla_ros_ws/build/carla_ros_scenario_runner_types': CMAKE_PREFIX_PATH=/opt/ros/humble /usr/bin/cmake --build /home/nisanth/carla_ros_ws/build/carla_ros_scenario_runner_types -- -j12 -l12
[4.502s] [  1%] [34m[1mGenerating C code for ROS interfaces[0m
[4.515s] [  3%] [34m[1mGenerating C++ code for ROS interfaces[0m
[4.530s] [  3%] Built target ament_cmake_python_symlink_carla_ros_scenario_runner_types
[4.885s] running egg_info
[4.885s] creating carla_ros_scenario_runner_types.egg-info
[4.888s] writing carla_ros_scenario_runner_types.egg-info/PKG-INFO
[4.888s] writing dependency_links to carla_ros_scenario_runner_types.egg-info/dependency_links.txt
[4.888s] writing top-level names to carla_ros_scenario_runner_types.egg-info/top_level.txt
[4.888s] writing manifest file 'carla_ros_scenario_runner_types.egg-info/SOURCES.txt'
[4.890s] reading manifest file 'carla_ros_scenario_runner_types.egg-info/SOURCES.txt'
[4.891s] writing manifest file 'carla_ros_scenario_runner_types.egg-info/SOURCES.txt'
[4.958s] [  3%] Built target ament_cmake_python_build_carla_ros_scenario_runner_types_egg
[5.324s] [  5%] [32mBuilding C object CMakeFiles/carla_ros_scenario_runner_types__rosidl_generator_c.dir/rosidl_generator_c/carla_ros_scenario_runner_types/msg/detail/carla_scenario__functions.c.o[0m
[5.325s] [  5%] Built target carla_ros_scenario_runner_types__cpp
[5.326s] [  7%] [32mBuilding C object CMakeFiles/carla_ros_scenario_runner_types__rosidl_generator_c.dir/rosidl_generator_c/carla_ros_scenario_runner_types/msg/detail/carla_scenario_list__functions.c.o[0m
[5.336s] [  9%] [32mBuilding C object CMakeFiles/carla_ros_scenario_runner_types__rosidl_generator_c.dir/rosidl_generator_c/carla_ros_scenario_runner_types/msg/detail/carla_scenario_runner_status__functions.c.o[0m
[5.336s] [ 10%] [32mBuilding C object CMakeFiles/carla_ros_scenario_runner_types__rosidl_generator_c.dir/rosidl_generator_c/carla_ros_scenario_runner_types/srv/detail/execute_scenario__functions.c.o[0m
[5.347s] [ 12%] [34m[1mGenerating C++ introspection for ROS interfaces[0m
[5.351s] [ 14%] [34m[1mGenerating C++ type support for eProsima Fast-RTPS[0m
[5.352s] [ 16%] [34m[1mGenerating C++ type support dispatch for ROS interfaces[0m
[5.517s] [ 18%] [32m[1mLinking C shared library libcarla_ros_scenario_runner_types__rosidl_generator_c.so[0m
[5.683s] [ 18%] Built target carla_ros_scenario_runner_types__rosidl_generator_c
[5.706s] [ 20%] [34m[1mGenerating C introspection for ROS interfaces[0m
[5.710s] [ 21%] [34m[1mGenerating C type support dispatch for ROS interfaces[0m
[5.712s] [ 23%] [34m[1mGenerating C type support for eProsima Fast-RTPS[0m
[6.085s] [ 25%] [32mBuilding CXX object CMakeFiles/carla_ros_scenario_runner_types__rosidl_typesupport_cpp.dir/rosidl_typesupport_cpp/carla_ros_scenario_runner_types/msg/carla_scenario_list__type_support.cpp.o[0m
[6.096s] [ 27%] [32mBuilding CXX object CMakeFiles/carla_ros_scenario_runner_types__rosidl_typesupport_cpp.dir/rosidl_typesupport_cpp/carla_ros_scenario_runner_types/msg/carla_scenario__type_support.cpp.o[0m
[6.141s] [ 29%] [32mBuilding CXX object CMakeFiles/carla_ros_scenario_runner_types__rosidl_typesupport_cpp.dir/rosidl_typesupport_cpp/carla_ros_scenario_runner_types/srv/execute_scenario__type_support.cpp.o[0m
[6.152s] [ 30%] [32mBuilding CXX object CMakeFiles/carla_ros_scenario_runner_types__rosidl_typesupport_cpp.dir/rosidl_typesupport_cpp/carla_ros_scenario_runner_types/msg/carla_scenario_runner_status__type_support.cpp.o[0m
[6.291s] [ 32%] [32mBuilding CXX object CMakeFiles/carla_ros_scenario_runner_types__rosidl_typesupport_introspection_cpp.dir/rosidl_typesupport_introspection_cpp/carla_ros_scenario_runner_types/msg/detail/carla_scenario__type_support.cpp.o[0m
[6.298s] [ 34%] [32mBuilding CXX object CMakeFiles/carla_ros_scenario_runner_types__rosidl_typesupport_introspection_cpp.dir/rosidl_typesupport_introspection_cpp/carla_ros_scenario_runner_types/msg/detail/carla_scenario_list__type_support.cpp.o[0m
[6.317s] [ 36%] [32mBuilding CXX object CMakeFiles/carla_ros_scenario_runner_types__rosidl_typesupport_introspection_cpp.dir/rosidl_typesupport_introspection_cpp/carla_ros_scenario_runner_types/msg/detail/carla_scenario_runner_status__type_support.cpp.o[0m
[6.378s] [ 38%] [32mBuilding CXX object CMakeFiles/carla_ros_scenario_runner_types__rosidl_typesupport_introspection_cpp.dir/rosidl_typesupport_introspection_cpp/carla_ros_scenario_runner_types/srv/detail/execute_scenario__type_support.cpp.o[0m
[7.173s] [ 40%] [32mBuilding CXX object CMakeFiles/carla_ros_scenario_runner_types__rosidl_typesupport_fastrtps_cpp.dir/rosidl_typesupport_fastrtps_cpp/carla_ros_scenario_runner_types/msg/detail/dds_fastrtps/carla_scenario__type_support.cpp.o[0m
[7.249s] [ 41%] [32mBuilding CXX object CMakeFiles/carla_ros_scenario_runner_types__rosidl_typesupport_c.dir/rosidl_typesupport_c/carla_ros_scenario_runner_types/msg/carla_scenario__type_support.cpp.o[0m
[7.267s] [ 43%] [32mBuilding C object CMakeFiles/carla_ros_scenario_runner_types__rosidl_typesupport_introspection_c.dir/rosidl_typesupport_introspection_c/carla_ros_scenario_runner_types/msg/detail/carla_scenario__type_support.c.o[0m
[7.420s] [ 45%] [32mBuilding CXX object CMakeFiles/carla_ros_scenario_runner_types__rosidl_typesupport_c.dir/rosidl_typesupport_c/carla_ros_scenario_runner_types/msg/carla_scenario_list__type_support.cpp.o[0m
[7.551s] [ 47%] [32mBuilding CXX object CMakeFiles/carla_ros_scenario_runner_types__rosidl_typesupport_c.dir/rosidl_typesupport_c/carla_ros_scenario_runner_types/msg/carla_scenario_runner_status__type_support.cpp.o[0m
[7.566s] [ 49%] [32mBuilding C object CMakeFiles/carla_ros_scenario_runner_types__rosidl_typesupport_introspection_c.dir/rosidl_typesupport_introspection_c/carla_ros_scenario_runner_types/msg/detail/carla_scenario_list__type_support.c.o[0m
[7.636s] [ 50%] [32mBuilding C object CMakeFiles/carla_ros_scenario_runner_types__rosidl_typesupport_introspection_c.dir/rosidl_typesupport_introspection_c/carla_ros_scenario_runner_types/msg/detail/carla_scenario_runner_status__type_support.c.o[0m
[7.656s] [ 52%] [32mBuilding CXX object CMakeFiles/carla_ros_scenario_runner_types__rosidl_typesupport_fastrtps_cpp.dir/rosidl_typesupport_fastrtps_cpp/carla_ros_scenario_runner_types/msg/detail/dds_fastrtps/carla_scenario_list__type_support.cpp.o[0m
[7.674s] [ 54%] [32mBuilding CXX object CMakeFiles/carla_ros_scenario_runner_types__rosidl_typesupport_c.dir/rosidl_typesupport_c/carla_ros_scenario_runner_types/srv/execute_scenario__type_support.cpp.o[0m
[7.689s] [ 56%] [32mBuilding C object CMakeFiles/carla_ros_scenario_runner_types__rosidl_typesupport_introspection_c.dir/rosidl_typesupport_introspection_c/carla_ros_scenario_runner_types/srv/detail/execute_scenario__type_support.c.o[0m
[7.789s] [ 58%] [32mBuilding CXX object CMakeFiles/carla_ros_scenario_runner_types__rosidl_typesupport_fastrtps_cpp.dir/rosidl_typesupport_fastrtps_cpp/carla_ros_scenario_runner_types/msg/detail/dds_fastrtps/carla_scenario_runner_status__type_support.cpp.o[0m
[7.804s] [ 60%] [32mBuilding CXX object CMakeFiles/carla_ros_scenario_runner_types__rosidl_typesupport_fastrtps_cpp.dir/rosidl_typesupport_fastrtps_cpp/carla_ros_scenario_runner_types/srv/detail/dds_fastrtps/execute_scenario__type_support.cpp.o[0m
[7.805s] [ 61%] [32m[1mLinking CXX shared library libcarla_ros_scenario_runner_types__rosidl_typesupport_c.so[0m
[7.852s] [ 63%] [32m[1mLinking C shared library libcarla_ros_scenario_runner_types__rosidl_typesupport_introspection_c.so[0m
[7.905s] [ 65%] [32mBuilding CXX object CMakeFiles/carla_ros_scenario_runner_types__rosidl_typesupport_fastrtps_c.dir/rosidl_typesupport_fastrtps_c/carla_ros_scenario_runner_types/msg/detail/carla_scenario__type_support_c.cpp.o[0m
[7.921s] [ 67%] [32mBuilding CXX object CMakeFiles/carla_ros_scenario_runner_types__rosidl_typesupport_fastrtps_c.dir/rosidl_typesupport_fastrtps_c/carla_ros_scenario_runner_types/msg/detail/carla_scenario_list__type_support_c.cpp.o[0m
[8.024s] [ 69%] [32m[1mLinking CXX shared library libcarla_ros_scenario_runner_types__rosidl_typesupport_cpp.so[0m
[8.417s] [ 70%] [32mBuilding CXX object CMakeFiles/carla_ros_scenario_runner_types__rosidl_typesupport_fastrtps_c.dir/rosidl_typesupport_fastrtps_c/carla_ros_scenario_runner_types/msg/detail/carla_scenario_runner_status__type_support_c.cpp.o[0m
[8.466s] [ 72%] [32mBuilding CXX object CMakeFiles/carla_ros_scenario_runner_types__rosidl_typesupport_fastrtps_c.dir/rosidl_typesupport_fastrtps_c/carla_ros_scenario_runner_types/srv/detail/execute_scenario__type_support_c.cpp.o[0m
[8.478s] [ 72%] Built target carla_ros_scenario_runner_types__rosidl_typesupport_cpp
[8.525s] [ 74%] [32m[1mLinking CXX shared library libcarla_ros_scenario_runner_types__rosidl_typesupport_introspection_cpp.so[0m
[8.707s] [ 74%] Built target carla_ros_scenario_runner_types__rosidl_typesupport_introspection_c
[8.708s] [ 74%] Built target carla_ros_scenario_runner_types__rosidl_typesupport_c
[8.986s] [ 76%] [32m[1mLinking CXX shared library libcarla_ros_scenario_runner_types__rosidl_typesupport_fastrtps_cpp.so[0m
[9.196s] [ 76%] Built target carla_ros_scenario_runner_types__rosidl_typesupport_introspection_cpp
[9.215s] [ 78%] [32m[1mLinking CXX shared library libcarla_ros_scenario_runner_types__rosidl_typesupport_fastrtps_c.so[0m
[9.607s] [ 78%] Built target carla_ros_scenario_runner_types__rosidl_typesupport_fastrtps_cpp
[9.702s] [ 78%] Built target carla_ros_scenario_runner_types__rosidl_typesupport_fastrtps_c
[9.735s] [ 78%] Built target carla_ros_scenario_runner_types
[9.765s] [ 80%] [34m[1mGenerating Python code for ROS interfaces[0m
[10.817s] [ 80%] Built target carla_ros_scenario_runner_types__py
[10.860s] [ 81%] [32mBuilding C object CMakeFiles/carla_ros_scenario_runner_types__rosidl_generator_py.dir/rosidl_generator_py/carla_ros_scenario_runner_types/msg/_carla_scenario_s.c.o[0m
[10.860s] [ 83%] [32mBuilding C object CMakeFiles/carla_ros_scenario_runner_types__rosidl_generator_py.dir/rosidl_generator_py/carla_ros_scenario_runner_types/msg/_carla_scenario_runner_status_s.c.o[0m
[10.860s] [ 87%] [32mBuilding C object CMakeFiles/carla_ros_scenario_runner_types__rosidl_generator_py.dir/rosidl_generator_py/carla_ros_scenario_runner_types/msg/_carla_scenario_list_s.c.o[0m
[10.861s] [ 87%] [32mBuilding C object CMakeFiles/carla_ros_scenario_runner_types__rosidl_generator_py.dir/rosidl_generator_py/carla_ros_scenario_runner_types/srv/_execute_scenario_s.c.o[0m
[11.071s] [ 89%] [32m[1mLinking C shared library rosidl_generator_py/carla_ros_scenario_runner_types/libcarla_ros_scenario_runner_types__rosidl_generator_py.so[0m
[11.357s] [ 89%] Built target carla_ros_scenario_runner_types__rosidl_generator_py
[11.444s] [ 90%] [32mBuilding C object CMakeFiles/carla_ros_scenario_runner_types__rosidl_typesupport_c__pyext.dir/rosidl_generator_py/carla_ros_scenario_runner_types/_carla_ros_scenario_runner_types_s.ep.rosidl_typesupport_c.c.o[0m
[11.449s] [ 92%] [32mBuilding C object CMakeFiles/carla_ros_scenario_runner_types__rosidl_typesupport_fastrtps_c__pyext.dir/rosidl_generator_py/carla_ros_scenario_runner_types/_carla_ros_scenario_runner_types_s.ep.rosidl_typesupport_fastrtps_c.c.o[0m
[11.478s] [ 94%] [32mBuilding C object CMakeFiles/carla_ros_scenario_runner_types__rosidl_typesupport_introspection_c__pyext.dir/rosidl_generator_py/carla_ros_scenario_runner_types/_carla_ros_scenario_runner_types_s.ep.rosidl_typesupport_introspection_c.c.o[0m
[11.728s] [ 96%] [32m[1mLinking C shared library rosidl_generator_py/carla_ros_scenario_runner_types/carla_ros_scenario_runner_types_s__rosidl_typesupport_introspection_c.cpython-310-x86_64-linux-gnu.so[0m
[11.728s] [ 98%] [32m[1mLinking C shared library rosidl_generator_py/carla_ros_scenario_runner_types/carla_ros_scenario_runner_types_s__rosidl_typesupport_fastrtps_c.cpython-310-x86_64-linux-gnu.so[0m
[11.781s] [100%] [32m[1mLinking C shared library rosidl_generator_py/carla_ros_scenario_runner_types/carla_ros_scenario_runner_types_s__rosidl_typesupport_c.cpython-310-x86_64-linux-gnu.so[0m
[12.157s] [100%] Built target carla_ros_scenario_runner_types__rosidl_typesupport_introspection_c__pyext
[12.312s] [100%] Built target carla_ros_scenario_runner_types__rosidl_typesupport_c__pyext
[12.659s] [100%] Built target carla_ros_scenario_runner_types__rosidl_typesupport_fastrtps_c__pyext
[12.711s] Invoked command in '/home/nisanth/carla_ros_ws/build/carla_ros_scenario_runner_types' returned '0': CMAKE_PREFIX_PATH=/opt/ros/humble /usr/bin/cmake --build /home/nisanth/carla_ros_ws/build/carla_ros_scenario_runner_types -- -j12 -l12
[12.712s] Invoking command in '/home/nisanth/carla_ros_ws/build/carla_ros_scenario_runner_types': CMAKE_PREFIX_PATH=/opt/ros/humble /usr/bin/cmake --install /home/nisanth/carla_ros_ws/build/carla_ros_scenario_runner_types
[12.734s] -- Install configuration: ""
[12.735s] -- Execute custom install script
[12.739s] -- Symlinking: /home/nisanth/carla_ros_ws/install/carla_ros_scenario_runner_types/share/ament_index/resource_index/rosidl_interfaces/carla_ros_scenario_runner_types
[12.770s] -- Symlinking: /home/nisanth/carla_ros_ws/install/carla_ros_scenario_runner_types/include/carla_ros_scenario_runner_types/carla_ros_scenario_runner_types/msg/carla_scenario.h
[12.815s] -- Symlinking: /home/nisanth/carla_ros_ws/install/carla_ros_scenario_runner_types/include/carla_ros_scenario_runner_types/carla_ros_scenario_runner_types/msg/carla_scenario_list.h
[12.845s] -- Symlinking: /home/nisanth/carla_ros_ws/install/carla_ros_scenario_runner_types/include/carla_ros_scenario_runner_types/carla_ros_scenario_runner_types/msg/carla_scenario_runner_status.h
[12.891s] -- Symlinking: /home/nisanth/carla_ros_ws/install/carla_ros_scenario_runner_types/include/carla_ros_scenario_runner_types/carla_ros_scenario_runner_types/msg/detail/carla_scenario__functions.h
[12.916s] -- Symlinking: /home/nisanth/carla_ros_ws/install/carla_ros_scenario_runner_types/include/carla_ros_scenario_runner_types/carla_ros_scenario_runner_types/msg/detail/carla_scenario__struct.h
[12.942s] -- Symlinking: /home/nisanth/carla_ros_ws/install/carla_ros_scenario_runner_types/include/carla_ros_scenario_runner_types/carla_ros_scenario_runner_types/msg/detail/carla_scenario__type_support.h
[12.986s] -- Symlinking: /home/nisanth/carla_ros_ws/install/carla_ros_scenario_runner_types/include/carla_ros_scenario_runner_types/carla_ros_scenario_runner_types/msg/detail/carla_scenario_list__functions.h
[13.029s] -- Symlinking: /home/nisanth/carla_ros_ws/install/carla_ros_scenario_runner_types/include/carla_ros_scenario_runner_types/carla_ros_scenario_runner_types/msg/detail/carla_scenario_list__struct.h
[13.054s] -- Symlinking: /home/nisanth/carla_ros_ws/install/carla_ros_scenario_runner_types/include/carla_ros_scenario_runner_types/carla_ros_scenario_runner_types/msg/detail/carla_scenario_list__type_support.h
[13.073s] -- Symlinking: /home/nisanth/carla_ros_ws/install/carla_ros_scenario_runner_types/include/carla_ros_scenario_runner_types/carla_ros_scenario_runner_types/msg/detail/carla_scenario_runner_status__functions.h
[13.095s] -- Symlinking: /home/nisanth/carla_ros_ws/install/carla_ros_scenario_runner_types/include/carla_ros_scenario_runner_types/carla_ros_scenario_runner_types/msg/detail/carla_scenario_runner_status__struct.h
[13.144s] -- Symlinking: /home/nisanth/carla_ros_ws/install/carla_ros_scenario_runner_types/include/carla_ros_scenario_runner_types/carla_ros_scenario_runner_types/msg/detail/carla_scenario_runner_status__type_support.h
[13.150s] -- Symlinking: /home/nisanth/carla_ros_ws/install/carla_ros_scenario_runner_types/include/carla_ros_scenario_runner_types/carla_ros_scenario_runner_types/msg/rosidl_generator_c__visibility_control.h
[13.173s] -- Symlinking: /home/nisanth/carla_ros_ws/install/carla_ros_scenario_runner_types/include/carla_ros_scenario_runner_types/carla_ros_scenario_runner_types/srv/detail/execute_scenario__functions.h
[13.206s] -- Symlinking: /home/nisanth/carla_ros_ws/install/carla_ros_scenario_runner_types/include/carla_ros_scenario_runner_types/carla_ros_scenario_runner_types/srv/detail/execute_scenario__struct.h
[13.224s] -- Symlinking: /home/nisanth/carla_ros_ws/install/carla_ros_scenario_runner_types/include/carla_ros_scenario_runner_types/carla_ros_scenario_runner_types/srv/detail/execute_scenario__type_support.h
[13.241s] -- Symlinking: /home/nisanth/carla_ros_ws/install/carla_ros_scenario_runner_types/include/carla_ros_scenario_runner_types/carla_ros_scenario_runner_types/srv/execute_scenario.h
[13.272s] -- Symlinking: /home/nisanth/carla_ros_ws/install/carla_ros_scenario_runner_types/share/carla_ros_scenario_runner_types/environment/library_path.sh
[13.306s] -- Symlinking: /home/nisanth/carla_ros_ws/install/carla_ros_scenario_runner_types/share/carla_ros_scenario_runner_types/environment/library_path.dsv
[13.331s] -- Symlinking: /home/nisanth/carla_ros_ws/install/carla_ros_scenario_runner_types/include/carla_ros_scenario_runner_types/carla_ros_scenario_runner_types/msg/detail/carla_scenario__rosidl_typesupport_fastrtps_c.h
[13.366s] -- Symlinking: /home/nisanth/carla_ros_ws/install/carla_ros_scenario_runner_types/include/carla_ros_scenario_runner_types/carla_ros_scenario_runner_types/msg/detail/carla_scenario_list__rosidl_typesupport_fastrtps_c.h
[13.386s] -- Symlinking: /home/nisanth/carla_ros_ws/install/carla_ros_scenario_runner_types/include/carla_ros_scenario_runner_types/carla_ros_scenario_runner_types/msg/detail/carla_scenario_runner_status__rosidl_typesupport_fastrtps_c.h
[13.407s] -- Symlinking: /home/nisanth/carla_ros_ws/install/carla_ros_scenario_runner_types/include/carla_ros_scenario_runner_types/carla_ros_scenario_runner_types/msg/rosidl_typesupport_fastrtps_c__visibility_control.h
[13.432s] -- Symlinking: /home/nisanth/carla_ros_ws/install/carla_ros_scenario_runner_types/include/carla_ros_scenario_runner_types/carla_ros_scenario_runner_types/srv/detail/execute_scenario__rosidl_typesupport_fastrtps_c.h
[13.456s] -- Symlinking: /home/nisanth/carla_ros_ws/install/carla_ros_scenario_runner_types/include/carla_ros_scenario_runner_types/carla_ros_scenario_runner_types/msg/carla_scenario.hpp
[13.480s] -- Symlinking: /home/nisanth/carla_ros_ws/install/carla_ros_scenario_runner_types/include/carla_ros_scenario_runner_types/carla_ros_scenario_runner_types/msg/carla_scenario_list.hpp
[13.500s] -- Symlinking: /home/nisanth/carla_ros_ws/install/carla_ros_scenario_runner_types/include/carla_ros_scenario_runner_types/carla_ros_scenario_runner_types/msg/carla_scenario_runner_status.hpp
[13.519s] -- Symlinking: /home/nisanth/carla_ros_ws/install/carla_ros_scenario_runner_types/include/carla_ros_scenario_runner_types/carla_ros_scenario_runner_types/msg/detail/carla_scenario__builder.hpp
[13.560s] -- Symlinking: /home/nisanth/carla_ros_ws/install/carla_ros_scenario_runner_types/include/carla_ros_scenario_runner_types/carla_ros_scenario_runner_types/msg/detail/carla_scenario__struct.hpp
[13.584s] -- Symlinking: /home/nisanth/carla_ros_ws/install/carla_ros_scenario_runner_types/include/carla_ros_scenario_runner_types/carla_ros_scenario_runner_types/msg/detail/carla_scenario__traits.hpp
[13.635s] -- Symlinking: /home/nisanth/carla_ros_ws/install/carla_ros_scenario_runner_types/include/carla_ros_scenario_runner_types/carla_ros_scenario_runner_types/msg/detail/carla_scenario__type_support.hpp
[13.658s] -- Symlinking: /home/nisanth/carla_ros_ws/install/carla_ros_scenario_runner_types/include/carla_ros_scenario_runner_types/carla_ros_scenario_runner_types/msg/detail/carla_scenario_list__builder.hpp
[13.698s] -- Symlinking: /home/nisanth/carla_ros_ws/install/carla_ros_scenario_runner_types/include/carla_ros_scenario_runner_types/carla_ros_scenario_runner_types/msg/detail/carla_scenario_list__struct.hpp
[13.720s] -- Symlinking: /home/nisanth/carla_ros_ws/install/carla_ros_scenario_runner_types/include/carla_ros_scenario_runner_types/carla_ros_scenario_runner_types/msg/detail/carla_scenario_list__traits.hpp
[13.744s] -- Symlinking: /home/nisanth/carla_ros_ws/install/carla_ros_scenario_runner_types/include/carla_ros_scenario_runner_types/carla_ros_scenario_runner_types/msg/detail/carla_scenario_list__type_support.hpp
[13.771s] -- Symlinking: /home/nisanth/carla_ros_ws/install/carla_ros_scenario_runner_types/include/carla_ros_scenario_runner_types/carla_ros_scenario_runner_types/msg/detail/carla_scenario_runner_status__builder.hpp
[13.799s] -- Symlinking: /home/nisanth/carla_ros_ws/install/carla_ros_scenario_runner_types/include/carla_ros_scenario_runner_types/carla_ros_scenario_runner_types/msg/detail/carla_scenario_runner_status__struct.hpp
[13.824s] -- Symlinking: /home/nisanth/carla_ros_ws/install/carla_ros_scenario_runner_types/include/carla_ros_scenario_runner_types/carla_ros_scenario_runner_types/msg/detail/carla_scenario_runner_status__traits.hpp
[13.850s] -- Symlinking: /home/nisanth/carla_ros_ws/install/carla_ros_scenario_runner_types/include/carla_ros_scenario_runner_types/carla_ros_scenario_runner_types/msg/detail/carla_scenario_runner_status__type_support.hpp
[13.872s] -- Symlinking: /home/nisanth/carla_ros_ws/install/carla_ros_scenario_runner_types/include/carla_ros_scenario_runner_types/carla_ros_scenario_runner_types/msg/rosidl_generator_cpp__visibility_control.hpp
[13.927s] -- Symlinking: /home/nisanth/carla_ros_ws/install/carla_ros_scenario_runner_types/include/carla_ros_scenario_runner_types/carla_ros_scenario_runner_types/srv/detail/execute_scenario__builder.hpp
[13.960s] -- Symlinking: /home/nisanth/carla_ros_ws/install/carla_ros_scenario_runner_types/include/carla_ros_scenario_runner_types/carla_ros_scenario_runner_types/srv/detail/execute_scenario__struct.hpp
[13.986s] -- Symlinking: /home/nisanth/carla_ros_ws/install/carla_ros_scenario_runner_types/include/carla_ros_scenario_runner_types/carla_ros_scenario_runner_types/srv/detail/execute_scenario__traits.hpp
[14.016s] -- Symlinking: /home/nisanth/carla_ros_ws/install/carla_ros_scenario_runner_types/include/carla_ros_scenario_runner_types/carla_ros_scenario_runner_types/srv/detail/execute_scenario__type_support.hpp
[14.059s] -- Symlinking: /home/nisanth/carla_ros_ws/install/carla_ros_scenario_runner_types/include/carla_ros_scenario_runner_types/carla_ros_scenario_runner_types/srv/execute_scenario.hpp
[14.103s] -- Symlinking: /home/nisanth/carla_ros_ws/install/carla_ros_scenario_runner_types/include/carla_ros_scenario_runner_types/carla_ros_scenario_runner_types/msg/detail/carla_scenario__rosidl_typesupport_fastrtps_cpp.hpp
[14.140s] -- Symlinking: /home/nisanth/carla_ros_ws/install/carla_ros_scenario_runner_types/include/carla_ros_scenario_runner_types/carla_ros_scenario_runner_types/msg/detail/carla_scenario_list__rosidl_typesupport_fastrtps_cpp.hpp
[14.179s] -- Symlinking: /home/nisanth/carla_ros_ws/install/carla_ros_scenario_runner_types/include/carla_ros_scenario_runner_types/carla_ros_scenario_runner_types/msg/detail/carla_scenario_runner_status__rosidl_typesupport_fastrtps_cpp.hpp
[14.203s] -- Symlinking: /home/nisanth/carla_ros_ws/install/carla_ros_scenario_runner_types/include/carla_ros_scenario_runner_types/carla_ros_scenario_runner_types/msg/rosidl_typesupport_fastrtps_cpp__visibility_control.h
[14.245s] -- Symlinking: /home/nisanth/carla_ros_ws/install/carla_ros_scenario_runner_types/include/carla_ros_scenario_runner_types/carla_ros_scenario_runner_types/srv/detail/execute_scenario__rosidl_typesupport_fastrtps_cpp.hpp
[14.278s] -- Symlinking: /home/nisanth/carla_ros_ws/install/carla_ros_scenario_runner_types/include/carla_ros_scenario_runner_types/carla_ros_scenario_runner_types/msg/detail/carla_scenario__rosidl_typesupport_introspection_c.h
[14.314s] -- Symlinking: /home/nisanth/carla_ros_ws/install/carla_ros_scenario_runner_types/include/carla_ros_scenario_runner_types/carla_ros_scenario_runner_types/msg/detail/carla_scenario_list__rosidl_typesupport_introspection_c.h
[14.351s] -- Symlinking: /home/nisanth/carla_ros_ws/install/carla_ros_scenario_runner_types/include/carla_ros_scenario_runner_types/carla_ros_scenario_runner_types/msg/detail/carla_scenario_runner_status__rosidl_typesupport_introspection_c.h
[14.377s] -- Symlinking: /home/nisanth/carla_ros_ws/install/carla_ros_scenario_runner_types/include/carla_ros_scenario_runner_types/carla_ros_scenario_runner_types/msg/rosidl_typesupport_introspection_c__visibility_control.h
[14.425s] -- Symlinking: /home/nisanth/carla_ros_ws/install/carla_ros_scenario_runner_types/include/carla_ros_scenario_runner_types/carla_ros_scenario_runner_types/srv/detail/execute_scenario__rosidl_typesupport_introspection_c.h
[14.479s] -- Symlinking: /home/nisanth/carla_ros_ws/install/carla_ros_scenario_runner_types/include/carla_ros_scenario_runner_types/carla_ros_scenario_runner_types/msg/detail/carla_scenario__rosidl_typesupport_introspection_cpp.hpp
[14.502s] -- Symlinking: /home/nisanth/carla_ros_ws/install/carla_ros_scenario_runner_types/include/carla_ros_scenario_runner_types/carla_ros_scenario_runner_types/msg/detail/carla_scenario_list__rosidl_typesupport_introspection_cpp.hpp
[14.538s] -- Symlinking: /home/nisanth/carla_ros_ws/install/carla_ros_scenario_runner_types/include/carla_ros_scenario_runner_types/carla_ros_scenario_runner_types/msg/detail/carla_scenario_runner_status__rosidl_typesupport_introspection_cpp.hpp
[14.580s] -- Symlinking: /home/nisanth/carla_ros_ws/install/carla_ros_scenario_runner_types/include/carla_ros_scenario_runner_types/carla_ros_scenario_runner_types/srv/detail/execute_scenario__rosidl_typesupport_introspection_cpp.hpp
[14.638s] -- Symlinking: /home/nisanth/carla_ros_ws/install/carla_ros_scenario_runner_types/share/carla_ros_scenario_runner_types/environment/pythonpath.sh
[14.662s] -- Symlinking: /home/nisanth/carla_ros_ws/install/carla_ros_scenario_runner_types/share/carla_ros_scenario_runner_types/environment/pythonpath.dsv
[14.726s] -- Symlinking: /home/nisanth/carla_ros_ws/install/carla_ros_scenario_runner_types/local/lib/python3.10/dist-packages/carla_ros_scenario_runner_types-0.1.0-py3.10.egg-info/PKG-INFO
[14.767s] -- Symlinking: /home/nisanth/carla_ros_ws/install/carla_ros_scenario_runner_types/local/lib/python3.10/dist-packages/carla_ros_scenario_runner_types-0.1.0-py3.10.egg-info/SOURCES.txt
[14.810s] -- Symlinking: /home/nisanth/carla_ros_ws/install/carla_ros_scenario_runner_types/local/lib/python3.10/dist-packages/carla_ros_scenario_runner_types-0.1.0-py3.10.egg-info/dependency_links.txt
[14.856s] -- Symlinking: /home/nisanth/carla_ros_ws/install/carla_ros_scenario_runner_types/local/lib/python3.10/dist-packages/carla_ros_scenario_runner_types-0.1.0-py3.10.egg-info/top_level.txt
[14.902s] -- Symlinking: /home/nisanth/carla_ros_ws/install/carla_ros_scenario_runner_types/local/lib/python3.10/dist-packages/carla_ros_scenario_runner_types/__init__.py
[14.952s] -- Symlinking: /home/nisanth/carla_ros_ws/install/carla_ros_scenario_runner_types/local/lib/python3.10/dist-packages/carla_ros_scenario_runner_types/_carla_ros_scenario_runner_types_s.ep.rosidl_typesupport_c.c
[15.004s] -- Symlinking: /home/nisanth/carla_ros_ws/install/carla_ros_scenario_runner_types/local/lib/python3.10/dist-packages/carla_ros_scenario_runner_types/_carla_ros_scenario_runner_types_s.ep.rosidl_typesupport_fastrtps_c.c
[15.044s] -- Symlinking: /home/nisanth/carla_ros_ws/install/carla_ros_scenario_runner_types/local/lib/python3.10/dist-packages/carla_ros_scenario_runner_types/_carla_ros_scenario_runner_types_s.ep.rosidl_typesupport_introspection_c.c
[15.085s] -- Symlinking: /home/nisanth/carla_ros_ws/install/carla_ros_scenario_runner_types/local/lib/python3.10/dist-packages/carla_ros_scenario_runner_types/carla_ros_scenario_runner_types_s__rosidl_typesupport_c.cpython-310-x86_64-linux-gnu.so
[15.129s] -- Symlinking: /home/nisanth/carla_ros_ws/install/carla_ros_scenario_runner_types/local/lib/python3.10/dist-packages/carla_ros_scenario_runner_types/carla_ros_scenario_runner_types_s__rosidl_typesupport_fastrtps_c.cpython-310-x86_64-linux-gnu.so
[15.171s] -- Symlinking: /home/nisanth/carla_ros_ws/install/carla_ros_scenario_runner_types/local/lib/python3.10/dist-packages/carla_ros_scenario_runner_types/carla_ros_scenario_runner_types_s__rosidl_typesupport_introspection_c.cpython-310-x86_64-linux-gnu.so
[15.197s] -- Symlinking: /home/nisanth/carla_ros_ws/install/carla_ros_scenario_runner_types/local/lib/python3.10/dist-packages/carla_ros_scenario_runner_types/libcarla_ros_scenario_runner_types__rosidl_generator_py.so
[15.250s] -- Symlinking: /home/nisanth/carla_ros_ws/install/carla_ros_scenario_runner_types/local/lib/python3.10/dist-packages/carla_ros_scenario_runner_types/msg/__init__.py
[15.295s] -- Symlinking: /home/nisanth/carla_ros_ws/install/carla_ros_scenario_runner_types/local/lib/python3.10/dist-packages/carla_ros_scenario_runner_types/msg/_carla_scenario.py
[15.334s] -- Symlinking: /home/nisanth/carla_ros_ws/install/carla_ros_scenario_runner_types/local/lib/python3.10/dist-packages/carla_ros_scenario_runner_types/msg/_carla_scenario_list.py
[15.373s] -- Symlinking: /home/nisanth/carla_ros_ws/install/carla_ros_scenario_runner_types/local/lib/python3.10/dist-packages/carla_ros_scenario_runner_types/msg/_carla_scenario_list_s.c
[15.403s] -- Symlinking: /home/nisanth/carla_ros_ws/install/carla_ros_scenario_runner_types/local/lib/python3.10/dist-packages/carla_ros_scenario_runner_types/msg/_carla_scenario_runner_status.py
[15.438s] -- Symlinking: /home/nisanth/carla_ros_ws/install/carla_ros_scenario_runner_types/local/lib/python3.10/dist-packages/carla_ros_scenario_runner_types/msg/_carla_scenario_runner_status_s.c
[15.482s] -- Symlinking: /home/nisanth/carla_ros_ws/install/carla_ros_scenario_runner_types/local/lib/python3.10/dist-packages/carla_ros_scenario_runner_types/msg/_carla_scenario_s.c
[15.514s] -- Symlinking: /home/nisanth/carla_ros_ws/install/carla_ros_scenario_runner_types/local/lib/python3.10/dist-packages/carla_ros_scenario_runner_types/srv/__init__.py
[15.533s] -- Symlinking: /home/nisanth/carla_ros_ws/install/carla_ros_scenario_runner_types/local/lib/python3.10/dist-packages/carla_ros_scenario_runner_types/srv/_execute_scenario.py
[15.562s] -- Symlinking: /home/nisanth/carla_ros_ws/install/carla_ros_scenario_runner_types/local/lib/python3.10/dist-packages/carla_ros_scenario_runner_types/srv/_execute_scenario_s.c
[15.591s] -- Up-to-date symlink: /home/nisanth/carla_ros_ws/install/carla_ros_scenario_runner_types/local/lib/python3.10/dist-packages/carla_ros_scenario_runner_types/carla_ros_scenario_runner_types_s__rosidl_typesupport_fastrtps_c.cpython-310-x86_64-linux-gnu.so
[15.591s] -- Up-to-date symlink: /home/nisanth/carla_ros_ws/install/carla_ros_scenario_runner_types/local/lib/python3.10/dist-packages/carla_ros_scenario_runner_types/carla_ros_scenario_runner_types_s__rosidl_typesupport_introspection_c.cpython-310-x86_64-linux-gnu.so
[15.591s] -- Up-to-date symlink: /home/nisanth/carla_ros_ws/install/carla_ros_scenario_runner_types/local/lib/python3.10/dist-packages/carla_ros_scenario_runner_types/carla_ros_scenario_runner_types_s__rosidl_typesupport_c.cpython-310-x86_64-linux-gnu.so
[15.593s] -- Symlinking: /home/nisanth/carla_ros_ws/install/carla_ros_scenario_runner_types/share/carla_ros_scenario_runner_types/msg/CarlaScenario.idl
[15.623s] -- Symlinking: /home/nisanth/carla_ros_ws/install/carla_ros_scenario_runner_types/share/carla_ros_scenario_runner_types/msg/CarlaScenarioList.idl
[15.678s] -- Symlinking: /home/nisanth/carla_ros_ws/install/carla_ros_scenario_runner_types/share/carla_ros_scenario_runner_types/msg/CarlaScenarioRunnerStatus.idl
[15.712s] -- Symlinking: /home/nisanth/carla_ros_ws/install/carla_ros_scenario_runner_types/share/carla_ros_scenario_runner_types/srv/ExecuteScenario.idl
[15.746s] -- Symlinking: /home/nisanth/carla_ros_ws/install/carla_ros_scenario_runner_types/share/carla_ros_scenario_runner_types/msg/CarlaScenario.msg
[15.777s] -- Symlinking: /home/nisanth/carla_ros_ws/install/carla_ros_scenario_runner_types/share/carla_ros_scenario_runner_types/msg/CarlaScenarioList.msg
[15.820s] -- Symlinking: /home/nisanth/carla_ros_ws/install/carla_ros_scenario_runner_types/share/carla_ros_scenario_runner_types/msg/CarlaScenarioRunnerStatus.msg
[15.851s] -- Symlinking: /home/nisanth/carla_ros_ws/install/carla_ros_scenario_runner_types/share/carla_ros_scenario_runner_types/srv/ExecuteScenario.srv
[15.896s] -- Symlinking: /home/nisanth/carla_ros_ws/install/carla_ros_scenario_runner_types/share/carla_ros_scenario_runner_types/srv/ExecuteScenario_Request.msg
[15.927s] -- Symlinking: /home/nisanth/carla_ros_ws/install/carla_ros_scenario_runner_types/share/carla_ros_scenario_runner_types/srv/ExecuteScenario_Response.msg
[15.947s] -- Symlinking: /home/nisanth/carla_ros_ws/install/carla_ros_scenario_runner_types/share/ament_index/resource_index/package_run_dependencies/carla_ros_scenario_runner_types
[15.982s] -- Symlinking: /home/nisanth/carla_ros_ws/install/carla_ros_scenario_runner_types/share/ament_index/resource_index/parent_prefix_path/carla_ros_scenario_runner_types
[16.009s] -- Symlinking: /home/nisanth/carla_ros_ws/install/carla_ros_scenario_runner_types/share/carla_ros_scenario_runner_types/environment/ament_prefix_path.sh
[16.033s] -- Symlinking: /home/nisanth/carla_ros_ws/install/carla_ros_scenario_runner_types/share/carla_ros_scenario_runner_types/environment/ament_prefix_path.dsv
[16.054s] -- Symlinking: /home/nisanth/carla_ros_ws/install/carla_ros_scenario_runner_types/share/carla_ros_scenario_runner_types/environment/path.sh
[16.078s] -- Symlinking: /home/nisanth/carla_ros_ws/install/carla_ros_scenario_runner_types/share/carla_ros_scenario_runner_types/environment/path.dsv
[16.104s] -- Symlinking: /home/nisanth/carla_ros_ws/install/carla_ros_scenario_runner_types/share/carla_ros_scenario_runner_types/local_setup.bash
[16.136s] -- Symlinking: /home/nisanth/carla_ros_ws/install/carla_ros_scenario_runner_types/share/carla_ros_scenario_runner_types/local_setup.sh
[16.171s] -- Symlinking: /home/nisanth/carla_ros_ws/install/carla_ros_scenario_runner_types/share/carla_ros_scenario_runner_types/local_setup.zsh
[16.195s] -- Symlinking: /home/nisanth/carla_ros_ws/install/carla_ros_scenario_runner_types/share/carla_ros_scenario_runner_types/local_setup.dsv
[16.227s] -- Symlinking: /home/nisanth/carla_ros_ws/install/carla_ros_scenario_runner_types/share/carla_ros_scenario_runner_types/package.dsv
[16.292s] -- Symlinking: /home/nisanth/carla_ros_ws/install/carla_ros_scenario_runner_types/share/ament_index/resource_index/packages/carla_ros_scenario_runner_types
[16.344s] -- Symlinking: /home/nisanth/carla_ros_ws/install/carla_ros_scenario_runner_types/share/carla_ros_scenario_runner_types/cmake/rosidl_cmake-extras.cmake
[16.395s] -- Symlinking: /home/nisanth/carla_ros_ws/install/carla_ros_scenario_runner_types/share/carla_ros_scenario_runner_types/cmake/ament_cmake_export_dependencies-extras.cmake
[16.444s] -- Symlinking: /home/nisanth/carla_ros_ws/install/carla_ros_scenario_runner_types/share/carla_ros_scenario_runner_types/cmake/ament_cmake_export_include_directories-extras.cmake
[16.494s] -- Symlinking: /home/nisanth/carla_ros_ws/install/carla_ros_scenario_runner_types/share/carla_ros_scenario_runner_types/cmake/ament_cmake_export_libraries-extras.cmake
[16.526s] -- Symlinking: /home/nisanth/carla_ros_ws/install/carla_ros_scenario_runner_types/share/carla_ros_scenario_runner_types/cmake/ament_cmake_export_targets-extras.cmake
[16.546s] -- Symlinking: /home/nisanth/carla_ros_ws/install/carla_ros_scenario_runner_types/share/carla_ros_scenario_runner_types/cmake/rosidl_cmake_export_typesupport_targets-extras.cmake
[16.580s] -- Symlinking: /home/nisanth/carla_ros_ws/install/carla_ros_scenario_runner_types/share/carla_ros_scenario_runner_types/cmake/rosidl_cmake_export_typesupport_libraries-extras.cmake
[16.626s] -- Symlinking: /home/nisanth/carla_ros_ws/install/carla_ros_scenario_runner_types/share/carla_ros_scenario_runner_types/cmake/carla_ros_scenario_runner_typesConfig.cmake
[16.678s] -- Symlinking: /home/nisanth/carla_ros_ws/install/carla_ros_scenario_runner_types/share/carla_ros_scenario_runner_types/cmake/carla_ros_scenario_runner_typesConfig-version.cmake
[16.729s] -- Symlinking: /home/nisanth/carla_ros_ws/install/carla_ros_scenario_runner_types/share/carla_ros_scenario_runner_types/package.xml
[16.774s] -- Installing: /home/nisanth/carla_ros_ws/install/carla_ros_scenario_runner_types/lib/libcarla_ros_scenario_runner_types__rosidl_generator_c.so
[16.775s] -- Set runtime path of "/home/nisanth/carla_ros_ws/install/carla_ros_scenario_runner_types/lib/libcarla_ros_scenario_runner_types__rosidl_generator_c.so" to ""
[16.776s] -- Installing: /home/nisanth/carla_ros_ws/install/carla_ros_scenario_runner_types/lib/libcarla_ros_scenario_runner_types__rosidl_typesupport_fastrtps_c.so
[16.785s] -- Set runtime path of "/home/nisanth/carla_ros_ws/install/carla_ros_scenario_runner_types/lib/libcarla_ros_scenario_runner_types__rosidl_typesupport_fastrtps_c.so" to ""
[16.785s] -- Installing: /home/nisanth/carla_ros_ws/install/carla_ros_scenario_runner_types/lib/libcarla_ros_scenario_runner_types__rosidl_typesupport_fastrtps_cpp.so
[16.786s] -- Set runtime path of "/home/nisanth/carla_ros_ws/install/carla_ros_scenario_runner_types/lib/libcarla_ros_scenario_runner_types__rosidl_typesupport_fastrtps_cpp.so" to ""
[16.786s] -- Installing: /home/nisanth/carla_ros_ws/install/carla_ros_scenario_runner_types/lib/libcarla_ros_scenario_runner_types__rosidl_typesupport_introspection_c.so
[16.786s] -- Set runtime path of "/home/nisanth/carla_ros_ws/install/carla_ros_scenario_runner_types/lib/libcarla_ros_scenario_runner_types__rosidl_typesupport_introspection_c.so" to ""
[16.786s] -- Installing: /home/nisanth/carla_ros_ws/install/carla_ros_scenario_runner_types/lib/libcarla_ros_scenario_runner_types__rosidl_typesupport_c.so
[16.786s] -- Set runtime path of "/home/nisanth/carla_ros_ws/install/carla_ros_scenario_runner_types/lib/libcarla_ros_scenario_runner_types__rosidl_typesupport_c.so" to ""
[16.786s] -- Installing: /home/nisanth/carla_ros_ws/install/carla_ros_scenario_runner_types/lib/libcarla_ros_scenario_runner_types__rosidl_typesupport_introspection_cpp.so
[16.786s] -- Set runtime path of "/home/nisanth/carla_ros_ws/install/carla_ros_scenario_runner_types/lib/libcarla_ros_scenario_runner_types__rosidl_typesupport_introspection_cpp.so" to ""
[16.786s] -- Installing: /home/nisanth/carla_ros_ws/install/carla_ros_scenario_runner_types/lib/libcarla_ros_scenario_runner_types__rosidl_typesupport_cpp.so
[16.796s] -- Set runtime path of "/home/nisanth/carla_ros_ws/install/carla_ros_scenario_runner_types/lib/libcarla_ros_scenario_runner_types__rosidl_typesupport_cpp.so" to ""
[16.928s] Listing '/home/nisanth/carla_ros_ws/install/carla_ros_scenario_runner_types/local/lib/python3.10/dist-packages/carla_ros_scenario_runner_types'...
[16.928s] Compiling '/home/nisanth/carla_ros_ws/install/carla_ros_scenario_runner_types/local/lib/python3.10/dist-packages/carla_ros_scenario_runner_types/__init__.py'...
[16.928s] Listing '/home/nisanth/carla_ros_ws/install/carla_ros_scenario_runner_types/local/lib/python3.10/dist-packages/carla_ros_scenario_runner_types/msg'...
[16.929s] Compiling '/home/nisanth/carla_ros_ws/install/carla_ros_scenario_runner_types/local/lib/python3.10/dist-packages/carla_ros_scenario_runner_types/msg/__init__.py'...
[16.929s] Compiling '/home/nisanth/carla_ros_ws/install/carla_ros_scenario_runner_types/local/lib/python3.10/dist-packages/carla_ros_scenario_runner_types/msg/_carla_scenario.py'...
[16.930s] Compiling '/home/nisanth/carla_ros_ws/install/carla_ros_scenario_runner_types/local/lib/python3.10/dist-packages/carla_ros_scenario_runner_types/msg/_carla_scenario_list.py'...
[16.930s] Compiling '/home/nisanth/carla_ros_ws/install/carla_ros_scenario_runner_types/local/lib/python3.10/dist-packages/carla_ros_scenario_runner_types/msg/_carla_scenario_runner_status.py'...
[16.930s] Listing '/home/nisanth/carla_ros_ws/install/carla_ros_scenario_runner_types/local/lib/python3.10/dist-packages/carla_ros_scenario_runner_types/srv'...
[16.930s] Compiling '/home/nisanth/carla_ros_ws/install/carla_ros_scenario_runner_types/local/lib/python3.10/dist-packages/carla_ros_scenario_runner_types/srv/__init__.py'...
[16.930s] Compiling '/home/nisanth/carla_ros_ws/install/carla_ros_scenario_runner_types/local/lib/python3.10/dist-packages/carla_ros_scenario_runner_types/srv/_execute_scenario.py'...
[16.938s] -- Installing: /home/nisanth/carla_ros_ws/install/carla_ros_scenario_runner_types/lib/libcarla_ros_scenario_runner_types__rosidl_generator_py.so
[16.939s] -- Set runtime path of "/home/nisanth/carla_ros_ws/install/carla_ros_scenario_runner_types/lib/libcarla_ros_scenario_runner_types__rosidl_generator_py.so" to ""
[16.939s] -- Installing: /home/nisanth/carla_ros_ws/install/carla_ros_scenario_runner_types/share/carla_ros_scenario_runner_types/cmake/export_carla_ros_scenario_runner_types__rosidl_generator_cExport.cmake
[16.948s] -- Installing: /home/nisanth/carla_ros_ws/install/carla_ros_scenario_runner_types/share/carla_ros_scenario_runner_types/cmake/export_carla_ros_scenario_runner_types__rosidl_generator_cExport-noconfig.cmake
[16.948s] -- Installing: /home/nisanth/carla_ros_ws/install/carla_ros_scenario_runner_types/share/carla_ros_scenario_runner_types/cmake/export_carla_ros_scenario_runner_types__rosidl_typesupport_fastrtps_cExport.cmake
[16.949s] -- Installing: /home/nisanth/carla_ros_ws/install/carla_ros_scenario_runner_types/share/carla_ros_scenario_runner_types/cmake/export_carla_ros_scenario_runner_types__rosidl_typesupport_fastrtps_cExport-noconfig.cmake
[16.949s] -- Installing: /home/nisanth/carla_ros_ws/install/carla_ros_scenario_runner_types/share/carla_ros_scenario_runner_types/cmake/export_carla_ros_scenario_runner_types__rosidl_generator_cppExport.cmake
[16.949s] -- Installing: /home/nisanth/carla_ros_ws/install/carla_ros_scenario_runner_types/share/carla_ros_scenario_runner_types/cmake/export_carla_ros_scenario_runner_types__rosidl_typesupport_fastrtps_cppExport.cmake
[16.949s] -- Installing: /home/nisanth/carla_ros_ws/install/carla_ros_scenario_runner_types/share/carla_ros_scenario_runner_types/cmake/export_carla_ros_scenario_runner_types__rosidl_typesupport_fastrtps_cppExport-noconfig.cmake
[16.950s] -- Installing: /home/nisanth/carla_ros_ws/install/carla_ros_scenario_runner_types/share/carla_ros_scenario_runner_types/cmake/carla_ros_scenario_runner_types__rosidl_typesupport_introspection_cExport.cmake
[16.950s] -- Installing: /home/nisanth/carla_ros_ws/install/carla_ros_scenario_runner_types/share/carla_ros_scenario_runner_types/cmake/carla_ros_scenario_runner_types__rosidl_typesupport_introspection_cExport-noconfig.cmake
[16.950s] -- Installing: /home/nisanth/carla_ros_ws/install/carla_ros_scenario_runner_types/share/carla_ros_scenario_runner_types/cmake/carla_ros_scenario_runner_types__rosidl_typesupport_cExport.cmake
[16.950s] -- Installing: /home/nisanth/carla_ros_ws/install/carla_ros_scenario_runner_types/share/carla_ros_scenario_runner_types/cmake/carla_ros_scenario_runner_types__rosidl_typesupport_cExport-noconfig.cmake
[16.950s] -- Installing: /home/nisanth/carla_ros_ws/install/carla_ros_scenario_runner_types/share/carla_ros_scenario_runner_types/cmake/carla_ros_scenario_runner_types__rosidl_typesupport_introspection_cppExport.cmake
[16.950s] -- Installing: /home/nisanth/carla_ros_ws/install/carla_ros_scenario_runner_types/share/carla_ros_scenario_runner_types/cmake/carla_ros_scenario_runner_types__rosidl_typesupport_introspection_cppExport-noconfig.cmake
[16.961s] -- Installing: /home/nisanth/carla_ros_ws/install/carla_ros_scenario_runner_types/share/carla_ros_scenario_runner_types/cmake/carla_ros_scenario_runner_types__rosidl_typesupport_cppExport.cmake
[16.962s] -- Installing: /home/nisanth/carla_ros_ws/install/carla_ros_scenario_runner_types/share/carla_ros_scenario_runner_types/cmake/carla_ros_scenario_runner_types__rosidl_typesupport_cppExport-noconfig.cmake
[16.962s] -- Installing: /home/nisanth/carla_ros_ws/install/carla_ros_scenario_runner_types/share/carla_ros_scenario_runner_types/cmake/export_carla_ros_scenario_runner_types__rosidl_generator_pyExport.cmake
[16.962s] -- Installing: /home/nisanth/carla_ros_ws/install/carla_ros_scenario_runner_types/share/carla_ros_scenario_runner_types/cmake/export_carla_ros_scenario_runner_types__rosidl_generator_pyExport-noconfig.cmake
[17.482s] Invoked command in '/home/nisanth/carla_ros_ws/build/carla_ros_scenario_runner_types' returned '0': CMAKE_PREFIX_PATH=/opt/ros/humble /usr/bin/cmake --install /home/nisanth/carla_ros_ws/build/carla_ros_scenario_runner_types
