/home/nisanth/carla_ros_ws/install/carla_spawn_objects/lib/python3.10/site-packages/src/carla_spawn_objects/carla_spawn_objects.py
/home/nisanth/carla_ros_ws/install/carla_spawn_objects/lib/python3.10/site-packages/src/carla_spawn_objects/set_initial_pose.py
/home/nisanth/carla_ros_ws/install/carla_spawn_objects/lib/python3.10/site-packages/src/carla_spawn_objects/__init__.py
/home/nisanth/carla_ros_ws/install/carla_spawn_objects/lib/python3.10/site-packages/src/carla_spawn_objects/__pycache__/carla_spawn_objects.cpython-310.pyc
/home/nisanth/carla_ros_ws/install/carla_spawn_objects/lib/python3.10/site-packages/src/carla_spawn_objects/__pycache__/set_initial_pose.cpython-310.pyc
/home/nisanth/carla_ros_ws/install/carla_spawn_objects/lib/python3.10/site-packages/src/carla_spawn_objects/__pycache__/__init__.cpython-310.pyc
/home/nisanth/carla_ros_ws/install/carla_spawn_objects/share/ament_index/resource_index/packages/carla_spawn_objects
/home/nisanth/carla_ros_ws/install/carla_spawn_objects/share/carla_spawn_objects/package.xml
/home/nisanth/carla_ros_ws/install/carla_spawn_objects/share/carla_spawn_objects/config/objects.json
/home/nisanth/carla_ros_ws/install/carla_spawn_objects/share/carla_spawn_objects/set_initial_pose.launch.py
/home/nisanth/carla_ros_ws/install/carla_spawn_objects/share/carla_spawn_objects/carla_example_ego_vehicle.launch.py
/home/nisanth/carla_ros_ws/install/carla_spawn_objects/share/carla_spawn_objects/carla_spawn_objects.launch.py
/home/nisanth/carla_ros_ws/install/carla_spawn_objects/lib/python3.10/site-packages/carla_spawn_objects-0.0.0-py3.10.egg-info/dependency_links.txt
/home/nisanth/carla_ros_ws/install/carla_spawn_objects/lib/python3.10/site-packages/carla_spawn_objects-0.0.0-py3.10.egg-info/requires.txt
/home/nisanth/carla_ros_ws/install/carla_spawn_objects/lib/python3.10/site-packages/carla_spawn_objects-0.0.0-py3.10.egg-info/SOURCES.txt
/home/nisanth/carla_ros_ws/install/carla_spawn_objects/lib/python3.10/site-packages/carla_spawn_objects-0.0.0-py3.10.egg-info/zip-safe
/home/nisanth/carla_ros_ws/install/carla_spawn_objects/lib/python3.10/site-packages/carla_spawn_objects-0.0.0-py3.10.egg-info/entry_points.txt
/home/nisanth/carla_ros_ws/install/carla_spawn_objects/lib/python3.10/site-packages/carla_spawn_objects-0.0.0-py3.10.egg-info/PKG-INFO
/home/nisanth/carla_ros_ws/install/carla_spawn_objects/lib/python3.10/site-packages/carla_spawn_objects-0.0.0-py3.10.egg-info/top_level.txt
/home/nisanth/carla_ros_ws/install/carla_spawn_objects/lib/carla_spawn_objects/carla_spawn_objects
/home/nisanth/carla_ros_ws/install/carla_spawn_objects/lib/carla_spawn_objects/set_initial_pose
