running egg_info
creating ../../../build/carla_common/carla_common.egg-info
writing ../../../build/carla_common/carla_common.egg-info/PKG-INFO
writing dependency_links to ../../../build/carla_common/carla_common.egg-info/dependency_links.txt
writing requirements to ../../../build/carla_common/carla_common.egg-info/requires.txt
writing top-level names to ../../../build/carla_common/carla_common.egg-info/top_level.txt
writing manifest file '../../../build/carla_common/carla_common.egg-info/SOURCES.txt'
reading manifest file '../../../build/carla_common/carla_common.egg-info/SOURCES.txt'
writing manifest file '../../../build/carla_common/carla_common.egg-info/SOURCES.txt'
running build
running build_py
creating /home/nisanth/carla_ros_ws/build/carla_common/build
creating /home/nisanth/carla_ros_ws/build/carla_common/build/lib
creating /home/nisanth/carla_ros_ws/build/carla_common/build/lib/carla_common
copying src/carla_common/__init__.py -> /home/nisanth/carla_ros_ws/build/carla_common/build/lib/carla_common
copying src/carla_common/transforms.py -> /home/nisanth/carla_ros_ws/build/carla_common/build/lib/carla_common
running install
running install_lib
creating /home/nisanth/carla_ros_ws/install/carla_common/lib/python3.10/site-packages/carla_common
copying /home/nisanth/carla_ros_ws/build/carla_common/build/lib/carla_common/__init__.py -> /home/nisanth/carla_ros_ws/install/carla_common/lib/python3.10/site-packages/carla_common
copying /home/nisanth/carla_ros_ws/build/carla_common/build/lib/carla_common/transforms.py -> /home/nisanth/carla_ros_ws/install/carla_common/lib/python3.10/site-packages/carla_common
byte-compiling /home/nisanth/carla_ros_ws/install/carla_common/lib/python3.10/site-packages/carla_common/__init__.py to __init__.cpython-310.pyc
byte-compiling /home/nisanth/carla_ros_ws/install/carla_common/lib/python3.10/site-packages/carla_common/transforms.py to transforms.cpython-310.pyc
running install_data
running install_egg_info
Copying ../../../build/carla_common/carla_common.egg-info to /home/nisanth/carla_ros_ws/install/carla_common/lib/python3.10/site-packages/carla_common-0.0.0-py3.10.egg-info
running install_scripts
writing list of installed files to '/home/nisanth/carla_ros_ws/build/carla_common/install.log'
