[1.376s] Invoking command in '/home/nisanth/carla_ros_ws/src/ros-bridge/carla_common': PYTHONPATH=/home/nisanth/carla_ros_ws/build/carla_common/prefix_override:/usr/lib/python3/dist-packages/colcon_core/task/python/colcon_distutils_commands:/home/nisanth/carla_ros_ws/install/carla_common/lib/python3.10/site-packages:${PYTHONPATH} /usr/bin/python3 -W ignore:setup.py install is deprecated -W ignore:easy_install command is deprecated setup.py egg_info --egg-base ../../../build/carla_common build --build-base /home/nisanth/carla_ros_ws/build/carla_common/build install --record /home/nisanth/carla_ros_ws/build/carla_common/install.log --single-version-externally-managed install_data
[1.620s] running egg_info
[1.621s] creating ../../../build/carla_common/carla_common.egg-info
[1.622s] writing ../../../build/carla_common/carla_common.egg-info/PKG-INFO
[1.622s] writing dependency_links to ../../../build/carla_common/carla_common.egg-info/dependency_links.txt
[1.623s] writing requirements to ../../../build/carla_common/carla_common.egg-info/requires.txt
[1.623s] writing top-level names to ../../../build/carla_common/carla_common.egg-info/top_level.txt
[1.623s] writing manifest file '../../../build/carla_common/carla_common.egg-info/SOURCES.txt'
[1.625s] reading manifest file '../../../build/carla_common/carla_common.egg-info/SOURCES.txt'
[1.626s] writing manifest file '../../../build/carla_common/carla_common.egg-info/SOURCES.txt'
[1.626s] running build
[1.626s] running build_py
[1.626s] creating /home/nisanth/carla_ros_ws/build/carla_common/build
[1.627s] creating /home/nisanth/carla_ros_ws/build/carla_common/build/lib
[1.628s] creating /home/nisanth/carla_ros_ws/build/carla_common/build/lib/carla_common
[1.628s] copying src/carla_common/__init__.py -> /home/nisanth/carla_ros_ws/build/carla_common/build/lib/carla_common
[1.628s] copying src/carla_common/transforms.py -> /home/nisanth/carla_ros_ws/build/carla_common/build/lib/carla_common
[1.629s] running install
[1.629s] running install_lib
[1.630s] creating /home/nisanth/carla_ros_ws/install/carla_common/lib/python3.10/site-packages/carla_common
[1.630s] copying /home/nisanth/carla_ros_ws/build/carla_common/build/lib/carla_common/__init__.py -> /home/nisanth/carla_ros_ws/install/carla_common/lib/python3.10/site-packages/carla_common
[1.631s] copying /home/nisanth/carla_ros_ws/build/carla_common/build/lib/carla_common/transforms.py -> /home/nisanth/carla_ros_ws/install/carla_common/lib/python3.10/site-packages/carla_common
[1.631s] byte-compiling /home/nisanth/carla_ros_ws/install/carla_common/lib/python3.10/site-packages/carla_common/__init__.py to __init__.cpython-310.pyc
[1.634s] byte-compiling /home/nisanth/carla_ros_ws/install/carla_common/lib/python3.10/site-packages/carla_common/transforms.py to transforms.cpython-310.pyc
[1.635s] running install_data
[1.638s] running install_egg_info
[1.640s] Copying ../../../build/carla_common/carla_common.egg-info to /home/nisanth/carla_ros_ws/install/carla_common/lib/python3.10/site-packages/carla_common-0.0.0-py3.10.egg-info
[1.641s] running install_scripts
[1.661s] writing list of installed files to '/home/nisanth/carla_ros_ws/build/carla_common/install.log'
[1.691s] Invoked command in '/home/nisanth/carla_ros_ws/src/ros-bridge/carla_common' returned '0': PYTHONPATH=/home/nisanth/carla_ros_ws/build/carla_common/prefix_override:/usr/lib/python3/dist-packages/colcon_core/task/python/colcon_distutils_commands:/home/nisanth/carla_ros_ws/install/carla_common/lib/python3.10/site-packages:${PYTHONPATH} /usr/bin/python3 -W ignore:setup.py install is deprecated -W ignore:easy_install command is deprecated setup.py egg_info --egg-base ../../../build/carla_common build --build-base /home/nisanth/carla_ros_ws/build/carla_common/build install --record /home/nisanth/carla_ros_ws/build/carla_common/install.log --single-version-externally-managed install_data
