[1.940s] Invoking command in '/home/nisanth/carla_ros_ws/build/ros_compatibility': PYTHONPATH=/home/nisanth/carla_ros_ws/build/ros_compatibility/prefix_override:/usr/lib/python3/dist-packages/colcon_core/task/python/colcon_distutils_commands:/home/nisanth/carla_ros_ws/install/ros_compatibility/lib/python3.10/site-packages:${PYTHONPATH} /usr/bin/python3 -W ignore:setup.py install is deprecated -W ignore:easy_install command is deprecated setup.py develop --editable --build-directory /home/nisanth/carla_ros_ws/build/ros_compatibility/build --no-deps symlink_data
[2.315s] running develop
[2.521s] running egg_info
[2.521s] creating src/ros_compatibility.egg-info
[2.523s] writing src/ros_compatibility.egg-info/PKG-INFO
[2.523s] writing dependency_links to src/ros_compatibility.egg-info/dependency_links.txt
[2.523s] writing requirements to src/ros_compatibility.egg-info/requires.txt
[2.523s] writing top-level names to src/ros_compatibility.egg-info/top_level.txt
[2.524s] writing manifest file 'src/ros_compatibility.egg-info/SOURCES.txt'
[2.527s] reading manifest file 'src/ros_compatibility.egg-info/SOURCES.txt'
[2.528s] writing manifest file 'src/ros_compatibility.egg-info/SOURCES.txt'
[2.529s] running build_ext
[2.529s] Creating /home/nisanth/carla_ros_ws/install/ros_compatibility/lib/python3.10/site-packages/ros-compatibility.egg-link (link to src)
[2.530s] 
[2.530s] Installed /home/nisanth/carla_ros_ws/build/ros_compatibility/src
[2.530s] running symlink_data
[2.530s] creating /home/nisanth/carla_ros_ws/install/ros_compatibility/share/ament_index
[2.531s] creating /home/nisanth/carla_ros_ws/install/ros_compatibility/share/ament_index/resource_index
[2.532s] creating /home/nisanth/carla_ros_ws/install/ros_compatibility/share/ament_index/resource_index/packages
[2.532s] symbolically linking /home/nisanth/carla_ros_ws/build/ros_compatibility/resource/ros_compatibility -> /home/nisanth/carla_ros_ws/install/ros_compatibility/share/ament_index/resource_index/packages
[2.534s] symbolically linking /home/nisanth/carla_ros_ws/build/ros_compatibility/package.xml -> /home/nisanth/carla_ros_ws/install/ros_compatibility/share/ros_compatibility
[2.640s] Invoked command in '/home/nisanth/carla_ros_ws/build/ros_compatibility' returned '0': PYTHONPATH=/home/nisanth/carla_ros_ws/build/ros_compatibility/prefix_override:/usr/lib/python3/dist-packages/colcon_core/task/python/colcon_distutils_commands:/home/nisanth/carla_ros_ws/install/ros_compatibility/lib/python3.10/site-packages:${PYTHONPATH} /usr/bin/python3 -W ignore:setup.py install is deprecated -W ignore:easy_install command is deprecated setup.py develop --editable --build-directory /home/nisanth/carla_ros_ws/build/ros_compatibility/build --no-deps symlink_data
