running develop
Removing /home/nisanth/carla_ros_ws/install/carla_spawn_objects/lib/python3.10/site-packages/carla-spawn-objects.egg-link (link to .)
running egg_info
writing ../../../build/carla_spawn_objects/carla_spawn_objects.egg-info/PKG-INFO
writing dependency_links to ../../../build/carla_spawn_objects/carla_spawn_objects.egg-info/dependency_links.txt
writing entry points to ../../../build/carla_spawn_objects/carla_spawn_objects.egg-info/entry_points.txt
writing requirements to ../../../build/carla_spawn_objects/carla_spawn_objects.egg-info/requires.txt
writing top-level names to ../../../build/carla_spawn_objects/carla_spawn_objects.egg-info/top_level.txt
reading manifest file '../../../build/carla_spawn_objects/carla_spawn_objects.egg-info/SOURCES.txt'
writing manifest file '../../../build/carla_spawn_objects/carla_spawn_objects.egg-info/SOURCES.txt'
running build
running build_py
creating /home/nisanth/carla_ros_ws/build/carla_spawn_objects/build
creating /home/nisanth/carla_ros_ws/build/carla_spawn_objects/build/lib
creating /home/nisanth/carla_ros_ws/build/carla_spawn_objects/build/lib/src
creating /home/nisanth/carla_ros_ws/build/carla_spawn_objects/build/lib/src/carla_spawn_objects
copying src/carla_spawn_objects/carla_spawn_objects.py -> /home/nisanth/carla_ros_ws/build/carla_spawn_objects/build/lib/src/carla_spawn_objects
copying src/carla_spawn_objects/set_initial_pose.py -> /home/nisanth/carla_ros_ws/build/carla_spawn_objects/build/lib/src/carla_spawn_objects
copying src/carla_spawn_objects/__init__.py -> /home/nisanth/carla_ros_ws/build/carla_spawn_objects/build/lib/src/carla_spawn_objects
running install
running install_lib
creating /home/nisanth/carla_ros_ws/install/carla_spawn_objects/lib/python3.10/site-packages/src
creating /home/nisanth/carla_ros_ws/install/carla_spawn_objects/lib/python3.10/site-packages/src/carla_spawn_objects
copying /home/nisanth/carla_ros_ws/build/carla_spawn_objects/build/lib/src/carla_spawn_objects/carla_spawn_objects.py -> /home/nisanth/carla_ros_ws/install/carla_spawn_objects/lib/python3.10/site-packages/src/carla_spawn_objects
copying /home/nisanth/carla_ros_ws/build/carla_spawn_objects/build/lib/src/carla_spawn_objects/set_initial_pose.py -> /home/nisanth/carla_ros_ws/install/carla_spawn_objects/lib/python3.10/site-packages/src/carla_spawn_objects
copying /home/nisanth/carla_ros_ws/build/carla_spawn_objects/build/lib/src/carla_spawn_objects/__init__.py -> /home/nisanth/carla_ros_ws/install/carla_spawn_objects/lib/python3.10/site-packages/src/carla_spawn_objects
byte-compiling /home/nisanth/carla_ros_ws/install/carla_spawn_objects/lib/python3.10/site-packages/src/carla_spawn_objects/carla_spawn_objects.py to carla_spawn_objects.cpython-310.pyc
byte-compiling /home/nisanth/carla_ros_ws/install/carla_spawn_objects/lib/python3.10/site-packages/src/carla_spawn_objects/set_initial_pose.py to set_initial_pose.cpython-310.pyc
byte-compiling /home/nisanth/carla_ros_ws/install/carla_spawn_objects/lib/python3.10/site-packages/src/carla_spawn_objects/__init__.py to __init__.cpython-310.pyc
running install_data
copying resource/carla_spawn_objects -> /home/nisanth/carla_ros_ws/install/carla_spawn_objects/share/ament_index/resource_index/packages
copying package.xml -> /home/nisanth/carla_ros_ws/install/carla_spawn_objects/share/carla_spawn_objects
copying config/objects.json -> /home/nisanth/carla_ros_ws/install/carla_spawn_objects/share/carla_spawn_objects/config
copying launch/set_initial_pose.launch.py -> /home/nisanth/carla_ros_ws/install/carla_spawn_objects/share/carla_spawn_objects
copying launch/carla_example_ego_vehicle.launch.py -> /home/nisanth/carla_ros_ws/install/carla_spawn_objects/share/carla_spawn_objects
copying launch/carla_spawn_objects.launch.py -> /home/nisanth/carla_ros_ws/install/carla_spawn_objects/share/carla_spawn_objects
running install_egg_info
Copying ../../../build/carla_spawn_objects/carla_spawn_objects.egg-info to /home/nisanth/carla_ros_ws/install/carla_spawn_objects/lib/python3.10/site-packages/carla_spawn_objects-0.0.0-py3.10.egg-info
running install_scripts
Installing carla_spawn_objects script to /home/nisanth/carla_ros_ws/install/carla_spawn_objects/lib/carla_spawn_objects
Installing set_initial_pose script to /home/nisanth/carla_ros_ws/install/carla_spawn_objects/lib/carla_spawn_objects
writing list of installed files to '/home/nisanth/carla_ros_ws/build/carla_spawn_objects/install.log'
