[2.372s] Invoking command in '/home/nisanth/carla_ros_ws/build/carla_ros_scenario_runner': AMENT_PREFIX_PATH=/home/nisanth/carla_ros_ws/install/carla_ros_scenario_runner_types:/home/nisanth/carla_ros_ws/install/carla_msgs:/home/nisanth/carla_ros_ws/install/carla_common:${AMENT_PREFIX_PATH} CMAKE_PREFIX_PATH=/home/nisanth/carla_ros_ws/install/carla_ros_scenario_runner_types:/home/nisanth/carla_ros_ws/install/carla_msgs LD_LIBRARY_PATH=/home/nisanth/carla_ros_ws/install/carla_ros_scenario_runner_types/lib:/home/nisanth/carla_ros_ws/install/carla_msgs/lib:${LD_LIBRARY_PATH} PYTHONPATH=/home/nisanth/carla_ros_ws/build/carla_ros_scenario_runner/prefix_override:/usr/lib/python3/dist-packages/colcon_core/task/python/colcon_distutils_commands:/home/nisanth/carla_ros_ws/install/carla_ros_scenario_runner/lib/python3.10/site-packages:/home/nisanth/carla_ros_ws/install/carla_ros_scenario_runner_types/local/lib/python3.10/dist-packages:/home/nisanth/carla_ros_ws/install/carla_msgs/local/lib/python3.10/dist-packages:/home/nisanth/carla_ros_ws/build/carla_common/src:/home/nisanth/carla_ros_ws/install/carla_common/lib/python3.10/site-packages:${PYTHONPATH} /usr/bin/python3 -W ignore:setup.py install is deprecated -W ignore:easy_install command is deprecated setup.py develop --editable --build-directory /home/nisanth/carla_ros_ws/build/carla_ros_scenario_runner/build --no-deps symlink_data
[2.731s] running develop
[2.922s] running egg_info
[2.922s] creating src/carla_ros_scenario_runner.egg-info
[2.922s] writing src/carla_ros_scenario_runner.egg-info/PKG-INFO
[2.923s] writing dependency_links to src/carla_ros_scenario_runner.egg-info/dependency_links.txt
[2.923s] writing entry points to src/carla_ros_scenario_runner.egg-info/entry_points.txt
[2.923s] writing requirements to src/carla_ros_scenario_runner.egg-info/requires.txt
[2.923s] writing top-level names to src/carla_ros_scenario_runner.egg-info/top_level.txt
[2.924s] writing manifest file 'src/carla_ros_scenario_runner.egg-info/SOURCES.txt'
[2.926s] reading manifest file 'src/carla_ros_scenario_runner.egg-info/SOURCES.txt'
[2.927s] writing manifest file 'src/carla_ros_scenario_runner.egg-info/SOURCES.txt'
[2.928s] running build_ext
[2.928s] Creating /home/nisanth/carla_ros_ws/install/carla_ros_scenario_runner/lib/python3.10/site-packages/carla-ros-scenario-runner.egg-link (link to src)
[2.929s] Installing carla_ros_scenario_runner script to /home/nisanth/carla_ros_ws/install/carla_ros_scenario_runner/lib/carla_ros_scenario_runner
[2.930s] 
[2.931s] Installed /home/nisanth/carla_ros_ws/build/carla_ros_scenario_runner/src
[2.931s] running symlink_data
[2.931s] creating /home/nisanth/carla_ros_ws/install/carla_ros_scenario_runner/share/ament_index
[2.931s] creating /home/nisanth/carla_ros_ws/install/carla_ros_scenario_runner/share/ament_index/resource_index
[2.932s] creating /home/nisanth/carla_ros_ws/install/carla_ros_scenario_runner/share/ament_index/resource_index/packages
[2.932s] symbolically linking /home/nisanth/carla_ros_ws/build/carla_ros_scenario_runner/resource/carla_ros_scenario_runner -> /home/nisanth/carla_ros_ws/install/carla_ros_scenario_runner/share/ament_index/resource_index/packages
[2.933s] symbolically linking /home/nisanth/carla_ros_ws/build/carla_ros_scenario_runner/package.xml -> /home/nisanth/carla_ros_ws/install/carla_ros_scenario_runner/share/carla_ros_scenario_runner
[2.933s] symbolically linking /home/nisanth/carla_ros_ws/build/carla_ros_scenario_runner/launch/carla_ros_scenario_runner.launch.py -> /home/nisanth/carla_ros_ws/install/carla_ros_scenario_runner/share/carla_ros_scenario_runner
[2.976s] Invoked command in '/home/nisanth/carla_ros_ws/build/carla_ros_scenario_runner' returned '0': AMENT_PREFIX_PATH=/home/nisanth/carla_ros_ws/install/carla_ros_scenario_runner_types:/home/nisanth/carla_ros_ws/install/carla_msgs:/home/nisanth/carla_ros_ws/install/carla_common:${AMENT_PREFIX_PATH} CMAKE_PREFIX_PATH=/home/nisanth/carla_ros_ws/install/carla_ros_scenario_runner_types:/home/nisanth/carla_ros_ws/install/carla_msgs LD_LIBRARY_PATH=/home/nisanth/carla_ros_ws/install/carla_ros_scenario_runner_types/lib:/home/nisanth/carla_ros_ws/install/carla_msgs/lib:${LD_LIBRARY_PATH} PYTHONPATH=/home/nisanth/carla_ros_ws/build/carla_ros_scenario_runner/prefix_override:/usr/lib/python3/dist-packages/colcon_core/task/python/colcon_distutils_commands:/home/nisanth/carla_ros_ws/install/carla_ros_scenario_runner/lib/python3.10/site-packages:/home/nisanth/carla_ros_ws/install/carla_ros_scenario_runner_types/local/lib/python3.10/dist-packages:/home/nisanth/carla_ros_ws/install/carla_msgs/local/lib/python3.10/dist-packages:/home/nisanth/carla_ros_ws/build/carla_common/src:/home/nisanth/carla_ros_ws/install/carla_common/lib/python3.10/site-packages:${PYTHONPATH} /usr/bin/python3 -W ignore:setup.py install is deprecated -W ignore:easy_install command is deprecated setup.py develop --editable --build-directory /home/nisanth/carla_ros_ws/build/carla_ros_scenario_runner/build --no-deps symlink_data
