running egg_info
creating ../../../build/carla_ackermann_control/carla_ackermann_control.egg-info
writing ../../../build/carla_ackermann_control/carla_ackermann_control.egg-info/PKG-INFO
writing dependency_links to ../../../build/carla_ackermann_control/carla_ackermann_control.egg-info/dependency_links.txt
writing entry points to ../../../build/carla_ackermann_control/carla_ackermann_control.egg-info/entry_points.txt
writing requirements to ../../../build/carla_ackermann_control/carla_ackermann_control.egg-info/requires.txt
writing top-level names to ../../../build/carla_ackermann_control/carla_ackermann_control.egg-info/top_level.txt
writing manifest file '../../../build/carla_ackermann_control/carla_ackermann_control.egg-info/SOURCES.txt'
reading manifest file '../../../build/carla_ackermann_control/carla_ackermann_control.egg-info/SOURCES.txt'
writing manifest file '../../../build/carla_ackermann_control/carla_ackermann_control.egg-info/SOURCES.txt'
running build
running build_py
creating /home/nisanth/carla_ros_ws/build/carla_ackermann_control/build
creating /home/nisanth/carla_ros_ws/build/carla_ackermann_control/build/lib
creating /home/nisanth/carla_ros_ws/build/carla_ackermann_control/build/lib/carla_ackermann_control
copying src/carla_ackermann_control/carla_control_physics.py -> /home/nisanth/carla_ros_ws/build/carla_ackermann_control/build/lib/carla_ackermann_control
copying src/carla_ackermann_control/carla_ackermann_control_node.py -> /home/nisanth/carla_ros_ws/build/carla_ackermann_control/build/lib/carla_ackermann_control
copying src/carla_ackermann_control/__init__.py -> /home/nisanth/carla_ros_ws/build/carla_ackermann_control/build/lib/carla_ackermann_control
running install
running install_lib
creating /home/nisanth/carla_ros_ws/install/carla_ackermann_control/lib/python3.10/site-packages/carla_ackermann_control
copying /home/nisanth/carla_ros_ws/build/carla_ackermann_control/build/lib/carla_ackermann_control/carla_control_physics.py -> /home/nisanth/carla_ros_ws/install/carla_ackermann_control/lib/python3.10/site-packages/carla_ackermann_control
copying /home/nisanth/carla_ros_ws/build/carla_ackermann_control/build/lib/carla_ackermann_control/carla_ackermann_control_node.py -> /home/nisanth/carla_ros_ws/install/carla_ackermann_control/lib/python3.10/site-packages/carla_ackermann_control
copying /home/nisanth/carla_ros_ws/build/carla_ackermann_control/build/lib/carla_ackermann_control/__init__.py -> /home/nisanth/carla_ros_ws/install/carla_ackermann_control/lib/python3.10/site-packages/carla_ackermann_control
byte-compiling /home/nisanth/carla_ros_ws/install/carla_ackermann_control/lib/python3.10/site-packages/carla_ackermann_control/carla_control_physics.py to carla_control_physics.cpython-310.pyc
byte-compiling /home/nisanth/carla_ros_ws/install/carla_ackermann_control/lib/python3.10/site-packages/carla_ackermann_control/carla_ackermann_control_node.py to carla_ackermann_control_node.cpython-310.pyc
byte-compiling /home/nisanth/carla_ros_ws/install/carla_ackermann_control/lib/python3.10/site-packages/carla_ackermann_control/__init__.py to __init__.cpython-310.pyc
running install_data
running install_egg_info
Copying ../../../build/carla_ackermann_control/carla_ackermann_control.egg-info to /home/nisanth/carla_ros_ws/install/carla_ackermann_control/lib/python3.10/site-packages/carla_ackermann_control-0.0.0-py3.10.egg-info
running install_scripts
Installing carla_ackermann_control_node script to /home/nisanth/carla_ros_ws/install/carla_ackermann_control/lib/carla_ackermann_control
writing list of installed files to '/home/nisanth/carla_ros_ws/build/carla_ackermann_control/install.log'
