[1.258s] Invoking command in '/home/nisanth/carla_ros_ws/src/ros-bridge/carla_ackermann_control': AMENT_PREFIX_PATH=/home/nisanth/carla_ros_ws/install/carla_ros_bridge:/home/nisanth/carla_ros_ws/install/carla_spawn_objects:/home/nisanth/carla_ros_ws/install/carla_manual_control:/home/nisanth/carla_ros_ws/install/carla_ackermann_msgs:/home/nisanth/carla_ros_ws/install/ros_compatibility:/home/nisanth/carla_ros_ws/install/carla_msgs:/home/nisanth/carla_ros_ws/install/carla_common:${AMENT_PREFIX_PATH} CMAKE_PREFIX_PATH=/home/nisanth/carla_ros_ws/install/carla_ackermann_msgs:/home/nisanth/carla_ros_ws/install/carla_msgs LD_LIBRARY_PATH=/home/nisanth/carla_ros_ws/install/carla_ackermann_msgs/lib:/home/nisanth/carla_ros_ws/install/carla_msgs/lib:${LD_LIBRARY_PATH} PYTHONPATH=/home/nisanth/carla_ros_ws/build/carla_ackermann_control/prefix_override:/usr/lib/python3/dist-packages/colcon_core/task/python/colcon_distutils_commands:/home/nisanth/carla_ros_ws/install/carla_ackermann_control/lib/python3.10/site-packages:/home/nisanth/carla_ros_ws/install/carla_ros_bridge/lib/python3.10/site-packages:/home/nisanth/carla_ros_ws/install/carla_spawn_objects/lib/python3.10/site-packages:/home/nisanth/carla_ros_ws/install/carla_manual_control/lib/python3.10/site-packages:/home/nisanth/carla_ros_ws/install/carla_ackermann_msgs/local/lib/python3.10/dist-packages:/home/nisanth/carla_ros_ws/install/ros_compatibility/lib/python3.10/site-packages:/home/nisanth/carla_ros_ws/install/carla_msgs/local/lib/python3.10/dist-packages:/home/nisanth/carla_ros_ws/install/carla_common/lib/python3.10/site-packages:${PYTHONPATH} /usr/bin/python3 -W ignore:setup.py install is deprecated -W ignore:easy_install command is deprecated setup.py egg_info --egg-base ../../../build/carla_ackermann_control build --build-base /home/nisanth/carla_ros_ws/build/carla_ackermann_control/build install --record /home/nisanth/carla_ros_ws/build/carla_ackermann_control/install.log --single-version-externally-managed install_data
[1.427s] running egg_info
[1.427s] creating ../../../build/carla_ackermann_control/carla_ackermann_control.egg-info
[1.428s] writing ../../../build/carla_ackermann_control/carla_ackermann_control.egg-info/PKG-INFO
[1.428s] writing dependency_links to ../../../build/carla_ackermann_control/carla_ackermann_control.egg-info/dependency_links.txt
[1.428s] writing entry points to ../../../build/carla_ackermann_control/carla_ackermann_control.egg-info/entry_points.txt
[1.429s] writing requirements to ../../../build/carla_ackermann_control/carla_ackermann_control.egg-info/requires.txt
[1.429s] writing top-level names to ../../../build/carla_ackermann_control/carla_ackermann_control.egg-info/top_level.txt
[1.429s] writing manifest file '../../../build/carla_ackermann_control/carla_ackermann_control.egg-info/SOURCES.txt'
[1.431s] reading manifest file '../../../build/carla_ackermann_control/carla_ackermann_control.egg-info/SOURCES.txt'
[1.431s] writing manifest file '../../../build/carla_ackermann_control/carla_ackermann_control.egg-info/SOURCES.txt'
[1.431s] running build
[1.431s] running build_py
[1.431s] creating /home/nisanth/carla_ros_ws/build/carla_ackermann_control/build
[1.432s] creating /home/nisanth/carla_ros_ws/build/carla_ackermann_control/build/lib
[1.432s] creating /home/nisanth/carla_ros_ws/build/carla_ackermann_control/build/lib/carla_ackermann_control
[1.432s] copying src/carla_ackermann_control/carla_control_physics.py -> /home/nisanth/carla_ros_ws/build/carla_ackermann_control/build/lib/carla_ackermann_control
[1.433s] copying src/carla_ackermann_control/carla_ackermann_control_node.py -> /home/nisanth/carla_ros_ws/build/carla_ackermann_control/build/lib/carla_ackermann_control
[1.433s] copying src/carla_ackermann_control/__init__.py -> /home/nisanth/carla_ros_ws/build/carla_ackermann_control/build/lib/carla_ackermann_control
[1.433s] running install
[1.433s] running install_lib
[1.434s] creating /home/nisanth/carla_ros_ws/install/carla_ackermann_control/lib/python3.10/site-packages/carla_ackermann_control
[1.434s] copying /home/nisanth/carla_ros_ws/build/carla_ackermann_control/build/lib/carla_ackermann_control/carla_control_physics.py -> /home/nisanth/carla_ros_ws/install/carla_ackermann_control/lib/python3.10/site-packages/carla_ackermann_control
[1.434s] copying /home/nisanth/carla_ros_ws/build/carla_ackermann_control/build/lib/carla_ackermann_control/carla_ackermann_control_node.py -> /home/nisanth/carla_ros_ws/install/carla_ackermann_control/lib/python3.10/site-packages/carla_ackermann_control
[1.435s] copying /home/nisanth/carla_ros_ws/build/carla_ackermann_control/build/lib/carla_ackermann_control/__init__.py -> /home/nisanth/carla_ros_ws/install/carla_ackermann_control/lib/python3.10/site-packages/carla_ackermann_control
[1.435s] byte-compiling /home/nisanth/carla_ros_ws/install/carla_ackermann_control/lib/python3.10/site-packages/carla_ackermann_control/carla_control_physics.py to carla_control_physics.cpython-310.pyc
[1.436s] byte-compiling /home/nisanth/carla_ros_ws/install/carla_ackermann_control/lib/python3.10/site-packages/carla_ackermann_control/carla_ackermann_control_node.py to carla_ackermann_control_node.cpython-310.pyc
[1.438s] byte-compiling /home/nisanth/carla_ros_ws/install/carla_ackermann_control/lib/python3.10/site-packages/carla_ackermann_control/__init__.py to __init__.cpython-310.pyc
[1.438s] running install_data
[1.440s] running install_egg_info
[1.441s] Copying ../../../build/carla_ackermann_control/carla_ackermann_control.egg-info to /home/nisanth/carla_ros_ws/install/carla_ackermann_control/lib/python3.10/site-packages/carla_ackermann_control-0.0.0-py3.10.egg-info
[1.443s] running install_scripts
[1.457s] Installing carla_ackermann_control_node script to /home/nisanth/carla_ros_ws/install/carla_ackermann_control/lib/carla_ackermann_control
[1.458s] writing list of installed files to '/home/nisanth/carla_ros_ws/build/carla_ackermann_control/install.log'
[1.474s] Invoked command in '/home/nisanth/carla_ros_ws/src/ros-bridge/carla_ackermann_control' returned '0': AMENT_PREFIX_PATH=/home/nisanth/carla_ros_ws/install/carla_ros_bridge:/home/nisanth/carla_ros_ws/install/carla_spawn_objects:/home/nisanth/carla_ros_ws/install/carla_manual_control:/home/nisanth/carla_ros_ws/install/carla_ackermann_msgs:/home/nisanth/carla_ros_ws/install/ros_compatibility:/home/nisanth/carla_ros_ws/install/carla_msgs:/home/nisanth/carla_ros_ws/install/carla_common:${AMENT_PREFIX_PATH} CMAKE_PREFIX_PATH=/home/nisanth/carla_ros_ws/install/carla_ackermann_msgs:/home/nisanth/carla_ros_ws/install/carla_msgs LD_LIBRARY_PATH=/home/nisanth/carla_ros_ws/install/carla_ackermann_msgs/lib:/home/nisanth/carla_ros_ws/install/carla_msgs/lib:${LD_LIBRARY_PATH} PYTHONPATH=/home/nisanth/carla_ros_ws/build/carla_ackermann_control/prefix_override:/usr/lib/python3/dist-packages/colcon_core/task/python/colcon_distutils_commands:/home/nisanth/carla_ros_ws/install/carla_ackermann_control/lib/python3.10/site-packages:/home/nisanth/carla_ros_ws/install/carla_ros_bridge/lib/python3.10/site-packages:/home/nisanth/carla_ros_ws/install/carla_spawn_objects/lib/python3.10/site-packages:/home/nisanth/carla_ros_ws/install/carla_manual_control/lib/python3.10/site-packages:/home/nisanth/carla_ros_ws/install/carla_ackermann_msgs/local/lib/python3.10/dist-packages:/home/nisanth/carla_ros_ws/install/ros_compatibility/lib/python3.10/site-packages:/home/nisanth/carla_ros_ws/install/carla_msgs/local/lib/python3.10/dist-packages:/home/nisanth/carla_ros_ws/install/carla_common/lib/python3.10/site-packages:${PYTHONPATH} /usr/bin/python3 -W ignore:setup.py install is deprecated -W ignore:easy_install command is deprecated setup.py egg_info --egg-base ../../../build/carla_ackermann_control build --build-base /home/nisanth/carla_ros_ws/build/carla_ackermann_control/build install --record /home/nisanth/carla_ros_ws/build/carla_ackermann_control/install.log --single-version-externally-managed install_data
