[0.397s] Invoking command in '/home/nisanth/carla_ros_ws/build/carla_waypoint_types': CMAKE_PREFIX_PATH=/opt/ros/humble /usr/bin/cmake /home/nisanth/carla_ros_ws/src/ros-bridge/carla_waypoint_types -DCMAKE_INSTALL_PREFIX=/home/nisanth/carla_ros_ws/install/carla_waypoint_types
[0.608s] -- Found ros_environment: 3.2.2 (/opt/ros/humble/share/ros_environment/cmake)
[0.608s] -- Found ament_cmake: 1.3.13 (/opt/ros/humble/share/ament_cmake/cmake)
[0.608s] -- Override CMake install command with custom implementation using symlinks instead of copying resources
[0.608s] -- Found nav_msgs: 4.9.1 (/opt/ros/humble/share/nav_msgs/cmake)
[0.608s] -- Found rosidl_generator_c: 3.1.8 (/opt/ros/humble/share/rosidl_generator_c/cmake)
[0.608s] -- Found rosidl_adapter: 3.1.8 (/opt/ros/humble/share/rosidl_adapter/cmake)
[0.608s] -- Found rosidl_generator_cpp: 3.1.8 (/opt/ros/humble/share/rosidl_generator_cpp/cmake)
[0.608s] -- Using all available rosidl_typesupport_c: rosidl_typesupport_fastrtps_c;rosidl_typesupport_introspection_c
[0.608s] -- Using all available rosidl_typesupport_cpp: rosidl_typesupport_fastrtps_cpp;rosidl_typesupport_introspection_cpp
[0.651s] -- Found rosidl_default_generators: 1.2.0 (/opt/ros/humble/share/rosidl_default_generators/cmake)
[0.922s] -- Found ament_cmake_cppcheck: 0.12.15 (/opt/ros/humble/share/ament_cmake_cppcheck/cmake)
[0.922s] -- Found ament_cmake_cpplint: 0.12.15 (/opt/ros/humble/share/ament_cmake_cpplint/cmake)
[0.923s] -- Found ament_cmake_uncrustify: 0.12.15 (/opt/ros/humble/share/ament_cmake_uncrustify/cmake)
[0.924s] -- Found ament_cmake_ros: 0.10.0 (/opt/ros/humble/share/ament_cmake_ros/cmake)
[1.420s] -- Using all available rosidl_typesupport_c: rosidl_typesupport_fastrtps_c;rosidl_typesupport_introspection_c
[1.605s] -- Using all available rosidl_typesupport_cpp: rosidl_typesupport_fastrtps_cpp;rosidl_typesupport_introspection_cpp
[1.634s] -- Found python_cmake_module: 0.10.0 (/opt/ros/humble/share/python_cmake_module/cmake)
[1.657s] -- Using PYTHON_EXECUTABLE: /usr/bin/python3
[1.657s] -- Using PYTHON_INCLUDE_DIRS: /usr/include/python3.10
[1.657s] -- Using PYTHON_LIBRARIES: /usr/lib/x86_64-linux-gnu/libpython3.10.so
[1.709s] -- Found ament_cmake_flake8: 0.12.15 (/opt/ros/humble/share/ament_cmake_flake8/cmake)
[1.709s] -- Found ament_cmake_pep257: 0.12.15 (/opt/ros/humble/share/ament_cmake_pep257/cmake)
[1.711s] -- Found ament_lint_auto: 0.12.15 (/opt/ros/humble/share/ament_lint_auto/cmake)
[1.727s] -- Added test 'copyright' to check source files copyright and LICENSE
[1.728s] -- Added test 'lint_cmake' to check CMake code style
[1.728s] -- Added test 'xmllint' to check XML markup files
[1.734s] -- Configuring done
[1.815s] -- Generating done
[1.830s] -- Build files have been written to: /home/nisanth/carla_ros_ws/build/carla_waypoint_types
[1.839s] Invoked command in '/home/nisanth/carla_ros_ws/build/carla_waypoint_types' returned '0': CMAKE_PREFIX_PATH=/opt/ros/humble /usr/bin/cmake /home/nisanth/carla_ros_ws/src/ros-bridge/carla_waypoint_types -DCMAKE_INSTALL_PREFIX=/home/nisanth/carla_ros_ws/install/carla_waypoint_types
[1.840s] Invoking command in '/home/nisanth/carla_ros_ws/build/carla_waypoint_types': CMAKE_PREFIX_PATH=/opt/ros/humble /usr/bin/cmake --build /home/nisanth/carla_ros_ws/build/carla_waypoint_types -- -j12 -l12
[1.900s] [35m[1mConsolidate compiler generated dependencies of target carla_waypoint_types__rosidl_generator_c[0m
[1.907s] [  2%] Built target carla_waypoint_types__cpp
[1.919s] [ 12%] Built target carla_waypoint_types__rosidl_generator_c
[1.924s] [35m[1mConsolidate compiler generated dependencies of target carla_waypoint_types__rosidl_typesupport_cpp[0m
[1.926s] [35m[1mConsolidate compiler generated dependencies of target carla_waypoint_types__rosidl_typesupport_introspection_cpp[0m
[1.927s] [35m[1mConsolidate compiler generated dependencies of target carla_waypoint_types__rosidl_typesupport_fastrtps_cpp[0m
[1.934s] [ 12%] Built target ament_cmake_python_symlink_carla_waypoint_types
[1.937s] [35m[1mConsolidate compiler generated dependencies of target carla_waypoint_types__rosidl_typesupport_fastrtps_c[0m
[1.941s] [35m[1mConsolidate compiler generated dependencies of target carla_waypoint_types__rosidl_typesupport_c[0m
[1.943s] [35m[1mConsolidate compiler generated dependencies of target carla_waypoint_types__rosidl_typesupport_introspection_c[0m
[1.946s] [ 23%] Built target carla_waypoint_types__rosidl_typesupport_cpp
[1.949s] [ 34%] Built target carla_waypoint_types__rosidl_typesupport_introspection_cpp
[1.954s] [ 44%] Built target carla_waypoint_types__rosidl_typesupport_fastrtps_cpp
[1.967s] [ 65%] Built target carla_waypoint_types__rosidl_typesupport_introspection_c
[1.967s] [ 65%] Built target carla_waypoint_types__rosidl_typesupport_c
[1.967s] [ 76%] Built target carla_waypoint_types__rosidl_typesupport_fastrtps_c
[1.994s] [ 76%] Built target carla_waypoint_types
[2.020s] [ 78%] Built target carla_waypoint_types__py
[2.033s] [35m[1mConsolidate compiler generated dependencies of target carla_waypoint_types__rosidl_generator_py[0m
[2.052s] [ 87%] Built target carla_waypoint_types__rosidl_generator_py
[2.067s] [35m[1mConsolidate compiler generated dependencies of target carla_waypoint_types__rosidl_typesupport_introspection_c__pyext[0m
[2.068s] [35m[1mConsolidate compiler generated dependencies of target carla_waypoint_types__rosidl_typesupport_fastrtps_c__pyext[0m
[2.068s] [35m[1mConsolidate compiler generated dependencies of target carla_waypoint_types__rosidl_typesupport_c__pyext[0m
[2.083s] [ 91%] Built target carla_waypoint_types__rosidl_typesupport_introspection_c__pyext
[2.083s] [ 95%] Built target carla_waypoint_types__rosidl_typesupport_fastrtps_c__pyext
[2.084s] [100%] Built target carla_waypoint_types__rosidl_typesupport_c__pyext
[2.187s] running egg_info
[2.188s] writing carla_waypoint_types.egg-info/PKG-INFO
[2.188s] writing dependency_links to carla_waypoint_types.egg-info/dependency_links.txt
[2.189s] writing top-level names to carla_waypoint_types.egg-info/top_level.txt
[2.190s] reading manifest file 'carla_waypoint_types.egg-info/SOURCES.txt'
[2.191s] writing manifest file 'carla_waypoint_types.egg-info/SOURCES.txt'
[2.214s] [100%] Built target ament_cmake_python_build_carla_waypoint_types_egg
[2.227s] Invoked command in '/home/nisanth/carla_ros_ws/build/carla_waypoint_types' returned '0': CMAKE_PREFIX_PATH=/opt/ros/humble /usr/bin/cmake --build /home/nisanth/carla_ros_ws/build/carla_waypoint_types -- -j12 -l12
[2.230s] Invoking command in '/home/nisanth/carla_ros_ws/build/carla_waypoint_types': CMAKE_PREFIX_PATH=/opt/ros/humble /usr/bin/cmake --install /home/nisanth/carla_ros_ws/build/carla_waypoint_types
[2.236s] -- Install configuration: ""
[2.237s] -- Execute custom install script
[2.237s] -- Up-to-date symlink: /home/nisanth/carla_ros_ws/install/carla_waypoint_types/share/ament_index/resource_index/rosidl_interfaces/carla_waypoint_types
[2.239s] -- Up-to-date symlink: /home/nisanth/carla_ros_ws/install/carla_waypoint_types/include/carla_waypoint_types/carla_waypoint_types/msg/carla_waypoint.h
[2.239s] -- Up-to-date symlink: /home/nisanth/carla_ros_ws/install/carla_waypoint_types/include/carla_waypoint_types/carla_waypoint_types/msg/detail/carla_waypoint__functions.h
[2.240s] -- Up-to-date symlink: /home/nisanth/carla_ros_ws/install/carla_waypoint_types/include/carla_waypoint_types/carla_waypoint_types/msg/detail/carla_waypoint__struct.h
[2.240s] -- Up-to-date symlink: /home/nisanth/carla_ros_ws/install/carla_waypoint_types/include/carla_waypoint_types/carla_waypoint_types/msg/detail/carla_waypoint__type_support.h
[2.241s] -- Up-to-date symlink: /home/nisanth/carla_ros_ws/install/carla_waypoint_types/include/carla_waypoint_types/carla_waypoint_types/msg/rosidl_generator_c__visibility_control.h
[2.241s] -- Up-to-date symlink: /home/nisanth/carla_ros_ws/install/carla_waypoint_types/include/carla_waypoint_types/carla_waypoint_types/srv/detail/get_actor_waypoint__functions.h
[2.241s] -- Up-to-date symlink: /home/nisanth/carla_ros_ws/install/carla_waypoint_types/include/carla_waypoint_types/carla_waypoint_types/srv/detail/get_actor_waypoint__struct.h
[2.241s] -- Up-to-date symlink: /home/nisanth/carla_ros_ws/install/carla_waypoint_types/include/carla_waypoint_types/carla_waypoint_types/srv/detail/get_actor_waypoint__type_support.h
[2.242s] -- Up-to-date symlink: /home/nisanth/carla_ros_ws/install/carla_waypoint_types/include/carla_waypoint_types/carla_waypoint_types/srv/detail/get_waypoint__functions.h
[2.242s] -- Up-to-date symlink: /home/nisanth/carla_ros_ws/install/carla_waypoint_types/include/carla_waypoint_types/carla_waypoint_types/srv/detail/get_waypoint__struct.h
[2.242s] -- Up-to-date symlink: /home/nisanth/carla_ros_ws/install/carla_waypoint_types/include/carla_waypoint_types/carla_waypoint_types/srv/detail/get_waypoint__type_support.h
[2.243s] -- Up-to-date symlink: /home/nisanth/carla_ros_ws/install/carla_waypoint_types/include/carla_waypoint_types/carla_waypoint_types/srv/get_actor_waypoint.h
[2.243s] -- Up-to-date symlink: /home/nisanth/carla_ros_ws/install/carla_waypoint_types/include/carla_waypoint_types/carla_waypoint_types/srv/get_waypoint.h
[2.243s] -- Up-to-date symlink: /home/nisanth/carla_ros_ws/install/carla_waypoint_types/share/carla_waypoint_types/environment/library_path.sh
[2.244s] -- Up-to-date symlink: /home/nisanth/carla_ros_ws/install/carla_waypoint_types/share/carla_waypoint_types/environment/library_path.dsv
[2.245s] -- Up-to-date symlink: /home/nisanth/carla_ros_ws/install/carla_waypoint_types/include/carla_waypoint_types/carla_waypoint_types/msg/detail/carla_waypoint__rosidl_typesupport_fastrtps_c.h
[2.245s] -- Up-to-date symlink: /home/nisanth/carla_ros_ws/install/carla_waypoint_types/include/carla_waypoint_types/carla_waypoint_types/msg/rosidl_typesupport_fastrtps_c__visibility_control.h
[2.246s] -- Up-to-date symlink: /home/nisanth/carla_ros_ws/install/carla_waypoint_types/include/carla_waypoint_types/carla_waypoint_types/srv/detail/get_actor_waypoint__rosidl_typesupport_fastrtps_c.h
[2.246s] -- Up-to-date symlink: /home/nisanth/carla_ros_ws/install/carla_waypoint_types/include/carla_waypoint_types/carla_waypoint_types/srv/detail/get_waypoint__rosidl_typesupport_fastrtps_c.h
[2.247s] -- Up-to-date symlink: /home/nisanth/carla_ros_ws/install/carla_waypoint_types/include/carla_waypoint_types/carla_waypoint_types/msg/carla_waypoint.hpp
[2.248s] -- Up-to-date symlink: /home/nisanth/carla_ros_ws/install/carla_waypoint_types/include/carla_waypoint_types/carla_waypoint_types/msg/detail/carla_waypoint__builder.hpp
[2.248s] -- Up-to-date symlink: /home/nisanth/carla_ros_ws/install/carla_waypoint_types/include/carla_waypoint_types/carla_waypoint_types/msg/detail/carla_waypoint__struct.hpp
[2.248s] -- Up-to-date symlink: /home/nisanth/carla_ros_ws/install/carla_waypoint_types/include/carla_waypoint_types/carla_waypoint_types/msg/detail/carla_waypoint__traits.hpp
[2.249s] -- Up-to-date symlink: /home/nisanth/carla_ros_ws/install/carla_waypoint_types/include/carla_waypoint_types/carla_waypoint_types/msg/detail/carla_waypoint__type_support.hpp
[2.249s] -- Up-to-date symlink: /home/nisanth/carla_ros_ws/install/carla_waypoint_types/include/carla_waypoint_types/carla_waypoint_types/msg/rosidl_generator_cpp__visibility_control.hpp
[2.250s] -- Up-to-date symlink: /home/nisanth/carla_ros_ws/install/carla_waypoint_types/include/carla_waypoint_types/carla_waypoint_types/srv/detail/get_actor_waypoint__builder.hpp
[2.250s] -- Up-to-date symlink: /home/nisanth/carla_ros_ws/install/carla_waypoint_types/include/carla_waypoint_types/carla_waypoint_types/srv/detail/get_actor_waypoint__struct.hpp
[2.250s] -- Up-to-date symlink: /home/nisanth/carla_ros_ws/install/carla_waypoint_types/include/carla_waypoint_types/carla_waypoint_types/srv/detail/get_actor_waypoint__traits.hpp
[2.251s] -- Up-to-date symlink: /home/nisanth/carla_ros_ws/install/carla_waypoint_types/include/carla_waypoint_types/carla_waypoint_types/srv/detail/get_actor_waypoint__type_support.hpp
[2.251s] -- Up-to-date symlink: /home/nisanth/carla_ros_ws/install/carla_waypoint_types/include/carla_waypoint_types/carla_waypoint_types/srv/detail/get_waypoint__builder.hpp
[2.251s] -- Up-to-date symlink: /home/nisanth/carla_ros_ws/install/carla_waypoint_types/include/carla_waypoint_types/carla_waypoint_types/srv/detail/get_waypoint__struct.hpp
[2.252s] -- Up-to-date symlink: /home/nisanth/carla_ros_ws/install/carla_waypoint_types/include/carla_waypoint_types/carla_waypoint_types/srv/detail/get_waypoint__traits.hpp
[2.253s] -- Up-to-date symlink: /home/nisanth/carla_ros_ws/install/carla_waypoint_types/include/carla_waypoint_types/carla_waypoint_types/srv/detail/get_waypoint__type_support.hpp
[2.253s] -- Up-to-date symlink: /home/nisanth/carla_ros_ws/install/carla_waypoint_types/include/carla_waypoint_types/carla_waypoint_types/srv/get_actor_waypoint.hpp
[2.253s] -- Up-to-date symlink: /home/nisanth/carla_ros_ws/install/carla_waypoint_types/include/carla_waypoint_types/carla_waypoint_types/srv/get_waypoint.hpp
[2.255s] -- Up-to-date symlink: /home/nisanth/carla_ros_ws/install/carla_waypoint_types/include/carla_waypoint_types/carla_waypoint_types/msg/detail/carla_waypoint__rosidl_typesupport_fastrtps_cpp.hpp
[2.256s] -- Up-to-date symlink: /home/nisanth/carla_ros_ws/install/carla_waypoint_types/include/carla_waypoint_types/carla_waypoint_types/msg/rosidl_typesupport_fastrtps_cpp__visibility_control.h
[2.256s] -- Up-to-date symlink: /home/nisanth/carla_ros_ws/install/carla_waypoint_types/include/carla_waypoint_types/carla_waypoint_types/srv/detail/get_actor_waypoint__rosidl_typesupport_fastrtps_cpp.hpp
[2.256s] -- Up-to-date symlink: /home/nisanth/carla_ros_ws/install/carla_waypoint_types/include/carla_waypoint_types/carla_waypoint_types/srv/detail/get_waypoint__rosidl_typesupport_fastrtps_cpp.hpp
[2.257s] -- Up-to-date symlink: /home/nisanth/carla_ros_ws/install/carla_waypoint_types/include/carla_waypoint_types/carla_waypoint_types/msg/detail/carla_waypoint__rosidl_typesupport_introspection_c.h
[2.258s] -- Up-to-date symlink: /home/nisanth/carla_ros_ws/install/carla_waypoint_types/include/carla_waypoint_types/carla_waypoint_types/msg/rosidl_typesupport_introspection_c__visibility_control.h
[2.258s] -- Up-to-date symlink: /home/nisanth/carla_ros_ws/install/carla_waypoint_types/include/carla_waypoint_types/carla_waypoint_types/srv/detail/get_actor_waypoint__rosidl_typesupport_introspection_c.h
[2.259s] -- Up-to-date symlink: /home/nisanth/carla_ros_ws/install/carla_waypoint_types/include/carla_waypoint_types/carla_waypoint_types/srv/detail/get_waypoint__rosidl_typesupport_introspection_c.h
[2.260s] -- Up-to-date symlink: /home/nisanth/carla_ros_ws/install/carla_waypoint_types/include/carla_waypoint_types/carla_waypoint_types/msg/detail/carla_waypoint__rosidl_typesupport_introspection_cpp.hpp
[2.260s] -- Up-to-date symlink: /home/nisanth/carla_ros_ws/install/carla_waypoint_types/include/carla_waypoint_types/carla_waypoint_types/srv/detail/get_actor_waypoint__rosidl_typesupport_introspection_cpp.hpp
[2.261s] -- Up-to-date symlink: /home/nisanth/carla_ros_ws/install/carla_waypoint_types/include/carla_waypoint_types/carla_waypoint_types/srv/detail/get_waypoint__rosidl_typesupport_introspection_cpp.hpp
[2.261s] -- Up-to-date symlink: /home/nisanth/carla_ros_ws/install/carla_waypoint_types/share/carla_waypoint_types/environment/pythonpath.sh
[2.262s] -- Up-to-date symlink: /home/nisanth/carla_ros_ws/install/carla_waypoint_types/share/carla_waypoint_types/environment/pythonpath.dsv
[2.262s] -- Up-to-date symlink: /home/nisanth/carla_ros_ws/install/carla_waypoint_types/local/lib/python3.10/dist-packages/carla_waypoint_types-0.1.0-py3.10.egg-info/PKG-INFO
[2.262s] -- Up-to-date symlink: /home/nisanth/carla_ros_ws/install/carla_waypoint_types/local/lib/python3.10/dist-packages/carla_waypoint_types-0.1.0-py3.10.egg-info/SOURCES.txt
[2.263s] -- Up-to-date symlink: /home/nisanth/carla_ros_ws/install/carla_waypoint_types/local/lib/python3.10/dist-packages/carla_waypoint_types-0.1.0-py3.10.egg-info/dependency_links.txt
[2.263s] -- Up-to-date symlink: /home/nisanth/carla_ros_ws/install/carla_waypoint_types/local/lib/python3.10/dist-packages/carla_waypoint_types-0.1.0-py3.10.egg-info/top_level.txt
[2.264s] -- Up-to-date symlink: /home/nisanth/carla_ros_ws/install/carla_waypoint_types/local/lib/python3.10/dist-packages/carla_waypoint_types/__init__.py
[2.264s] -- Up-to-date symlink: /home/nisanth/carla_ros_ws/install/carla_waypoint_types/local/lib/python3.10/dist-packages/carla_waypoint_types/_carla_waypoint_types_s.ep.rosidl_typesupport_c.c
[2.265s] -- Up-to-date symlink: /home/nisanth/carla_ros_ws/install/carla_waypoint_types/local/lib/python3.10/dist-packages/carla_waypoint_types/_carla_waypoint_types_s.ep.rosidl_typesupport_fastrtps_c.c
[2.265s] -- Up-to-date symlink: /home/nisanth/carla_ros_ws/install/carla_waypoint_types/local/lib/python3.10/dist-packages/carla_waypoint_types/_carla_waypoint_types_s.ep.rosidl_typesupport_introspection_c.c
[2.265s] -- Up-to-date symlink: /home/nisanth/carla_ros_ws/install/carla_waypoint_types/local/lib/python3.10/dist-packages/carla_waypoint_types/carla_waypoint_types_s__rosidl_typesupport_c.cpython-310-x86_64-linux-gnu.so
[2.266s] -- Up-to-date symlink: /home/nisanth/carla_ros_ws/install/carla_waypoint_types/local/lib/python3.10/dist-packages/carla_waypoint_types/carla_waypoint_types_s__rosidl_typesupport_fastrtps_c.cpython-310-x86_64-linux-gnu.so
[2.266s] -- Up-to-date symlink: /home/nisanth/carla_ros_ws/install/carla_waypoint_types/local/lib/python3.10/dist-packages/carla_waypoint_types/carla_waypoint_types_s__rosidl_typesupport_introspection_c.cpython-310-x86_64-linux-gnu.so
[2.266s] -- Up-to-date symlink: /home/nisanth/carla_ros_ws/install/carla_waypoint_types/local/lib/python3.10/dist-packages/carla_waypoint_types/libcarla_waypoint_types__rosidl_generator_py.so
[2.267s] -- Up-to-date symlink: /home/nisanth/carla_ros_ws/install/carla_waypoint_types/local/lib/python3.10/dist-packages/carla_waypoint_types/msg/__init__.py
[2.267s] -- Up-to-date symlink: /home/nisanth/carla_ros_ws/install/carla_waypoint_types/local/lib/python3.10/dist-packages/carla_waypoint_types/msg/_carla_waypoint.py
[2.267s] -- Up-to-date symlink: /home/nisanth/carla_ros_ws/install/carla_waypoint_types/local/lib/python3.10/dist-packages/carla_waypoint_types/msg/_carla_waypoint_s.c
[2.268s] -- Up-to-date symlink: /home/nisanth/carla_ros_ws/install/carla_waypoint_types/local/lib/python3.10/dist-packages/carla_waypoint_types/srv/__init__.py
[2.268s] -- Up-to-date symlink: /home/nisanth/carla_ros_ws/install/carla_waypoint_types/local/lib/python3.10/dist-packages/carla_waypoint_types/srv/_get_actor_waypoint.py
[2.268s] -- Up-to-date symlink: /home/nisanth/carla_ros_ws/install/carla_waypoint_types/local/lib/python3.10/dist-packages/carla_waypoint_types/srv/_get_actor_waypoint_s.c
[2.269s] -- Up-to-date symlink: /home/nisanth/carla_ros_ws/install/carla_waypoint_types/local/lib/python3.10/dist-packages/carla_waypoint_types/srv/_get_waypoint.py
[2.269s] -- Up-to-date symlink: /home/nisanth/carla_ros_ws/install/carla_waypoint_types/local/lib/python3.10/dist-packages/carla_waypoint_types/srv/_get_waypoint_s.c
[2.269s] -- Up-to-date symlink: /home/nisanth/carla_ros_ws/install/carla_waypoint_types/local/lib/python3.10/dist-packages/carla_waypoint_types/carla_waypoint_types_s__rosidl_typesupport_fastrtps_c.cpython-310-x86_64-linux-gnu.so
[2.270s] -- Up-to-date symlink: /home/nisanth/carla_ros_ws/install/carla_waypoint_types/local/lib/python3.10/dist-packages/carla_waypoint_types/carla_waypoint_types_s__rosidl_typesupport_introspection_c.cpython-310-x86_64-linux-gnu.so
[2.270s] -- Up-to-date symlink: /home/nisanth/carla_ros_ws/install/carla_waypoint_types/local/lib/python3.10/dist-packages/carla_waypoint_types/carla_waypoint_types_s__rosidl_typesupport_c.cpython-310-x86_64-linux-gnu.so
[2.270s] -- Up-to-date symlink: /home/nisanth/carla_ros_ws/install/carla_waypoint_types/share/carla_waypoint_types/msg/CarlaWaypoint.idl
[2.271s] -- Up-to-date symlink: /home/nisanth/carla_ros_ws/install/carla_waypoint_types/share/carla_waypoint_types/srv/GetWaypoint.idl
[2.271s] -- Up-to-date symlink: /home/nisanth/carla_ros_ws/install/carla_waypoint_types/share/carla_waypoint_types/srv/GetActorWaypoint.idl
[2.271s] -- Up-to-date symlink: /home/nisanth/carla_ros_ws/install/carla_waypoint_types/share/carla_waypoint_types/msg/CarlaWaypoint.msg
[2.272s] -- Up-to-date symlink: /home/nisanth/carla_ros_ws/install/carla_waypoint_types/share/carla_waypoint_types/srv/GetWaypoint.srv
[2.272s] -- Up-to-date symlink: /home/nisanth/carla_ros_ws/install/carla_waypoint_types/share/carla_waypoint_types/srv/GetWaypoint_Request.msg
[2.272s] -- Up-to-date symlink: /home/nisanth/carla_ros_ws/install/carla_waypoint_types/share/carla_waypoint_types/srv/GetWaypoint_Response.msg
[2.273s] -- Up-to-date symlink: /home/nisanth/carla_ros_ws/install/carla_waypoint_types/share/carla_waypoint_types/srv/GetActorWaypoint.srv
[2.273s] -- Up-to-date symlink: /home/nisanth/carla_ros_ws/install/carla_waypoint_types/share/carla_waypoint_types/srv/GetActorWaypoint_Request.msg
[2.273s] -- Up-to-date symlink: /home/nisanth/carla_ros_ws/install/carla_waypoint_types/share/carla_waypoint_types/srv/GetActorWaypoint_Response.msg
[2.274s] -- Up-to-date symlink: /home/nisanth/carla_ros_ws/install/carla_waypoint_types/share/ament_index/resource_index/package_run_dependencies/carla_waypoint_types
[2.274s] -- Up-to-date symlink: /home/nisanth/carla_ros_ws/install/carla_waypoint_types/share/ament_index/resource_index/parent_prefix_path/carla_waypoint_types
[2.275s] -- Up-to-date symlink: /home/nisanth/carla_ros_ws/install/carla_waypoint_types/share/carla_waypoint_types/environment/ament_prefix_path.sh
[2.275s] -- Up-to-date symlink: /home/nisanth/carla_ros_ws/install/carla_waypoint_types/share/carla_waypoint_types/environment/ament_prefix_path.dsv
[2.275s] -- Up-to-date symlink: /home/nisanth/carla_ros_ws/install/carla_waypoint_types/share/carla_waypoint_types/environment/path.sh
[2.276s] -- Up-to-date symlink: /home/nisanth/carla_ros_ws/install/carla_waypoint_types/share/carla_waypoint_types/environment/path.dsv
[2.276s] -- Up-to-date symlink: /home/nisanth/carla_ros_ws/install/carla_waypoint_types/share/carla_waypoint_types/local_setup.bash
[2.276s] -- Up-to-date symlink: /home/nisanth/carla_ros_ws/install/carla_waypoint_types/share/carla_waypoint_types/local_setup.sh
[2.277s] -- Up-to-date symlink: /home/nisanth/carla_ros_ws/install/carla_waypoint_types/share/carla_waypoint_types/local_setup.zsh
[2.277s] -- Up-to-date symlink: /home/nisanth/carla_ros_ws/install/carla_waypoint_types/share/carla_waypoint_types/local_setup.dsv
[2.277s] -- Symlinking: /home/nisanth/carla_ros_ws/install/carla_waypoint_types/share/carla_waypoint_types/package.dsv
[2.288s] -- Up-to-date symlink: /home/nisanth/carla_ros_ws/install/carla_waypoint_types/share/ament_index/resource_index/packages/carla_waypoint_types
[2.288s] -- Up-to-date symlink: /home/nisanth/carla_ros_ws/install/carla_waypoint_types/share/carla_waypoint_types/cmake/rosidl_cmake-extras.cmake
[2.288s] -- Up-to-date symlink: /home/nisanth/carla_ros_ws/install/carla_waypoint_types/share/carla_waypoint_types/cmake/ament_cmake_export_dependencies-extras.cmake
[2.289s] -- Up-to-date symlink: /home/nisanth/carla_ros_ws/install/carla_waypoint_types/share/carla_waypoint_types/cmake/ament_cmake_export_include_directories-extras.cmake
[2.289s] -- Up-to-date symlink: /home/nisanth/carla_ros_ws/install/carla_waypoint_types/share/carla_waypoint_types/cmake/ament_cmake_export_libraries-extras.cmake
[2.290s] -- Up-to-date symlink: /home/nisanth/carla_ros_ws/install/carla_waypoint_types/share/carla_waypoint_types/cmake/ament_cmake_export_targets-extras.cmake
[2.290s] -- Up-to-date symlink: /home/nisanth/carla_ros_ws/install/carla_waypoint_types/share/carla_waypoint_types/cmake/rosidl_cmake_export_typesupport_targets-extras.cmake
[2.290s] -- Up-to-date symlink: /home/nisanth/carla_ros_ws/install/carla_waypoint_types/share/carla_waypoint_types/cmake/rosidl_cmake_export_typesupport_libraries-extras.cmake
[2.291s] -- Up-to-date symlink: /home/nisanth/carla_ros_ws/install/carla_waypoint_types/share/carla_waypoint_types/cmake/carla_waypoint_typesConfig.cmake
[2.291s] -- Up-to-date symlink: /home/nisanth/carla_ros_ws/install/carla_waypoint_types/share/carla_waypoint_types/cmake/carla_waypoint_typesConfig-version.cmake
[2.291s] -- Up-to-date symlink: /home/nisanth/carla_ros_ws/install/carla_waypoint_types/share/carla_waypoint_types/package.xml
[2.293s] -- Up-to-date: /home/nisanth/carla_ros_ws/install/carla_waypoint_types/lib/libcarla_waypoint_types__rosidl_generator_c.so
[2.294s] -- Up-to-date: /home/nisanth/carla_ros_ws/install/carla_waypoint_types/lib/libcarla_waypoint_types__rosidl_typesupport_fastrtps_c.so
[2.294s] -- Up-to-date: /home/nisanth/carla_ros_ws/install/carla_waypoint_types/lib/libcarla_waypoint_types__rosidl_typesupport_fastrtps_cpp.so
[2.295s] -- Up-to-date: /home/nisanth/carla_ros_ws/install/carla_waypoint_types/lib/libcarla_waypoint_types__rosidl_typesupport_introspection_c.so
[2.296s] -- Up-to-date: /home/nisanth/carla_ros_ws/install/carla_waypoint_types/lib/libcarla_waypoint_types__rosidl_typesupport_c.so
[2.297s] -- Up-to-date: /home/nisanth/carla_ros_ws/install/carla_waypoint_types/lib/libcarla_waypoint_types__rosidl_typesupport_introspection_cpp.so
[2.298s] -- Up-to-date: /home/nisanth/carla_ros_ws/install/carla_waypoint_types/lib/libcarla_waypoint_types__rosidl_typesupport_cpp.so
[2.327s] Listing '/home/nisanth/carla_ros_ws/install/carla_waypoint_types/local/lib/python3.10/dist-packages/carla_waypoint_types'...
[2.327s] Compiling '/home/nisanth/carla_ros_ws/install/carla_waypoint_types/local/lib/python3.10/dist-packages/carla_waypoint_types/__init__.py'...
[2.327s] Listing '/home/nisanth/carla_ros_ws/install/carla_waypoint_types/local/lib/python3.10/dist-packages/carla_waypoint_types/msg'...
[2.327s] Listing '/home/nisanth/carla_ros_ws/install/carla_waypoint_types/local/lib/python3.10/dist-packages/carla_waypoint_types/srv'...
[2.332s] -- Up-to-date: /home/nisanth/carla_ros_ws/install/carla_waypoint_types/lib/libcarla_waypoint_types__rosidl_generator_py.so
[2.332s] -- Up-to-date: /home/nisanth/carla_ros_ws/install/carla_waypoint_types/share/carla_waypoint_types/cmake/export_carla_waypoint_types__rosidl_generator_cExport.cmake
[2.332s] -- Up-to-date: /home/nisanth/carla_ros_ws/install/carla_waypoint_types/share/carla_waypoint_types/cmake/export_carla_waypoint_types__rosidl_generator_cExport-noconfig.cmake
[2.333s] -- Up-to-date: /home/nisanth/carla_ros_ws/install/carla_waypoint_types/share/carla_waypoint_types/cmake/export_carla_waypoint_types__rosidl_typesupport_fastrtps_cExport.cmake
[2.333s] -- Up-to-date: /home/nisanth/carla_ros_ws/install/carla_waypoint_types/share/carla_waypoint_types/cmake/export_carla_waypoint_types__rosidl_typesupport_fastrtps_cExport-noconfig.cmake
[2.333s] -- Up-to-date: /home/nisanth/carla_ros_ws/install/carla_waypoint_types/share/carla_waypoint_types/cmake/export_carla_waypoint_types__rosidl_generator_cppExport.cmake
[2.333s] -- Up-to-date: /home/nisanth/carla_ros_ws/install/carla_waypoint_types/share/carla_waypoint_types/cmake/export_carla_waypoint_types__rosidl_typesupport_fastrtps_cppExport.cmake
[2.333s] -- Up-to-date: /home/nisanth/carla_ros_ws/install/carla_waypoint_types/share/carla_waypoint_types/cmake/export_carla_waypoint_types__rosidl_typesupport_fastrtps_cppExport-noconfig.cmake
[2.334s] -- Up-to-date: /home/nisanth/carla_ros_ws/install/carla_waypoint_types/share/carla_waypoint_types/cmake/carla_waypoint_types__rosidl_typesupport_introspection_cExport.cmake
[2.334s] -- Up-to-date: /home/nisanth/carla_ros_ws/install/carla_waypoint_types/share/carla_waypoint_types/cmake/carla_waypoint_types__rosidl_typesupport_introspection_cExport-noconfig.cmake
[2.334s] -- Up-to-date: /home/nisanth/carla_ros_ws/install/carla_waypoint_types/share/carla_waypoint_types/cmake/carla_waypoint_types__rosidl_typesupport_cExport.cmake
[2.334s] -- Up-to-date: /home/nisanth/carla_ros_ws/install/carla_waypoint_types/share/carla_waypoint_types/cmake/carla_waypoint_types__rosidl_typesupport_cExport-noconfig.cmake
[2.334s] -- Up-to-date: /home/nisanth/carla_ros_ws/install/carla_waypoint_types/share/carla_waypoint_types/cmake/carla_waypoint_types__rosidl_typesupport_introspection_cppExport.cmake
[2.335s] -- Up-to-date: /home/nisanth/carla_ros_ws/install/carla_waypoint_types/share/carla_waypoint_types/cmake/carla_waypoint_types__rosidl_typesupport_introspection_cppExport-noconfig.cmake
[2.335s] -- Up-to-date: /home/nisanth/carla_ros_ws/install/carla_waypoint_types/share/carla_waypoint_types/cmake/carla_waypoint_types__rosidl_typesupport_cppExport.cmake
[2.335s] -- Up-to-date: /home/nisanth/carla_ros_ws/install/carla_waypoint_types/share/carla_waypoint_types/cmake/carla_waypoint_types__rosidl_typesupport_cppExport-noconfig.cmake
[2.335s] -- Up-to-date: /home/nisanth/carla_ros_ws/install/carla_waypoint_types/share/carla_waypoint_types/cmake/export_carla_waypoint_types__rosidl_generator_pyExport.cmake
[2.335s] -- Up-to-date: /home/nisanth/carla_ros_ws/install/carla_waypoint_types/share/carla_waypoint_types/cmake/export_carla_waypoint_types__rosidl_generator_pyExport-noconfig.cmake
[2.338s] Invoked command in '/home/nisanth/carla_ros_ws/build/carla_waypoint_types' returned '0': CMAKE_PREFIX_PATH=/opt/ros/humble /usr/bin/cmake --install /home/nisanth/carla_ros_ws/build/carla_waypoint_types
