[1.786s] Invoking command in '/home/nisanth/carla_ros_ws/src/ros-bridge/carla_manual_control': AMENT_PREFIX_PATH=/home/nisanth/carla_ros_ws/install/ros_compatibility:/home/nisanth/carla_ros_ws/install/carla_msgs:${AMENT_PREFIX_PATH} CMAKE_PREFIX_PATH=/home/nisanth/carla_ros_ws/install/carla_msgs LD_LIBRARY_PATH=/home/nisanth/carla_ros_ws/install/carla_msgs/lib:${LD_LIBRARY_PATH} PYTHONPATH=/home/nisanth/carla_ros_ws/build/carla_manual_control/prefix_override:/usr/lib/python3/dist-packages/colcon_core/task/python/colcon_distutils_commands:/home/nisanth/carla_ros_ws/install/carla_manual_control/lib/python3.10/site-packages:/home/nisanth/carla_ros_ws/install/ros_compatibility/lib/python3.10/site-packages:/home/nisanth/carla_ros_ws/install/carla_msgs/local/lib/python3.10/dist-packages:${PYTHONPATH} /usr/bin/python3 -W ignore:setup.py install is deprecated -W ignore:easy_install command is deprecated setup.py egg_info --egg-base ../../../build/carla_manual_control build --build-base /home/nisanth/carla_ros_ws/build/carla_manual_control/build install --record /home/nisanth/carla_ros_ws/build/carla_manual_control/install.log --single-version-externally-managed install_data
[2.068s] running egg_info
[2.069s] creating ../../../build/carla_manual_control/carla_manual_control.egg-info
[2.069s] writing ../../../build/carla_manual_control/carla_manual_control.egg-info/PKG-INFO
[2.069s] writing dependency_links to ../../../build/carla_manual_control/carla_manual_control.egg-info/dependency_links.txt
[2.069s] writing entry points to ../../../build/carla_manual_control/carla_manual_control.egg-info/entry_points.txt
[2.069s] writing requirements to ../../../build/carla_manual_control/carla_manual_control.egg-info/requires.txt
[2.070s] writing top-level names to ../../../build/carla_manual_control/carla_manual_control.egg-info/top_level.txt
[2.070s] writing manifest file '../../../build/carla_manual_control/carla_manual_control.egg-info/SOURCES.txt'
[2.072s] reading manifest file '../../../build/carla_manual_control/carla_manual_control.egg-info/SOURCES.txt'
[2.073s] writing manifest file '../../../build/carla_manual_control/carla_manual_control.egg-info/SOURCES.txt'
[2.073s] running build
[2.073s] running build_py
[2.073s] creating /home/nisanth/carla_ros_ws/build/carla_manual_control/build
[2.074s] creating /home/nisanth/carla_ros_ws/build/carla_manual_control/build/lib
[2.074s] creating /home/nisanth/carla_ros_ws/build/carla_manual_control/build/lib/carla_manual_control
[2.075s] copying src/carla_manual_control/carla_manual_control.py -> /home/nisanth/carla_ros_ws/build/carla_manual_control/build/lib/carla_manual_control
[2.075s] copying src/carla_manual_control/__init__.py -> /home/nisanth/carla_ros_ws/build/carla_manual_control/build/lib/carla_manual_control
[2.076s] running install
[2.076s] running install_lib
[2.077s] creating /home/nisanth/carla_ros_ws/install/carla_manual_control/lib/python3.10/site-packages/carla_manual_control
[2.077s] copying /home/nisanth/carla_ros_ws/build/carla_manual_control/build/lib/carla_manual_control/carla_manual_control.py -> /home/nisanth/carla_ros_ws/install/carla_manual_control/lib/python3.10/site-packages/carla_manual_control
[2.078s] copying /home/nisanth/carla_ros_ws/build/carla_manual_control/build/lib/carla_manual_control/__init__.py -> /home/nisanth/carla_ros_ws/install/carla_manual_control/lib/python3.10/site-packages/carla_manual_control
[2.078s] byte-compiling /home/nisanth/carla_ros_ws/install/carla_manual_control/lib/python3.10/site-packages/carla_manual_control/carla_manual_control.py to carla_manual_control.cpython-310.pyc
[2.087s] byte-compiling /home/nisanth/carla_ros_ws/install/carla_manual_control/lib/python3.10/site-packages/carla_manual_control/__init__.py to __init__.cpython-310.pyc
[2.088s] running install_data
[2.089s] running install_egg_info
[2.091s] Copying ../../../build/carla_manual_control/carla_manual_control.egg-info to /home/nisanth/carla_ros_ws/install/carla_manual_control/lib/python3.10/site-packages/carla_manual_control-0.0.0-py3.10.egg-info
[2.093s] running install_scripts
[2.125s] Installing carla_manual_control script to /home/nisanth/carla_ros_ws/install/carla_manual_control/lib/carla_manual_control
[2.127s] writing list of installed files to '/home/nisanth/carla_ros_ws/build/carla_manual_control/install.log'
[2.166s] Invoked command in '/home/nisanth/carla_ros_ws/src/ros-bridge/carla_manual_control' returned '0': AMENT_PREFIX_PATH=/home/nisanth/carla_ros_ws/install/ros_compatibility:/home/nisanth/carla_ros_ws/install/carla_msgs:${AMENT_PREFIX_PATH} CMAKE_PREFIX_PATH=/home/nisanth/carla_ros_ws/install/carla_msgs LD_LIBRARY_PATH=/home/nisanth/carla_ros_ws/install/carla_msgs/lib:${LD_LIBRARY_PATH} PYTHONPATH=/home/nisanth/carla_ros_ws/build/carla_manual_control/prefix_override:/usr/lib/python3/dist-packages/colcon_core/task/python/colcon_distutils_commands:/home/nisanth/carla_ros_ws/install/carla_manual_control/lib/python3.10/site-packages:/home/nisanth/carla_ros_ws/install/ros_compatibility/lib/python3.10/site-packages:/home/nisanth/carla_ros_ws/install/carla_msgs/local/lib/python3.10/dist-packages:${PYTHONPATH} /usr/bin/python3 -W ignore:setup.py install is deprecated -W ignore:easy_install command is deprecated setup.py egg_info --egg-base ../../../build/carla_manual_control build --build-base /home/nisanth/carla_ros_ws/build/carla_manual_control/build install --record /home/nisanth/carla_ros_ws/build/carla_manual_control/install.log --single-version-externally-managed install_data
