running egg_info
creating ../../../build/carla_waypoint_publisher/carla_waypoint_publisher.egg-info
writing ../../../build/carla_waypoint_publisher/carla_waypoint_publisher.egg-info/PKG-INFO
writing dependency_links to ../../../build/carla_waypoint_publisher/carla_waypoint_publisher.egg-info/dependency_links.txt
writing entry points to ../../../build/carla_waypoint_publisher/carla_waypoint_publisher.egg-info/entry_points.txt
writing requirements to ../../../build/carla_waypoint_publisher/carla_waypoint_publisher.egg-info/requires.txt
writing top-level names to ../../../build/carla_waypoint_publisher/carla_waypoint_publisher.egg-info/top_level.txt
writing manifest file '../../../build/carla_waypoint_publisher/carla_waypoint_publisher.egg-info/SOURCES.txt'
reading manifest file '../../../build/carla_waypoint_publisher/carla_waypoint_publisher.egg-info/SOURCES.txt'
writing manifest file '../../../build/carla_waypoint_publisher/carla_waypoint_publisher.egg-info/SOURCES.txt'
running build
running build_py
creating /home/nisanth/carla_ros_ws/build/carla_waypoint_publisher/build
creating /home/nisanth/carla_ros_ws/build/carla_waypoint_publisher/build/lib
creating /home/nisanth/carla_ros_ws/build/carla_waypoint_publisher/build/lib/carla_waypoint_publisher
copying src/carla_waypoint_publisher/carla_waypoint_publisher.py -> /home/nisanth/carla_ros_ws/build/carla_waypoint_publisher/build/lib/carla_waypoint_publisher
copying src/carla_waypoint_publisher/__init__.py -> /home/nisanth/carla_ros_ws/build/carla_waypoint_publisher/build/lib/carla_waypoint_publisher
running install
running install_lib
creating /home/nisanth/carla_ros_ws/install/carla_waypoint_publisher/lib/python3.10/site-packages/carla_waypoint_publisher
copying /home/nisanth/carla_ros_ws/build/carla_waypoint_publisher/build/lib/carla_waypoint_publisher/carla_waypoint_publisher.py -> /home/nisanth/carla_ros_ws/install/carla_waypoint_publisher/lib/python3.10/site-packages/carla_waypoint_publisher
copying /home/nisanth/carla_ros_ws/build/carla_waypoint_publisher/build/lib/carla_waypoint_publisher/__init__.py -> /home/nisanth/carla_ros_ws/install/carla_waypoint_publisher/lib/python3.10/site-packages/carla_waypoint_publisher
byte-compiling /home/nisanth/carla_ros_ws/install/carla_waypoint_publisher/lib/python3.10/site-packages/carla_waypoint_publisher/carla_waypoint_publisher.py to carla_waypoint_publisher.cpython-310.pyc
byte-compiling /home/nisanth/carla_ros_ws/install/carla_waypoint_publisher/lib/python3.10/site-packages/carla_waypoint_publisher/__init__.py to __init__.cpython-310.pyc
running install_data
running install_egg_info
Copying ../../../build/carla_waypoint_publisher/carla_waypoint_publisher.egg-info to /home/nisanth/carla_ros_ws/install/carla_waypoint_publisher/lib/python3.10/site-packages/carla_waypoint_publisher-0.0.0-py3.10.egg-info
running install_scripts
Installing carla_waypoint_publisher script to /home/nisanth/carla_ros_ws/install/carla_waypoint_publisher/lib/carla_waypoint_publisher
writing list of installed files to '/home/nisanth/carla_ros_ws/build/carla_waypoint_publisher/install.log'
