[1.665s] Invoking command in '/home/nisanth/carla_ros_ws/src/ros-bridge/carla_waypoint_publisher': AMENT_PREFIX_PATH=/home/nisanth/carla_ros_ws/install/ros_compatibility:/home/nisanth/carla_ros_ws/install/carla_waypoint_types:${AMENT_PREFIX_PATH} CMAKE_PREFIX_PATH=/home/nisanth/carla_ros_ws/install/carla_waypoint_types LD_LIBRARY_PATH=/home/nisanth/carla_ros_ws/install/carla_waypoint_types/lib:${LD_LIBRARY_PATH} PYTHONPATH=/home/nisanth/carla_ros_ws/build/carla_waypoint_publisher/prefix_override:/usr/lib/python3/dist-packages/colcon_core/task/python/colcon_distutils_commands:/home/nisanth/carla_ros_ws/install/carla_waypoint_publisher/lib/python3.10/site-packages:/home/nisanth/carla_ros_ws/install/ros_compatibility/lib/python3.10/site-packages:/home/nisanth/carla_ros_ws/install/carla_waypoint_types/local/lib/python3.10/dist-packages:${PYTHONPATH} /usr/bin/python3 -W ignore:setup.py install is deprecated -W ignore:easy_install command is deprecated setup.py egg_info --egg-base ../../../build/carla_waypoint_publisher build --build-base /home/nisanth/carla_ros_ws/build/carla_waypoint_publisher/build install --record /home/nisanth/carla_ros_ws/build/carla_waypoint_publisher/install.log --single-version-externally-managed install_data
[1.956s] running egg_info
[1.962s] creating ../../../build/carla_waypoint_publisher/carla_waypoint_publisher.egg-info
[1.962s] writing ../../../build/carla_waypoint_publisher/carla_waypoint_publisher.egg-info/PKG-INFO
[1.962s] writing dependency_links to ../../../build/carla_waypoint_publisher/carla_waypoint_publisher.egg-info/dependency_links.txt
[1.963s] writing entry points to ../../../build/carla_waypoint_publisher/carla_waypoint_publisher.egg-info/entry_points.txt
[1.963s] writing requirements to ../../../build/carla_waypoint_publisher/carla_waypoint_publisher.egg-info/requires.txt
[1.963s] writing top-level names to ../../../build/carla_waypoint_publisher/carla_waypoint_publisher.egg-info/top_level.txt
[1.963s] writing manifest file '../../../build/carla_waypoint_publisher/carla_waypoint_publisher.egg-info/SOURCES.txt'
[1.965s] reading manifest file '../../../build/carla_waypoint_publisher/carla_waypoint_publisher.egg-info/SOURCES.txt'
[1.966s] writing manifest file '../../../build/carla_waypoint_publisher/carla_waypoint_publisher.egg-info/SOURCES.txt'
[1.966s] running build
[1.966s] running build_py
[1.966s] creating /home/nisanth/carla_ros_ws/build/carla_waypoint_publisher/build
[1.970s] creating /home/nisanth/carla_ros_ws/build/carla_waypoint_publisher/build/lib
[1.970s] creating /home/nisanth/carla_ros_ws/build/carla_waypoint_publisher/build/lib/carla_waypoint_publisher
[1.970s] copying src/carla_waypoint_publisher/carla_waypoint_publisher.py -> /home/nisanth/carla_ros_ws/build/carla_waypoint_publisher/build/lib/carla_waypoint_publisher
[1.977s] copying src/carla_waypoint_publisher/__init__.py -> /home/nisanth/carla_ros_ws/build/carla_waypoint_publisher/build/lib/carla_waypoint_publisher
[1.977s] running install
[1.978s] running install_lib
[1.979s] creating /home/nisanth/carla_ros_ws/install/carla_waypoint_publisher/lib/python3.10/site-packages/carla_waypoint_publisher
[1.980s] copying /home/nisanth/carla_ros_ws/build/carla_waypoint_publisher/build/lib/carla_waypoint_publisher/carla_waypoint_publisher.py -> /home/nisanth/carla_ros_ws/install/carla_waypoint_publisher/lib/python3.10/site-packages/carla_waypoint_publisher
[1.980s] copying /home/nisanth/carla_ros_ws/build/carla_waypoint_publisher/build/lib/carla_waypoint_publisher/__init__.py -> /home/nisanth/carla_ros_ws/install/carla_waypoint_publisher/lib/python3.10/site-packages/carla_waypoint_publisher
[1.981s] byte-compiling /home/nisanth/carla_ros_ws/install/carla_waypoint_publisher/lib/python3.10/site-packages/carla_waypoint_publisher/carla_waypoint_publisher.py to carla_waypoint_publisher.cpython-310.pyc
[1.984s] byte-compiling /home/nisanth/carla_ros_ws/install/carla_waypoint_publisher/lib/python3.10/site-packages/carla_waypoint_publisher/__init__.py to __init__.cpython-310.pyc
[1.985s] running install_data
[1.995s] running install_egg_info
[1.996s] Copying ../../../build/carla_waypoint_publisher/carla_waypoint_publisher.egg-info to /home/nisanth/carla_ros_ws/install/carla_waypoint_publisher/lib/python3.10/site-packages/carla_waypoint_publisher-0.0.0-py3.10.egg-info
[2.001s] running install_scripts
[2.030s] Installing carla_waypoint_publisher script to /home/nisanth/carla_ros_ws/install/carla_waypoint_publisher/lib/carla_waypoint_publisher
[2.031s] writing list of installed files to '/home/nisanth/carla_ros_ws/build/carla_waypoint_publisher/install.log'
[2.071s] Invoked command in '/home/nisanth/carla_ros_ws/src/ros-bridge/carla_waypoint_publisher' returned '0': AMENT_PREFIX_PATH=/home/nisanth/carla_ros_ws/install/ros_compatibility:/home/nisanth/carla_ros_ws/install/carla_waypoint_types:${AMENT_PREFIX_PATH} CMAKE_PREFIX_PATH=/home/nisanth/carla_ros_ws/install/carla_waypoint_types LD_LIBRARY_PATH=/home/nisanth/carla_ros_ws/install/carla_waypoint_types/lib:${LD_LIBRARY_PATH} PYTHONPATH=/home/nisanth/carla_ros_ws/build/carla_waypoint_publisher/prefix_override:/usr/lib/python3/dist-packages/colcon_core/task/python/colcon_distutils_commands:/home/nisanth/carla_ros_ws/install/carla_waypoint_publisher/lib/python3.10/site-packages:/home/nisanth/carla_ros_ws/install/ros_compatibility/lib/python3.10/site-packages:/home/nisanth/carla_ros_ws/install/carla_waypoint_types/local/lib/python3.10/dist-packages:${PYTHONPATH} /usr/bin/python3 -W ignore:setup.py install is deprecated -W ignore:easy_install command is deprecated setup.py egg_info --egg-base ../../../build/carla_waypoint_publisher build --build-base /home/nisanth/carla_ros_ws/build/carla_waypoint_publisher/build install --record /home/nisanth/carla_ros_ws/build/carla_waypoint_publisher/install.log --single-version-externally-managed install_data
