-- Found ros_environment: 3.2.2 (/opt/ros/humble/share/ros_environment/cmake)
-- Found ament_cmake: 1.3.13 (/opt/ros/humble/share/ament_cmake/cmake)
-- Override CMake install command with custom implementation using symlinks instead of copying resources
-- Found builtin_interfaces: 1.2.2 (/opt/ros/humble/share/builtin_interfaces/cmake)
-- Found rosidl_generator_c: 3.1.8 (/opt/ros/humble/share/rosidl_generator_c/cmake)
-- Found rosidl_adapter: 3.1.8 (/opt/ros/humble/share/rosidl_adapter/cmake)
-- Found rosidl_generator_cpp: 3.1.8 (/opt/ros/humble/share/rosidl_generator_cpp/cmake)
-- Using all available rosidl_typesupport_c: rosidl_typesupport_fastrtps_c;rosidl_typesupport_introspection_c
-- Using all available rosidl_typesupport_cpp: rosidl_typesupport_fastrtps_cpp;rosidl_typesupport_introspection_cpp
-- Found std_msgs: 4.9.1 (/opt/ros/humble/share/std_msgs/cmake)
-- Found carla_msgs: 1.3.0 (/home/nisanth/carla_ros_ws/install/carla_msgs/share/carla_msgs/cmake)
-- Found rosidl_default_generators: 1.2.0 (/opt/ros/humble/share/rosidl_default_generators/cmake)
-- Found ament_cmake_cppcheck: 0.12.15 (/opt/ros/humble/share/ament_cmake_cppcheck/cmake)
-- Found ament_cmake_cpplint: 0.12.15 (/opt/ros/humble/share/ament_cmake_cpplint/cmake)
-- Found ament_cmake_uncrustify: 0.12.15 (/opt/ros/humble/share/ament_cmake_uncrustify/cmake)
-- Found ament_cmake_ros: 0.10.0 (/opt/ros/humble/share/ament_cmake_ros/cmake)
-- Using all available rosidl_typesupport_c: rosidl_typesupport_fastrtps_c;rosidl_typesupport_introspection_c
-- Using all available rosidl_typesupport_cpp: rosidl_typesupport_fastrtps_cpp;rosidl_typesupport_introspection_cpp
-- Found python_cmake_module: 0.10.0 (/opt/ros/humble/share/python_cmake_module/cmake)
-- Using PYTHON_EXECUTABLE: /usr/bin/python3
-- Using PYTHON_INCLUDE_DIRS: /usr/include/python3.10
-- Using PYTHON_LIBRARIES: /usr/lib/x86_64-linux-gnu/libpython3.10.so
-- Found ament_cmake_flake8: 0.12.15 (/opt/ros/humble/share/ament_cmake_flake8/cmake)
-- Found ament_cmake_pep257: 0.12.15 (/opt/ros/humble/share/ament_cmake_pep257/cmake)
-- Found ament_lint_auto: 0.12.15 (/opt/ros/humble/share/ament_lint_auto/cmake)
-- Added test 'copyright' to check source files copyright and LICENSE
-- Added test 'lint_cmake' to check CMake code style
-- Added test 'xmllint' to check XML markup files
-- Configuring done
-- Generating done
-- Build files have been written to: /home/nisanth/carla_ros_ws/build/carla_ackermann_msgs
[35m[1mConsolidate compiler generated dependencies of target carla_ackermann_msgs__rosidl_generator_c[0m
[  1%] Built target carla_ackermann_msgs__cpp
[ 12%] Built target carla_ackermann_msgs__rosidl_generator_c
[ 12%] Built target ament_cmake_python_symlink_carla_ackermann_msgs
[35m[1mConsolidate compiler generated dependencies of target carla_ackermann_msgs__rosidl_typesupport_c[0m
[35m[1mConsolidate compiler generated dependencies of target carla_ackermann_msgs__rosidl_typesupport_fastrtps_cpp[0m
[35m[1mConsolidate compiler generated dependencies of target carla_ackermann_msgs__rosidl_typesupport_introspection_cpp[0m
[35m[1mConsolidate compiler generated dependencies of target carla_ackermann_msgs__rosidl_typesupport_cpp[0m
[35m[1mConsolidate compiler generated dependencies of target carla_ackermann_msgs__rosidl_typesupport_introspection_c[0m
[35m[1mConsolidate compiler generated dependencies of target carla_ackermann_msgs__rosidl_typesupport_fastrtps_c[0m
[ 23%] Built target carla_ackermann_msgs__rosidl_typesupport_c
[ 25%] [32m[1mLinking C shared library libcarla_ackermann_msgs__rosidl_typesupport_introspection_c.so[0m
[ 36%] Built target carla_ackermann_msgs__rosidl_typesupport_fastrtps_cpp
[ 47%] Built target carla_ackermann_msgs__rosidl_typesupport_fastrtps_c
[ 58%] Built target carla_ackermann_msgs__rosidl_typesupport_introspection_cpp
[ 69%] Built target carla_ackermann_msgs__rosidl_typesupport_cpp
[ 79%] Built target carla_ackermann_msgs__rosidl_typesupport_introspection_c
[ 79%] Built target carla_ackermann_msgs
[ 80%] Built target carla_ackermann_msgs__py
[35m[1mConsolidate compiler generated dependencies of target carla_ackermann_msgs__rosidl_generator_py[0m
[ 90%] Built target carla_ackermann_msgs__rosidl_generator_py
running egg_info
writing carla_ackermann_msgs.egg-info/PKG-INFO
writing dependency_links to carla_ackermann_msgs.egg-info/dependency_links.txt
writing top-level names to carla_ackermann_msgs.egg-info/top_level.txt
reading manifest file 'carla_ackermann_msgs.egg-info/SOURCES.txt'
writing manifest file 'carla_ackermann_msgs.egg-info/SOURCES.txt'
[35m[1mConsolidate compiler generated dependencies of target carla_ackermann_msgs__rosidl_typesupport_c__pyext[0m
[35m[1mConsolidate compiler generated dependencies of target carla_ackermann_msgs__rosidl_typesupport_fastrtps_c__pyext[0m
[35m[1mConsolidate compiler generated dependencies of target carla_ackermann_msgs__rosidl_typesupport_introspection_c__pyext[0m
[ 93%] [32m[1mLinking C shared library rosidl_generator_py/carla_ackermann_msgs/carla_ackermann_msgs_s__rosidl_typesupport_c.cpython-310-x86_64-linux-gnu.so[0m
[ 95%] [32m[1mLinking C shared library rosidl_generator_py/carla_ackermann_msgs/carla_ackermann_msgs_s__rosidl_typesupport_fastrtps_c.cpython-310-x86_64-linux-gnu.so[0m
[ 95%] [32m[1mLinking C shared library rosidl_generator_py/carla_ackermann_msgs/carla_ackermann_msgs_s__rosidl_typesupport_introspection_c.cpython-310-x86_64-linux-gnu.so[0m
[ 95%] Built target ament_cmake_python_build_carla_ackermann_msgs_egg
[ 96%] Built target carla_ackermann_msgs__rosidl_typesupport_c__pyext
[ 98%] Built target carla_ackermann_msgs__rosidl_typesupport_introspection_c__pyext
[100%] Built target carla_ackermann_msgs__rosidl_typesupport_fastrtps_c__pyext
-- Install configuration: ""
-- Execute custom install script
-- Up-to-date symlink: /home/nisanth/carla_ros_ws/install/carla_ackermann_msgs/share/ament_index/resource_index/rosidl_interfaces/carla_ackermann_msgs
-- Up-to-date symlink: /home/nisanth/carla_ros_ws/install/carla_ackermann_msgs/include/carla_ackermann_msgs/carla_ackermann_msgs/msg/detail/ego_vehicle_control_current__functions.h
-- Up-to-date symlink: /home/nisanth/carla_ros_ws/install/carla_ackermann_msgs/include/carla_ackermann_msgs/carla_ackermann_msgs/msg/detail/ego_vehicle_control_current__struct.h
-- Up-to-date symlink: /home/nisanth/carla_ros_ws/install/carla_ackermann_msgs/include/carla_ackermann_msgs/carla_ackermann_msgs/msg/detail/ego_vehicle_control_current__type_support.h
-- Up-to-date symlink: /home/nisanth/carla_ros_ws/install/carla_ackermann_msgs/include/carla_ackermann_msgs/carla_ackermann_msgs/msg/detail/ego_vehicle_control_info__functions.h
-- Up-to-date symlink: /home/nisanth/carla_ros_ws/install/carla_ackermann_msgs/include/carla_ackermann_msgs/carla_ackermann_msgs/msg/detail/ego_vehicle_control_info__struct.h
-- Up-to-date symlink: /home/nisanth/carla_ros_ws/install/carla_ackermann_msgs/include/carla_ackermann_msgs/carla_ackermann_msgs/msg/detail/ego_vehicle_control_info__type_support.h
-- Up-to-date symlink: /home/nisanth/carla_ros_ws/install/carla_ackermann_msgs/include/carla_ackermann_msgs/carla_ackermann_msgs/msg/detail/ego_vehicle_control_maxima__functions.h
-- Up-to-date symlink: /home/nisanth/carla_ros_ws/install/carla_ackermann_msgs/include/carla_ackermann_msgs/carla_ackermann_msgs/msg/detail/ego_vehicle_control_maxima__struct.h
-- Up-to-date symlink: /home/nisanth/carla_ros_ws/install/carla_ackermann_msgs/include/carla_ackermann_msgs/carla_ackermann_msgs/msg/detail/ego_vehicle_control_maxima__type_support.h
-- Up-to-date symlink: /home/nisanth/carla_ros_ws/install/carla_ackermann_msgs/include/carla_ackermann_msgs/carla_ackermann_msgs/msg/detail/ego_vehicle_control_status__functions.h
-- Up-to-date symlink: /home/nisanth/carla_ros_ws/install/carla_ackermann_msgs/include/carla_ackermann_msgs/carla_ackermann_msgs/msg/detail/ego_vehicle_control_status__struct.h
-- Up-to-date symlink: /home/nisanth/carla_ros_ws/install/carla_ackermann_msgs/include/carla_ackermann_msgs/carla_ackermann_msgs/msg/detail/ego_vehicle_control_status__type_support.h
-- Up-to-date symlink: /home/nisanth/carla_ros_ws/install/carla_ackermann_msgs/include/carla_ackermann_msgs/carla_ackermann_msgs/msg/detail/ego_vehicle_control_target__functions.h
-- Up-to-date symlink: /home/nisanth/carla_ros_ws/install/carla_ackermann_msgs/include/carla_ackermann_msgs/carla_ackermann_msgs/msg/detail/ego_vehicle_control_target__struct.h
-- Up-to-date symlink: /home/nisanth/carla_ros_ws/install/carla_ackermann_msgs/include/carla_ackermann_msgs/carla_ackermann_msgs/msg/detail/ego_vehicle_control_target__type_support.h
-- Up-to-date symlink: /home/nisanth/carla_ros_ws/install/carla_ackermann_msgs/include/carla_ackermann_msgs/carla_ackermann_msgs/msg/ego_vehicle_control_current.h
-- Up-to-date symlink: /home/nisanth/carla_ros_ws/install/carla_ackermann_msgs/include/carla_ackermann_msgs/carla_ackermann_msgs/msg/ego_vehicle_control_info.h
-- Up-to-date symlink: /home/nisanth/carla_ros_ws/install/carla_ackermann_msgs/include/carla_ackermann_msgs/carla_ackermann_msgs/msg/ego_vehicle_control_maxima.h
-- Up-to-date symlink: /home/nisanth/carla_ros_ws/install/carla_ackermann_msgs/include/carla_ackermann_msgs/carla_ackermann_msgs/msg/ego_vehicle_control_status.h
-- Up-to-date symlink: /home/nisanth/carla_ros_ws/install/carla_ackermann_msgs/include/carla_ackermann_msgs/carla_ackermann_msgs/msg/ego_vehicle_control_target.h
-- Up-to-date symlink: /home/nisanth/carla_ros_ws/install/carla_ackermann_msgs/include/carla_ackermann_msgs/carla_ackermann_msgs/msg/rosidl_generator_c__visibility_control.h
-- Up-to-date symlink: /home/nisanth/carla_ros_ws/install/carla_ackermann_msgs/share/carla_ackermann_msgs/environment/library_path.sh
-- Up-to-date symlink: /home/nisanth/carla_ros_ws/install/carla_ackermann_msgs/share/carla_ackermann_msgs/environment/library_path.dsv
-- Up-to-date symlink: /home/nisanth/carla_ros_ws/install/carla_ackermann_msgs/include/carla_ackermann_msgs/carla_ackermann_msgs/msg/detail/ego_vehicle_control_current__rosidl_typesupport_fastrtps_c.h
-- Up-to-date symlink: /home/nisanth/carla_ros_ws/install/carla_ackermann_msgs/include/carla_ackermann_msgs/carla_ackermann_msgs/msg/detail/ego_vehicle_control_info__rosidl_typesupport_fastrtps_c.h
-- Up-to-date symlink: /home/nisanth/carla_ros_ws/install/carla_ackermann_msgs/include/carla_ackermann_msgs/carla_ackermann_msgs/msg/detail/ego_vehicle_control_maxima__rosidl_typesupport_fastrtps_c.h
-- Up-to-date symlink: /home/nisanth/carla_ros_ws/install/carla_ackermann_msgs/include/carla_ackermann_msgs/carla_ackermann_msgs/msg/detail/ego_vehicle_control_status__rosidl_typesupport_fastrtps_c.h
-- Up-to-date symlink: /home/nisanth/carla_ros_ws/install/carla_ackermann_msgs/include/carla_ackermann_msgs/carla_ackermann_msgs/msg/detail/ego_vehicle_control_target__rosidl_typesupport_fastrtps_c.h
-- Up-to-date symlink: /home/nisanth/carla_ros_ws/install/carla_ackermann_msgs/include/carla_ackermann_msgs/carla_ackermann_msgs/msg/rosidl_typesupport_fastrtps_c__visibility_control.h
-- Up-to-date symlink: /home/nisanth/carla_ros_ws/install/carla_ackermann_msgs/include/carla_ackermann_msgs/carla_ackermann_msgs/msg/detail/ego_vehicle_control_current__builder.hpp
-- Up-to-date symlink: /home/nisanth/carla_ros_ws/install/carla_ackermann_msgs/include/carla_ackermann_msgs/carla_ackermann_msgs/msg/detail/ego_vehicle_control_current__struct.hpp
-- Up-to-date symlink: /home/nisanth/carla_ros_ws/install/carla_ackermann_msgs/include/carla_ackermann_msgs/carla_ackermann_msgs/msg/detail/ego_vehicle_control_current__traits.hpp
-- Up-to-date symlink: /home/nisanth/carla_ros_ws/install/carla_ackermann_msgs/include/carla_ackermann_msgs/carla_ackermann_msgs/msg/detail/ego_vehicle_control_current__type_support.hpp
-- Up-to-date symlink: /home/nisanth/carla_ros_ws/install/carla_ackermann_msgs/include/carla_ackermann_msgs/carla_ackermann_msgs/msg/detail/ego_vehicle_control_info__builder.hpp
-- Up-to-date symlink: /home/nisanth/carla_ros_ws/install/carla_ackermann_msgs/include/carla_ackermann_msgs/carla_ackermann_msgs/msg/detail/ego_vehicle_control_info__struct.hpp
-- Up-to-date symlink: /home/nisanth/carla_ros_ws/install/carla_ackermann_msgs/include/carla_ackermann_msgs/carla_ackermann_msgs/msg/detail/ego_vehicle_control_info__traits.hpp
-- Up-to-date symlink: /home/nisanth/carla_ros_ws/install/carla_ackermann_msgs/include/carla_ackermann_msgs/carla_ackermann_msgs/msg/detail/ego_vehicle_control_info__type_support.hpp
-- Up-to-date symlink: /home/nisanth/carla_ros_ws/install/carla_ackermann_msgs/include/carla_ackermann_msgs/carla_ackermann_msgs/msg/detail/ego_vehicle_control_maxima__builder.hpp
-- Up-to-date symlink: /home/nisanth/carla_ros_ws/install/carla_ackermann_msgs/include/carla_ackermann_msgs/carla_ackermann_msgs/msg/detail/ego_vehicle_control_maxima__struct.hpp
-- Up-to-date symlink: /home/nisanth/carla_ros_ws/install/carla_ackermann_msgs/include/carla_ackermann_msgs/carla_ackermann_msgs/msg/detail/ego_vehicle_control_maxima__traits.hpp
-- Up-to-date symlink: /home/nisanth/carla_ros_ws/install/carla_ackermann_msgs/include/carla_ackermann_msgs/carla_ackermann_msgs/msg/detail/ego_vehicle_control_maxima__type_support.hpp
-- Up-to-date symlink: /home/nisanth/carla_ros_ws/install/carla_ackermann_msgs/include/carla_ackermann_msgs/carla_ackermann_msgs/msg/detail/ego_vehicle_control_status__builder.hpp
-- Up-to-date symlink: /home/nisanth/carla_ros_ws/install/carla_ackermann_msgs/include/carla_ackermann_msgs/carla_ackermann_msgs/msg/detail/ego_vehicle_control_status__struct.hpp
-- Up-to-date symlink: /home/nisanth/carla_ros_ws/install/carla_ackermann_msgs/include/carla_ackermann_msgs/carla_ackermann_msgs/msg/detail/ego_vehicle_control_status__traits.hpp
-- Up-to-date symlink: /home/nisanth/carla_ros_ws/install/carla_ackermann_msgs/include/carla_ackermann_msgs/carla_ackermann_msgs/msg/detail/ego_vehicle_control_status__type_support.hpp
-- Up-to-date symlink: /home/nisanth/carla_ros_ws/install/carla_ackermann_msgs/include/carla_ackermann_msgs/carla_ackermann_msgs/msg/detail/ego_vehicle_control_target__builder.hpp
-- Up-to-date symlink: /home/nisanth/carla_ros_ws/install/carla_ackermann_msgs/include/carla_ackermann_msgs/carla_ackermann_msgs/msg/detail/ego_vehicle_control_target__struct.hpp
-- Up-to-date symlink: /home/nisanth/carla_ros_ws/install/carla_ackermann_msgs/include/carla_ackermann_msgs/carla_ackermann_msgs/msg/detail/ego_vehicle_control_target__traits.hpp
-- Up-to-date symlink: /home/nisanth/carla_ros_ws/install/carla_ackermann_msgs/include/carla_ackermann_msgs/carla_ackermann_msgs/msg/detail/ego_vehicle_control_target__type_support.hpp
-- Up-to-date symlink: /home/nisanth/carla_ros_ws/install/carla_ackermann_msgs/include/carla_ackermann_msgs/carla_ackermann_msgs/msg/ego_vehicle_control_current.hpp
-- Up-to-date symlink: /home/nisanth/carla_ros_ws/install/carla_ackermann_msgs/include/carla_ackermann_msgs/carla_ackermann_msgs/msg/ego_vehicle_control_info.hpp
-- Up-to-date symlink: /home/nisanth/carla_ros_ws/install/carla_ackermann_msgs/include/carla_ackermann_msgs/carla_ackermann_msgs/msg/ego_vehicle_control_maxima.hpp
-- Up-to-date symlink: /home/nisanth/carla_ros_ws/install/carla_ackermann_msgs/include/carla_ackermann_msgs/carla_ackermann_msgs/msg/ego_vehicle_control_status.hpp
-- Up-to-date symlink: /home/nisanth/carla_ros_ws/install/carla_ackermann_msgs/include/carla_ackermann_msgs/carla_ackermann_msgs/msg/ego_vehicle_control_target.hpp
-- Up-to-date symlink: /home/nisanth/carla_ros_ws/install/carla_ackermann_msgs/include/carla_ackermann_msgs/carla_ackermann_msgs/msg/rosidl_generator_cpp__visibility_control.hpp
-- Up-to-date symlink: /home/nisanth/carla_ros_ws/install/carla_ackermann_msgs/include/carla_ackermann_msgs/carla_ackermann_msgs/msg/detail/ego_vehicle_control_current__rosidl_typesupport_fastrtps_cpp.hpp
-- Up-to-date symlink: /home/nisanth/carla_ros_ws/install/carla_ackermann_msgs/include/carla_ackermann_msgs/carla_ackermann_msgs/msg/detail/ego_vehicle_control_info__rosidl_typesupport_fastrtps_cpp.hpp
-- Up-to-date symlink: /home/nisanth/carla_ros_ws/install/carla_ackermann_msgs/include/carla_ackermann_msgs/carla_ackermann_msgs/msg/detail/ego_vehicle_control_maxima__rosidl_typesupport_fastrtps_cpp.hpp
-- Up-to-date symlink: /home/nisanth/carla_ros_ws/install/carla_ackermann_msgs/include/carla_ackermann_msgs/carla_ackermann_msgs/msg/detail/ego_vehicle_control_status__rosidl_typesupport_fastrtps_cpp.hpp
-- Up-to-date symlink: /home/nisanth/carla_ros_ws/install/carla_ackermann_msgs/include/carla_ackermann_msgs/carla_ackermann_msgs/msg/detail/ego_vehicle_control_target__rosidl_typesupport_fastrtps_cpp.hpp
-- Up-to-date symlink: /home/nisanth/carla_ros_ws/install/carla_ackermann_msgs/include/carla_ackermann_msgs/carla_ackermann_msgs/msg/rosidl_typesupport_fastrtps_cpp__visibility_control.h
-- Up-to-date symlink: /home/nisanth/carla_ros_ws/install/carla_ackermann_msgs/include/carla_ackermann_msgs/carla_ackermann_msgs/msg/detail/ego_vehicle_control_current__rosidl_typesupport_introspection_c.h
-- Up-to-date symlink: /home/nisanth/carla_ros_ws/install/carla_ackermann_msgs/include/carla_ackermann_msgs/carla_ackermann_msgs/msg/detail/ego_vehicle_control_info__rosidl_typesupport_introspection_c.h
-- Up-to-date symlink: /home/nisanth/carla_ros_ws/install/carla_ackermann_msgs/include/carla_ackermann_msgs/carla_ackermann_msgs/msg/detail/ego_vehicle_control_maxima__rosidl_typesupport_introspection_c.h
-- Up-to-date symlink: /home/nisanth/carla_ros_ws/install/carla_ackermann_msgs/include/carla_ackermann_msgs/carla_ackermann_msgs/msg/detail/ego_vehicle_control_status__rosidl_typesupport_introspection_c.h
-- Up-to-date symlink: /home/nisanth/carla_ros_ws/install/carla_ackermann_msgs/include/carla_ackermann_msgs/carla_ackermann_msgs/msg/detail/ego_vehicle_control_target__rosidl_typesupport_introspection_c.h
-- Up-to-date symlink: /home/nisanth/carla_ros_ws/install/carla_ackermann_msgs/include/carla_ackermann_msgs/carla_ackermann_msgs/msg/rosidl_typesupport_introspection_c__visibility_control.h
-- Up-to-date symlink: /home/nisanth/carla_ros_ws/install/carla_ackermann_msgs/include/carla_ackermann_msgs/carla_ackermann_msgs/msg/detail/ego_vehicle_control_current__rosidl_typesupport_introspection_cpp.hpp
-- Up-to-date symlink: /home/nisanth/carla_ros_ws/install/carla_ackermann_msgs/include/carla_ackermann_msgs/carla_ackermann_msgs/msg/detail/ego_vehicle_control_info__rosidl_typesupport_introspection_cpp.hpp
-- Up-to-date symlink: /home/nisanth/carla_ros_ws/install/carla_ackermann_msgs/include/carla_ackermann_msgs/carla_ackermann_msgs/msg/detail/ego_vehicle_control_maxima__rosidl_typesupport_introspection_cpp.hpp
-- Up-to-date symlink: /home/nisanth/carla_ros_ws/install/carla_ackermann_msgs/include/carla_ackermann_msgs/carla_ackermann_msgs/msg/detail/ego_vehicle_control_status__rosidl_typesupport_introspection_cpp.hpp
-- Up-to-date symlink: /home/nisanth/carla_ros_ws/install/carla_ackermann_msgs/include/carla_ackermann_msgs/carla_ackermann_msgs/msg/detail/ego_vehicle_control_target__rosidl_typesupport_introspection_cpp.hpp
-- Up-to-date symlink: /home/nisanth/carla_ros_ws/install/carla_ackermann_msgs/share/carla_ackermann_msgs/environment/pythonpath.sh
-- Up-to-date symlink: /home/nisanth/carla_ros_ws/install/carla_ackermann_msgs/share/carla_ackermann_msgs/environment/pythonpath.dsv
-- Up-to-date symlink: /home/nisanth/carla_ros_ws/install/carla_ackermann_msgs/local/lib/python3.10/dist-packages/carla_ackermann_msgs-1.0.0-py3.10.egg-info/PKG-INFO
-- Up-to-date symlink: /home/nisanth/carla_ros_ws/install/carla_ackermann_msgs/local/lib/python3.10/dist-packages/carla_ackermann_msgs-1.0.0-py3.10.egg-info/SOURCES.txt
-- Up-to-date symlink: /home/nisanth/carla_ros_ws/install/carla_ackermann_msgs/local/lib/python3.10/dist-packages/carla_ackermann_msgs-1.0.0-py3.10.egg-info/dependency_links.txt
-- Up-to-date symlink: /home/nisanth/carla_ros_ws/install/carla_ackermann_msgs/local/lib/python3.10/dist-packages/carla_ackermann_msgs-1.0.0-py3.10.egg-info/top_level.txt
-- Up-to-date symlink: /home/nisanth/carla_ros_ws/install/carla_ackermann_msgs/local/lib/python3.10/dist-packages/carla_ackermann_msgs/__init__.py
-- Up-to-date symlink: /home/nisanth/carla_ros_ws/install/carla_ackermann_msgs/local/lib/python3.10/dist-packages/carla_ackermann_msgs/_carla_ackermann_msgs_s.ep.rosidl_typesupport_c.c
-- Up-to-date symlink: /home/nisanth/carla_ros_ws/install/carla_ackermann_msgs/local/lib/python3.10/dist-packages/carla_ackermann_msgs/_carla_ackermann_msgs_s.ep.rosidl_typesupport_fastrtps_c.c
-- Up-to-date symlink: /home/nisanth/carla_ros_ws/install/carla_ackermann_msgs/local/lib/python3.10/dist-packages/carla_ackermann_msgs/_carla_ackermann_msgs_s.ep.rosidl_typesupport_introspection_c.c
-- Up-to-date symlink: /home/nisanth/carla_ros_ws/install/carla_ackermann_msgs/local/lib/python3.10/dist-packages/carla_ackermann_msgs/carla_ackermann_msgs_s__rosidl_typesupport_c.cpython-310-x86_64-linux-gnu.so
-- Up-to-date symlink: /home/nisanth/carla_ros_ws/install/carla_ackermann_msgs/local/lib/python3.10/dist-packages/carla_ackermann_msgs/carla_ackermann_msgs_s__rosidl_typesupport_fastrtps_c.cpython-310-x86_64-linux-gnu.so
-- Up-to-date symlink: /home/nisanth/carla_ros_ws/install/carla_ackermann_msgs/local/lib/python3.10/dist-packages/carla_ackermann_msgs/carla_ackermann_msgs_s__rosidl_typesupport_introspection_c.cpython-310-x86_64-linux-gnu.so
-- Up-to-date symlink: /home/nisanth/carla_ros_ws/install/carla_ackermann_msgs/local/lib/python3.10/dist-packages/carla_ackermann_msgs/libcarla_ackermann_msgs__rosidl_generator_py.so
-- Up-to-date symlink: /home/nisanth/carla_ros_ws/install/carla_ackermann_msgs/local/lib/python3.10/dist-packages/carla_ackermann_msgs/msg/__init__.py
-- Up-to-date symlink: /home/nisanth/carla_ros_ws/install/carla_ackermann_msgs/local/lib/python3.10/dist-packages/carla_ackermann_msgs/msg/_ego_vehicle_control_current.py
-- Up-to-date symlink: /home/nisanth/carla_ros_ws/install/carla_ackermann_msgs/local/lib/python3.10/dist-packages/carla_ackermann_msgs/msg/_ego_vehicle_control_current_s.c
-- Up-to-date symlink: /home/nisanth/carla_ros_ws/install/carla_ackermann_msgs/local/lib/python3.10/dist-packages/carla_ackermann_msgs/msg/_ego_vehicle_control_info.py
-- Up-to-date symlink: /home/nisanth/carla_ros_ws/install/carla_ackermann_msgs/local/lib/python3.10/dist-packages/carla_ackermann_msgs/msg/_ego_vehicle_control_info_s.c
-- Up-to-date symlink: /home/nisanth/carla_ros_ws/install/carla_ackermann_msgs/local/lib/python3.10/dist-packages/carla_ackermann_msgs/msg/_ego_vehicle_control_maxima.py
-- Up-to-date symlink: /home/nisanth/carla_ros_ws/install/carla_ackermann_msgs/local/lib/python3.10/dist-packages/carla_ackermann_msgs/msg/_ego_vehicle_control_maxima_s.c
-- Up-to-date symlink: /home/nisanth/carla_ros_ws/install/carla_ackermann_msgs/local/lib/python3.10/dist-packages/carla_ackermann_msgs/msg/_ego_vehicle_control_status.py
-- Up-to-date symlink: /home/nisanth/carla_ros_ws/install/carla_ackermann_msgs/local/lib/python3.10/dist-packages/carla_ackermann_msgs/msg/_ego_vehicle_control_status_s.c
-- Up-to-date symlink: /home/nisanth/carla_ros_ws/install/carla_ackermann_msgs/local/lib/python3.10/dist-packages/carla_ackermann_msgs/msg/_ego_vehicle_control_target.py
-- Up-to-date symlink: /home/nisanth/carla_ros_ws/install/carla_ackermann_msgs/local/lib/python3.10/dist-packages/carla_ackermann_msgs/msg/_ego_vehicle_control_target_s.c
-- Up-to-date symlink: /home/nisanth/carla_ros_ws/install/carla_ackermann_msgs/local/lib/python3.10/dist-packages/carla_ackermann_msgs/carla_ackermann_msgs_s__rosidl_typesupport_fastrtps_c.cpython-310-x86_64-linux-gnu.so
-- Up-to-date symlink: /home/nisanth/carla_ros_ws/install/carla_ackermann_msgs/local/lib/python3.10/dist-packages/carla_ackermann_msgs/carla_ackermann_msgs_s__rosidl_typesupport_introspection_c.cpython-310-x86_64-linux-gnu.so
-- Up-to-date symlink: /home/nisanth/carla_ros_ws/install/carla_ackermann_msgs/local/lib/python3.10/dist-packages/carla_ackermann_msgs/carla_ackermann_msgs_s__rosidl_typesupport_c.cpython-310-x86_64-linux-gnu.so
-- Up-to-date symlink: /home/nisanth/carla_ros_ws/install/carla_ackermann_msgs/share/carla_ackermann_msgs/msg/EgoVehicleControlInfo.idl
-- Up-to-date symlink: /home/nisanth/carla_ros_ws/install/carla_ackermann_msgs/share/carla_ackermann_msgs/msg/EgoVehicleControlCurrent.idl
-- Up-to-date symlink: /home/nisanth/carla_ros_ws/install/carla_ackermann_msgs/share/carla_ackermann_msgs/msg/EgoVehicleControlMaxima.idl
-- Up-to-date symlink: /home/nisanth/carla_ros_ws/install/carla_ackermann_msgs/share/carla_ackermann_msgs/msg/EgoVehicleControlStatus.idl
-- Up-to-date symlink: /home/nisanth/carla_ros_ws/install/carla_ackermann_msgs/share/carla_ackermann_msgs/msg/EgoVehicleControlTarget.idl
-- Up-to-date symlink: /home/nisanth/carla_ros_ws/install/carla_ackermann_msgs/share/carla_ackermann_msgs/msg/EgoVehicleControlInfo.msg
-- Up-to-date symlink: /home/nisanth/carla_ros_ws/install/carla_ackermann_msgs/share/carla_ackermann_msgs/msg/EgoVehicleControlCurrent.msg
-- Up-to-date symlink: /home/nisanth/carla_ros_ws/install/carla_ackermann_msgs/share/carla_ackermann_msgs/msg/EgoVehicleControlMaxima.msg
-- Up-to-date symlink: /home/nisanth/carla_ros_ws/install/carla_ackermann_msgs/share/carla_ackermann_msgs/msg/EgoVehicleControlStatus.msg
-- Up-to-date symlink: /home/nisanth/carla_ros_ws/install/carla_ackermann_msgs/share/carla_ackermann_msgs/msg/EgoVehicleControlTarget.msg
-- Up-to-date symlink: /home/nisanth/carla_ros_ws/install/carla_ackermann_msgs/share/ament_index/resource_index/package_run_dependencies/carla_ackermann_msgs
-- Up-to-date symlink: /home/nisanth/carla_ros_ws/install/carla_ackermann_msgs/share/ament_index/resource_index/parent_prefix_path/carla_ackermann_msgs
-- Up-to-date symlink: /home/nisanth/carla_ros_ws/install/carla_ackermann_msgs/share/carla_ackermann_msgs/environment/ament_prefix_path.sh
-- Up-to-date symlink: /home/nisanth/carla_ros_ws/install/carla_ackermann_msgs/share/carla_ackermann_msgs/environment/ament_prefix_path.dsv
-- Up-to-date symlink: /home/nisanth/carla_ros_ws/install/carla_ackermann_msgs/share/carla_ackermann_msgs/environment/path.sh
-- Up-to-date symlink: /home/nisanth/carla_ros_ws/install/carla_ackermann_msgs/share/carla_ackermann_msgs/environment/path.dsv
-- Up-to-date symlink: /home/nisanth/carla_ros_ws/install/carla_ackermann_msgs/share/carla_ackermann_msgs/local_setup.bash
-- Up-to-date symlink: /home/nisanth/carla_ros_ws/install/carla_ackermann_msgs/share/carla_ackermann_msgs/local_setup.sh
-- Up-to-date symlink: /home/nisanth/carla_ros_ws/install/carla_ackermann_msgs/share/carla_ackermann_msgs/local_setup.zsh
-- Up-to-date symlink: /home/nisanth/carla_ros_ws/install/carla_ackermann_msgs/share/carla_ackermann_msgs/local_setup.dsv
-- Symlinking: /home/nisanth/carla_ros_ws/install/carla_ackermann_msgs/share/carla_ackermann_msgs/package.dsv
-- Up-to-date symlink: /home/nisanth/carla_ros_ws/install/carla_ackermann_msgs/share/ament_index/resource_index/packages/carla_ackermann_msgs
-- Up-to-date symlink: /home/nisanth/carla_ros_ws/install/carla_ackermann_msgs/share/carla_ackermann_msgs/cmake/rosidl_cmake-extras.cmake
-- Up-to-date symlink: /home/nisanth/carla_ros_ws/install/carla_ackermann_msgs/share/carla_ackermann_msgs/cmake/ament_cmake_export_dependencies-extras.cmake
-- Up-to-date symlink: /home/nisanth/carla_ros_ws/install/carla_ackermann_msgs/share/carla_ackermann_msgs/cmake/ament_cmake_export_include_directories-extras.cmake
-- Up-to-date symlink: /home/nisanth/carla_ros_ws/install/carla_ackermann_msgs/share/carla_ackermann_msgs/cmake/ament_cmake_export_libraries-extras.cmake
-- Up-to-date symlink: /home/nisanth/carla_ros_ws/install/carla_ackermann_msgs/share/carla_ackermann_msgs/cmake/ament_cmake_export_targets-extras.cmake
-- Up-to-date symlink: /home/nisanth/carla_ros_ws/install/carla_ackermann_msgs/share/carla_ackermann_msgs/cmake/rosidl_cmake_export_typesupport_targets-extras.cmake
-- Up-to-date symlink: /home/nisanth/carla_ros_ws/install/carla_ackermann_msgs/share/carla_ackermann_msgs/cmake/rosidl_cmake_export_typesupport_libraries-extras.cmake
-- Up-to-date symlink: /home/nisanth/carla_ros_ws/install/carla_ackermann_msgs/share/carla_ackermann_msgs/cmake/carla_ackermann_msgsConfig.cmake
-- Up-to-date symlink: /home/nisanth/carla_ros_ws/install/carla_ackermann_msgs/share/carla_ackermann_msgs/cmake/carla_ackermann_msgsConfig-version.cmake
-- Up-to-date symlink: /home/nisanth/carla_ros_ws/install/carla_ackermann_msgs/share/carla_ackermann_msgs/package.xml
-- Up-to-date: /home/nisanth/carla_ros_ws/install/carla_ackermann_msgs/lib/libcarla_ackermann_msgs__rosidl_generator_c.so
-- Up-to-date: /home/nisanth/carla_ros_ws/install/carla_ackermann_msgs/lib/libcarla_ackermann_msgs__rosidl_typesupport_fastrtps_c.so
-- Up-to-date: /home/nisanth/carla_ros_ws/install/carla_ackermann_msgs/lib/libcarla_ackermann_msgs__rosidl_typesupport_fastrtps_cpp.so
-- Installing: /home/nisanth/carla_ros_ws/install/carla_ackermann_msgs/lib/libcarla_ackermann_msgs__rosidl_typesupport_introspection_c.so
-- Set runtime path of "/home/nisanth/carla_ros_ws/install/carla_ackermann_msgs/lib/libcarla_ackermann_msgs__rosidl_typesupport_introspection_c.so" to ""
-- Up-to-date: /home/nisanth/carla_ros_ws/install/carla_ackermann_msgs/lib/libcarla_ackermann_msgs__rosidl_typesupport_c.so
-- Up-to-date: /home/nisanth/carla_ros_ws/install/carla_ackermann_msgs/lib/libcarla_ackermann_msgs__rosidl_typesupport_introspection_cpp.so
-- Up-to-date: /home/nisanth/carla_ros_ws/install/carla_ackermann_msgs/lib/libcarla_ackermann_msgs__rosidl_typesupport_cpp.so
Listing '/home/nisanth/carla_ros_ws/install/carla_ackermann_msgs/local/lib/python3.10/dist-packages/carla_ackermann_msgs'...
Compiling '/home/nisanth/carla_ros_ws/install/carla_ackermann_msgs/local/lib/python3.10/dist-packages/carla_ackermann_msgs/__init__.py'...
Listing '/home/nisanth/carla_ros_ws/install/carla_ackermann_msgs/local/lib/python3.10/dist-packages/carla_ackermann_msgs/msg'...
-- Up-to-date: /home/nisanth/carla_ros_ws/install/carla_ackermann_msgs/lib/libcarla_ackermann_msgs__rosidl_generator_py.so
-- Up-to-date: /home/nisanth/carla_ros_ws/install/carla_ackermann_msgs/share/carla_ackermann_msgs/cmake/export_carla_ackermann_msgs__rosidl_generator_cExport.cmake
-- Up-to-date: /home/nisanth/carla_ros_ws/install/carla_ackermann_msgs/share/carla_ackermann_msgs/cmake/export_carla_ackermann_msgs__rosidl_generator_cExport-noconfig.cmake
-- Up-to-date: /home/nisanth/carla_ros_ws/install/carla_ackermann_msgs/share/carla_ackermann_msgs/cmake/export_carla_ackermann_msgs__rosidl_typesupport_fastrtps_cExport.cmake
-- Up-to-date: /home/nisanth/carla_ros_ws/install/carla_ackermann_msgs/share/carla_ackermann_msgs/cmake/export_carla_ackermann_msgs__rosidl_typesupport_fastrtps_cExport-noconfig.cmake
-- Up-to-date: /home/nisanth/carla_ros_ws/install/carla_ackermann_msgs/share/carla_ackermann_msgs/cmake/export_carla_ackermann_msgs__rosidl_generator_cppExport.cmake
-- Up-to-date: /home/nisanth/carla_ros_ws/install/carla_ackermann_msgs/share/carla_ackermann_msgs/cmake/export_carla_ackermann_msgs__rosidl_typesupport_fastrtps_cppExport.cmake
-- Up-to-date: /home/nisanth/carla_ros_ws/install/carla_ackermann_msgs/share/carla_ackermann_msgs/cmake/export_carla_ackermann_msgs__rosidl_typesupport_fastrtps_cppExport-noconfig.cmake
-- Up-to-date: /home/nisanth/carla_ros_ws/install/carla_ackermann_msgs/share/carla_ackermann_msgs/cmake/carla_ackermann_msgs__rosidl_typesupport_introspection_cExport.cmake
-- Up-to-date: /home/nisanth/carla_ros_ws/install/carla_ackermann_msgs/share/carla_ackermann_msgs/cmake/carla_ackermann_msgs__rosidl_typesupport_introspection_cExport-noconfig.cmake
-- Up-to-date: /home/nisanth/carla_ros_ws/install/carla_ackermann_msgs/share/carla_ackermann_msgs/cmake/carla_ackermann_msgs__rosidl_typesupport_cExport.cmake
-- Up-to-date: /home/nisanth/carla_ros_ws/install/carla_ackermann_msgs/share/carla_ackermann_msgs/cmake/carla_ackermann_msgs__rosidl_typesupport_cExport-noconfig.cmake
-- Up-to-date: /home/nisanth/carla_ros_ws/install/carla_ackermann_msgs/share/carla_ackermann_msgs/cmake/carla_ackermann_msgs__rosidl_typesupport_introspection_cppExport.cmake
-- Up-to-date: /home/nisanth/carla_ros_ws/install/carla_ackermann_msgs/share/carla_ackermann_msgs/cmake/carla_ackermann_msgs__rosidl_typesupport_introspection_cppExport-noconfig.cmake
-- Up-to-date: /home/nisanth/carla_ros_ws/install/carla_ackermann_msgs/share/carla_ackermann_msgs/cmake/carla_ackermann_msgs__rosidl_typesupport_cppExport.cmake
-- Up-to-date: /home/nisanth/carla_ros_ws/install/carla_ackermann_msgs/share/carla_ackermann_msgs/cmake/carla_ackermann_msgs__rosidl_typesupport_cppExport-noconfig.cmake
-- Up-to-date: /home/nisanth/carla_ros_ws/install/carla_ackermann_msgs/share/carla_ackermann_msgs/cmake/export_carla_ackermann_msgs__rosidl_generator_pyExport.cmake
-- Up-to-date: /home/nisanth/carla_ros_ws/install/carla_ackermann_msgs/share/carla_ackermann_msgs/cmake/export_carla_ackermann_msgs__rosidl_generator_pyExport-noconfig.cmake
