[0.060s] Invoking command in '/home/nisanth/carla_ros_ws/build/carla_ackermann_msgs': AMENT_PREFIX_PATH=/home/nisanth/carla_ros_ws/install/carla_msgs:${AMENT_PREFIX_PATH} CMAKE_PREFIX_PATH=/home/nisanth/carla_ros_ws/install/carla_msgs:/opt/ros/humble LD_LIBRARY_PATH=/home/nisanth/carla_ros_ws/install/carla_msgs/lib:${LD_LIBRARY_PATH} PYTHONPATH=/home/nisanth/carla_ros_ws/install/carla_msgs/local/lib/python3.10/dist-packages:${PYTHONPATH} /usr/bin/cmake /home/nisanth/carla_ros_ws/src/ros-bridge/carla_ackermann_msgs -DCMAKE_INSTALL_PREFIX=/home/nisanth/carla_ros_ws/install/carla_ackermann_msgs
[0.078s] -- Found ros_environment: 3.2.2 (/opt/ros/humble/share/ros_environment/cmake)
[0.078s] -- Found ament_cmake: 1.3.13 (/opt/ros/humble/share/ament_cmake/cmake)
[0.175s] -- Override CMake install command with custom implementation using symlinks instead of copying resources
[0.183s] -- Found builtin_interfaces: 1.2.2 (/opt/ros/humble/share/builtin_interfaces/cmake)
[0.288s] -- Found rosidl_generator_c: 3.1.8 (/opt/ros/humble/share/rosidl_generator_c/cmake)
[0.290s] -- Found rosidl_adapter: 3.1.8 (/opt/ros/humble/share/rosidl_adapter/cmake)
[0.297s] -- Found rosidl_generator_cpp: 3.1.8 (/opt/ros/humble/share/rosidl_generator_cpp/cmake)
[0.310s] -- Using all available rosidl_typesupport_c: rosidl_typesupport_fastrtps_c;rosidl_typesupport_introspection_c
[0.320s] -- Using all available rosidl_typesupport_cpp: rosidl_typesupport_fastrtps_cpp;rosidl_typesupport_introspection_cpp
[0.329s] -- Found std_msgs: 4.9.1 (/opt/ros/humble/share/std_msgs/cmake)
[0.337s] -- Found carla_msgs: 1.3.0 (/home/nisanth/carla_ros_ws/install/carla_msgs/share/carla_msgs/cmake)
[0.369s] -- Found rosidl_default_generators: 1.2.0 (/opt/ros/humble/share/rosidl_default_generators/cmake)
[0.631s] -- Found ament_cmake_cppcheck: 0.12.15 (/opt/ros/humble/share/ament_cmake_cppcheck/cmake)
[0.632s] -- Found ament_cmake_cpplint: 0.12.15 (/opt/ros/humble/share/ament_cmake_cpplint/cmake)
[0.632s] -- Found ament_cmake_uncrustify: 0.12.15 (/opt/ros/humble/share/ament_cmake_uncrustify/cmake)
[0.633s] -- Found ament_cmake_ros: 0.10.0 (/opt/ros/humble/share/ament_cmake_ros/cmake)
[1.055s] -- Using all available rosidl_typesupport_c: rosidl_typesupport_fastrtps_c;rosidl_typesupport_introspection_c
[1.222s] -- Using all available rosidl_typesupport_cpp: rosidl_typesupport_fastrtps_cpp;rosidl_typesupport_introspection_cpp
[1.242s] -- Found python_cmake_module: 0.10.0 (/opt/ros/humble/share/python_cmake_module/cmake)
[1.264s] -- Using PYTHON_EXECUTABLE: /usr/bin/python3
[1.264s] -- Using PYTHON_INCLUDE_DIRS: /usr/include/python3.10
[1.264s] -- Using PYTHON_LIBRARIES: /usr/lib/x86_64-linux-gnu/libpython3.10.so
[1.318s] -- Found ament_cmake_flake8: 0.12.15 (/opt/ros/humble/share/ament_cmake_flake8/cmake)
[1.318s] -- Found ament_cmake_pep257: 0.12.15 (/opt/ros/humble/share/ament_cmake_pep257/cmake)
[1.322s] -- Found ament_lint_auto: 0.12.15 (/opt/ros/humble/share/ament_lint_auto/cmake)
[1.340s] -- Added test 'copyright' to check source files copyright and LICENSE
[1.340s] -- Added test 'lint_cmake' to check CMake code style
[1.341s] -- Added test 'xmllint' to check XML markup files
[1.347s] -- Configuring done
[1.453s] -- Generating done
[1.476s] -- Build files have been written to: /home/nisanth/carla_ros_ws/build/carla_ackermann_msgs
[1.487s] Invoked command in '/home/nisanth/carla_ros_ws/build/carla_ackermann_msgs' returned '0': AMENT_PREFIX_PATH=/home/nisanth/carla_ros_ws/install/carla_msgs:${AMENT_PREFIX_PATH} CMAKE_PREFIX_PATH=/home/nisanth/carla_ros_ws/install/carla_msgs:/opt/ros/humble LD_LIBRARY_PATH=/home/nisanth/carla_ros_ws/install/carla_msgs/lib:${LD_LIBRARY_PATH} PYTHONPATH=/home/nisanth/carla_ros_ws/install/carla_msgs/local/lib/python3.10/dist-packages:${PYTHONPATH} /usr/bin/cmake /home/nisanth/carla_ros_ws/src/ros-bridge/carla_ackermann_msgs -DCMAKE_INSTALL_PREFIX=/home/nisanth/carla_ros_ws/install/carla_ackermann_msgs
[1.489s] Invoking command in '/home/nisanth/carla_ros_ws/build/carla_ackermann_msgs': AMENT_PREFIX_PATH=/home/nisanth/carla_ros_ws/install/carla_msgs:${AMENT_PREFIX_PATH} CMAKE_PREFIX_PATH=/home/nisanth/carla_ros_ws/install/carla_msgs:/opt/ros/humble LD_LIBRARY_PATH=/home/nisanth/carla_ros_ws/install/carla_msgs/lib:${LD_LIBRARY_PATH} PYTHONPATH=/home/nisanth/carla_ros_ws/install/carla_msgs/local/lib/python3.10/dist-packages:${PYTHONPATH} /usr/bin/cmake --build /home/nisanth/carla_ros_ws/build/carla_ackermann_msgs -- -j12 -l12
[1.553s] [35m[1mConsolidate compiler generated dependencies of target carla_ackermann_msgs__rosidl_generator_c[0m
[1.566s] [  1%] Built target carla_ackermann_msgs__cpp
[1.574s] [ 12%] Built target carla_ackermann_msgs__rosidl_generator_c
[1.583s] [ 12%] Built target ament_cmake_python_symlink_carla_ackermann_msgs
[1.598s] [35m[1mConsolidate compiler generated dependencies of target carla_ackermann_msgs__rosidl_typesupport_c[0m
[1.598s] [35m[1mConsolidate compiler generated dependencies of target carla_ackermann_msgs__rosidl_typesupport_fastrtps_cpp[0m
[1.601s] [35m[1mConsolidate compiler generated dependencies of target carla_ackermann_msgs__rosidl_typesupport_introspection_cpp[0m
[1.606s] [35m[1mConsolidate compiler generated dependencies of target carla_ackermann_msgs__rosidl_typesupport_cpp[0m
[1.606s] [35m[1mConsolidate compiler generated dependencies of target carla_ackermann_msgs__rosidl_typesupport_introspection_c[0m
[1.612s] [35m[1mConsolidate compiler generated dependencies of target carla_ackermann_msgs__rosidl_typesupport_fastrtps_c[0m
[1.619s] [ 23%] Built target carla_ackermann_msgs__rosidl_typesupport_c
[1.630s] [ 25%] [32m[1mLinking C shared library libcarla_ackermann_msgs__rosidl_typesupport_introspection_c.so[0m
[1.636s] [ 36%] Built target carla_ackermann_msgs__rosidl_typesupport_fastrtps_cpp
[1.647s] [ 47%] Built target carla_ackermann_msgs__rosidl_typesupport_fastrtps_c
[1.649s] [ 58%] Built target carla_ackermann_msgs__rosidl_typesupport_introspection_cpp
[1.651s] [ 69%] Built target carla_ackermann_msgs__rosidl_typesupport_cpp
[1.784s] [ 79%] Built target carla_ackermann_msgs__rosidl_typesupport_introspection_c
[1.812s] [ 79%] Built target carla_ackermann_msgs
[1.845s] [ 80%] Built target carla_ackermann_msgs__py
[1.861s] [35m[1mConsolidate compiler generated dependencies of target carla_ackermann_msgs__rosidl_generator_py[0m
[1.884s] [ 90%] Built target carla_ackermann_msgs__rosidl_generator_py
[1.891s] running egg_info
[1.892s] writing carla_ackermann_msgs.egg-info/PKG-INFO
[1.892s] writing dependency_links to carla_ackermann_msgs.egg-info/dependency_links.txt
[1.892s] writing top-level names to carla_ackermann_msgs.egg-info/top_level.txt
[1.895s] reading manifest file 'carla_ackermann_msgs.egg-info/SOURCES.txt'
[1.896s] writing manifest file 'carla_ackermann_msgs.egg-info/SOURCES.txt'
[1.900s] [35m[1mConsolidate compiler generated dependencies of target carla_ackermann_msgs__rosidl_typesupport_c__pyext[0m
[1.900s] [35m[1mConsolidate compiler generated dependencies of target carla_ackermann_msgs__rosidl_typesupport_fastrtps_c__pyext[0m
[1.902s] [35m[1mConsolidate compiler generated dependencies of target carla_ackermann_msgs__rosidl_typesupport_introspection_c__pyext[0m
[1.919s] [ 93%] [32m[1mLinking C shared library rosidl_generator_py/carla_ackermann_msgs/carla_ackermann_msgs_s__rosidl_typesupport_c.cpython-310-x86_64-linux-gnu.so[0m
[1.919s] [ 95%] [32m[1mLinking C shared library rosidl_generator_py/carla_ackermann_msgs/carla_ackermann_msgs_s__rosidl_typesupport_fastrtps_c.cpython-310-x86_64-linux-gnu.so[0m
[1.919s] [ 95%] [32m[1mLinking C shared library rosidl_generator_py/carla_ackermann_msgs/carla_ackermann_msgs_s__rosidl_typesupport_introspection_c.cpython-310-x86_64-linux-gnu.so[0m
[1.929s] [ 95%] Built target ament_cmake_python_build_carla_ackermann_msgs_egg
[2.034s] [ 96%] Built target carla_ackermann_msgs__rosidl_typesupport_c__pyext
[2.035s] [ 98%] Built target carla_ackermann_msgs__rosidl_typesupport_introspection_c__pyext
[2.036s] [100%] Built target carla_ackermann_msgs__rosidl_typesupport_fastrtps_c__pyext
[2.055s] Invoked command in '/home/nisanth/carla_ros_ws/build/carla_ackermann_msgs' returned '0': AMENT_PREFIX_PATH=/home/nisanth/carla_ros_ws/install/carla_msgs:${AMENT_PREFIX_PATH} CMAKE_PREFIX_PATH=/home/nisanth/carla_ros_ws/install/carla_msgs:/opt/ros/humble LD_LIBRARY_PATH=/home/nisanth/carla_ros_ws/install/carla_msgs/lib:${LD_LIBRARY_PATH} PYTHONPATH=/home/nisanth/carla_ros_ws/install/carla_msgs/local/lib/python3.10/dist-packages:${PYTHONPATH} /usr/bin/cmake --build /home/nisanth/carla_ros_ws/build/carla_ackermann_msgs -- -j12 -l12
[2.060s] Invoking command in '/home/nisanth/carla_ros_ws/build/carla_ackermann_msgs': AMENT_PREFIX_PATH=/home/nisanth/carla_ros_ws/install/carla_msgs:${AMENT_PREFIX_PATH} CMAKE_PREFIX_PATH=/home/nisanth/carla_ros_ws/install/carla_msgs:/opt/ros/humble LD_LIBRARY_PATH=/home/nisanth/carla_ros_ws/install/carla_msgs/lib:${LD_LIBRARY_PATH} PYTHONPATH=/home/nisanth/carla_ros_ws/install/carla_msgs/local/lib/python3.10/dist-packages:${PYTHONPATH} /usr/bin/cmake --install /home/nisanth/carla_ros_ws/build/carla_ackermann_msgs
[2.071s] -- Install configuration: ""
[2.072s] -- Execute custom install script
[2.073s] -- Up-to-date symlink: /home/nisanth/carla_ros_ws/install/carla_ackermann_msgs/share/ament_index/resource_index/rosidl_interfaces/carla_ackermann_msgs
[2.074s] -- Up-to-date symlink: /home/nisanth/carla_ros_ws/install/carla_ackermann_msgs/include/carla_ackermann_msgs/carla_ackermann_msgs/msg/detail/ego_vehicle_control_current__functions.h
[2.075s] -- Up-to-date symlink: /home/nisanth/carla_ros_ws/install/carla_ackermann_msgs/include/carla_ackermann_msgs/carla_ackermann_msgs/msg/detail/ego_vehicle_control_current__struct.h
[2.075s] -- Up-to-date symlink: /home/nisanth/carla_ros_ws/install/carla_ackermann_msgs/include/carla_ackermann_msgs/carla_ackermann_msgs/msg/detail/ego_vehicle_control_current__type_support.h
[2.076s] -- Up-to-date symlink: /home/nisanth/carla_ros_ws/install/carla_ackermann_msgs/include/carla_ackermann_msgs/carla_ackermann_msgs/msg/detail/ego_vehicle_control_info__functions.h
[2.076s] -- Up-to-date symlink: /home/nisanth/carla_ros_ws/install/carla_ackermann_msgs/include/carla_ackermann_msgs/carla_ackermann_msgs/msg/detail/ego_vehicle_control_info__struct.h
[2.077s] -- Up-to-date symlink: /home/nisanth/carla_ros_ws/install/carla_ackermann_msgs/include/carla_ackermann_msgs/carla_ackermann_msgs/msg/detail/ego_vehicle_control_info__type_support.h
[2.077s] -- Up-to-date symlink: /home/nisanth/carla_ros_ws/install/carla_ackermann_msgs/include/carla_ackermann_msgs/carla_ackermann_msgs/msg/detail/ego_vehicle_control_maxima__functions.h
[2.077s] -- Up-to-date symlink: /home/nisanth/carla_ros_ws/install/carla_ackermann_msgs/include/carla_ackermann_msgs/carla_ackermann_msgs/msg/detail/ego_vehicle_control_maxima__struct.h
[2.078s] -- Up-to-date symlink: /home/nisanth/carla_ros_ws/install/carla_ackermann_msgs/include/carla_ackermann_msgs/carla_ackermann_msgs/msg/detail/ego_vehicle_control_maxima__type_support.h
[2.078s] -- Up-to-date symlink: /home/nisanth/carla_ros_ws/install/carla_ackermann_msgs/include/carla_ackermann_msgs/carla_ackermann_msgs/msg/detail/ego_vehicle_control_status__functions.h
[2.078s] -- Up-to-date symlink: /home/nisanth/carla_ros_ws/install/carla_ackermann_msgs/include/carla_ackermann_msgs/carla_ackermann_msgs/msg/detail/ego_vehicle_control_status__struct.h
[2.079s] -- Up-to-date symlink: /home/nisanth/carla_ros_ws/install/carla_ackermann_msgs/include/carla_ackermann_msgs/carla_ackermann_msgs/msg/detail/ego_vehicle_control_status__type_support.h
[2.080s] -- Up-to-date symlink: /home/nisanth/carla_ros_ws/install/carla_ackermann_msgs/include/carla_ackermann_msgs/carla_ackermann_msgs/msg/detail/ego_vehicle_control_target__functions.h
[2.081s] -- Up-to-date symlink: /home/nisanth/carla_ros_ws/install/carla_ackermann_msgs/include/carla_ackermann_msgs/carla_ackermann_msgs/msg/detail/ego_vehicle_control_target__struct.h
[2.081s] -- Up-to-date symlink: /home/nisanth/carla_ros_ws/install/carla_ackermann_msgs/include/carla_ackermann_msgs/carla_ackermann_msgs/msg/detail/ego_vehicle_control_target__type_support.h
[2.081s] -- Up-to-date symlink: /home/nisanth/carla_ros_ws/install/carla_ackermann_msgs/include/carla_ackermann_msgs/carla_ackermann_msgs/msg/ego_vehicle_control_current.h
[2.081s] -- Up-to-date symlink: /home/nisanth/carla_ros_ws/install/carla_ackermann_msgs/include/carla_ackermann_msgs/carla_ackermann_msgs/msg/ego_vehicle_control_info.h
[2.082s] -- Up-to-date symlink: /home/nisanth/carla_ros_ws/install/carla_ackermann_msgs/include/carla_ackermann_msgs/carla_ackermann_msgs/msg/ego_vehicle_control_maxima.h
[2.082s] -- Up-to-date symlink: /home/nisanth/carla_ros_ws/install/carla_ackermann_msgs/include/carla_ackermann_msgs/carla_ackermann_msgs/msg/ego_vehicle_control_status.h
[2.082s] -- Up-to-date symlink: /home/nisanth/carla_ros_ws/install/carla_ackermann_msgs/include/carla_ackermann_msgs/carla_ackermann_msgs/msg/ego_vehicle_control_target.h
[2.083s] -- Up-to-date symlink: /home/nisanth/carla_ros_ws/install/carla_ackermann_msgs/include/carla_ackermann_msgs/carla_ackermann_msgs/msg/rosidl_generator_c__visibility_control.h
[2.083s] -- Up-to-date symlink: /home/nisanth/carla_ros_ws/install/carla_ackermann_msgs/share/carla_ackermann_msgs/environment/library_path.sh
[2.084s] -- Up-to-date symlink: /home/nisanth/carla_ros_ws/install/carla_ackermann_msgs/share/carla_ackermann_msgs/environment/library_path.dsv
[2.085s] -- Up-to-date symlink: /home/nisanth/carla_ros_ws/install/carla_ackermann_msgs/include/carla_ackermann_msgs/carla_ackermann_msgs/msg/detail/ego_vehicle_control_current__rosidl_typesupport_fastrtps_c.h
[2.085s] -- Up-to-date symlink: /home/nisanth/carla_ros_ws/install/carla_ackermann_msgs/include/carla_ackermann_msgs/carla_ackermann_msgs/msg/detail/ego_vehicle_control_info__rosidl_typesupport_fastrtps_c.h
[2.085s] -- Up-to-date symlink: /home/nisanth/carla_ros_ws/install/carla_ackermann_msgs/include/carla_ackermann_msgs/carla_ackermann_msgs/msg/detail/ego_vehicle_control_maxima__rosidl_typesupport_fastrtps_c.h
[2.086s] -- Up-to-date symlink: /home/nisanth/carla_ros_ws/install/carla_ackermann_msgs/include/carla_ackermann_msgs/carla_ackermann_msgs/msg/detail/ego_vehicle_control_status__rosidl_typesupport_fastrtps_c.h
[2.086s] -- Up-to-date symlink: /home/nisanth/carla_ros_ws/install/carla_ackermann_msgs/include/carla_ackermann_msgs/carla_ackermann_msgs/msg/detail/ego_vehicle_control_target__rosidl_typesupport_fastrtps_c.h
[2.087s] -- Up-to-date symlink: /home/nisanth/carla_ros_ws/install/carla_ackermann_msgs/include/carla_ackermann_msgs/carla_ackermann_msgs/msg/rosidl_typesupport_fastrtps_c__visibility_control.h
[2.088s] -- Up-to-date symlink: /home/nisanth/carla_ros_ws/install/carla_ackermann_msgs/include/carla_ackermann_msgs/carla_ackermann_msgs/msg/detail/ego_vehicle_control_current__builder.hpp
[2.088s] -- Up-to-date symlink: /home/nisanth/carla_ros_ws/install/carla_ackermann_msgs/include/carla_ackermann_msgs/carla_ackermann_msgs/msg/detail/ego_vehicle_control_current__struct.hpp
[2.089s] -- Up-to-date symlink: /home/nisanth/carla_ros_ws/install/carla_ackermann_msgs/include/carla_ackermann_msgs/carla_ackermann_msgs/msg/detail/ego_vehicle_control_current__traits.hpp
[2.089s] -- Up-to-date symlink: /home/nisanth/carla_ros_ws/install/carla_ackermann_msgs/include/carla_ackermann_msgs/carla_ackermann_msgs/msg/detail/ego_vehicle_control_current__type_support.hpp
[2.090s] -- Up-to-date symlink: /home/nisanth/carla_ros_ws/install/carla_ackermann_msgs/include/carla_ackermann_msgs/carla_ackermann_msgs/msg/detail/ego_vehicle_control_info__builder.hpp
[2.090s] -- Up-to-date symlink: /home/nisanth/carla_ros_ws/install/carla_ackermann_msgs/include/carla_ackermann_msgs/carla_ackermann_msgs/msg/detail/ego_vehicle_control_info__struct.hpp
[2.091s] -- Up-to-date symlink: /home/nisanth/carla_ros_ws/install/carla_ackermann_msgs/include/carla_ackermann_msgs/carla_ackermann_msgs/msg/detail/ego_vehicle_control_info__traits.hpp
[2.091s] -- Up-to-date symlink: /home/nisanth/carla_ros_ws/install/carla_ackermann_msgs/include/carla_ackermann_msgs/carla_ackermann_msgs/msg/detail/ego_vehicle_control_info__type_support.hpp
[2.091s] -- Up-to-date symlink: /home/nisanth/carla_ros_ws/install/carla_ackermann_msgs/include/carla_ackermann_msgs/carla_ackermann_msgs/msg/detail/ego_vehicle_control_maxima__builder.hpp
[2.091s] -- Up-to-date symlink: /home/nisanth/carla_ros_ws/install/carla_ackermann_msgs/include/carla_ackermann_msgs/carla_ackermann_msgs/msg/detail/ego_vehicle_control_maxima__struct.hpp
[2.092s] -- Up-to-date symlink: /home/nisanth/carla_ros_ws/install/carla_ackermann_msgs/include/carla_ackermann_msgs/carla_ackermann_msgs/msg/detail/ego_vehicle_control_maxima__traits.hpp
[2.092s] -- Up-to-date symlink: /home/nisanth/carla_ros_ws/install/carla_ackermann_msgs/include/carla_ackermann_msgs/carla_ackermann_msgs/msg/detail/ego_vehicle_control_maxima__type_support.hpp
[2.093s] -- Up-to-date symlink: /home/nisanth/carla_ros_ws/install/carla_ackermann_msgs/include/carla_ackermann_msgs/carla_ackermann_msgs/msg/detail/ego_vehicle_control_status__builder.hpp
[2.093s] -- Up-to-date symlink: /home/nisanth/carla_ros_ws/install/carla_ackermann_msgs/include/carla_ackermann_msgs/carla_ackermann_msgs/msg/detail/ego_vehicle_control_status__struct.hpp
[2.093s] -- Up-to-date symlink: /home/nisanth/carla_ros_ws/install/carla_ackermann_msgs/include/carla_ackermann_msgs/carla_ackermann_msgs/msg/detail/ego_vehicle_control_status__traits.hpp
[2.094s] -- Up-to-date symlink: /home/nisanth/carla_ros_ws/install/carla_ackermann_msgs/include/carla_ackermann_msgs/carla_ackermann_msgs/msg/detail/ego_vehicle_control_status__type_support.hpp
[2.094s] -- Up-to-date symlink: /home/nisanth/carla_ros_ws/install/carla_ackermann_msgs/include/carla_ackermann_msgs/carla_ackermann_msgs/msg/detail/ego_vehicle_control_target__builder.hpp
[2.094s] -- Up-to-date symlink: /home/nisanth/carla_ros_ws/install/carla_ackermann_msgs/include/carla_ackermann_msgs/carla_ackermann_msgs/msg/detail/ego_vehicle_control_target__struct.hpp
[2.095s] -- Up-to-date symlink: /home/nisanth/carla_ros_ws/install/carla_ackermann_msgs/include/carla_ackermann_msgs/carla_ackermann_msgs/msg/detail/ego_vehicle_control_target__traits.hpp
[2.095s] -- Up-to-date symlink: /home/nisanth/carla_ros_ws/install/carla_ackermann_msgs/include/carla_ackermann_msgs/carla_ackermann_msgs/msg/detail/ego_vehicle_control_target__type_support.hpp
[2.096s] -- Up-to-date symlink: /home/nisanth/carla_ros_ws/install/carla_ackermann_msgs/include/carla_ackermann_msgs/carla_ackermann_msgs/msg/ego_vehicle_control_current.hpp
[2.096s] -- Up-to-date symlink: /home/nisanth/carla_ros_ws/install/carla_ackermann_msgs/include/carla_ackermann_msgs/carla_ackermann_msgs/msg/ego_vehicle_control_info.hpp
[2.096s] -- Up-to-date symlink: /home/nisanth/carla_ros_ws/install/carla_ackermann_msgs/include/carla_ackermann_msgs/carla_ackermann_msgs/msg/ego_vehicle_control_maxima.hpp
[2.097s] -- Up-to-date symlink: /home/nisanth/carla_ros_ws/install/carla_ackermann_msgs/include/carla_ackermann_msgs/carla_ackermann_msgs/msg/ego_vehicle_control_status.hpp
[2.097s] -- Up-to-date symlink: /home/nisanth/carla_ros_ws/install/carla_ackermann_msgs/include/carla_ackermann_msgs/carla_ackermann_msgs/msg/ego_vehicle_control_target.hpp
[2.098s] -- Up-to-date symlink: /home/nisanth/carla_ros_ws/install/carla_ackermann_msgs/include/carla_ackermann_msgs/carla_ackermann_msgs/msg/rosidl_generator_cpp__visibility_control.hpp
[2.099s] -- Up-to-date symlink: /home/nisanth/carla_ros_ws/install/carla_ackermann_msgs/include/carla_ackermann_msgs/carla_ackermann_msgs/msg/detail/ego_vehicle_control_current__rosidl_typesupport_fastrtps_cpp.hpp
[2.099s] -- Up-to-date symlink: /home/nisanth/carla_ros_ws/install/carla_ackermann_msgs/include/carla_ackermann_msgs/carla_ackermann_msgs/msg/detail/ego_vehicle_control_info__rosidl_typesupport_fastrtps_cpp.hpp
[2.100s] -- Up-to-date symlink: /home/nisanth/carla_ros_ws/install/carla_ackermann_msgs/include/carla_ackermann_msgs/carla_ackermann_msgs/msg/detail/ego_vehicle_control_maxima__rosidl_typesupport_fastrtps_cpp.hpp
[2.100s] -- Up-to-date symlink: /home/nisanth/carla_ros_ws/install/carla_ackermann_msgs/include/carla_ackermann_msgs/carla_ackermann_msgs/msg/detail/ego_vehicle_control_status__rosidl_typesupport_fastrtps_cpp.hpp
[2.101s] -- Up-to-date symlink: /home/nisanth/carla_ros_ws/install/carla_ackermann_msgs/include/carla_ackermann_msgs/carla_ackermann_msgs/msg/detail/ego_vehicle_control_target__rosidl_typesupport_fastrtps_cpp.hpp
[2.101s] -- Up-to-date symlink: /home/nisanth/carla_ros_ws/install/carla_ackermann_msgs/include/carla_ackermann_msgs/carla_ackermann_msgs/msg/rosidl_typesupport_fastrtps_cpp__visibility_control.h
[2.102s] -- Up-to-date symlink: /home/nisanth/carla_ros_ws/install/carla_ackermann_msgs/include/carla_ackermann_msgs/carla_ackermann_msgs/msg/detail/ego_vehicle_control_current__rosidl_typesupport_introspection_c.h
[2.102s] -- Up-to-date symlink: /home/nisanth/carla_ros_ws/install/carla_ackermann_msgs/include/carla_ackermann_msgs/carla_ackermann_msgs/msg/detail/ego_vehicle_control_info__rosidl_typesupport_introspection_c.h
[2.102s] -- Up-to-date symlink: /home/nisanth/carla_ros_ws/install/carla_ackermann_msgs/include/carla_ackermann_msgs/carla_ackermann_msgs/msg/detail/ego_vehicle_control_maxima__rosidl_typesupport_introspection_c.h
[2.103s] -- Up-to-date symlink: /home/nisanth/carla_ros_ws/install/carla_ackermann_msgs/include/carla_ackermann_msgs/carla_ackermann_msgs/msg/detail/ego_vehicle_control_status__rosidl_typesupport_introspection_c.h
[2.103s] -- Up-to-date symlink: /home/nisanth/carla_ros_ws/install/carla_ackermann_msgs/include/carla_ackermann_msgs/carla_ackermann_msgs/msg/detail/ego_vehicle_control_target__rosidl_typesupport_introspection_c.h
[2.104s] -- Up-to-date symlink: /home/nisanth/carla_ros_ws/install/carla_ackermann_msgs/include/carla_ackermann_msgs/carla_ackermann_msgs/msg/rosidl_typesupport_introspection_c__visibility_control.h
[2.105s] -- Up-to-date symlink: /home/nisanth/carla_ros_ws/install/carla_ackermann_msgs/include/carla_ackermann_msgs/carla_ackermann_msgs/msg/detail/ego_vehicle_control_current__rosidl_typesupport_introspection_cpp.hpp
[2.105s] -- Up-to-date symlink: /home/nisanth/carla_ros_ws/install/carla_ackermann_msgs/include/carla_ackermann_msgs/carla_ackermann_msgs/msg/detail/ego_vehicle_control_info__rosidl_typesupport_introspection_cpp.hpp
[2.106s] -- Up-to-date symlink: /home/nisanth/carla_ros_ws/install/carla_ackermann_msgs/include/carla_ackermann_msgs/carla_ackermann_msgs/msg/detail/ego_vehicle_control_maxima__rosidl_typesupport_introspection_cpp.hpp
[2.106s] -- Up-to-date symlink: /home/nisanth/carla_ros_ws/install/carla_ackermann_msgs/include/carla_ackermann_msgs/carla_ackermann_msgs/msg/detail/ego_vehicle_control_status__rosidl_typesupport_introspection_cpp.hpp
[2.106s] -- Up-to-date symlink: /home/nisanth/carla_ros_ws/install/carla_ackermann_msgs/include/carla_ackermann_msgs/carla_ackermann_msgs/msg/detail/ego_vehicle_control_target__rosidl_typesupport_introspection_cpp.hpp
[2.107s] -- Up-to-date symlink: /home/nisanth/carla_ros_ws/install/carla_ackermann_msgs/share/carla_ackermann_msgs/environment/pythonpath.sh
[2.108s] -- Up-to-date symlink: /home/nisanth/carla_ros_ws/install/carla_ackermann_msgs/share/carla_ackermann_msgs/environment/pythonpath.dsv
[2.108s] -- Up-to-date symlink: /home/nisanth/carla_ros_ws/install/carla_ackermann_msgs/local/lib/python3.10/dist-packages/carla_ackermann_msgs-1.0.0-py3.10.egg-info/PKG-INFO
[2.109s] -- Up-to-date symlink: /home/nisanth/carla_ros_ws/install/carla_ackermann_msgs/local/lib/python3.10/dist-packages/carla_ackermann_msgs-1.0.0-py3.10.egg-info/SOURCES.txt
[2.109s] -- Up-to-date symlink: /home/nisanth/carla_ros_ws/install/carla_ackermann_msgs/local/lib/python3.10/dist-packages/carla_ackermann_msgs-1.0.0-py3.10.egg-info/dependency_links.txt
[2.110s] -- Up-to-date symlink: /home/nisanth/carla_ros_ws/install/carla_ackermann_msgs/local/lib/python3.10/dist-packages/carla_ackermann_msgs-1.0.0-py3.10.egg-info/top_level.txt
[2.112s] -- Up-to-date symlink: /home/nisanth/carla_ros_ws/install/carla_ackermann_msgs/local/lib/python3.10/dist-packages/carla_ackermann_msgs/__init__.py
[2.112s] -- Up-to-date symlink: /home/nisanth/carla_ros_ws/install/carla_ackermann_msgs/local/lib/python3.10/dist-packages/carla_ackermann_msgs/_carla_ackermann_msgs_s.ep.rosidl_typesupport_c.c
[2.112s] -- Up-to-date symlink: /home/nisanth/carla_ros_ws/install/carla_ackermann_msgs/local/lib/python3.10/dist-packages/carla_ackermann_msgs/_carla_ackermann_msgs_s.ep.rosidl_typesupport_fastrtps_c.c
[2.112s] -- Up-to-date symlink: /home/nisanth/carla_ros_ws/install/carla_ackermann_msgs/local/lib/python3.10/dist-packages/carla_ackermann_msgs/_carla_ackermann_msgs_s.ep.rosidl_typesupport_introspection_c.c
[2.113s] -- Up-to-date symlink: /home/nisanth/carla_ros_ws/install/carla_ackermann_msgs/local/lib/python3.10/dist-packages/carla_ackermann_msgs/carla_ackermann_msgs_s__rosidl_typesupport_c.cpython-310-x86_64-linux-gnu.so
[2.113s] -- Up-to-date symlink: /home/nisanth/carla_ros_ws/install/carla_ackermann_msgs/local/lib/python3.10/dist-packages/carla_ackermann_msgs/carla_ackermann_msgs_s__rosidl_typesupport_fastrtps_c.cpython-310-x86_64-linux-gnu.so
[2.113s] -- Up-to-date symlink: /home/nisanth/carla_ros_ws/install/carla_ackermann_msgs/local/lib/python3.10/dist-packages/carla_ackermann_msgs/carla_ackermann_msgs_s__rosidl_typesupport_introspection_c.cpython-310-x86_64-linux-gnu.so
[2.113s] -- Up-to-date symlink: /home/nisanth/carla_ros_ws/install/carla_ackermann_msgs/local/lib/python3.10/dist-packages/carla_ackermann_msgs/libcarla_ackermann_msgs__rosidl_generator_py.so
[2.114s] -- Up-to-date symlink: /home/nisanth/carla_ros_ws/install/carla_ackermann_msgs/local/lib/python3.10/dist-packages/carla_ackermann_msgs/msg/__init__.py
[2.114s] -- Up-to-date symlink: /home/nisanth/carla_ros_ws/install/carla_ackermann_msgs/local/lib/python3.10/dist-packages/carla_ackermann_msgs/msg/_ego_vehicle_control_current.py
[2.115s] -- Up-to-date symlink: /home/nisanth/carla_ros_ws/install/carla_ackermann_msgs/local/lib/python3.10/dist-packages/carla_ackermann_msgs/msg/_ego_vehicle_control_current_s.c
[2.115s] -- Up-to-date symlink: /home/nisanth/carla_ros_ws/install/carla_ackermann_msgs/local/lib/python3.10/dist-packages/carla_ackermann_msgs/msg/_ego_vehicle_control_info.py
[2.115s] -- Up-to-date symlink: /home/nisanth/carla_ros_ws/install/carla_ackermann_msgs/local/lib/python3.10/dist-packages/carla_ackermann_msgs/msg/_ego_vehicle_control_info_s.c
[2.116s] -- Up-to-date symlink: /home/nisanth/carla_ros_ws/install/carla_ackermann_msgs/local/lib/python3.10/dist-packages/carla_ackermann_msgs/msg/_ego_vehicle_control_maxima.py
[2.117s] -- Up-to-date symlink: /home/nisanth/carla_ros_ws/install/carla_ackermann_msgs/local/lib/python3.10/dist-packages/carla_ackermann_msgs/msg/_ego_vehicle_control_maxima_s.c
[2.117s] -- Up-to-date symlink: /home/nisanth/carla_ros_ws/install/carla_ackermann_msgs/local/lib/python3.10/dist-packages/carla_ackermann_msgs/msg/_ego_vehicle_control_status.py
[2.117s] -- Up-to-date symlink: /home/nisanth/carla_ros_ws/install/carla_ackermann_msgs/local/lib/python3.10/dist-packages/carla_ackermann_msgs/msg/_ego_vehicle_control_status_s.c
[2.117s] -- Up-to-date symlink: /home/nisanth/carla_ros_ws/install/carla_ackermann_msgs/local/lib/python3.10/dist-packages/carla_ackermann_msgs/msg/_ego_vehicle_control_target.py
[2.118s] -- Up-to-date symlink: /home/nisanth/carla_ros_ws/install/carla_ackermann_msgs/local/lib/python3.10/dist-packages/carla_ackermann_msgs/msg/_ego_vehicle_control_target_s.c
[2.118s] -- Up-to-date symlink: /home/nisanth/carla_ros_ws/install/carla_ackermann_msgs/local/lib/python3.10/dist-packages/carla_ackermann_msgs/carla_ackermann_msgs_s__rosidl_typesupport_fastrtps_c.cpython-310-x86_64-linux-gnu.so
[2.118s] -- Up-to-date symlink: /home/nisanth/carla_ros_ws/install/carla_ackermann_msgs/local/lib/python3.10/dist-packages/carla_ackermann_msgs/carla_ackermann_msgs_s__rosidl_typesupport_introspection_c.cpython-310-x86_64-linux-gnu.so
[2.118s] -- Up-to-date symlink: /home/nisanth/carla_ros_ws/install/carla_ackermann_msgs/local/lib/python3.10/dist-packages/carla_ackermann_msgs/carla_ackermann_msgs_s__rosidl_typesupport_c.cpython-310-x86_64-linux-gnu.so
[2.119s] -- Up-to-date symlink: /home/nisanth/carla_ros_ws/install/carla_ackermann_msgs/share/carla_ackermann_msgs/msg/EgoVehicleControlInfo.idl
[2.120s] -- Up-to-date symlink: /home/nisanth/carla_ros_ws/install/carla_ackermann_msgs/share/carla_ackermann_msgs/msg/EgoVehicleControlCurrent.idl
[2.120s] -- Up-to-date symlink: /home/nisanth/carla_ros_ws/install/carla_ackermann_msgs/share/carla_ackermann_msgs/msg/EgoVehicleControlMaxima.idl
[2.120s] -- Up-to-date symlink: /home/nisanth/carla_ros_ws/install/carla_ackermann_msgs/share/carla_ackermann_msgs/msg/EgoVehicleControlStatus.idl
[2.121s] -- Up-to-date symlink: /home/nisanth/carla_ros_ws/install/carla_ackermann_msgs/share/carla_ackermann_msgs/msg/EgoVehicleControlTarget.idl
[2.121s] -- Up-to-date symlink: /home/nisanth/carla_ros_ws/install/carla_ackermann_msgs/share/carla_ackermann_msgs/msg/EgoVehicleControlInfo.msg
[2.121s] -- Up-to-date symlink: /home/nisanth/carla_ros_ws/install/carla_ackermann_msgs/share/carla_ackermann_msgs/msg/EgoVehicleControlCurrent.msg
[2.122s] -- Up-to-date symlink: /home/nisanth/carla_ros_ws/install/carla_ackermann_msgs/share/carla_ackermann_msgs/msg/EgoVehicleControlMaxima.msg
[2.122s] -- Up-to-date symlink: /home/nisanth/carla_ros_ws/install/carla_ackermann_msgs/share/carla_ackermann_msgs/msg/EgoVehicleControlStatus.msg
[2.122s] -- Up-to-date symlink: /home/nisanth/carla_ros_ws/install/carla_ackermann_msgs/share/carla_ackermann_msgs/msg/EgoVehicleControlTarget.msg
[2.123s] -- Up-to-date symlink: /home/nisanth/carla_ros_ws/install/carla_ackermann_msgs/share/ament_index/resource_index/package_run_dependencies/carla_ackermann_msgs
[2.123s] -- Up-to-date symlink: /home/nisanth/carla_ros_ws/install/carla_ackermann_msgs/share/ament_index/resource_index/parent_prefix_path/carla_ackermann_msgs
[2.123s] -- Up-to-date symlink: /home/nisanth/carla_ros_ws/install/carla_ackermann_msgs/share/carla_ackermann_msgs/environment/ament_prefix_path.sh
[2.124s] -- Up-to-date symlink: /home/nisanth/carla_ros_ws/install/carla_ackermann_msgs/share/carla_ackermann_msgs/environment/ament_prefix_path.dsv
[2.124s] -- Up-to-date symlink: /home/nisanth/carla_ros_ws/install/carla_ackermann_msgs/share/carla_ackermann_msgs/environment/path.sh
[2.124s] -- Up-to-date symlink: /home/nisanth/carla_ros_ws/install/carla_ackermann_msgs/share/carla_ackermann_msgs/environment/path.dsv
[2.125s] -- Up-to-date symlink: /home/nisanth/carla_ros_ws/install/carla_ackermann_msgs/share/carla_ackermann_msgs/local_setup.bash
[2.126s] -- Up-to-date symlink: /home/nisanth/carla_ros_ws/install/carla_ackermann_msgs/share/carla_ackermann_msgs/local_setup.sh
[2.126s] -- Up-to-date symlink: /home/nisanth/carla_ros_ws/install/carla_ackermann_msgs/share/carla_ackermann_msgs/local_setup.zsh
[2.126s] -- Up-to-date symlink: /home/nisanth/carla_ros_ws/install/carla_ackermann_msgs/share/carla_ackermann_msgs/local_setup.dsv
[2.127s] -- Symlinking: /home/nisanth/carla_ros_ws/install/carla_ackermann_msgs/share/carla_ackermann_msgs/package.dsv
[2.141s] -- Up-to-date symlink: /home/nisanth/carla_ros_ws/install/carla_ackermann_msgs/share/ament_index/resource_index/packages/carla_ackermann_msgs
[2.142s] -- Up-to-date symlink: /home/nisanth/carla_ros_ws/install/carla_ackermann_msgs/share/carla_ackermann_msgs/cmake/rosidl_cmake-extras.cmake
[2.142s] -- Up-to-date symlink: /home/nisanth/carla_ros_ws/install/carla_ackermann_msgs/share/carla_ackermann_msgs/cmake/ament_cmake_export_dependencies-extras.cmake
[2.142s] -- Up-to-date symlink: /home/nisanth/carla_ros_ws/install/carla_ackermann_msgs/share/carla_ackermann_msgs/cmake/ament_cmake_export_include_directories-extras.cmake
[2.143s] -- Up-to-date symlink: /home/nisanth/carla_ros_ws/install/carla_ackermann_msgs/share/carla_ackermann_msgs/cmake/ament_cmake_export_libraries-extras.cmake
[2.143s] -- Up-to-date symlink: /home/nisanth/carla_ros_ws/install/carla_ackermann_msgs/share/carla_ackermann_msgs/cmake/ament_cmake_export_targets-extras.cmake
[2.144s] -- Up-to-date symlink: /home/nisanth/carla_ros_ws/install/carla_ackermann_msgs/share/carla_ackermann_msgs/cmake/rosidl_cmake_export_typesupport_targets-extras.cmake
[2.144s] -- Up-to-date symlink: /home/nisanth/carla_ros_ws/install/carla_ackermann_msgs/share/carla_ackermann_msgs/cmake/rosidl_cmake_export_typesupport_libraries-extras.cmake
[2.144s] -- Up-to-date symlink: /home/nisanth/carla_ros_ws/install/carla_ackermann_msgs/share/carla_ackermann_msgs/cmake/carla_ackermann_msgsConfig.cmake
[2.145s] -- Up-to-date symlink: /home/nisanth/carla_ros_ws/install/carla_ackermann_msgs/share/carla_ackermann_msgs/cmake/carla_ackermann_msgsConfig-version.cmake
[2.145s] -- Up-to-date symlink: /home/nisanth/carla_ros_ws/install/carla_ackermann_msgs/share/carla_ackermann_msgs/package.xml
[2.146s] -- Up-to-date: /home/nisanth/carla_ros_ws/install/carla_ackermann_msgs/lib/libcarla_ackermann_msgs__rosidl_generator_c.so
[2.147s] -- Up-to-date: /home/nisanth/carla_ros_ws/install/carla_ackermann_msgs/lib/libcarla_ackermann_msgs__rosidl_typesupport_fastrtps_c.so
[2.149s] -- Up-to-date: /home/nisanth/carla_ros_ws/install/carla_ackermann_msgs/lib/libcarla_ackermann_msgs__rosidl_typesupport_fastrtps_cpp.so
[2.150s] -- Installing: /home/nisanth/carla_ros_ws/install/carla_ackermann_msgs/lib/libcarla_ackermann_msgs__rosidl_typesupport_introspection_c.so
[2.150s] -- Set runtime path of "/home/nisanth/carla_ros_ws/install/carla_ackermann_msgs/lib/libcarla_ackermann_msgs__rosidl_typesupport_introspection_c.so" to ""
[2.151s] -- Up-to-date: /home/nisanth/carla_ros_ws/install/carla_ackermann_msgs/lib/libcarla_ackermann_msgs__rosidl_typesupport_c.so
[2.152s] -- Up-to-date: /home/nisanth/carla_ros_ws/install/carla_ackermann_msgs/lib/libcarla_ackermann_msgs__rosidl_typesupport_introspection_cpp.so
[2.153s] -- Up-to-date: /home/nisanth/carla_ros_ws/install/carla_ackermann_msgs/lib/libcarla_ackermann_msgs__rosidl_typesupport_cpp.so
[2.194s] Listing '/home/nisanth/carla_ros_ws/install/carla_ackermann_msgs/local/lib/python3.10/dist-packages/carla_ackermann_msgs'...
[2.194s] Compiling '/home/nisanth/carla_ros_ws/install/carla_ackermann_msgs/local/lib/python3.10/dist-packages/carla_ackermann_msgs/__init__.py'...
[2.194s] Listing '/home/nisanth/carla_ros_ws/install/carla_ackermann_msgs/local/lib/python3.10/dist-packages/carla_ackermann_msgs/msg'...
[2.198s] -- Up-to-date: /home/nisanth/carla_ros_ws/install/carla_ackermann_msgs/lib/libcarla_ackermann_msgs__rosidl_generator_py.so
[2.199s] -- Up-to-date: /home/nisanth/carla_ros_ws/install/carla_ackermann_msgs/share/carla_ackermann_msgs/cmake/export_carla_ackermann_msgs__rosidl_generator_cExport.cmake
[2.199s] -- Up-to-date: /home/nisanth/carla_ros_ws/install/carla_ackermann_msgs/share/carla_ackermann_msgs/cmake/export_carla_ackermann_msgs__rosidl_generator_cExport-noconfig.cmake
[2.199s] -- Up-to-date: /home/nisanth/carla_ros_ws/install/carla_ackermann_msgs/share/carla_ackermann_msgs/cmake/export_carla_ackermann_msgs__rosidl_typesupport_fastrtps_cExport.cmake
[2.199s] -- Up-to-date: /home/nisanth/carla_ros_ws/install/carla_ackermann_msgs/share/carla_ackermann_msgs/cmake/export_carla_ackermann_msgs__rosidl_typesupport_fastrtps_cExport-noconfig.cmake
[2.199s] -- Up-to-date: /home/nisanth/carla_ros_ws/install/carla_ackermann_msgs/share/carla_ackermann_msgs/cmake/export_carla_ackermann_msgs__rosidl_generator_cppExport.cmake
[2.200s] -- Up-to-date: /home/nisanth/carla_ros_ws/install/carla_ackermann_msgs/share/carla_ackermann_msgs/cmake/export_carla_ackermann_msgs__rosidl_typesupport_fastrtps_cppExport.cmake
[2.200s] -- Up-to-date: /home/nisanth/carla_ros_ws/install/carla_ackermann_msgs/share/carla_ackermann_msgs/cmake/export_carla_ackermann_msgs__rosidl_typesupport_fastrtps_cppExport-noconfig.cmake
[2.200s] -- Up-to-date: /home/nisanth/carla_ros_ws/install/carla_ackermann_msgs/share/carla_ackermann_msgs/cmake/carla_ackermann_msgs__rosidl_typesupport_introspection_cExport.cmake
[2.200s] -- Up-to-date: /home/nisanth/carla_ros_ws/install/carla_ackermann_msgs/share/carla_ackermann_msgs/cmake/carla_ackermann_msgs__rosidl_typesupport_introspection_cExport-noconfig.cmake
[2.201s] -- Up-to-date: /home/nisanth/carla_ros_ws/install/carla_ackermann_msgs/share/carla_ackermann_msgs/cmake/carla_ackermann_msgs__rosidl_typesupport_cExport.cmake
[2.201s] -- Up-to-date: /home/nisanth/carla_ros_ws/install/carla_ackermann_msgs/share/carla_ackermann_msgs/cmake/carla_ackermann_msgs__rosidl_typesupport_cExport-noconfig.cmake
[2.201s] -- Up-to-date: /home/nisanth/carla_ros_ws/install/carla_ackermann_msgs/share/carla_ackermann_msgs/cmake/carla_ackermann_msgs__rosidl_typesupport_introspection_cppExport.cmake
[2.201s] -- Up-to-date: /home/nisanth/carla_ros_ws/install/carla_ackermann_msgs/share/carla_ackermann_msgs/cmake/carla_ackermann_msgs__rosidl_typesupport_introspection_cppExport-noconfig.cmake
[2.201s] -- Up-to-date: /home/nisanth/carla_ros_ws/install/carla_ackermann_msgs/share/carla_ackermann_msgs/cmake/carla_ackermann_msgs__rosidl_typesupport_cppExport.cmake
[2.201s] -- Up-to-date: /home/nisanth/carla_ros_ws/install/carla_ackermann_msgs/share/carla_ackermann_msgs/cmake/carla_ackermann_msgs__rosidl_typesupport_cppExport-noconfig.cmake
[2.202s] -- Up-to-date: /home/nisanth/carla_ros_ws/install/carla_ackermann_msgs/share/carla_ackermann_msgs/cmake/export_carla_ackermann_msgs__rosidl_generator_pyExport.cmake
[2.202s] -- Up-to-date: /home/nisanth/carla_ros_ws/install/carla_ackermann_msgs/share/carla_ackermann_msgs/cmake/export_carla_ackermann_msgs__rosidl_generator_pyExport-noconfig.cmake
[2.205s] Invoked command in '/home/nisanth/carla_ros_ws/build/carla_ackermann_msgs' returned '0': AMENT_PREFIX_PATH=/home/nisanth/carla_ros_ws/install/carla_msgs:${AMENT_PREFIX_PATH} CMAKE_PREFIX_PATH=/home/nisanth/carla_ros_ws/install/carla_msgs:/opt/ros/humble LD_LIBRARY_PATH=/home/nisanth/carla_ros_ws/install/carla_msgs/lib:${LD_LIBRARY_PATH} PYTHONPATH=/home/nisanth/carla_ros_ws/install/carla_msgs/local/lib/python3.10/dist-packages:${PYTHONPATH} /usr/bin/cmake --install /home/nisanth/carla_ros_ws/build/carla_ackermann_msgs
