running egg_info
creating ../../../build/ros_compatibility/ros_compatibility.egg-info
writing ../../../build/ros_compatibility/ros_compatibility.egg-info/PKG-INFO
writing dependency_links to ../../../build/ros_compatibility/ros_compatibility.egg-info/dependency_links.txt
writing requirements to ../../../build/ros_compatibility/ros_compatibility.egg-info/requires.txt
writing top-level names to ../../../build/ros_compatibility/ros_compatibility.egg-info/top_level.txt
writing manifest file '../../../build/ros_compatibility/ros_compatibility.egg-info/SOURCES.txt'
reading manifest file '../../../build/ros_compatibility/ros_compatibility.egg-info/SOURCES.txt'
writing manifest file '../../../build/ros_compatibility/ros_compatibility.egg-info/SOURCES.txt'
running build
running build_py
creating /home/nisanth/carla_ros_ws/build/ros_compatibility/build
creating /home/nisanth/carla_ros_ws/build/ros_compatibility/build/lib
creating /home/nisanth/carla_ros_ws/build/ros_compatibility/build/lib/ros_compatibility
copying src/ros_compatibility/callback_groups.py -> /home/nisanth/carla_ros_ws/build/ros_compatibility/build/lib/ros_compatibility
copying src/ros_compatibility/qos.py -> /home/nisanth/carla_ros_ws/build/ros_compatibility/build/lib/ros_compatibility
copying src/ros_compatibility/core.py -> /home/nisanth/carla_ros_ws/build/ros_compatibility/build/lib/ros_compatibility
copying src/ros_compatibility/executors.py -> /home/nisanth/carla_ros_ws/build/ros_compatibility/build/lib/ros_compatibility
copying src/ros_compatibility/node.py -> /home/nisanth/carla_ros_ws/build/ros_compatibility/build/lib/ros_compatibility
copying src/ros_compatibility/exceptions.py -> /home/nisanth/carla_ros_ws/build/ros_compatibility/build/lib/ros_compatibility
copying src/ros_compatibility/logging.py -> /home/nisanth/carla_ros_ws/build/ros_compatibility/build/lib/ros_compatibility
copying src/ros_compatibility/__init__.py -> /home/nisanth/carla_ros_ws/build/ros_compatibility/build/lib/ros_compatibility
running install
running install_lib
creating /home/nisanth/carla_ros_ws/install/ros_compatibility/lib/python3.10/site-packages/ros_compatibility
copying /home/nisanth/carla_ros_ws/build/ros_compatibility/build/lib/ros_compatibility/callback_groups.py -> /home/nisanth/carla_ros_ws/install/ros_compatibility/lib/python3.10/site-packages/ros_compatibility
copying /home/nisanth/carla_ros_ws/build/ros_compatibility/build/lib/ros_compatibility/qos.py -> /home/nisanth/carla_ros_ws/install/ros_compatibility/lib/python3.10/site-packages/ros_compatibility
copying /home/nisanth/carla_ros_ws/build/ros_compatibility/build/lib/ros_compatibility/core.py -> /home/nisanth/carla_ros_ws/install/ros_compatibility/lib/python3.10/site-packages/ros_compatibility
copying /home/nisanth/carla_ros_ws/build/ros_compatibility/build/lib/ros_compatibility/executors.py -> /home/nisanth/carla_ros_ws/install/ros_compatibility/lib/python3.10/site-packages/ros_compatibility
copying /home/nisanth/carla_ros_ws/build/ros_compatibility/build/lib/ros_compatibility/node.py -> /home/nisanth/carla_ros_ws/install/ros_compatibility/lib/python3.10/site-packages/ros_compatibility
copying /home/nisanth/carla_ros_ws/build/ros_compatibility/build/lib/ros_compatibility/exceptions.py -> /home/nisanth/carla_ros_ws/install/ros_compatibility/lib/python3.10/site-packages/ros_compatibility
copying /home/nisanth/carla_ros_ws/build/ros_compatibility/build/lib/ros_compatibility/logging.py -> /home/nisanth/carla_ros_ws/install/ros_compatibility/lib/python3.10/site-packages/ros_compatibility
copying /home/nisanth/carla_ros_ws/build/ros_compatibility/build/lib/ros_compatibility/__init__.py -> /home/nisanth/carla_ros_ws/install/ros_compatibility/lib/python3.10/site-packages/ros_compatibility
byte-compiling /home/nisanth/carla_ros_ws/install/ros_compatibility/lib/python3.10/site-packages/ros_compatibility/callback_groups.py to callback_groups.cpython-310.pyc
byte-compiling /home/nisanth/carla_ros_ws/install/ros_compatibility/lib/python3.10/site-packages/ros_compatibility/qos.py to qos.cpython-310.pyc
byte-compiling /home/nisanth/carla_ros_ws/install/ros_compatibility/lib/python3.10/site-packages/ros_compatibility/core.py to core.cpython-310.pyc
byte-compiling /home/nisanth/carla_ros_ws/install/ros_compatibility/lib/python3.10/site-packages/ros_compatibility/executors.py to executors.cpython-310.pyc
byte-compiling /home/nisanth/carla_ros_ws/install/ros_compatibility/lib/python3.10/site-packages/ros_compatibility/node.py to node.cpython-310.pyc
byte-compiling /home/nisanth/carla_ros_ws/install/ros_compatibility/lib/python3.10/site-packages/ros_compatibility/exceptions.py to exceptions.cpython-310.pyc
byte-compiling /home/nisanth/carla_ros_ws/install/ros_compatibility/lib/python3.10/site-packages/ros_compatibility/logging.py to logging.cpython-310.pyc
byte-compiling /home/nisanth/carla_ros_ws/install/ros_compatibility/lib/python3.10/site-packages/ros_compatibility/__init__.py to __init__.cpython-310.pyc
running install_data
running install_egg_info
Copying ../../../build/ros_compatibility/ros_compatibility.egg-info to /home/nisanth/carla_ros_ws/install/ros_compatibility/lib/python3.10/site-packages/ros_compatibility-0.0.0-py3.10.egg-info
running install_scripts
writing list of installed files to '/home/nisanth/carla_ros_ws/build/ros_compatibility/install.log'
