[1.383s] Invoking command in '/home/nisanth/carla_ros_ws/src/ros-bridge/ros_compatibility': PYTHONPATH=/home/nisanth/carla_ros_ws/build/ros_compatibility/prefix_override:/usr/lib/python3/dist-packages/colcon_core/task/python/colcon_distutils_commands:/home/nisanth/carla_ros_ws/install/ros_compatibility/lib/python3.10/site-packages:${PYTHONPATH} /usr/bin/python3 -W ignore:setup.py install is deprecated -W ignore:easy_install command is deprecated setup.py egg_info --egg-base ../../../build/ros_compatibility build --build-base /home/nisanth/carla_ros_ws/build/ros_compatibility/build install --record /home/nisanth/carla_ros_ws/build/ros_compatibility/install.log --single-version-externally-managed install_data
[1.634s] running egg_info
[1.634s] creating ../../../build/ros_compatibility/ros_compatibility.egg-info
[1.635s] writing ../../../build/ros_compatibility/ros_compatibility.egg-info/PKG-INFO
[1.636s] writing dependency_links to ../../../build/ros_compatibility/ros_compatibility.egg-info/dependency_links.txt
[1.637s] writing requirements to ../../../build/ros_compatibility/ros_compatibility.egg-info/requires.txt
[1.637s] writing top-level names to ../../../build/ros_compatibility/ros_compatibility.egg-info/top_level.txt
[1.637s] writing manifest file '../../../build/ros_compatibility/ros_compatibility.egg-info/SOURCES.txt'
[1.641s] reading manifest file '../../../build/ros_compatibility/ros_compatibility.egg-info/SOURCES.txt'
[1.641s] writing manifest file '../../../build/ros_compatibility/ros_compatibility.egg-info/SOURCES.txt'
[1.642s] running build
[1.643s] running build_py
[1.643s] creating /home/nisanth/carla_ros_ws/build/ros_compatibility/build
[1.643s] creating /home/nisanth/carla_ros_ws/build/ros_compatibility/build/lib
[1.645s] creating /home/nisanth/carla_ros_ws/build/ros_compatibility/build/lib/ros_compatibility
[1.645s] copying src/ros_compatibility/callback_groups.py -> /home/nisanth/carla_ros_ws/build/ros_compatibility/build/lib/ros_compatibility
[1.645s] copying src/ros_compatibility/qos.py -> /home/nisanth/carla_ros_ws/build/ros_compatibility/build/lib/ros_compatibility
[1.645s] copying src/ros_compatibility/core.py -> /home/nisanth/carla_ros_ws/build/ros_compatibility/build/lib/ros_compatibility
[1.645s] copying src/ros_compatibility/executors.py -> /home/nisanth/carla_ros_ws/build/ros_compatibility/build/lib/ros_compatibility
[1.646s] copying src/ros_compatibility/node.py -> /home/nisanth/carla_ros_ws/build/ros_compatibility/build/lib/ros_compatibility
[1.646s] copying src/ros_compatibility/exceptions.py -> /home/nisanth/carla_ros_ws/build/ros_compatibility/build/lib/ros_compatibility
[1.646s] copying src/ros_compatibility/logging.py -> /home/nisanth/carla_ros_ws/build/ros_compatibility/build/lib/ros_compatibility
[1.646s] copying src/ros_compatibility/__init__.py -> /home/nisanth/carla_ros_ws/build/ros_compatibility/build/lib/ros_compatibility
[1.647s] running install
[1.647s] running install_lib
[1.647s] creating /home/nisanth/carla_ros_ws/install/ros_compatibility/lib/python3.10/site-packages/ros_compatibility
[1.647s] copying /home/nisanth/carla_ros_ws/build/ros_compatibility/build/lib/ros_compatibility/callback_groups.py -> /home/nisanth/carla_ros_ws/install/ros_compatibility/lib/python3.10/site-packages/ros_compatibility
[1.648s] copying /home/nisanth/carla_ros_ws/build/ros_compatibility/build/lib/ros_compatibility/qos.py -> /home/nisanth/carla_ros_ws/install/ros_compatibility/lib/python3.10/site-packages/ros_compatibility
[1.648s] copying /home/nisanth/carla_ros_ws/build/ros_compatibility/build/lib/ros_compatibility/core.py -> /home/nisanth/carla_ros_ws/install/ros_compatibility/lib/python3.10/site-packages/ros_compatibility
[1.648s] copying /home/nisanth/carla_ros_ws/build/ros_compatibility/build/lib/ros_compatibility/executors.py -> /home/nisanth/carla_ros_ws/install/ros_compatibility/lib/python3.10/site-packages/ros_compatibility
[1.648s] copying /home/nisanth/carla_ros_ws/build/ros_compatibility/build/lib/ros_compatibility/node.py -> /home/nisanth/carla_ros_ws/install/ros_compatibility/lib/python3.10/site-packages/ros_compatibility
[1.649s] copying /home/nisanth/carla_ros_ws/build/ros_compatibility/build/lib/ros_compatibility/exceptions.py -> /home/nisanth/carla_ros_ws/install/ros_compatibility/lib/python3.10/site-packages/ros_compatibility
[1.649s] copying /home/nisanth/carla_ros_ws/build/ros_compatibility/build/lib/ros_compatibility/logging.py -> /home/nisanth/carla_ros_ws/install/ros_compatibility/lib/python3.10/site-packages/ros_compatibility
[1.649s] copying /home/nisanth/carla_ros_ws/build/ros_compatibility/build/lib/ros_compatibility/__init__.py -> /home/nisanth/carla_ros_ws/install/ros_compatibility/lib/python3.10/site-packages/ros_compatibility
[1.650s] byte-compiling /home/nisanth/carla_ros_ws/install/ros_compatibility/lib/python3.10/site-packages/ros_compatibility/callback_groups.py to callback_groups.cpython-310.pyc
[1.650s] byte-compiling /home/nisanth/carla_ros_ws/install/ros_compatibility/lib/python3.10/site-packages/ros_compatibility/qos.py to qos.cpython-310.pyc
[1.651s] byte-compiling /home/nisanth/carla_ros_ws/install/ros_compatibility/lib/python3.10/site-packages/ros_compatibility/core.py to core.cpython-310.pyc
[1.651s] byte-compiling /home/nisanth/carla_ros_ws/install/ros_compatibility/lib/python3.10/site-packages/ros_compatibility/executors.py to executors.cpython-310.pyc
[1.652s] byte-compiling /home/nisanth/carla_ros_ws/install/ros_compatibility/lib/python3.10/site-packages/ros_compatibility/node.py to node.cpython-310.pyc
[1.653s] byte-compiling /home/nisanth/carla_ros_ws/install/ros_compatibility/lib/python3.10/site-packages/ros_compatibility/exceptions.py to exceptions.cpython-310.pyc
[1.653s] byte-compiling /home/nisanth/carla_ros_ws/install/ros_compatibility/lib/python3.10/site-packages/ros_compatibility/logging.py to logging.cpython-310.pyc
[1.654s] byte-compiling /home/nisanth/carla_ros_ws/install/ros_compatibility/lib/python3.10/site-packages/ros_compatibility/__init__.py to __init__.cpython-310.pyc
[1.655s] running install_data
[1.656s] running install_egg_info
[1.657s] Copying ../../../build/ros_compatibility/ros_compatibility.egg-info to /home/nisanth/carla_ros_ws/install/ros_compatibility/lib/python3.10/site-packages/ros_compatibility-0.0.0-py3.10.egg-info
[1.659s] running install_scripts
[1.680s] writing list of installed files to '/home/nisanth/carla_ros_ws/build/ros_compatibility/install.log'
[1.721s] Invoked command in '/home/nisanth/carla_ros_ws/src/ros-bridge/ros_compatibility' returned '0': PYTHONPATH=/home/nisanth/carla_ros_ws/build/ros_compatibility/prefix_override:/usr/lib/python3/dist-packages/colcon_core/task/python/colcon_distutils_commands:/home/nisanth/carla_ros_ws/install/ros_compatibility/lib/python3.10/site-packages:${PYTHONPATH} /usr/bin/python3 -W ignore:setup.py install is deprecated -W ignore:easy_install command is deprecated setup.py egg_info --egg-base ../../../build/ros_compatibility build --build-base /home/nisanth/carla_ros_ws/build/ros_compatibility/build install --record /home/nisanth/carla_ros_ws/build/ros_compatibility/install.log --single-version-externally-managed install_data
