-- The C compiler identification is GNU 11.4.0
-- The CXX compiler identification is GNU 11.4.0
-- Detecting C compiler ABI info
-- Detecting C compiler ABI info - done
-- Check for working C compiler: /usr/bin/cc - skipped
-- Detecting C compile features
-- Detecting C compile features - done
-- Detecting CXX compiler ABI info
-- Detecting CXX compiler ABI info - done
-- Check for working CXX compiler: /usr/bin/c++ - skipped
-- Detecting CXX compile features
-- Detecting CXX compile features - done
-- Found ros_environment: 3.2.2 (/opt/ros/humble/share/ros_environment/cmake)
-- Found ament_cmake: 1.3.13 (/opt/ros/humble/share/ament_cmake/cmake)
-- Found Python3: /usr/bin/python3 (found version "3.10.12") found components: Interpreter 
-- Override CMake install command with custom implementation using symlinks instead of copying resources
-- Found builtin_interfaces: 1.2.2 (/opt/ros/humble/share/builtin_interfaces/cmake)
-- Found rosidl_generator_c: 3.1.8 (/opt/ros/humble/share/rosidl_generator_c/cmake)
-- Found rosidl_adapter: 3.1.8 (/opt/ros/humble/share/rosidl_adapter/cmake)
-- Found rosidl_generator_cpp: 3.1.8 (/opt/ros/humble/share/rosidl_generator_cpp/cmake)
-- Using all available rosidl_typesupport_c: rosidl_typesupport_fastrtps_c;rosidl_typesupport_introspection_c
-- Using all available rosidl_typesupport_cpp: rosidl_typesupport_fastrtps_cpp;rosidl_typesupport_introspection_cpp
-- Found std_msgs: 4.9.1 (/opt/ros/humble/share/std_msgs/cmake)
-- Found carla_msgs: 1.3.0 (/home/nisanth/carla_ros_ws/install/carla_msgs/share/carla_msgs/cmake)
-- Found rosidl_default_generators: 1.2.0 (/opt/ros/humble/share/rosidl_default_generators/cmake)
-- Found ament_cmake_cppcheck: 0.12.15 (/opt/ros/humble/share/ament_cmake_cppcheck/cmake)
-- Found ament_cmake_cpplint: 0.12.15 (/opt/ros/humble/share/ament_cmake_cpplint/cmake)
-- Found ament_cmake_uncrustify: 0.12.15 (/opt/ros/humble/share/ament_cmake_uncrustify/cmake)
-- Found ament_cmake_ros: 0.10.0 (/opt/ros/humble/share/ament_cmake_ros/cmake)
-- Using all available rosidl_typesupport_c: rosidl_typesupport_fastrtps_c;rosidl_typesupport_introspection_c
-- Using all available rosidl_typesupport_cpp: rosidl_typesupport_fastrtps_cpp;rosidl_typesupport_introspection_cpp
-- Found PythonInterp: /usr/bin/python3 (found suitable version "3.10.12", minimum required is "3.6") 
-- Found python_cmake_module: 0.10.0 (/opt/ros/humble/share/python_cmake_module/cmake)
-- Found PythonLibs: /usr/lib/x86_64-linux-gnu/libpython3.10.so (found suitable version "3.10.12", minimum required is "3.5") 
-- Using PYTHON_EXECUTABLE: /usr/bin/python3
-- Using PYTHON_INCLUDE_DIRS: /usr/include/python3.10
-- Using PYTHON_LIBRARIES: /usr/lib/x86_64-linux-gnu/libpython3.10.so
-- Found PythonExtra: .so  
-- Found ament_cmake_flake8: 0.12.15 (/opt/ros/humble/share/ament_cmake_flake8/cmake)
-- Found ament_cmake_pep257: 0.12.15 (/opt/ros/humble/share/ament_cmake_pep257/cmake)
-- Found ament_lint_auto: 0.12.15 (/opt/ros/humble/share/ament_lint_auto/cmake)
-- Added test 'copyright' to check source files copyright and LICENSE
-- Added test 'lint_cmake' to check CMake code style
-- Added test 'xmllint' to check XML markup files
-- Configuring done
-- Generating done
-- Build files have been written to: /home/nisanth/carla_ros_ws/build/carla_ackermann_msgs
[  1%] [34m[1mGenerating C code for ROS interfaces[0m
[  3%] [34m[1mGenerating C++ code for ROS interfaces[0m
[  3%] Built target ament_cmake_python_symlink_carla_ackermann_msgs
running egg_info
creating carla_ackermann_msgs.egg-info
writing carla_ackermann_msgs.egg-info/PKG-INFO
writing dependency_links to carla_ackermann_msgs.egg-info/dependency_links.txt
writing top-level names to carla_ackermann_msgs.egg-info/top_level.txt
writing manifest file 'carla_ackermann_msgs.egg-info/SOURCES.txt'
reading manifest file 'carla_ackermann_msgs.egg-info/SOURCES.txt'
writing manifest file 'carla_ackermann_msgs.egg-info/SOURCES.txt'
[  3%] Built target ament_cmake_python_build_carla_ackermann_msgs_egg
[  4%] [32mBuilding C object CMakeFiles/carla_ackermann_msgs__rosidl_generator_c.dir/rosidl_generator_c/carla_ackermann_msgs/msg/detail/ego_vehicle_control_info__functions.c.o[0m
[  6%] [32mBuilding C object CMakeFiles/carla_ackermann_msgs__rosidl_generator_c.dir/rosidl_generator_c/carla_ackermann_msgs/msg/detail/ego_vehicle_control_current__functions.c.o[0m
[  7%] [32mBuilding C object CMakeFiles/carla_ackermann_msgs__rosidl_generator_c.dir/rosidl_generator_c/carla_ackermann_msgs/msg/detail/ego_vehicle_control_maxima__functions.c.o[0m
[  9%] [32mBuilding C object CMakeFiles/carla_ackermann_msgs__rosidl_generator_c.dir/rosidl_generator_c/carla_ackermann_msgs/msg/detail/ego_vehicle_control_status__functions.c.o[0m
[ 11%] [32mBuilding C object CMakeFiles/carla_ackermann_msgs__rosidl_generator_c.dir/rosidl_generator_c/carla_ackermann_msgs/msg/detail/ego_vehicle_control_target__functions.c.o[0m
[ 11%] Built target carla_ackermann_msgs__cpp
[ 12%] [34m[1mGenerating C++ type support for eProsima Fast-RTPS[0m
[ 14%] [34m[1mGenerating C++ type support dispatch for ROS interfaces[0m
[ 15%] [34m[1mGenerating C++ introspection for ROS interfaces[0m
[ 17%] [32m[1mLinking C shared library libcarla_ackermann_msgs__rosidl_generator_c.so[0m
[ 17%] Built target carla_ackermann_msgs__rosidl_generator_c
[ 20%] [34m[1mGenerating C introspection for ROS interfaces[0m
[ 20%] [34m[1mGenerating C type support dispatch for ROS interfaces[0m
[ 22%] [34m[1mGenerating C type support for eProsima Fast-RTPS[0m
[ 26%] [32mBuilding CXX object CMakeFiles/carla_ackermann_msgs__rosidl_typesupport_cpp.dir/rosidl_typesupport_cpp/carla_ackermann_msgs/msg/ego_vehicle_control_status__type_support.cpp.o[0m
[ 26%] [32mBuilding CXX object CMakeFiles/carla_ackermann_msgs__rosidl_typesupport_cpp.dir/rosidl_typesupport_cpp/carla_ackermann_msgs/msg/ego_vehicle_control_target__type_support.cpp.o[0m
[ 26%] [32mBuilding CXX object CMakeFiles/carla_ackermann_msgs__rosidl_typesupport_cpp.dir/rosidl_typesupport_cpp/carla_ackermann_msgs/msg/ego_vehicle_control_info__type_support.cpp.o[0m
[ 28%] [32mBuilding CXX object CMakeFiles/carla_ackermann_msgs__rosidl_typesupport_cpp.dir/rosidl_typesupport_cpp/carla_ackermann_msgs/msg/ego_vehicle_control_current__type_support.cpp.o[0m
[ 30%] [32mBuilding CXX object CMakeFiles/carla_ackermann_msgs__rosidl_typesupport_cpp.dir/rosidl_typesupport_cpp/carla_ackermann_msgs/msg/ego_vehicle_control_maxima__type_support.cpp.o[0m
[ 31%] [32mBuilding CXX object CMakeFiles/carla_ackermann_msgs__rosidl_typesupport_introspection_cpp.dir/rosidl_typesupport_introspection_cpp/carla_ackermann_msgs/msg/detail/ego_vehicle_control_info__type_support.cpp.o[0m
[ 33%] [32mBuilding CXX object CMakeFiles/carla_ackermann_msgs__rosidl_typesupport_introspection_cpp.dir/rosidl_typesupport_introspection_cpp/carla_ackermann_msgs/msg/detail/ego_vehicle_control_current__type_support.cpp.o[0m
[ 34%] [32mBuilding CXX object CMakeFiles/carla_ackermann_msgs__rosidl_typesupport_introspection_cpp.dir/rosidl_typesupport_introspection_cpp/carla_ackermann_msgs/msg/detail/ego_vehicle_control_maxima__type_support.cpp.o[0m
[ 36%] [32mBuilding CXX object CMakeFiles/carla_ackermann_msgs__rosidl_typesupport_fastrtps_cpp.dir/rosidl_typesupport_fastrtps_cpp/carla_ackermann_msgs/msg/detail/dds_fastrtps/ego_vehicle_control_info__type_support.cpp.o[0m
[ 38%] [32mBuilding CXX object CMakeFiles/carla_ackermann_msgs__rosidl_typesupport_c.dir/rosidl_typesupport_c/carla_ackermann_msgs/msg/ego_vehicle_control_info__type_support.cpp.o[0m
[ 39%] [32mBuilding CXX object CMakeFiles/carla_ackermann_msgs__rosidl_typesupport_c.dir/rosidl_typesupport_c/carla_ackermann_msgs/msg/ego_vehicle_control_current__type_support.cpp.o[0m
[ 41%] [32mBuilding CXX object CMakeFiles/carla_ackermann_msgs__rosidl_typesupport_fastrtps_cpp.dir/rosidl_typesupport_fastrtps_cpp/carla_ackermann_msgs/msg/detail/dds_fastrtps/ego_vehicle_control_current__type_support.cpp.o[0m
[ 42%] [32mBuilding CXX object CMakeFiles/carla_ackermann_msgs__rosidl_typesupport_c.dir/rosidl_typesupport_c/carla_ackermann_msgs/msg/ego_vehicle_control_maxima__type_support.cpp.o[0m
[ 44%] [32mBuilding CXX object CMakeFiles/carla_ackermann_msgs__rosidl_typesupport_c.dir/rosidl_typesupport_c/carla_ackermann_msgs/msg/ego_vehicle_control_status__type_support.cpp.o[0m
[ 47%] [32mBuilding CXX object CMakeFiles/carla_ackermann_msgs__rosidl_typesupport_introspection_cpp.dir/rosidl_typesupport_introspection_cpp/carla_ackermann_msgs/msg/detail/ego_vehicle_control_status__type_support.cpp.o[0m
[ 47%] [32mBuilding C object CMakeFiles/carla_ackermann_msgs__rosidl_typesupport_introspection_c.dir/rosidl_typesupport_introspection_c/carla_ackermann_msgs/msg/detail/ego_vehicle_control_info__type_support.c.o[0m
[ 49%] [32mBuilding CXX object CMakeFiles/carla_ackermann_msgs__rosidl_typesupport_fastrtps_cpp.dir/rosidl_typesupport_fastrtps_cpp/carla_ackermann_msgs/msg/detail/dds_fastrtps/ego_vehicle_control_maxima__type_support.cpp.o[0m
[ 50%] [32m[1mLinking CXX shared library libcarla_ackermann_msgs__rosidl_typesupport_cpp.so[0m
[ 52%] [32mBuilding CXX object CMakeFiles/carla_ackermann_msgs__rosidl_typesupport_fastrtps_cpp.dir/rosidl_typesupport_fastrtps_cpp/carla_ackermann_msgs/msg/detail/dds_fastrtps/ego_vehicle_control_status__type_support.cpp.o[0m
[ 53%] [32mBuilding CXX object CMakeFiles/carla_ackermann_msgs__rosidl_typesupport_c.dir/rosidl_typesupport_c/carla_ackermann_msgs/msg/ego_vehicle_control_target__type_support.cpp.o[0m
[ 55%] [32mBuilding CXX object CMakeFiles/carla_ackermann_msgs__rosidl_typesupport_fastrtps_c.dir/rosidl_typesupport_fastrtps_c/carla_ackermann_msgs/msg/detail/ego_vehicle_control_info__type_support_c.cpp.o[0m
[ 57%] [32mBuilding C object CMakeFiles/carla_ackermann_msgs__rosidl_typesupport_introspection_c.dir/rosidl_typesupport_introspection_c/carla_ackermann_msgs/msg/detail/ego_vehicle_control_current__type_support.c.o[0m
[ 58%] [32m[1mLinking CXX shared library libcarla_ackermann_msgs__rosidl_typesupport_c.so[0m
[ 60%] [32mBuilding C object CMakeFiles/carla_ackermann_msgs__rosidl_typesupport_introspection_c.dir/rosidl_typesupport_introspection_c/carla_ackermann_msgs/msg/detail/ego_vehicle_control_maxima__type_support.c.o[0m
[ 61%] [32mBuilding CXX object CMakeFiles/carla_ackermann_msgs__rosidl_typesupport_introspection_cpp.dir/rosidl_typesupport_introspection_cpp/carla_ackermann_msgs/msg/detail/ego_vehicle_control_target__type_support.cpp.o[0m
[ 63%] [32mBuilding C object CMakeFiles/carla_ackermann_msgs__rosidl_typesupport_introspection_c.dir/rosidl_typesupport_introspection_c/carla_ackermann_msgs/msg/detail/ego_vehicle_control_status__type_support.c.o[0m
[ 65%] [32mBuilding CXX object CMakeFiles/carla_ackermann_msgs__rosidl_typesupport_fastrtps_cpp.dir/rosidl_typesupport_fastrtps_cpp/carla_ackermann_msgs/msg/detail/dds_fastrtps/ego_vehicle_control_target__type_support.cpp.o[0m
[ 66%] [32mBuilding CXX object CMakeFiles/carla_ackermann_msgs__rosidl_typesupport_fastrtps_c.dir/rosidl_typesupport_fastrtps_c/carla_ackermann_msgs/msg/detail/ego_vehicle_control_current__type_support_c.cpp.o[0m
[ 68%] [32mBuilding C object CMakeFiles/carla_ackermann_msgs__rosidl_typesupport_introspection_c.dir/rosidl_typesupport_introspection_c/carla_ackermann_msgs/msg/detail/ego_vehicle_control_target__type_support.c.o[0m
[ 68%] Built target carla_ackermann_msgs__rosidl_typesupport_cpp
[ 69%] [32mBuilding CXX object CMakeFiles/carla_ackermann_msgs__rosidl_typesupport_fastrtps_c.dir/rosidl_typesupport_fastrtps_c/carla_ackermann_msgs/msg/detail/ego_vehicle_control_maxima__type_support_c.cpp.o[0m
[ 71%] [32mBuilding CXX object CMakeFiles/carla_ackermann_msgs__rosidl_typesupport_fastrtps_c.dir/rosidl_typesupport_fastrtps_c/carla_ackermann_msgs/msg/detail/ego_vehicle_control_status__type_support_c.cpp.o[0m
[ 73%] [32m[1mLinking C shared library libcarla_ackermann_msgs__rosidl_typesupport_introspection_c.so[0m
[ 73%] Built target carla_ackermann_msgs__rosidl_typesupport_c
[ 74%] [32mBuilding CXX object CMakeFiles/carla_ackermann_msgs__rosidl_typesupport_fastrtps_c.dir/rosidl_typesupport_fastrtps_c/carla_ackermann_msgs/msg/detail/ego_vehicle_control_target__type_support_c.cpp.o[0m
[ 74%] Built target carla_ackermann_msgs__rosidl_typesupport_introspection_c
[ 76%] [32m[1mLinking CXX shared library libcarla_ackermann_msgs__rosidl_typesupport_introspection_cpp.so[0m
[ 77%] [32m[1mLinking CXX shared library libcarla_ackermann_msgs__rosidl_typesupport_fastrtps_cpp.so[0m
[ 77%] Built target carla_ackermann_msgs__rosidl_typesupport_introspection_cpp
[ 79%] [32m[1mLinking CXX shared library libcarla_ackermann_msgs__rosidl_typesupport_fastrtps_c.so[0m
[ 79%] Built target carla_ackermann_msgs__rosidl_typesupport_fastrtps_cpp
[ 79%] Built target carla_ackermann_msgs__rosidl_typesupport_fastrtps_c
[ 79%] Built target carla_ackermann_msgs
[ 80%] [34m[1mGenerating Python code for ROS interfaces[0m
[ 80%] Built target carla_ackermann_msgs__py
[ 84%] [32mBuilding C object CMakeFiles/carla_ackermann_msgs__rosidl_generator_py.dir/rosidl_generator_py/carla_ackermann_msgs/msg/_ego_vehicle_control_maxima_s.c.o[0m
[ 84%] [32mBuilding C object CMakeFiles/carla_ackermann_msgs__rosidl_generator_py.dir/rosidl_generator_py/carla_ackermann_msgs/msg/_ego_vehicle_control_target_s.c.o[0m
[ 87%] [32mBuilding C object CMakeFiles/carla_ackermann_msgs__rosidl_generator_py.dir/rosidl_generator_py/carla_ackermann_msgs/msg/_ego_vehicle_control_current_s.c.o[0m
[ 87%] [32mBuilding C object CMakeFiles/carla_ackermann_msgs__rosidl_generator_py.dir/rosidl_generator_py/carla_ackermann_msgs/msg/_ego_vehicle_control_status_s.c.o[0m
[ 88%] [32mBuilding C object CMakeFiles/carla_ackermann_msgs__rosidl_generator_py.dir/rosidl_generator_py/carla_ackermann_msgs/msg/_ego_vehicle_control_info_s.c.o[0m
[ 90%] [32m[1mLinking C shared library rosidl_generator_py/carla_ackermann_msgs/libcarla_ackermann_msgs__rosidl_generator_py.so[0m
[ 90%] Built target carla_ackermann_msgs__rosidl_generator_py
[ 93%] [32mBuilding C object CMakeFiles/carla_ackermann_msgs__rosidl_typesupport_c__pyext.dir/rosidl_generator_py/carla_ackermann_msgs/_carla_ackermann_msgs_s.ep.rosidl_typesupport_c.c.o[0m
[ 93%] [32mBuilding C object CMakeFiles/carla_ackermann_msgs__rosidl_typesupport_fastrtps_c__pyext.dir/rosidl_generator_py/carla_ackermann_msgs/_carla_ackermann_msgs_s.ep.rosidl_typesupport_fastrtps_c.c.o[0m
[ 95%] [32mBuilding C object CMakeFiles/carla_ackermann_msgs__rosidl_typesupport_introspection_c__pyext.dir/rosidl_generator_py/carla_ackermann_msgs/_carla_ackermann_msgs_s.ep.rosidl_typesupport_introspection_c.c.o[0m
[ 98%] [32m[1mLinking C shared library rosidl_generator_py/carla_ackermann_msgs/carla_ackermann_msgs_s__rosidl_typesupport_introspection_c.cpython-310-x86_64-linux-gnu.so[0m
[ 98%] [32m[1mLinking C shared library rosidl_generator_py/carla_ackermann_msgs/carla_ackermann_msgs_s__rosidl_typesupport_c.cpython-310-x86_64-linux-gnu.so[0m
[100%] [32m[1mLinking C shared library rosidl_generator_py/carla_ackermann_msgs/carla_ackermann_msgs_s__rosidl_typesupport_fastrtps_c.cpython-310-x86_64-linux-gnu.so[0m
[100%] Built target carla_ackermann_msgs__rosidl_typesupport_c__pyext
[100%] Built target carla_ackermann_msgs__rosidl_typesupport_introspection_c__pyext
[100%] Built target carla_ackermann_msgs__rosidl_typesupport_fastrtps_c__pyext
-- Install configuration: ""
-- Execute custom install script
-- Symlinking: /home/nisanth/carla_ros_ws/install/carla_ackermann_msgs/share/ament_index/resource_index/rosidl_interfaces/carla_ackermann_msgs
-- Symlinking: /home/nisanth/carla_ros_ws/install/carla_ackermann_msgs/include/carla_ackermann_msgs/carla_ackermann_msgs/msg/detail/ego_vehicle_control_current__functions.h
-- Symlinking: /home/nisanth/carla_ros_ws/install/carla_ackermann_msgs/include/carla_ackermann_msgs/carla_ackermann_msgs/msg/detail/ego_vehicle_control_current__struct.h
-- Symlinking: /home/nisanth/carla_ros_ws/install/carla_ackermann_msgs/include/carla_ackermann_msgs/carla_ackermann_msgs/msg/detail/ego_vehicle_control_current__type_support.h
-- Symlinking: /home/nisanth/carla_ros_ws/install/carla_ackermann_msgs/include/carla_ackermann_msgs/carla_ackermann_msgs/msg/detail/ego_vehicle_control_info__functions.h
-- Symlinking: /home/nisanth/carla_ros_ws/install/carla_ackermann_msgs/include/carla_ackermann_msgs/carla_ackermann_msgs/msg/detail/ego_vehicle_control_info__struct.h
-- Symlinking: /home/nisanth/carla_ros_ws/install/carla_ackermann_msgs/include/carla_ackermann_msgs/carla_ackermann_msgs/msg/detail/ego_vehicle_control_info__type_support.h
-- Symlinking: /home/nisanth/carla_ros_ws/install/carla_ackermann_msgs/include/carla_ackermann_msgs/carla_ackermann_msgs/msg/detail/ego_vehicle_control_maxima__functions.h
-- Symlinking: /home/nisanth/carla_ros_ws/install/carla_ackermann_msgs/include/carla_ackermann_msgs/carla_ackermann_msgs/msg/detail/ego_vehicle_control_maxima__struct.h
-- Symlinking: /home/nisanth/carla_ros_ws/install/carla_ackermann_msgs/include/carla_ackermann_msgs/carla_ackermann_msgs/msg/detail/ego_vehicle_control_maxima__type_support.h
-- Symlinking: /home/nisanth/carla_ros_ws/install/carla_ackermann_msgs/include/carla_ackermann_msgs/carla_ackermann_msgs/msg/detail/ego_vehicle_control_status__functions.h
-- Symlinking: /home/nisanth/carla_ros_ws/install/carla_ackermann_msgs/include/carla_ackermann_msgs/carla_ackermann_msgs/msg/detail/ego_vehicle_control_status__struct.h
-- Symlinking: /home/nisanth/carla_ros_ws/install/carla_ackermann_msgs/include/carla_ackermann_msgs/carla_ackermann_msgs/msg/detail/ego_vehicle_control_status__type_support.h
-- Symlinking: /home/nisanth/carla_ros_ws/install/carla_ackermann_msgs/include/carla_ackermann_msgs/carla_ackermann_msgs/msg/detail/ego_vehicle_control_target__functions.h
-- Symlinking: /home/nisanth/carla_ros_ws/install/carla_ackermann_msgs/include/carla_ackermann_msgs/carla_ackermann_msgs/msg/detail/ego_vehicle_control_target__struct.h
-- Symlinking: /home/nisanth/carla_ros_ws/install/carla_ackermann_msgs/include/carla_ackermann_msgs/carla_ackermann_msgs/msg/detail/ego_vehicle_control_target__type_support.h
-- Symlinking: /home/nisanth/carla_ros_ws/install/carla_ackermann_msgs/include/carla_ackermann_msgs/carla_ackermann_msgs/msg/ego_vehicle_control_current.h
-- Symlinking: /home/nisanth/carla_ros_ws/install/carla_ackermann_msgs/include/carla_ackermann_msgs/carla_ackermann_msgs/msg/ego_vehicle_control_info.h
-- Symlinking: /home/nisanth/carla_ros_ws/install/carla_ackermann_msgs/include/carla_ackermann_msgs/carla_ackermann_msgs/msg/ego_vehicle_control_maxima.h
-- Symlinking: /home/nisanth/carla_ros_ws/install/carla_ackermann_msgs/include/carla_ackermann_msgs/carla_ackermann_msgs/msg/ego_vehicle_control_status.h
-- Symlinking: /home/nisanth/carla_ros_ws/install/carla_ackermann_msgs/include/carla_ackermann_msgs/carla_ackermann_msgs/msg/ego_vehicle_control_target.h
-- Symlinking: /home/nisanth/carla_ros_ws/install/carla_ackermann_msgs/include/carla_ackermann_msgs/carla_ackermann_msgs/msg/rosidl_generator_c__visibility_control.h
-- Symlinking: /home/nisanth/carla_ros_ws/install/carla_ackermann_msgs/share/carla_ackermann_msgs/environment/library_path.sh
-- Symlinking: /home/nisanth/carla_ros_ws/install/carla_ackermann_msgs/share/carla_ackermann_msgs/environment/library_path.dsv
-- Symlinking: /home/nisanth/carla_ros_ws/install/carla_ackermann_msgs/include/carla_ackermann_msgs/carla_ackermann_msgs/msg/detail/ego_vehicle_control_current__rosidl_typesupport_fastrtps_c.h
-- Symlinking: /home/nisanth/carla_ros_ws/install/carla_ackermann_msgs/include/carla_ackermann_msgs/carla_ackermann_msgs/msg/detail/ego_vehicle_control_info__rosidl_typesupport_fastrtps_c.h
-- Symlinking: /home/nisanth/carla_ros_ws/install/carla_ackermann_msgs/include/carla_ackermann_msgs/carla_ackermann_msgs/msg/detail/ego_vehicle_control_maxima__rosidl_typesupport_fastrtps_c.h
-- Symlinking: /home/nisanth/carla_ros_ws/install/carla_ackermann_msgs/include/carla_ackermann_msgs/carla_ackermann_msgs/msg/detail/ego_vehicle_control_status__rosidl_typesupport_fastrtps_c.h
-- Symlinking: /home/nisanth/carla_ros_ws/install/carla_ackermann_msgs/include/carla_ackermann_msgs/carla_ackermann_msgs/msg/detail/ego_vehicle_control_target__rosidl_typesupport_fastrtps_c.h
-- Symlinking: /home/nisanth/carla_ros_ws/install/carla_ackermann_msgs/include/carla_ackermann_msgs/carla_ackermann_msgs/msg/rosidl_typesupport_fastrtps_c__visibility_control.h
-- Symlinking: /home/nisanth/carla_ros_ws/install/carla_ackermann_msgs/include/carla_ackermann_msgs/carla_ackermann_msgs/msg/detail/ego_vehicle_control_current__builder.hpp
-- Symlinking: /home/nisanth/carla_ros_ws/install/carla_ackermann_msgs/include/carla_ackermann_msgs/carla_ackermann_msgs/msg/detail/ego_vehicle_control_current__struct.hpp
-- Symlinking: /home/nisanth/carla_ros_ws/install/carla_ackermann_msgs/include/carla_ackermann_msgs/carla_ackermann_msgs/msg/detail/ego_vehicle_control_current__traits.hpp
-- Symlinking: /home/nisanth/carla_ros_ws/install/carla_ackermann_msgs/include/carla_ackermann_msgs/carla_ackermann_msgs/msg/detail/ego_vehicle_control_current__type_support.hpp
-- Symlinking: /home/nisanth/carla_ros_ws/install/carla_ackermann_msgs/include/carla_ackermann_msgs/carla_ackermann_msgs/msg/detail/ego_vehicle_control_info__builder.hpp
-- Symlinking: /home/nisanth/carla_ros_ws/install/carla_ackermann_msgs/include/carla_ackermann_msgs/carla_ackermann_msgs/msg/detail/ego_vehicle_control_info__struct.hpp
-- Symlinking: /home/nisanth/carla_ros_ws/install/carla_ackermann_msgs/include/carla_ackermann_msgs/carla_ackermann_msgs/msg/detail/ego_vehicle_control_info__traits.hpp
-- Symlinking: /home/nisanth/carla_ros_ws/install/carla_ackermann_msgs/include/carla_ackermann_msgs/carla_ackermann_msgs/msg/detail/ego_vehicle_control_info__type_support.hpp
-- Symlinking: /home/nisanth/carla_ros_ws/install/carla_ackermann_msgs/include/carla_ackermann_msgs/carla_ackermann_msgs/msg/detail/ego_vehicle_control_maxima__builder.hpp
-- Symlinking: /home/nisanth/carla_ros_ws/install/carla_ackermann_msgs/include/carla_ackermann_msgs/carla_ackermann_msgs/msg/detail/ego_vehicle_control_maxima__struct.hpp
-- Symlinking: /home/nisanth/carla_ros_ws/install/carla_ackermann_msgs/include/carla_ackermann_msgs/carla_ackermann_msgs/msg/detail/ego_vehicle_control_maxima__traits.hpp
-- Symlinking: /home/nisanth/carla_ros_ws/install/carla_ackermann_msgs/include/carla_ackermann_msgs/carla_ackermann_msgs/msg/detail/ego_vehicle_control_maxima__type_support.hpp
-- Symlinking: /home/nisanth/carla_ros_ws/install/carla_ackermann_msgs/include/carla_ackermann_msgs/carla_ackermann_msgs/msg/detail/ego_vehicle_control_status__builder.hpp
-- Symlinking: /home/nisanth/carla_ros_ws/install/carla_ackermann_msgs/include/carla_ackermann_msgs/carla_ackermann_msgs/msg/detail/ego_vehicle_control_status__struct.hpp
-- Symlinking: /home/nisanth/carla_ros_ws/install/carla_ackermann_msgs/include/carla_ackermann_msgs/carla_ackermann_msgs/msg/detail/ego_vehicle_control_status__traits.hpp
-- Symlinking: /home/nisanth/carla_ros_ws/install/carla_ackermann_msgs/include/carla_ackermann_msgs/carla_ackermann_msgs/msg/detail/ego_vehicle_control_status__type_support.hpp
-- Symlinking: /home/nisanth/carla_ros_ws/install/carla_ackermann_msgs/include/carla_ackermann_msgs/carla_ackermann_msgs/msg/detail/ego_vehicle_control_target__builder.hpp
-- Symlinking: /home/nisanth/carla_ros_ws/install/carla_ackermann_msgs/include/carla_ackermann_msgs/carla_ackermann_msgs/msg/detail/ego_vehicle_control_target__struct.hpp
-- Symlinking: /home/nisanth/carla_ros_ws/install/carla_ackermann_msgs/include/carla_ackermann_msgs/carla_ackermann_msgs/msg/detail/ego_vehicle_control_target__traits.hpp
-- Symlinking: /home/nisanth/carla_ros_ws/install/carla_ackermann_msgs/include/carla_ackermann_msgs/carla_ackermann_msgs/msg/detail/ego_vehicle_control_target__type_support.hpp
-- Symlinking: /home/nisanth/carla_ros_ws/install/carla_ackermann_msgs/include/carla_ackermann_msgs/carla_ackermann_msgs/msg/ego_vehicle_control_current.hpp
-- Symlinking: /home/nisanth/carla_ros_ws/install/carla_ackermann_msgs/include/carla_ackermann_msgs/carla_ackermann_msgs/msg/ego_vehicle_control_info.hpp
-- Symlinking: /home/nisanth/carla_ros_ws/install/carla_ackermann_msgs/include/carla_ackermann_msgs/carla_ackermann_msgs/msg/ego_vehicle_control_maxima.hpp
-- Symlinking: /home/nisanth/carla_ros_ws/install/carla_ackermann_msgs/include/carla_ackermann_msgs/carla_ackermann_msgs/msg/ego_vehicle_control_status.hpp
-- Symlinking: /home/nisanth/carla_ros_ws/install/carla_ackermann_msgs/include/carla_ackermann_msgs/carla_ackermann_msgs/msg/ego_vehicle_control_target.hpp
-- Symlinking: /home/nisanth/carla_ros_ws/install/carla_ackermann_msgs/include/carla_ackermann_msgs/carla_ackermann_msgs/msg/rosidl_generator_cpp__visibility_control.hpp
-- Symlinking: /home/nisanth/carla_ros_ws/install/carla_ackermann_msgs/include/carla_ackermann_msgs/carla_ackermann_msgs/msg/detail/ego_vehicle_control_current__rosidl_typesupport_fastrtps_cpp.hpp
-- Symlinking: /home/nisanth/carla_ros_ws/install/carla_ackermann_msgs/include/carla_ackermann_msgs/carla_ackermann_msgs/msg/detail/ego_vehicle_control_info__rosidl_typesupport_fastrtps_cpp.hpp
-- Symlinking: /home/nisanth/carla_ros_ws/install/carla_ackermann_msgs/include/carla_ackermann_msgs/carla_ackermann_msgs/msg/detail/ego_vehicle_control_maxima__rosidl_typesupport_fastrtps_cpp.hpp
-- Symlinking: /home/nisanth/carla_ros_ws/install/carla_ackermann_msgs/include/carla_ackermann_msgs/carla_ackermann_msgs/msg/detail/ego_vehicle_control_status__rosidl_typesupport_fastrtps_cpp.hpp
-- Symlinking: /home/nisanth/carla_ros_ws/install/carla_ackermann_msgs/include/carla_ackermann_msgs/carla_ackermann_msgs/msg/detail/ego_vehicle_control_target__rosidl_typesupport_fastrtps_cpp.hpp
-- Symlinking: /home/nisanth/carla_ros_ws/install/carla_ackermann_msgs/include/carla_ackermann_msgs/carla_ackermann_msgs/msg/rosidl_typesupport_fastrtps_cpp__visibility_control.h
-- Symlinking: /home/nisanth/carla_ros_ws/install/carla_ackermann_msgs/include/carla_ackermann_msgs/carla_ackermann_msgs/msg/detail/ego_vehicle_control_current__rosidl_typesupport_introspection_c.h
-- Symlinking: /home/nisanth/carla_ros_ws/install/carla_ackermann_msgs/include/carla_ackermann_msgs/carla_ackermann_msgs/msg/detail/ego_vehicle_control_info__rosidl_typesupport_introspection_c.h
-- Symlinking: /home/nisanth/carla_ros_ws/install/carla_ackermann_msgs/include/carla_ackermann_msgs/carla_ackermann_msgs/msg/detail/ego_vehicle_control_maxima__rosidl_typesupport_introspection_c.h
-- Symlinking: /home/nisanth/carla_ros_ws/install/carla_ackermann_msgs/include/carla_ackermann_msgs/carla_ackermann_msgs/msg/detail/ego_vehicle_control_status__rosidl_typesupport_introspection_c.h
-- Symlinking: /home/nisanth/carla_ros_ws/install/carla_ackermann_msgs/include/carla_ackermann_msgs/carla_ackermann_msgs/msg/detail/ego_vehicle_control_target__rosidl_typesupport_introspection_c.h
-- Symlinking: /home/nisanth/carla_ros_ws/install/carla_ackermann_msgs/include/carla_ackermann_msgs/carla_ackermann_msgs/msg/rosidl_typesupport_introspection_c__visibility_control.h
-- Symlinking: /home/nisanth/carla_ros_ws/install/carla_ackermann_msgs/include/carla_ackermann_msgs/carla_ackermann_msgs/msg/detail/ego_vehicle_control_current__rosidl_typesupport_introspection_cpp.hpp
-- Symlinking: /home/nisanth/carla_ros_ws/install/carla_ackermann_msgs/include/carla_ackermann_msgs/carla_ackermann_msgs/msg/detail/ego_vehicle_control_info__rosidl_typesupport_introspection_cpp.hpp
-- Symlinking: /home/nisanth/carla_ros_ws/install/carla_ackermann_msgs/include/carla_ackermann_msgs/carla_ackermann_msgs/msg/detail/ego_vehicle_control_maxima__rosidl_typesupport_introspection_cpp.hpp
-- Symlinking: /home/nisanth/carla_ros_ws/install/carla_ackermann_msgs/include/carla_ackermann_msgs/carla_ackermann_msgs/msg/detail/ego_vehicle_control_status__rosidl_typesupport_introspection_cpp.hpp
-- Symlinking: /home/nisanth/carla_ros_ws/install/carla_ackermann_msgs/include/carla_ackermann_msgs/carla_ackermann_msgs/msg/detail/ego_vehicle_control_target__rosidl_typesupport_introspection_cpp.hpp
-- Symlinking: /home/nisanth/carla_ros_ws/install/carla_ackermann_msgs/share/carla_ackermann_msgs/environment/pythonpath.sh
-- Symlinking: /home/nisanth/carla_ros_ws/install/carla_ackermann_msgs/share/carla_ackermann_msgs/environment/pythonpath.dsv
-- Symlinking: /home/nisanth/carla_ros_ws/install/carla_ackermann_msgs/local/lib/python3.10/dist-packages/carla_ackermann_msgs-1.0.0-py3.10.egg-info/PKG-INFO
-- Symlinking: /home/nisanth/carla_ros_ws/install/carla_ackermann_msgs/local/lib/python3.10/dist-packages/carla_ackermann_msgs-1.0.0-py3.10.egg-info/SOURCES.txt
-- Symlinking: /home/nisanth/carla_ros_ws/install/carla_ackermann_msgs/local/lib/python3.10/dist-packages/carla_ackermann_msgs-1.0.0-py3.10.egg-info/dependency_links.txt
-- Symlinking: /home/nisanth/carla_ros_ws/install/carla_ackermann_msgs/local/lib/python3.10/dist-packages/carla_ackermann_msgs-1.0.0-py3.10.egg-info/top_level.txt
-- Symlinking: /home/nisanth/carla_ros_ws/install/carla_ackermann_msgs/local/lib/python3.10/dist-packages/carla_ackermann_msgs/__init__.py
-- Symlinking: /home/nisanth/carla_ros_ws/install/carla_ackermann_msgs/local/lib/python3.10/dist-packages/carla_ackermann_msgs/_carla_ackermann_msgs_s.ep.rosidl_typesupport_c.c
-- Symlinking: /home/nisanth/carla_ros_ws/install/carla_ackermann_msgs/local/lib/python3.10/dist-packages/carla_ackermann_msgs/_carla_ackermann_msgs_s.ep.rosidl_typesupport_fastrtps_c.c
-- Symlinking: /home/nisanth/carla_ros_ws/install/carla_ackermann_msgs/local/lib/python3.10/dist-packages/carla_ackermann_msgs/_carla_ackermann_msgs_s.ep.rosidl_typesupport_introspection_c.c
-- Symlinking: /home/nisanth/carla_ros_ws/install/carla_ackermann_msgs/local/lib/python3.10/dist-packages/carla_ackermann_msgs/carla_ackermann_msgs_s__rosidl_typesupport_c.cpython-310-x86_64-linux-gnu.so
-- Symlinking: /home/nisanth/carla_ros_ws/install/carla_ackermann_msgs/local/lib/python3.10/dist-packages/carla_ackermann_msgs/carla_ackermann_msgs_s__rosidl_typesupport_fastrtps_c.cpython-310-x86_64-linux-gnu.so
-- Symlinking: /home/nisanth/carla_ros_ws/install/carla_ackermann_msgs/local/lib/python3.10/dist-packages/carla_ackermann_msgs/carla_ackermann_msgs_s__rosidl_typesupport_introspection_c.cpython-310-x86_64-linux-gnu.so
-- Symlinking: /home/nisanth/carla_ros_ws/install/carla_ackermann_msgs/local/lib/python3.10/dist-packages/carla_ackermann_msgs/libcarla_ackermann_msgs__rosidl_generator_py.so
-- Symlinking: /home/nisanth/carla_ros_ws/install/carla_ackermann_msgs/local/lib/python3.10/dist-packages/carla_ackermann_msgs/msg/__init__.py
-- Symlinking: /home/nisanth/carla_ros_ws/install/carla_ackermann_msgs/local/lib/python3.10/dist-packages/carla_ackermann_msgs/msg/_ego_vehicle_control_current.py
-- Symlinking: /home/nisanth/carla_ros_ws/install/carla_ackermann_msgs/local/lib/python3.10/dist-packages/carla_ackermann_msgs/msg/_ego_vehicle_control_current_s.c
-- Symlinking: /home/nisanth/carla_ros_ws/install/carla_ackermann_msgs/local/lib/python3.10/dist-packages/carla_ackermann_msgs/msg/_ego_vehicle_control_info.py
-- Symlinking: /home/nisanth/carla_ros_ws/install/carla_ackermann_msgs/local/lib/python3.10/dist-packages/carla_ackermann_msgs/msg/_ego_vehicle_control_info_s.c
-- Symlinking: /home/nisanth/carla_ros_ws/install/carla_ackermann_msgs/local/lib/python3.10/dist-packages/carla_ackermann_msgs/msg/_ego_vehicle_control_maxima.py
-- Symlinking: /home/nisanth/carla_ros_ws/install/carla_ackermann_msgs/local/lib/python3.10/dist-packages/carla_ackermann_msgs/msg/_ego_vehicle_control_maxima_s.c
-- Symlinking: /home/nisanth/carla_ros_ws/install/carla_ackermann_msgs/local/lib/python3.10/dist-packages/carla_ackermann_msgs/msg/_ego_vehicle_control_status.py
-- Symlinking: /home/nisanth/carla_ros_ws/install/carla_ackermann_msgs/local/lib/python3.10/dist-packages/carla_ackermann_msgs/msg/_ego_vehicle_control_status_s.c
-- Symlinking: /home/nisanth/carla_ros_ws/install/carla_ackermann_msgs/local/lib/python3.10/dist-packages/carla_ackermann_msgs/msg/_ego_vehicle_control_target.py
-- Symlinking: /home/nisanth/carla_ros_ws/install/carla_ackermann_msgs/local/lib/python3.10/dist-packages/carla_ackermann_msgs/msg/_ego_vehicle_control_target_s.c
-- Up-to-date symlink: /home/nisanth/carla_ros_ws/install/carla_ackermann_msgs/local/lib/python3.10/dist-packages/carla_ackermann_msgs/carla_ackermann_msgs_s__rosidl_typesupport_fastrtps_c.cpython-310-x86_64-linux-gnu.so
-- Up-to-date symlink: /home/nisanth/carla_ros_ws/install/carla_ackermann_msgs/local/lib/python3.10/dist-packages/carla_ackermann_msgs/carla_ackermann_msgs_s__rosidl_typesupport_introspection_c.cpython-310-x86_64-linux-gnu.so
-- Up-to-date symlink: /home/nisanth/carla_ros_ws/install/carla_ackermann_msgs/local/lib/python3.10/dist-packages/carla_ackermann_msgs/carla_ackermann_msgs_s__rosidl_typesupport_c.cpython-310-x86_64-linux-gnu.so
-- Symlinking: /home/nisanth/carla_ros_ws/install/carla_ackermann_msgs/share/carla_ackermann_msgs/msg/EgoVehicleControlInfo.idl
-- Symlinking: /home/nisanth/carla_ros_ws/install/carla_ackermann_msgs/share/carla_ackermann_msgs/msg/EgoVehicleControlCurrent.idl
-- Symlinking: /home/nisanth/carla_ros_ws/install/carla_ackermann_msgs/share/carla_ackermann_msgs/msg/EgoVehicleControlMaxima.idl
-- Symlinking: /home/nisanth/carla_ros_ws/install/carla_ackermann_msgs/share/carla_ackermann_msgs/msg/EgoVehicleControlStatus.idl
-- Symlinking: /home/nisanth/carla_ros_ws/install/carla_ackermann_msgs/share/carla_ackermann_msgs/msg/EgoVehicleControlTarget.idl
-- Symlinking: /home/nisanth/carla_ros_ws/install/carla_ackermann_msgs/share/carla_ackermann_msgs/msg/EgoVehicleControlInfo.msg
-- Symlinking: /home/nisanth/carla_ros_ws/install/carla_ackermann_msgs/share/carla_ackermann_msgs/msg/EgoVehicleControlCurrent.msg
-- Symlinking: /home/nisanth/carla_ros_ws/install/carla_ackermann_msgs/share/carla_ackermann_msgs/msg/EgoVehicleControlMaxima.msg
-- Symlinking: /home/nisanth/carla_ros_ws/install/carla_ackermann_msgs/share/carla_ackermann_msgs/msg/EgoVehicleControlStatus.msg
-- Symlinking: /home/nisanth/carla_ros_ws/install/carla_ackermann_msgs/share/carla_ackermann_msgs/msg/EgoVehicleControlTarget.msg
-- Symlinking: /home/nisanth/carla_ros_ws/install/carla_ackermann_msgs/share/ament_index/resource_index/package_run_dependencies/carla_ackermann_msgs
-- Symlinking: /home/nisanth/carla_ros_ws/install/carla_ackermann_msgs/share/ament_index/resource_index/parent_prefix_path/carla_ackermann_msgs
-- Symlinking: /home/nisanth/carla_ros_ws/install/carla_ackermann_msgs/share/carla_ackermann_msgs/environment/ament_prefix_path.sh
-- Symlinking: /home/nisanth/carla_ros_ws/install/carla_ackermann_msgs/share/carla_ackermann_msgs/environment/ament_prefix_path.dsv
-- Symlinking: /home/nisanth/carla_ros_ws/install/carla_ackermann_msgs/share/carla_ackermann_msgs/environment/path.sh
-- Symlinking: /home/nisanth/carla_ros_ws/install/carla_ackermann_msgs/share/carla_ackermann_msgs/environment/path.dsv
-- Symlinking: /home/nisanth/carla_ros_ws/install/carla_ackermann_msgs/share/carla_ackermann_msgs/local_setup.bash
-- Symlinking: /home/nisanth/carla_ros_ws/install/carla_ackermann_msgs/share/carla_ackermann_msgs/local_setup.sh
-- Symlinking: /home/nisanth/carla_ros_ws/install/carla_ackermann_msgs/share/carla_ackermann_msgs/local_setup.zsh
-- Symlinking: /home/nisanth/carla_ros_ws/install/carla_ackermann_msgs/share/carla_ackermann_msgs/local_setup.dsv
-- Symlinking: /home/nisanth/carla_ros_ws/install/carla_ackermann_msgs/share/carla_ackermann_msgs/package.dsv
-- Symlinking: /home/nisanth/carla_ros_ws/install/carla_ackermann_msgs/share/ament_index/resource_index/packages/carla_ackermann_msgs
-- Symlinking: /home/nisanth/carla_ros_ws/install/carla_ackermann_msgs/share/carla_ackermann_msgs/cmake/rosidl_cmake-extras.cmake
-- Symlinking: /home/nisanth/carla_ros_ws/install/carla_ackermann_msgs/share/carla_ackermann_msgs/cmake/ament_cmake_export_dependencies-extras.cmake
-- Symlinking: /home/nisanth/carla_ros_ws/install/carla_ackermann_msgs/share/carla_ackermann_msgs/cmake/ament_cmake_export_include_directories-extras.cmake
-- Symlinking: /home/nisanth/carla_ros_ws/install/carla_ackermann_msgs/share/carla_ackermann_msgs/cmake/ament_cmake_export_libraries-extras.cmake
-- Symlinking: /home/nisanth/carla_ros_ws/install/carla_ackermann_msgs/share/carla_ackermann_msgs/cmake/ament_cmake_export_targets-extras.cmake
-- Symlinking: /home/nisanth/carla_ros_ws/install/carla_ackermann_msgs/share/carla_ackermann_msgs/cmake/rosidl_cmake_export_typesupport_targets-extras.cmake
-- Symlinking: /home/nisanth/carla_ros_ws/install/carla_ackermann_msgs/share/carla_ackermann_msgs/cmake/rosidl_cmake_export_typesupport_libraries-extras.cmake
-- Symlinking: /home/nisanth/carla_ros_ws/install/carla_ackermann_msgs/share/carla_ackermann_msgs/cmake/carla_ackermann_msgsConfig.cmake
-- Symlinking: /home/nisanth/carla_ros_ws/install/carla_ackermann_msgs/share/carla_ackermann_msgs/cmake/carla_ackermann_msgsConfig-version.cmake
-- Symlinking: /home/nisanth/carla_ros_ws/install/carla_ackermann_msgs/share/carla_ackermann_msgs/package.xml
-- Installing: /home/nisanth/carla_ros_ws/install/carla_ackermann_msgs/lib/libcarla_ackermann_msgs__rosidl_generator_c.so
-- Set runtime path of "/home/nisanth/carla_ros_ws/install/carla_ackermann_msgs/lib/libcarla_ackermann_msgs__rosidl_generator_c.so" to ""
-- Installing: /home/nisanth/carla_ros_ws/install/carla_ackermann_msgs/lib/libcarla_ackermann_msgs__rosidl_typesupport_fastrtps_c.so
-- Set runtime path of "/home/nisanth/carla_ros_ws/install/carla_ackermann_msgs/lib/libcarla_ackermann_msgs__rosidl_typesupport_fastrtps_c.so" to ""
-- Installing: /home/nisanth/carla_ros_ws/install/carla_ackermann_msgs/lib/libcarla_ackermann_msgs__rosidl_typesupport_fastrtps_cpp.so
-- Set runtime path of "/home/nisanth/carla_ros_ws/install/carla_ackermann_msgs/lib/libcarla_ackermann_msgs__rosidl_typesupport_fastrtps_cpp.so" to ""
-- Installing: /home/nisanth/carla_ros_ws/install/carla_ackermann_msgs/lib/libcarla_ackermann_msgs__rosidl_typesupport_introspection_c.so
-- Set runtime path of "/home/nisanth/carla_ros_ws/install/carla_ackermann_msgs/lib/libcarla_ackermann_msgs__rosidl_typesupport_introspection_c.so" to ""
-- Installing: /home/nisanth/carla_ros_ws/install/carla_ackermann_msgs/lib/libcarla_ackermann_msgs__rosidl_typesupport_c.so
-- Set runtime path of "/home/nisanth/carla_ros_ws/install/carla_ackermann_msgs/lib/libcarla_ackermann_msgs__rosidl_typesupport_c.so" to ""
-- Installing: /home/nisanth/carla_ros_ws/install/carla_ackermann_msgs/lib/libcarla_ackermann_msgs__rosidl_typesupport_introspection_cpp.so
-- Set runtime path of "/home/nisanth/carla_ros_ws/install/carla_ackermann_msgs/lib/libcarla_ackermann_msgs__rosidl_typesupport_introspection_cpp.so" to ""
-- Installing: /home/nisanth/carla_ros_ws/install/carla_ackermann_msgs/lib/libcarla_ackermann_msgs__rosidl_typesupport_cpp.so
-- Set runtime path of "/home/nisanth/carla_ros_ws/install/carla_ackermann_msgs/lib/libcarla_ackermann_msgs__rosidl_typesupport_cpp.so" to ""
Listing '/home/nisanth/carla_ros_ws/install/carla_ackermann_msgs/local/lib/python3.10/dist-packages/carla_ackermann_msgs'...
Compiling '/home/nisanth/carla_ros_ws/install/carla_ackermann_msgs/local/lib/python3.10/dist-packages/carla_ackermann_msgs/__init__.py'...
Listing '/home/nisanth/carla_ros_ws/install/carla_ackermann_msgs/local/lib/python3.10/dist-packages/carla_ackermann_msgs/msg'...
Compiling '/home/nisanth/carla_ros_ws/install/carla_ackermann_msgs/local/lib/python3.10/dist-packages/carla_ackermann_msgs/msg/__init__.py'...
Compiling '/home/nisanth/carla_ros_ws/install/carla_ackermann_msgs/local/lib/python3.10/dist-packages/carla_ackermann_msgs/msg/_ego_vehicle_control_current.py'...
Compiling '/home/nisanth/carla_ros_ws/install/carla_ackermann_msgs/local/lib/python3.10/dist-packages/carla_ackermann_msgs/msg/_ego_vehicle_control_info.py'...
Compiling '/home/nisanth/carla_ros_ws/install/carla_ackermann_msgs/local/lib/python3.10/dist-packages/carla_ackermann_msgs/msg/_ego_vehicle_control_maxima.py'...
Compiling '/home/nisanth/carla_ros_ws/install/carla_ackermann_msgs/local/lib/python3.10/dist-packages/carla_ackermann_msgs/msg/_ego_vehicle_control_status.py'...
Compiling '/home/nisanth/carla_ros_ws/install/carla_ackermann_msgs/local/lib/python3.10/dist-packages/carla_ackermann_msgs/msg/_ego_vehicle_control_target.py'...
-- Installing: /home/nisanth/carla_ros_ws/install/carla_ackermann_msgs/lib/libcarla_ackermann_msgs__rosidl_generator_py.so
-- Set runtime path of "/home/nisanth/carla_ros_ws/install/carla_ackermann_msgs/lib/libcarla_ackermann_msgs__rosidl_generator_py.so" to ""
-- Installing: /home/nisanth/carla_ros_ws/install/carla_ackermann_msgs/share/carla_ackermann_msgs/cmake/export_carla_ackermann_msgs__rosidl_generator_cExport.cmake
-- Installing: /home/nisanth/carla_ros_ws/install/carla_ackermann_msgs/share/carla_ackermann_msgs/cmake/export_carla_ackermann_msgs__rosidl_generator_cExport-noconfig.cmake
-- Installing: /home/nisanth/carla_ros_ws/install/carla_ackermann_msgs/share/carla_ackermann_msgs/cmake/export_carla_ackermann_msgs__rosidl_typesupport_fastrtps_cExport.cmake
-- Installing: /home/nisanth/carla_ros_ws/install/carla_ackermann_msgs/share/carla_ackermann_msgs/cmake/export_carla_ackermann_msgs__rosidl_typesupport_fastrtps_cExport-noconfig.cmake
-- Installing: /home/nisanth/carla_ros_ws/install/carla_ackermann_msgs/share/carla_ackermann_msgs/cmake/export_carla_ackermann_msgs__rosidl_generator_cppExport.cmake
-- Installing: /home/nisanth/carla_ros_ws/install/carla_ackermann_msgs/share/carla_ackermann_msgs/cmake/export_carla_ackermann_msgs__rosidl_typesupport_fastrtps_cppExport.cmake
-- Installing: /home/nisanth/carla_ros_ws/install/carla_ackermann_msgs/share/carla_ackermann_msgs/cmake/export_carla_ackermann_msgs__rosidl_typesupport_fastrtps_cppExport-noconfig.cmake
-- Installing: /home/nisanth/carla_ros_ws/install/carla_ackermann_msgs/share/carla_ackermann_msgs/cmake/carla_ackermann_msgs__rosidl_typesupport_introspection_cExport.cmake
-- Installing: /home/nisanth/carla_ros_ws/install/carla_ackermann_msgs/share/carla_ackermann_msgs/cmake/carla_ackermann_msgs__rosidl_typesupport_introspection_cExport-noconfig.cmake
-- Installing: /home/nisanth/carla_ros_ws/install/carla_ackermann_msgs/share/carla_ackermann_msgs/cmake/carla_ackermann_msgs__rosidl_typesupport_cExport.cmake
-- Installing: /home/nisanth/carla_ros_ws/install/carla_ackermann_msgs/share/carla_ackermann_msgs/cmake/carla_ackermann_msgs__rosidl_typesupport_cExport-noconfig.cmake
-- Installing: /home/nisanth/carla_ros_ws/install/carla_ackermann_msgs/share/carla_ackermann_msgs/cmake/carla_ackermann_msgs__rosidl_typesupport_introspection_cppExport.cmake
-- Installing: /home/nisanth/carla_ros_ws/install/carla_ackermann_msgs/share/carla_ackermann_msgs/cmake/carla_ackermann_msgs__rosidl_typesupport_introspection_cppExport-noconfig.cmake
-- Installing: /home/nisanth/carla_ros_ws/install/carla_ackermann_msgs/share/carla_ackermann_msgs/cmake/carla_ackermann_msgs__rosidl_typesupport_cppExport.cmake
-- Installing: /home/nisanth/carla_ros_ws/install/carla_ackermann_msgs/share/carla_ackermann_msgs/cmake/carla_ackermann_msgs__rosidl_typesupport_cppExport-noconfig.cmake
-- Installing: /home/nisanth/carla_ros_ws/install/carla_ackermann_msgs/share/carla_ackermann_msgs/cmake/export_carla_ackermann_msgs__rosidl_generator_pyExport.cmake
-- Installing: /home/nisanth/carla_ros_ws/install/carla_ackermann_msgs/share/carla_ackermann_msgs/cmake/export_carla_ackermann_msgs__rosidl_generator_pyExport-noconfig.cmake
