[0.061s] Invoking command in '/home/nisanth/carla_ros_ws/build/carla_ackermann_msgs': AMENT_PREFIX_PATH=/home/nisanth/carla_ros_ws/install/carla_msgs:${AMENT_PREFIX_PATH} CMAKE_PREFIX_PATH=/home/nisanth/carla_ros_ws/install/carla_msgs:/opt/ros/humble LD_LIBRARY_PATH=/home/nisanth/carla_ros_ws/install/carla_msgs/lib:${LD_LIBRARY_PATH} PYTHONPATH=/home/nisanth/carla_ros_ws/install/carla_msgs/local/lib/python3.10/dist-packages:${PYTHONPATH} /usr/bin/cmake /home/nisanth/carla_ros_ws/src/ros-bridge/carla_ackermann_msgs -DAMENT_CMAKE_SYMLINK_INSTALL=1 -DCMAKE_INSTALL_PREFIX=/home/nisanth/carla_ros_ws/install/carla_ackermann_msgs
[0.209s] -- The C compiler identification is GNU 11.4.0
[0.699s] -- The CXX compiler identification is GNU 11.4.0
[1.028s] -- Detecting C compiler ABI info
[1.191s] -- Detecting C compiler ABI info - done
[1.199s] -- Check for working C compiler: /usr/bin/cc - skipped
[1.199s] -- Detecting C compile features
[1.200s] -- Detecting C compile features - done
[1.203s] -- Detecting CXX compiler ABI info
[1.382s] -- Detecting CXX compiler ABI info - done
[1.391s] -- Check for working CXX compiler: /usr/bin/c++ - skipped
[1.391s] -- Detecting CXX compile features
[1.391s] -- Detecting CXX compile features - done
[1.393s] -- Found ros_environment: 3.2.2 (/opt/ros/humble/share/ros_environment/cmake)
[1.395s] -- Found ament_cmake: 1.3.13 (/opt/ros/humble/share/ament_cmake/cmake)
[1.590s] -- Found Python3: /usr/bin/python3 (found version "3.10.12") found components: Interpreter 
[1.682s] -- Override CMake install command with custom implementation using symlinks instead of copying resources
[1.720s] -- Found builtin_interfaces: 1.2.2 (/opt/ros/humble/share/builtin_interfaces/cmake)
[1.885s] -- Found rosidl_generator_c: 3.1.8 (/opt/ros/humble/share/rosidl_generator_c/cmake)
[1.892s] -- Found rosidl_adapter: 3.1.8 (/opt/ros/humble/share/rosidl_adapter/cmake)
[1.906s] -- Found rosidl_generator_cpp: 3.1.8 (/opt/ros/humble/share/rosidl_generator_cpp/cmake)
[1.924s] -- Using all available rosidl_typesupport_c: rosidl_typesupport_fastrtps_c;rosidl_typesupport_introspection_c
[1.951s] -- Using all available rosidl_typesupport_cpp: rosidl_typesupport_fastrtps_cpp;rosidl_typesupport_introspection_cpp
[1.971s] -- Found std_msgs: 4.9.1 (/opt/ros/humble/share/std_msgs/cmake)
[1.986s] -- Found carla_msgs: 1.3.0 (/home/nisanth/carla_ros_ws/install/carla_msgs/share/carla_msgs/cmake)
[2.044s] -- Found rosidl_default_generators: 1.2.0 (/opt/ros/humble/share/rosidl_default_generators/cmake)
[2.534s] -- Found ament_cmake_cppcheck: 0.12.15 (/opt/ros/humble/share/ament_cmake_cppcheck/cmake)
[2.538s] -- Found ament_cmake_cpplint: 0.12.15 (/opt/ros/humble/share/ament_cmake_cpplint/cmake)
[2.542s] -- Found ament_cmake_uncrustify: 0.12.15 (/opt/ros/humble/share/ament_cmake_uncrustify/cmake)
[2.545s] -- Found ament_cmake_ros: 0.10.0 (/opt/ros/humble/share/ament_cmake_ros/cmake)
[3.154s] -- Using all available rosidl_typesupport_c: rosidl_typesupport_fastrtps_c;rosidl_typesupport_introspection_c
[3.370s] -- Using all available rosidl_typesupport_cpp: rosidl_typesupport_fastrtps_cpp;rosidl_typesupport_introspection_cpp
[3.463s] -- Found PythonInterp: /usr/bin/python3 (found suitable version "3.10.12", minimum required is "3.6") 
[3.465s] -- Found python_cmake_module: 0.10.0 (/opt/ros/humble/share/python_cmake_module/cmake)
[3.833s] -- Found PythonLibs: /usr/lib/x86_64-linux-gnu/libpython3.10.so (found suitable version "3.10.12", minimum required is "3.5") 
[3.833s] -- Using PYTHON_EXECUTABLE: /usr/bin/python3
[3.833s] -- Using PYTHON_INCLUDE_DIRS: /usr/include/python3.10
[3.833s] -- Using PYTHON_LIBRARIES: /usr/lib/x86_64-linux-gnu/libpython3.10.so
[3.858s] -- Found PythonExtra: .so  
[3.972s] -- Found ament_cmake_flake8: 0.12.15 (/opt/ros/humble/share/ament_cmake_flake8/cmake)
[3.975s] -- Found ament_cmake_pep257: 0.12.15 (/opt/ros/humble/share/ament_cmake_pep257/cmake)
[3.980s] -- Found ament_lint_auto: 0.12.15 (/opt/ros/humble/share/ament_lint_auto/cmake)
[4.001s] -- Added test 'copyright' to check source files copyright and LICENSE
[4.002s] -- Added test 'lint_cmake' to check CMake code style
[4.003s] -- Added test 'xmllint' to check XML markup files
[4.007s] -- Configuring done
[4.095s] -- Generating done
[4.110s] -- Build files have been written to: /home/nisanth/carla_ros_ws/build/carla_ackermann_msgs
[4.127s] Invoked command in '/home/nisanth/carla_ros_ws/build/carla_ackermann_msgs' returned '0': AMENT_PREFIX_PATH=/home/nisanth/carla_ros_ws/install/carla_msgs:${AMENT_PREFIX_PATH} CMAKE_PREFIX_PATH=/home/nisanth/carla_ros_ws/install/carla_msgs:/opt/ros/humble LD_LIBRARY_PATH=/home/nisanth/carla_ros_ws/install/carla_msgs/lib:${LD_LIBRARY_PATH} PYTHONPATH=/home/nisanth/carla_ros_ws/install/carla_msgs/local/lib/python3.10/dist-packages:${PYTHONPATH} /usr/bin/cmake /home/nisanth/carla_ros_ws/src/ros-bridge/carla_ackermann_msgs -DAMENT_CMAKE_SYMLINK_INSTALL=1 -DCMAKE_INSTALL_PREFIX=/home/nisanth/carla_ros_ws/install/carla_ackermann_msgs
[4.129s] Invoking command in '/home/nisanth/carla_ros_ws/build/carla_ackermann_msgs': AMENT_PREFIX_PATH=/home/nisanth/carla_ros_ws/install/carla_msgs:${AMENT_PREFIX_PATH} CMAKE_PREFIX_PATH=/home/nisanth/carla_ros_ws/install/carla_msgs:/opt/ros/humble LD_LIBRARY_PATH=/home/nisanth/carla_ros_ws/install/carla_msgs/lib:${LD_LIBRARY_PATH} PYTHONPATH=/home/nisanth/carla_ros_ws/install/carla_msgs/local/lib/python3.10/dist-packages:${PYTHONPATH} /usr/bin/cmake --build /home/nisanth/carla_ros_ws/build/carla_ackermann_msgs -- -j12 -l12
[4.184s] [  1%] [34m[1mGenerating C code for ROS interfaces[0m
[4.199s] [  3%] [34m[1mGenerating C++ code for ROS interfaces[0m
[4.211s] [  3%] Built target ament_cmake_python_symlink_carla_ackermann_msgs
[4.516s] running egg_info
[4.517s] creating carla_ackermann_msgs.egg-info
[4.518s] writing carla_ackermann_msgs.egg-info/PKG-INFO
[4.518s] writing dependency_links to carla_ackermann_msgs.egg-info/dependency_links.txt
[4.518s] writing top-level names to carla_ackermann_msgs.egg-info/top_level.txt
[4.518s] writing manifest file 'carla_ackermann_msgs.egg-info/SOURCES.txt'
[4.520s] reading manifest file 'carla_ackermann_msgs.egg-info/SOURCES.txt'
[4.521s] writing manifest file 'carla_ackermann_msgs.egg-info/SOURCES.txt'
[4.561s] [  3%] Built target ament_cmake_python_build_carla_ackermann_msgs_egg
[4.941s] [  4%] [32mBuilding C object CMakeFiles/carla_ackermann_msgs__rosidl_generator_c.dir/rosidl_generator_c/carla_ackermann_msgs/msg/detail/ego_vehicle_control_info__functions.c.o[0m
[4.942s] [  6%] [32mBuilding C object CMakeFiles/carla_ackermann_msgs__rosidl_generator_c.dir/rosidl_generator_c/carla_ackermann_msgs/msg/detail/ego_vehicle_control_current__functions.c.o[0m
[4.942s] [  7%] [32mBuilding C object CMakeFiles/carla_ackermann_msgs__rosidl_generator_c.dir/rosidl_generator_c/carla_ackermann_msgs/msg/detail/ego_vehicle_control_maxima__functions.c.o[0m
[4.942s] [  9%] [32mBuilding C object CMakeFiles/carla_ackermann_msgs__rosidl_generator_c.dir/rosidl_generator_c/carla_ackermann_msgs/msg/detail/ego_vehicle_control_status__functions.c.o[0m
[4.947s] [ 11%] [32mBuilding C object CMakeFiles/carla_ackermann_msgs__rosidl_generator_c.dir/rosidl_generator_c/carla_ackermann_msgs/msg/detail/ego_vehicle_control_target__functions.c.o[0m
[4.963s] [ 11%] Built target carla_ackermann_msgs__cpp
[4.983s] [ 12%] [34m[1mGenerating C++ type support for eProsima Fast-RTPS[0m
[4.983s] [ 14%] [34m[1mGenerating C++ type support dispatch for ROS interfaces[0m
[4.983s] [ 15%] [34m[1mGenerating C++ introspection for ROS interfaces[0m
[5.033s] [ 17%] [32m[1mLinking C shared library libcarla_ackermann_msgs__rosidl_generator_c.so[0m
[5.187s] [ 17%] Built target carla_ackermann_msgs__rosidl_generator_c
[5.205s] [ 20%] [34m[1mGenerating C introspection for ROS interfaces[0m
[5.205s] [ 20%] [34m[1mGenerating C type support dispatch for ROS interfaces[0m
[5.205s] [ 22%] [34m[1mGenerating C type support for eProsima Fast-RTPS[0m
[5.704s] [ 26%] [32mBuilding CXX object CMakeFiles/carla_ackermann_msgs__rosidl_typesupport_cpp.dir/rosidl_typesupport_cpp/carla_ackermann_msgs/msg/ego_vehicle_control_status__type_support.cpp.o[0m
[5.704s] [ 26%] [32mBuilding CXX object CMakeFiles/carla_ackermann_msgs__rosidl_typesupport_cpp.dir/rosidl_typesupport_cpp/carla_ackermann_msgs/msg/ego_vehicle_control_target__type_support.cpp.o[0m
[5.704s] [ 26%] [32mBuilding CXX object CMakeFiles/carla_ackermann_msgs__rosidl_typesupport_cpp.dir/rosidl_typesupport_cpp/carla_ackermann_msgs/msg/ego_vehicle_control_info__type_support.cpp.o[0m
[5.704s] [ 28%] [32mBuilding CXX object CMakeFiles/carla_ackermann_msgs__rosidl_typesupport_cpp.dir/rosidl_typesupport_cpp/carla_ackermann_msgs/msg/ego_vehicle_control_current__type_support.cpp.o[0m
[5.704s] [ 30%] [32mBuilding CXX object CMakeFiles/carla_ackermann_msgs__rosidl_typesupport_cpp.dir/rosidl_typesupport_cpp/carla_ackermann_msgs/msg/ego_vehicle_control_maxima__type_support.cpp.o[0m
[5.834s] [ 31%] [32mBuilding CXX object CMakeFiles/carla_ackermann_msgs__rosidl_typesupport_introspection_cpp.dir/rosidl_typesupport_introspection_cpp/carla_ackermann_msgs/msg/detail/ego_vehicle_control_info__type_support.cpp.o[0m
[5.848s] [ 33%] [32mBuilding CXX object CMakeFiles/carla_ackermann_msgs__rosidl_typesupport_introspection_cpp.dir/rosidl_typesupport_introspection_cpp/carla_ackermann_msgs/msg/detail/ego_vehicle_control_current__type_support.cpp.o[0m
[5.852s] [ 34%] [32mBuilding CXX object CMakeFiles/carla_ackermann_msgs__rosidl_typesupport_introspection_cpp.dir/rosidl_typesupport_introspection_cpp/carla_ackermann_msgs/msg/detail/ego_vehicle_control_maxima__type_support.cpp.o[0m
[5.925s] [ 36%] [32mBuilding CXX object CMakeFiles/carla_ackermann_msgs__rosidl_typesupport_fastrtps_cpp.dir/rosidl_typesupport_fastrtps_cpp/carla_ackermann_msgs/msg/detail/dds_fastrtps/ego_vehicle_control_info__type_support.cpp.o[0m
[6.157s] [ 38%] [32mBuilding CXX object CMakeFiles/carla_ackermann_msgs__rosidl_typesupport_c.dir/rosidl_typesupport_c/carla_ackermann_msgs/msg/ego_vehicle_control_info__type_support.cpp.o[0m
[6.257s] [ 39%] [32mBuilding CXX object CMakeFiles/carla_ackermann_msgs__rosidl_typesupport_c.dir/rosidl_typesupport_c/carla_ackermann_msgs/msg/ego_vehicle_control_current__type_support.cpp.o[0m
[6.269s] [ 41%] [32mBuilding CXX object CMakeFiles/carla_ackermann_msgs__rosidl_typesupport_fastrtps_cpp.dir/rosidl_typesupport_fastrtps_cpp/carla_ackermann_msgs/msg/detail/dds_fastrtps/ego_vehicle_control_current__type_support.cpp.o[0m
[6.285s] [ 42%] [32mBuilding CXX object CMakeFiles/carla_ackermann_msgs__rosidl_typesupport_c.dir/rosidl_typesupport_c/carla_ackermann_msgs/msg/ego_vehicle_control_maxima__type_support.cpp.o[0m
[6.301s] [ 44%] [32mBuilding CXX object CMakeFiles/carla_ackermann_msgs__rosidl_typesupport_c.dir/rosidl_typesupport_c/carla_ackermann_msgs/msg/ego_vehicle_control_status__type_support.cpp.o[0m
[6.321s] [ 47%] [32mBuilding CXX object CMakeFiles/carla_ackermann_msgs__rosidl_typesupport_introspection_cpp.dir/rosidl_typesupport_introspection_cpp/carla_ackermann_msgs/msg/detail/ego_vehicle_control_status__type_support.cpp.o[0m
[6.321s] [ 47%] [32mBuilding C object CMakeFiles/carla_ackermann_msgs__rosidl_typesupport_introspection_c.dir/rosidl_typesupport_introspection_c/carla_ackermann_msgs/msg/detail/ego_vehicle_control_info__type_support.c.o[0m
[6.336s] [ 49%] [32mBuilding CXX object CMakeFiles/carla_ackermann_msgs__rosidl_typesupport_fastrtps_cpp.dir/rosidl_typesupport_fastrtps_cpp/carla_ackermann_msgs/msg/detail/dds_fastrtps/ego_vehicle_control_maxima__type_support.cpp.o[0m
[6.340s] [ 50%] [32m[1mLinking CXX shared library libcarla_ackermann_msgs__rosidl_typesupport_cpp.so[0m
[6.355s] [ 52%] [32mBuilding CXX object CMakeFiles/carla_ackermann_msgs__rosidl_typesupport_fastrtps_cpp.dir/rosidl_typesupport_fastrtps_cpp/carla_ackermann_msgs/msg/detail/dds_fastrtps/ego_vehicle_control_status__type_support.cpp.o[0m
[6.370s] [ 53%] [32mBuilding CXX object CMakeFiles/carla_ackermann_msgs__rosidl_typesupport_c.dir/rosidl_typesupport_c/carla_ackermann_msgs/msg/ego_vehicle_control_target__type_support.cpp.o[0m
[6.411s] [ 55%] [32mBuilding CXX object CMakeFiles/carla_ackermann_msgs__rosidl_typesupport_fastrtps_c.dir/rosidl_typesupport_fastrtps_c/carla_ackermann_msgs/msg/detail/ego_vehicle_control_info__type_support_c.cpp.o[0m
[6.424s] [ 57%] [32mBuilding C object CMakeFiles/carla_ackermann_msgs__rosidl_typesupport_introspection_c.dir/rosidl_typesupport_introspection_c/carla_ackermann_msgs/msg/detail/ego_vehicle_control_current__type_support.c.o[0m
[6.444s] [ 58%] [32m[1mLinking CXX shared library libcarla_ackermann_msgs__rosidl_typesupport_c.so[0m
[6.499s] [ 60%] [32mBuilding C object CMakeFiles/carla_ackermann_msgs__rosidl_typesupport_introspection_c.dir/rosidl_typesupport_introspection_c/carla_ackermann_msgs/msg/detail/ego_vehicle_control_maxima__type_support.c.o[0m
[6.563s] [ 61%] [32mBuilding CXX object CMakeFiles/carla_ackermann_msgs__rosidl_typesupport_introspection_cpp.dir/rosidl_typesupport_introspection_cpp/carla_ackermann_msgs/msg/detail/ego_vehicle_control_target__type_support.cpp.o[0m
[6.583s] [ 63%] [32mBuilding C object CMakeFiles/carla_ackermann_msgs__rosidl_typesupport_introspection_c.dir/rosidl_typesupport_introspection_c/carla_ackermann_msgs/msg/detail/ego_vehicle_control_status__type_support.c.o[0m
[6.601s] [ 65%] [32mBuilding CXX object CMakeFiles/carla_ackermann_msgs__rosidl_typesupport_fastrtps_cpp.dir/rosidl_typesupport_fastrtps_cpp/carla_ackermann_msgs/msg/detail/dds_fastrtps/ego_vehicle_control_target__type_support.cpp.o[0m
[6.663s] [ 66%] [32mBuilding CXX object CMakeFiles/carla_ackermann_msgs__rosidl_typesupport_fastrtps_c.dir/rosidl_typesupport_fastrtps_c/carla_ackermann_msgs/msg/detail/ego_vehicle_control_current__type_support_c.cpp.o[0m
[6.665s] [ 68%] [32mBuilding C object CMakeFiles/carla_ackermann_msgs__rosidl_typesupport_introspection_c.dir/rosidl_typesupport_introspection_c/carla_ackermann_msgs/msg/detail/ego_vehicle_control_target__type_support.c.o[0m
[6.736s] [ 68%] Built target carla_ackermann_msgs__rosidl_typesupport_cpp
[6.739s] [ 69%] [32mBuilding CXX object CMakeFiles/carla_ackermann_msgs__rosidl_typesupport_fastrtps_c.dir/rosidl_typesupport_fastrtps_c/carla_ackermann_msgs/msg/detail/ego_vehicle_control_maxima__type_support_c.cpp.o[0m
[6.760s] [ 71%] [32mBuilding CXX object CMakeFiles/carla_ackermann_msgs__rosidl_typesupport_fastrtps_c.dir/rosidl_typesupport_fastrtps_c/carla_ackermann_msgs/msg/detail/ego_vehicle_control_status__type_support_c.cpp.o[0m
[6.760s] [ 73%] [32m[1mLinking C shared library libcarla_ackermann_msgs__rosidl_typesupport_introspection_c.so[0m
[6.887s] [ 73%] Built target carla_ackermann_msgs__rosidl_typesupport_c
[6.912s] [ 74%] [32mBuilding CXX object CMakeFiles/carla_ackermann_msgs__rosidl_typesupport_fastrtps_c.dir/rosidl_typesupport_fastrtps_c/carla_ackermann_msgs/msg/detail/ego_vehicle_control_target__type_support_c.cpp.o[0m
[7.132s] [ 74%] Built target carla_ackermann_msgs__rosidl_typesupport_introspection_c
[7.259s] [ 76%] [32m[1mLinking CXX shared library libcarla_ackermann_msgs__rosidl_typesupport_introspection_cpp.so[0m
[7.339s] [ 77%] [32m[1mLinking CXX shared library libcarla_ackermann_msgs__rosidl_typesupport_fastrtps_cpp.so[0m
[7.442s] [ 77%] Built target carla_ackermann_msgs__rosidl_typesupport_introspection_cpp
[7.471s] [ 79%] [32m[1mLinking CXX shared library libcarla_ackermann_msgs__rosidl_typesupport_fastrtps_c.so[0m
[7.526s] [ 79%] Built target carla_ackermann_msgs__rosidl_typesupport_fastrtps_cpp
[7.646s] [ 79%] Built target carla_ackermann_msgs__rosidl_typesupport_fastrtps_c
[7.673s] [ 79%] Built target carla_ackermann_msgs
[7.702s] [ 80%] [34m[1mGenerating Python code for ROS interfaces[0m
[8.702s] [ 80%] Built target carla_ackermann_msgs__py
[8.733s] [ 84%] [32mBuilding C object CMakeFiles/carla_ackermann_msgs__rosidl_generator_py.dir/rosidl_generator_py/carla_ackermann_msgs/msg/_ego_vehicle_control_maxima_s.c.o[0m
[8.733s] [ 84%] [32mBuilding C object CMakeFiles/carla_ackermann_msgs__rosidl_generator_py.dir/rosidl_generator_py/carla_ackermann_msgs/msg/_ego_vehicle_control_target_s.c.o[0m
[8.733s] [ 87%] [32mBuilding C object CMakeFiles/carla_ackermann_msgs__rosidl_generator_py.dir/rosidl_generator_py/carla_ackermann_msgs/msg/_ego_vehicle_control_current_s.c.o[0m
[8.733s] [ 87%] [32mBuilding C object CMakeFiles/carla_ackermann_msgs__rosidl_generator_py.dir/rosidl_generator_py/carla_ackermann_msgs/msg/_ego_vehicle_control_status_s.c.o[0m
[8.733s] [ 88%] [32mBuilding C object CMakeFiles/carla_ackermann_msgs__rosidl_generator_py.dir/rosidl_generator_py/carla_ackermann_msgs/msg/_ego_vehicle_control_info_s.c.o[0m
[8.898s] [ 90%] [32m[1mLinking C shared library rosidl_generator_py/carla_ackermann_msgs/libcarla_ackermann_msgs__rosidl_generator_py.so[0m
[9.037s] [ 90%] Built target carla_ackermann_msgs__rosidl_generator_py
[9.066s] [ 93%] [32mBuilding C object CMakeFiles/carla_ackermann_msgs__rosidl_typesupport_c__pyext.dir/rosidl_generator_py/carla_ackermann_msgs/_carla_ackermann_msgs_s.ep.rosidl_typesupport_c.c.o[0m
[9.066s] [ 93%] [32mBuilding C object CMakeFiles/carla_ackermann_msgs__rosidl_typesupport_fastrtps_c__pyext.dir/rosidl_generator_py/carla_ackermann_msgs/_carla_ackermann_msgs_s.ep.rosidl_typesupport_fastrtps_c.c.o[0m
[9.067s] [ 95%] [32mBuilding C object CMakeFiles/carla_ackermann_msgs__rosidl_typesupport_introspection_c__pyext.dir/rosidl_generator_py/carla_ackermann_msgs/_carla_ackermann_msgs_s.ep.rosidl_typesupport_introspection_c.c.o[0m
[9.230s] [ 98%] [32m[1mLinking C shared library rosidl_generator_py/carla_ackermann_msgs/carla_ackermann_msgs_s__rosidl_typesupport_introspection_c.cpython-310-x86_64-linux-gnu.so[0m
[9.230s] [ 98%] [32m[1mLinking C shared library rosidl_generator_py/carla_ackermann_msgs/carla_ackermann_msgs_s__rosidl_typesupport_c.cpython-310-x86_64-linux-gnu.so[0m
[9.241s] [100%] [32m[1mLinking C shared library rosidl_generator_py/carla_ackermann_msgs/carla_ackermann_msgs_s__rosidl_typesupport_fastrtps_c.cpython-310-x86_64-linux-gnu.so[0m
[9.348s] [100%] Built target carla_ackermann_msgs__rosidl_typesupport_c__pyext
[9.350s] [100%] Built target carla_ackermann_msgs__rosidl_typesupport_introspection_c__pyext
[9.354s] [100%] Built target carla_ackermann_msgs__rosidl_typesupport_fastrtps_c__pyext
[9.372s] Invoked command in '/home/nisanth/carla_ros_ws/build/carla_ackermann_msgs' returned '0': AMENT_PREFIX_PATH=/home/nisanth/carla_ros_ws/install/carla_msgs:${AMENT_PREFIX_PATH} CMAKE_PREFIX_PATH=/home/nisanth/carla_ros_ws/install/carla_msgs:/opt/ros/humble LD_LIBRARY_PATH=/home/nisanth/carla_ros_ws/install/carla_msgs/lib:${LD_LIBRARY_PATH} PYTHONPATH=/home/nisanth/carla_ros_ws/install/carla_msgs/local/lib/python3.10/dist-packages:${PYTHONPATH} /usr/bin/cmake --build /home/nisanth/carla_ros_ws/build/carla_ackermann_msgs -- -j12 -l12
[9.373s] Invoking command in '/home/nisanth/carla_ros_ws/build/carla_ackermann_msgs': AMENT_PREFIX_PATH=/home/nisanth/carla_ros_ws/install/carla_msgs:${AMENT_PREFIX_PATH} CMAKE_PREFIX_PATH=/home/nisanth/carla_ros_ws/install/carla_msgs:/opt/ros/humble LD_LIBRARY_PATH=/home/nisanth/carla_ros_ws/install/carla_msgs/lib:${LD_LIBRARY_PATH} PYTHONPATH=/home/nisanth/carla_ros_ws/install/carla_msgs/local/lib/python3.10/dist-packages:${PYTHONPATH} /usr/bin/cmake --install /home/nisanth/carla_ros_ws/build/carla_ackermann_msgs
[9.384s] -- Install configuration: ""
[9.384s] -- Execute custom install script
[9.387s] -- Symlinking: /home/nisanth/carla_ros_ws/install/carla_ackermann_msgs/share/ament_index/resource_index/rosidl_interfaces/carla_ackermann_msgs
[9.404s] -- Symlinking: /home/nisanth/carla_ros_ws/install/carla_ackermann_msgs/include/carla_ackermann_msgs/carla_ackermann_msgs/msg/detail/ego_vehicle_control_current__functions.h
[9.417s] -- Symlinking: /home/nisanth/carla_ros_ws/install/carla_ackermann_msgs/include/carla_ackermann_msgs/carla_ackermann_msgs/msg/detail/ego_vehicle_control_current__struct.h
[9.430s] -- Symlinking: /home/nisanth/carla_ros_ws/install/carla_ackermann_msgs/include/carla_ackermann_msgs/carla_ackermann_msgs/msg/detail/ego_vehicle_control_current__type_support.h
[9.443s] -- Symlinking: /home/nisanth/carla_ros_ws/install/carla_ackermann_msgs/include/carla_ackermann_msgs/carla_ackermann_msgs/msg/detail/ego_vehicle_control_info__functions.h
[9.456s] -- Symlinking: /home/nisanth/carla_ros_ws/install/carla_ackermann_msgs/include/carla_ackermann_msgs/carla_ackermann_msgs/msg/detail/ego_vehicle_control_info__struct.h
[9.468s] -- Symlinking: /home/nisanth/carla_ros_ws/install/carla_ackermann_msgs/include/carla_ackermann_msgs/carla_ackermann_msgs/msg/detail/ego_vehicle_control_info__type_support.h
[9.482s] -- Symlinking: /home/nisanth/carla_ros_ws/install/carla_ackermann_msgs/include/carla_ackermann_msgs/carla_ackermann_msgs/msg/detail/ego_vehicle_control_maxima__functions.h
[9.494s] -- Symlinking: /home/nisanth/carla_ros_ws/install/carla_ackermann_msgs/include/carla_ackermann_msgs/carla_ackermann_msgs/msg/detail/ego_vehicle_control_maxima__struct.h
[9.507s] -- Symlinking: /home/nisanth/carla_ros_ws/install/carla_ackermann_msgs/include/carla_ackermann_msgs/carla_ackermann_msgs/msg/detail/ego_vehicle_control_maxima__type_support.h
[9.519s] -- Symlinking: /home/nisanth/carla_ros_ws/install/carla_ackermann_msgs/include/carla_ackermann_msgs/carla_ackermann_msgs/msg/detail/ego_vehicle_control_status__functions.h
[9.532s] -- Symlinking: /home/nisanth/carla_ros_ws/install/carla_ackermann_msgs/include/carla_ackermann_msgs/carla_ackermann_msgs/msg/detail/ego_vehicle_control_status__struct.h
[9.545s] -- Symlinking: /home/nisanth/carla_ros_ws/install/carla_ackermann_msgs/include/carla_ackermann_msgs/carla_ackermann_msgs/msg/detail/ego_vehicle_control_status__type_support.h
[9.557s] -- Symlinking: /home/nisanth/carla_ros_ws/install/carla_ackermann_msgs/include/carla_ackermann_msgs/carla_ackermann_msgs/msg/detail/ego_vehicle_control_target__functions.h
[9.570s] -- Symlinking: /home/nisanth/carla_ros_ws/install/carla_ackermann_msgs/include/carla_ackermann_msgs/carla_ackermann_msgs/msg/detail/ego_vehicle_control_target__struct.h
[9.583s] -- Symlinking: /home/nisanth/carla_ros_ws/install/carla_ackermann_msgs/include/carla_ackermann_msgs/carla_ackermann_msgs/msg/detail/ego_vehicle_control_target__type_support.h
[9.596s] -- Symlinking: /home/nisanth/carla_ros_ws/install/carla_ackermann_msgs/include/carla_ackermann_msgs/carla_ackermann_msgs/msg/ego_vehicle_control_current.h
[9.608s] -- Symlinking: /home/nisanth/carla_ros_ws/install/carla_ackermann_msgs/include/carla_ackermann_msgs/carla_ackermann_msgs/msg/ego_vehicle_control_info.h
[9.621s] -- Symlinking: /home/nisanth/carla_ros_ws/install/carla_ackermann_msgs/include/carla_ackermann_msgs/carla_ackermann_msgs/msg/ego_vehicle_control_maxima.h
[9.633s] -- Symlinking: /home/nisanth/carla_ros_ws/install/carla_ackermann_msgs/include/carla_ackermann_msgs/carla_ackermann_msgs/msg/ego_vehicle_control_status.h
[9.646s] -- Symlinking: /home/nisanth/carla_ros_ws/install/carla_ackermann_msgs/include/carla_ackermann_msgs/carla_ackermann_msgs/msg/ego_vehicle_control_target.h
[9.658s] -- Symlinking: /home/nisanth/carla_ros_ws/install/carla_ackermann_msgs/include/carla_ackermann_msgs/carla_ackermann_msgs/msg/rosidl_generator_c__visibility_control.h
[9.671s] -- Symlinking: /home/nisanth/carla_ros_ws/install/carla_ackermann_msgs/share/carla_ackermann_msgs/environment/library_path.sh
[9.684s] -- Symlinking: /home/nisanth/carla_ros_ws/install/carla_ackermann_msgs/share/carla_ackermann_msgs/environment/library_path.dsv
[9.699s] -- Symlinking: /home/nisanth/carla_ros_ws/install/carla_ackermann_msgs/include/carla_ackermann_msgs/carla_ackermann_msgs/msg/detail/ego_vehicle_control_current__rosidl_typesupport_fastrtps_c.h
[9.711s] -- Symlinking: /home/nisanth/carla_ros_ws/install/carla_ackermann_msgs/include/carla_ackermann_msgs/carla_ackermann_msgs/msg/detail/ego_vehicle_control_info__rosidl_typesupport_fastrtps_c.h
[9.725s] -- Symlinking: /home/nisanth/carla_ros_ws/install/carla_ackermann_msgs/include/carla_ackermann_msgs/carla_ackermann_msgs/msg/detail/ego_vehicle_control_maxima__rosidl_typesupport_fastrtps_c.h
[9.738s] -- Symlinking: /home/nisanth/carla_ros_ws/install/carla_ackermann_msgs/include/carla_ackermann_msgs/carla_ackermann_msgs/msg/detail/ego_vehicle_control_status__rosidl_typesupport_fastrtps_c.h
[9.751s] -- Symlinking: /home/nisanth/carla_ros_ws/install/carla_ackermann_msgs/include/carla_ackermann_msgs/carla_ackermann_msgs/msg/detail/ego_vehicle_control_target__rosidl_typesupport_fastrtps_c.h
[9.765s] -- Symlinking: /home/nisanth/carla_ros_ws/install/carla_ackermann_msgs/include/carla_ackermann_msgs/carla_ackermann_msgs/msg/rosidl_typesupport_fastrtps_c__visibility_control.h
[9.778s] -- Symlinking: /home/nisanth/carla_ros_ws/install/carla_ackermann_msgs/include/carla_ackermann_msgs/carla_ackermann_msgs/msg/detail/ego_vehicle_control_current__builder.hpp
[9.790s] -- Symlinking: /home/nisanth/carla_ros_ws/install/carla_ackermann_msgs/include/carla_ackermann_msgs/carla_ackermann_msgs/msg/detail/ego_vehicle_control_current__struct.hpp
[9.803s] -- Symlinking: /home/nisanth/carla_ros_ws/install/carla_ackermann_msgs/include/carla_ackermann_msgs/carla_ackermann_msgs/msg/detail/ego_vehicle_control_current__traits.hpp
[9.816s] -- Symlinking: /home/nisanth/carla_ros_ws/install/carla_ackermann_msgs/include/carla_ackermann_msgs/carla_ackermann_msgs/msg/detail/ego_vehicle_control_current__type_support.hpp
[9.828s] -- Symlinking: /home/nisanth/carla_ros_ws/install/carla_ackermann_msgs/include/carla_ackermann_msgs/carla_ackermann_msgs/msg/detail/ego_vehicle_control_info__builder.hpp
[9.841s] -- Symlinking: /home/nisanth/carla_ros_ws/install/carla_ackermann_msgs/include/carla_ackermann_msgs/carla_ackermann_msgs/msg/detail/ego_vehicle_control_info__struct.hpp
[9.853s] -- Symlinking: /home/nisanth/carla_ros_ws/install/carla_ackermann_msgs/include/carla_ackermann_msgs/carla_ackermann_msgs/msg/detail/ego_vehicle_control_info__traits.hpp
[9.866s] -- Symlinking: /home/nisanth/carla_ros_ws/install/carla_ackermann_msgs/include/carla_ackermann_msgs/carla_ackermann_msgs/msg/detail/ego_vehicle_control_info__type_support.hpp
[9.880s] -- Symlinking: /home/nisanth/carla_ros_ws/install/carla_ackermann_msgs/include/carla_ackermann_msgs/carla_ackermann_msgs/msg/detail/ego_vehicle_control_maxima__builder.hpp
[9.893s] -- Symlinking: /home/nisanth/carla_ros_ws/install/carla_ackermann_msgs/include/carla_ackermann_msgs/carla_ackermann_msgs/msg/detail/ego_vehicle_control_maxima__struct.hpp
[9.906s] -- Symlinking: /home/nisanth/carla_ros_ws/install/carla_ackermann_msgs/include/carla_ackermann_msgs/carla_ackermann_msgs/msg/detail/ego_vehicle_control_maxima__traits.hpp
[9.917s] -- Symlinking: /home/nisanth/carla_ros_ws/install/carla_ackermann_msgs/include/carla_ackermann_msgs/carla_ackermann_msgs/msg/detail/ego_vehicle_control_maxima__type_support.hpp
[9.930s] -- Symlinking: /home/nisanth/carla_ros_ws/install/carla_ackermann_msgs/include/carla_ackermann_msgs/carla_ackermann_msgs/msg/detail/ego_vehicle_control_status__builder.hpp
[9.944s] -- Symlinking: /home/nisanth/carla_ros_ws/install/carla_ackermann_msgs/include/carla_ackermann_msgs/carla_ackermann_msgs/msg/detail/ego_vehicle_control_status__struct.hpp
[9.956s] -- Symlinking: /home/nisanth/carla_ros_ws/install/carla_ackermann_msgs/include/carla_ackermann_msgs/carla_ackermann_msgs/msg/detail/ego_vehicle_control_status__traits.hpp
[9.968s] -- Symlinking: /home/nisanth/carla_ros_ws/install/carla_ackermann_msgs/include/carla_ackermann_msgs/carla_ackermann_msgs/msg/detail/ego_vehicle_control_status__type_support.hpp
[9.980s] -- Symlinking: /home/nisanth/carla_ros_ws/install/carla_ackermann_msgs/include/carla_ackermann_msgs/carla_ackermann_msgs/msg/detail/ego_vehicle_control_target__builder.hpp
[9.994s] -- Symlinking: /home/nisanth/carla_ros_ws/install/carla_ackermann_msgs/include/carla_ackermann_msgs/carla_ackermann_msgs/msg/detail/ego_vehicle_control_target__struct.hpp
[10.007s] -- Symlinking: /home/nisanth/carla_ros_ws/install/carla_ackermann_msgs/include/carla_ackermann_msgs/carla_ackermann_msgs/msg/detail/ego_vehicle_control_target__traits.hpp
[10.020s] -- Symlinking: /home/nisanth/carla_ros_ws/install/carla_ackermann_msgs/include/carla_ackermann_msgs/carla_ackermann_msgs/msg/detail/ego_vehicle_control_target__type_support.hpp
[10.032s] -- Symlinking: /home/nisanth/carla_ros_ws/install/carla_ackermann_msgs/include/carla_ackermann_msgs/carla_ackermann_msgs/msg/ego_vehicle_control_current.hpp
[10.044s] -- Symlinking: /home/nisanth/carla_ros_ws/install/carla_ackermann_msgs/include/carla_ackermann_msgs/carla_ackermann_msgs/msg/ego_vehicle_control_info.hpp
[10.058s] -- Symlinking: /home/nisanth/carla_ros_ws/install/carla_ackermann_msgs/include/carla_ackermann_msgs/carla_ackermann_msgs/msg/ego_vehicle_control_maxima.hpp
[10.070s] -- Symlinking: /home/nisanth/carla_ros_ws/install/carla_ackermann_msgs/include/carla_ackermann_msgs/carla_ackermann_msgs/msg/ego_vehicle_control_status.hpp
[10.083s] -- Symlinking: /home/nisanth/carla_ros_ws/install/carla_ackermann_msgs/include/carla_ackermann_msgs/carla_ackermann_msgs/msg/ego_vehicle_control_target.hpp
[10.096s] -- Symlinking: /home/nisanth/carla_ros_ws/install/carla_ackermann_msgs/include/carla_ackermann_msgs/carla_ackermann_msgs/msg/rosidl_generator_cpp__visibility_control.hpp
[10.110s] -- Symlinking: /home/nisanth/carla_ros_ws/install/carla_ackermann_msgs/include/carla_ackermann_msgs/carla_ackermann_msgs/msg/detail/ego_vehicle_control_current__rosidl_typesupport_fastrtps_cpp.hpp
[10.121s] -- Symlinking: /home/nisanth/carla_ros_ws/install/carla_ackermann_msgs/include/carla_ackermann_msgs/carla_ackermann_msgs/msg/detail/ego_vehicle_control_info__rosidl_typesupport_fastrtps_cpp.hpp
[10.135s] -- Symlinking: /home/nisanth/carla_ros_ws/install/carla_ackermann_msgs/include/carla_ackermann_msgs/carla_ackermann_msgs/msg/detail/ego_vehicle_control_maxima__rosidl_typesupport_fastrtps_cpp.hpp
[10.149s] -- Symlinking: /home/nisanth/carla_ros_ws/install/carla_ackermann_msgs/include/carla_ackermann_msgs/carla_ackermann_msgs/msg/detail/ego_vehicle_control_status__rosidl_typesupport_fastrtps_cpp.hpp
[10.163s] -- Symlinking: /home/nisanth/carla_ros_ws/install/carla_ackermann_msgs/include/carla_ackermann_msgs/carla_ackermann_msgs/msg/detail/ego_vehicle_control_target__rosidl_typesupport_fastrtps_cpp.hpp
[10.176s] -- Symlinking: /home/nisanth/carla_ros_ws/install/carla_ackermann_msgs/include/carla_ackermann_msgs/carla_ackermann_msgs/msg/rosidl_typesupport_fastrtps_cpp__visibility_control.h
[10.189s] -- Symlinking: /home/nisanth/carla_ros_ws/install/carla_ackermann_msgs/include/carla_ackermann_msgs/carla_ackermann_msgs/msg/detail/ego_vehicle_control_current__rosidl_typesupport_introspection_c.h
[10.204s] -- Symlinking: /home/nisanth/carla_ros_ws/install/carla_ackermann_msgs/include/carla_ackermann_msgs/carla_ackermann_msgs/msg/detail/ego_vehicle_control_info__rosidl_typesupport_introspection_c.h
[10.217s] -- Symlinking: /home/nisanth/carla_ros_ws/install/carla_ackermann_msgs/include/carla_ackermann_msgs/carla_ackermann_msgs/msg/detail/ego_vehicle_control_maxima__rosidl_typesupport_introspection_c.h
[10.230s] -- Symlinking: /home/nisanth/carla_ros_ws/install/carla_ackermann_msgs/include/carla_ackermann_msgs/carla_ackermann_msgs/msg/detail/ego_vehicle_control_status__rosidl_typesupport_introspection_c.h
[10.242s] -- Symlinking: /home/nisanth/carla_ros_ws/install/carla_ackermann_msgs/include/carla_ackermann_msgs/carla_ackermann_msgs/msg/detail/ego_vehicle_control_target__rosidl_typesupport_introspection_c.h
[10.256s] -- Symlinking: /home/nisanth/carla_ros_ws/install/carla_ackermann_msgs/include/carla_ackermann_msgs/carla_ackermann_msgs/msg/rosidl_typesupport_introspection_c__visibility_control.h
[10.268s] -- Symlinking: /home/nisanth/carla_ros_ws/install/carla_ackermann_msgs/include/carla_ackermann_msgs/carla_ackermann_msgs/msg/detail/ego_vehicle_control_current__rosidl_typesupport_introspection_cpp.hpp
[10.281s] -- Symlinking: /home/nisanth/carla_ros_ws/install/carla_ackermann_msgs/include/carla_ackermann_msgs/carla_ackermann_msgs/msg/detail/ego_vehicle_control_info__rosidl_typesupport_introspection_cpp.hpp
[10.294s] -- Symlinking: /home/nisanth/carla_ros_ws/install/carla_ackermann_msgs/include/carla_ackermann_msgs/carla_ackermann_msgs/msg/detail/ego_vehicle_control_maxima__rosidl_typesupport_introspection_cpp.hpp
[10.307s] -- Symlinking: /home/nisanth/carla_ros_ws/install/carla_ackermann_msgs/include/carla_ackermann_msgs/carla_ackermann_msgs/msg/detail/ego_vehicle_control_status__rosidl_typesupport_introspection_cpp.hpp
[10.319s] -- Symlinking: /home/nisanth/carla_ros_ws/install/carla_ackermann_msgs/include/carla_ackermann_msgs/carla_ackermann_msgs/msg/detail/ego_vehicle_control_target__rosidl_typesupport_introspection_cpp.hpp
[10.332s] -- Symlinking: /home/nisanth/carla_ros_ws/install/carla_ackermann_msgs/share/carla_ackermann_msgs/environment/pythonpath.sh
[10.347s] -- Symlinking: /home/nisanth/carla_ros_ws/install/carla_ackermann_msgs/share/carla_ackermann_msgs/environment/pythonpath.dsv
[10.363s] -- Symlinking: /home/nisanth/carla_ros_ws/install/carla_ackermann_msgs/local/lib/python3.10/dist-packages/carla_ackermann_msgs-1.0.0-py3.10.egg-info/PKG-INFO
[10.377s] -- Symlinking: /home/nisanth/carla_ros_ws/install/carla_ackermann_msgs/local/lib/python3.10/dist-packages/carla_ackermann_msgs-1.0.0-py3.10.egg-info/SOURCES.txt
[10.391s] -- Symlinking: /home/nisanth/carla_ros_ws/install/carla_ackermann_msgs/local/lib/python3.10/dist-packages/carla_ackermann_msgs-1.0.0-py3.10.egg-info/dependency_links.txt
[10.404s] -- Symlinking: /home/nisanth/carla_ros_ws/install/carla_ackermann_msgs/local/lib/python3.10/dist-packages/carla_ackermann_msgs-1.0.0-py3.10.egg-info/top_level.txt
[10.418s] -- Symlinking: /home/nisanth/carla_ros_ws/install/carla_ackermann_msgs/local/lib/python3.10/dist-packages/carla_ackermann_msgs/__init__.py
[10.429s] -- Symlinking: /home/nisanth/carla_ros_ws/install/carla_ackermann_msgs/local/lib/python3.10/dist-packages/carla_ackermann_msgs/_carla_ackermann_msgs_s.ep.rosidl_typesupport_c.c
[10.442s] -- Symlinking: /home/nisanth/carla_ros_ws/install/carla_ackermann_msgs/local/lib/python3.10/dist-packages/carla_ackermann_msgs/_carla_ackermann_msgs_s.ep.rosidl_typesupport_fastrtps_c.c
[10.453s] -- Symlinking: /home/nisanth/carla_ros_ws/install/carla_ackermann_msgs/local/lib/python3.10/dist-packages/carla_ackermann_msgs/_carla_ackermann_msgs_s.ep.rosidl_typesupport_introspection_c.c
[10.467s] -- Symlinking: /home/nisanth/carla_ros_ws/install/carla_ackermann_msgs/local/lib/python3.10/dist-packages/carla_ackermann_msgs/carla_ackermann_msgs_s__rosidl_typesupport_c.cpython-310-x86_64-linux-gnu.so
[10.480s] -- Symlinking: /home/nisanth/carla_ros_ws/install/carla_ackermann_msgs/local/lib/python3.10/dist-packages/carla_ackermann_msgs/carla_ackermann_msgs_s__rosidl_typesupport_fastrtps_c.cpython-310-x86_64-linux-gnu.so
[10.492s] -- Symlinking: /home/nisanth/carla_ros_ws/install/carla_ackermann_msgs/local/lib/python3.10/dist-packages/carla_ackermann_msgs/carla_ackermann_msgs_s__rosidl_typesupport_introspection_c.cpython-310-x86_64-linux-gnu.so
[10.506s] -- Symlinking: /home/nisanth/carla_ros_ws/install/carla_ackermann_msgs/local/lib/python3.10/dist-packages/carla_ackermann_msgs/libcarla_ackermann_msgs__rosidl_generator_py.so
[10.520s] -- Symlinking: /home/nisanth/carla_ros_ws/install/carla_ackermann_msgs/local/lib/python3.10/dist-packages/carla_ackermann_msgs/msg/__init__.py
[10.533s] -- Symlinking: /home/nisanth/carla_ros_ws/install/carla_ackermann_msgs/local/lib/python3.10/dist-packages/carla_ackermann_msgs/msg/_ego_vehicle_control_current.py
[10.546s] -- Symlinking: /home/nisanth/carla_ros_ws/install/carla_ackermann_msgs/local/lib/python3.10/dist-packages/carla_ackermann_msgs/msg/_ego_vehicle_control_current_s.c
[10.560s] -- Symlinking: /home/nisanth/carla_ros_ws/install/carla_ackermann_msgs/local/lib/python3.10/dist-packages/carla_ackermann_msgs/msg/_ego_vehicle_control_info.py
[10.571s] -- Symlinking: /home/nisanth/carla_ros_ws/install/carla_ackermann_msgs/local/lib/python3.10/dist-packages/carla_ackermann_msgs/msg/_ego_vehicle_control_info_s.c
[10.585s] -- Symlinking: /home/nisanth/carla_ros_ws/install/carla_ackermann_msgs/local/lib/python3.10/dist-packages/carla_ackermann_msgs/msg/_ego_vehicle_control_maxima.py
[10.598s] -- Symlinking: /home/nisanth/carla_ros_ws/install/carla_ackermann_msgs/local/lib/python3.10/dist-packages/carla_ackermann_msgs/msg/_ego_vehicle_control_maxima_s.c
[10.609s] -- Symlinking: /home/nisanth/carla_ros_ws/install/carla_ackermann_msgs/local/lib/python3.10/dist-packages/carla_ackermann_msgs/msg/_ego_vehicle_control_status.py
[10.621s] -- Symlinking: /home/nisanth/carla_ros_ws/install/carla_ackermann_msgs/local/lib/python3.10/dist-packages/carla_ackermann_msgs/msg/_ego_vehicle_control_status_s.c
[10.634s] -- Symlinking: /home/nisanth/carla_ros_ws/install/carla_ackermann_msgs/local/lib/python3.10/dist-packages/carla_ackermann_msgs/msg/_ego_vehicle_control_target.py
[10.647s] -- Symlinking: /home/nisanth/carla_ros_ws/install/carla_ackermann_msgs/local/lib/python3.10/dist-packages/carla_ackermann_msgs/msg/_ego_vehicle_control_target_s.c
[10.660s] -- Up-to-date symlink: /home/nisanth/carla_ros_ws/install/carla_ackermann_msgs/local/lib/python3.10/dist-packages/carla_ackermann_msgs/carla_ackermann_msgs_s__rosidl_typesupport_fastrtps_c.cpython-310-x86_64-linux-gnu.so
[10.660s] -- Up-to-date symlink: /home/nisanth/carla_ros_ws/install/carla_ackermann_msgs/local/lib/python3.10/dist-packages/carla_ackermann_msgs/carla_ackermann_msgs_s__rosidl_typesupport_introspection_c.cpython-310-x86_64-linux-gnu.so
[10.660s] -- Up-to-date symlink: /home/nisanth/carla_ros_ws/install/carla_ackermann_msgs/local/lib/python3.10/dist-packages/carla_ackermann_msgs/carla_ackermann_msgs_s__rosidl_typesupport_c.cpython-310-x86_64-linux-gnu.so
[10.661s] -- Symlinking: /home/nisanth/carla_ros_ws/install/carla_ackermann_msgs/share/carla_ackermann_msgs/msg/EgoVehicleControlInfo.idl
[10.674s] -- Symlinking: /home/nisanth/carla_ros_ws/install/carla_ackermann_msgs/share/carla_ackermann_msgs/msg/EgoVehicleControlCurrent.idl
[10.688s] -- Symlinking: /home/nisanth/carla_ros_ws/install/carla_ackermann_msgs/share/carla_ackermann_msgs/msg/EgoVehicleControlMaxima.idl
[10.702s] -- Symlinking: /home/nisanth/carla_ros_ws/install/carla_ackermann_msgs/share/carla_ackermann_msgs/msg/EgoVehicleControlStatus.idl
[10.716s] -- Symlinking: /home/nisanth/carla_ros_ws/install/carla_ackermann_msgs/share/carla_ackermann_msgs/msg/EgoVehicleControlTarget.idl
[10.729s] -- Symlinking: /home/nisanth/carla_ros_ws/install/carla_ackermann_msgs/share/carla_ackermann_msgs/msg/EgoVehicleControlInfo.msg
[10.742s] -- Symlinking: /home/nisanth/carla_ros_ws/install/carla_ackermann_msgs/share/carla_ackermann_msgs/msg/EgoVehicleControlCurrent.msg
[10.756s] -- Symlinking: /home/nisanth/carla_ros_ws/install/carla_ackermann_msgs/share/carla_ackermann_msgs/msg/EgoVehicleControlMaxima.msg
[10.769s] -- Symlinking: /home/nisanth/carla_ros_ws/install/carla_ackermann_msgs/share/carla_ackermann_msgs/msg/EgoVehicleControlStatus.msg
[10.782s] -- Symlinking: /home/nisanth/carla_ros_ws/install/carla_ackermann_msgs/share/carla_ackermann_msgs/msg/EgoVehicleControlTarget.msg
[10.796s] -- Symlinking: /home/nisanth/carla_ros_ws/install/carla_ackermann_msgs/share/ament_index/resource_index/package_run_dependencies/carla_ackermann_msgs
[10.810s] -- Symlinking: /home/nisanth/carla_ros_ws/install/carla_ackermann_msgs/share/ament_index/resource_index/parent_prefix_path/carla_ackermann_msgs
[10.823s] -- Symlinking: /home/nisanth/carla_ros_ws/install/carla_ackermann_msgs/share/carla_ackermann_msgs/environment/ament_prefix_path.sh
[10.836s] -- Symlinking: /home/nisanth/carla_ros_ws/install/carla_ackermann_msgs/share/carla_ackermann_msgs/environment/ament_prefix_path.dsv
[10.849s] -- Symlinking: /home/nisanth/carla_ros_ws/install/carla_ackermann_msgs/share/carla_ackermann_msgs/environment/path.sh
[10.861s] -- Symlinking: /home/nisanth/carla_ros_ws/install/carla_ackermann_msgs/share/carla_ackermann_msgs/environment/path.dsv
[10.874s] -- Symlinking: /home/nisanth/carla_ros_ws/install/carla_ackermann_msgs/share/carla_ackermann_msgs/local_setup.bash
[10.887s] -- Symlinking: /home/nisanth/carla_ros_ws/install/carla_ackermann_msgs/share/carla_ackermann_msgs/local_setup.sh
[10.900s] -- Symlinking: /home/nisanth/carla_ros_ws/install/carla_ackermann_msgs/share/carla_ackermann_msgs/local_setup.zsh
[10.913s] -- Symlinking: /home/nisanth/carla_ros_ws/install/carla_ackermann_msgs/share/carla_ackermann_msgs/local_setup.dsv
[10.925s] -- Symlinking: /home/nisanth/carla_ros_ws/install/carla_ackermann_msgs/share/carla_ackermann_msgs/package.dsv
[10.940s] -- Symlinking: /home/nisanth/carla_ros_ws/install/carla_ackermann_msgs/share/ament_index/resource_index/packages/carla_ackermann_msgs
[10.954s] -- Symlinking: /home/nisanth/carla_ros_ws/install/carla_ackermann_msgs/share/carla_ackermann_msgs/cmake/rosidl_cmake-extras.cmake
[10.968s] -- Symlinking: /home/nisanth/carla_ros_ws/install/carla_ackermann_msgs/share/carla_ackermann_msgs/cmake/ament_cmake_export_dependencies-extras.cmake
[10.981s] -- Symlinking: /home/nisanth/carla_ros_ws/install/carla_ackermann_msgs/share/carla_ackermann_msgs/cmake/ament_cmake_export_include_directories-extras.cmake
[10.994s] -- Symlinking: /home/nisanth/carla_ros_ws/install/carla_ackermann_msgs/share/carla_ackermann_msgs/cmake/ament_cmake_export_libraries-extras.cmake
[11.007s] -- Symlinking: /home/nisanth/carla_ros_ws/install/carla_ackermann_msgs/share/carla_ackermann_msgs/cmake/ament_cmake_export_targets-extras.cmake
[11.020s] -- Symlinking: /home/nisanth/carla_ros_ws/install/carla_ackermann_msgs/share/carla_ackermann_msgs/cmake/rosidl_cmake_export_typesupport_targets-extras.cmake
[11.034s] -- Symlinking: /home/nisanth/carla_ros_ws/install/carla_ackermann_msgs/share/carla_ackermann_msgs/cmake/rosidl_cmake_export_typesupport_libraries-extras.cmake
[11.047s] -- Symlinking: /home/nisanth/carla_ros_ws/install/carla_ackermann_msgs/share/carla_ackermann_msgs/cmake/carla_ackermann_msgsConfig.cmake
[11.061s] -- Symlinking: /home/nisanth/carla_ros_ws/install/carla_ackermann_msgs/share/carla_ackermann_msgs/cmake/carla_ackermann_msgsConfig-version.cmake
[11.074s] -- Symlinking: /home/nisanth/carla_ros_ws/install/carla_ackermann_msgs/share/carla_ackermann_msgs/package.xml
[11.087s] -- Installing: /home/nisanth/carla_ros_ws/install/carla_ackermann_msgs/lib/libcarla_ackermann_msgs__rosidl_generator_c.so
[11.087s] -- Set runtime path of "/home/nisanth/carla_ros_ws/install/carla_ackermann_msgs/lib/libcarla_ackermann_msgs__rosidl_generator_c.so" to ""
[11.088s] -- Installing: /home/nisanth/carla_ros_ws/install/carla_ackermann_msgs/lib/libcarla_ackermann_msgs__rosidl_typesupport_fastrtps_c.so
[11.089s] -- Set runtime path of "/home/nisanth/carla_ros_ws/install/carla_ackermann_msgs/lib/libcarla_ackermann_msgs__rosidl_typesupport_fastrtps_c.so" to ""
[11.089s] -- Installing: /home/nisanth/carla_ros_ws/install/carla_ackermann_msgs/lib/libcarla_ackermann_msgs__rosidl_typesupport_fastrtps_cpp.so
[11.089s] -- Set runtime path of "/home/nisanth/carla_ros_ws/install/carla_ackermann_msgs/lib/libcarla_ackermann_msgs__rosidl_typesupport_fastrtps_cpp.so" to ""
[11.089s] -- Installing: /home/nisanth/carla_ros_ws/install/carla_ackermann_msgs/lib/libcarla_ackermann_msgs__rosidl_typesupport_introspection_c.so
[11.090s] -- Set runtime path of "/home/nisanth/carla_ros_ws/install/carla_ackermann_msgs/lib/libcarla_ackermann_msgs__rosidl_typesupport_introspection_c.so" to ""
[11.090s] -- Installing: /home/nisanth/carla_ros_ws/install/carla_ackermann_msgs/lib/libcarla_ackermann_msgs__rosidl_typesupport_c.so
[11.090s] -- Set runtime path of "/home/nisanth/carla_ros_ws/install/carla_ackermann_msgs/lib/libcarla_ackermann_msgs__rosidl_typesupport_c.so" to ""
[11.091s] -- Installing: /home/nisanth/carla_ros_ws/install/carla_ackermann_msgs/lib/libcarla_ackermann_msgs__rosidl_typesupport_introspection_cpp.so
[11.091s] -- Set runtime path of "/home/nisanth/carla_ros_ws/install/carla_ackermann_msgs/lib/libcarla_ackermann_msgs__rosidl_typesupport_introspection_cpp.so" to ""
[11.091s] -- Installing: /home/nisanth/carla_ros_ws/install/carla_ackermann_msgs/lib/libcarla_ackermann_msgs__rosidl_typesupport_cpp.so
[11.092s] -- Set runtime path of "/home/nisanth/carla_ros_ws/install/carla_ackermann_msgs/lib/libcarla_ackermann_msgs__rosidl_typesupport_cpp.so" to ""
[11.135s] Listing '/home/nisanth/carla_ros_ws/install/carla_ackermann_msgs/local/lib/python3.10/dist-packages/carla_ackermann_msgs'...
[11.135s] Compiling '/home/nisanth/carla_ros_ws/install/carla_ackermann_msgs/local/lib/python3.10/dist-packages/carla_ackermann_msgs/__init__.py'...
[11.135s] Listing '/home/nisanth/carla_ros_ws/install/carla_ackermann_msgs/local/lib/python3.10/dist-packages/carla_ackermann_msgs/msg'...
[11.136s] Compiling '/home/nisanth/carla_ros_ws/install/carla_ackermann_msgs/local/lib/python3.10/dist-packages/carla_ackermann_msgs/msg/__init__.py'...
[11.136s] Compiling '/home/nisanth/carla_ros_ws/install/carla_ackermann_msgs/local/lib/python3.10/dist-packages/carla_ackermann_msgs/msg/_ego_vehicle_control_current.py'...
[11.136s] Compiling '/home/nisanth/carla_ros_ws/install/carla_ackermann_msgs/local/lib/python3.10/dist-packages/carla_ackermann_msgs/msg/_ego_vehicle_control_info.py'...
[11.136s] Compiling '/home/nisanth/carla_ros_ws/install/carla_ackermann_msgs/local/lib/python3.10/dist-packages/carla_ackermann_msgs/msg/_ego_vehicle_control_maxima.py'...
[11.136s] Compiling '/home/nisanth/carla_ros_ws/install/carla_ackermann_msgs/local/lib/python3.10/dist-packages/carla_ackermann_msgs/msg/_ego_vehicle_control_status.py'...
[11.136s] Compiling '/home/nisanth/carla_ros_ws/install/carla_ackermann_msgs/local/lib/python3.10/dist-packages/carla_ackermann_msgs/msg/_ego_vehicle_control_target.py'...
[11.142s] -- Installing: /home/nisanth/carla_ros_ws/install/carla_ackermann_msgs/lib/libcarla_ackermann_msgs__rosidl_generator_py.so
[11.142s] -- Set runtime path of "/home/nisanth/carla_ros_ws/install/carla_ackermann_msgs/lib/libcarla_ackermann_msgs__rosidl_generator_py.so" to ""
[11.143s] -- Installing: /home/nisanth/carla_ros_ws/install/carla_ackermann_msgs/share/carla_ackermann_msgs/cmake/export_carla_ackermann_msgs__rosidl_generator_cExport.cmake
[11.143s] -- Installing: /home/nisanth/carla_ros_ws/install/carla_ackermann_msgs/share/carla_ackermann_msgs/cmake/export_carla_ackermann_msgs__rosidl_generator_cExport-noconfig.cmake
[11.143s] -- Installing: /home/nisanth/carla_ros_ws/install/carla_ackermann_msgs/share/carla_ackermann_msgs/cmake/export_carla_ackermann_msgs__rosidl_typesupport_fastrtps_cExport.cmake
[11.144s] -- Installing: /home/nisanth/carla_ros_ws/install/carla_ackermann_msgs/share/carla_ackermann_msgs/cmake/export_carla_ackermann_msgs__rosidl_typesupport_fastrtps_cExport-noconfig.cmake
[11.144s] -- Installing: /home/nisanth/carla_ros_ws/install/carla_ackermann_msgs/share/carla_ackermann_msgs/cmake/export_carla_ackermann_msgs__rosidl_generator_cppExport.cmake
[11.144s] -- Installing: /home/nisanth/carla_ros_ws/install/carla_ackermann_msgs/share/carla_ackermann_msgs/cmake/export_carla_ackermann_msgs__rosidl_typesupport_fastrtps_cppExport.cmake
[11.144s] -- Installing: /home/nisanth/carla_ros_ws/install/carla_ackermann_msgs/share/carla_ackermann_msgs/cmake/export_carla_ackermann_msgs__rosidl_typesupport_fastrtps_cppExport-noconfig.cmake
[11.145s] -- Installing: /home/nisanth/carla_ros_ws/install/carla_ackermann_msgs/share/carla_ackermann_msgs/cmake/carla_ackermann_msgs__rosidl_typesupport_introspection_cExport.cmake
[11.145s] -- Installing: /home/nisanth/carla_ros_ws/install/carla_ackermann_msgs/share/carla_ackermann_msgs/cmake/carla_ackermann_msgs__rosidl_typesupport_introspection_cExport-noconfig.cmake
[11.145s] -- Installing: /home/nisanth/carla_ros_ws/install/carla_ackermann_msgs/share/carla_ackermann_msgs/cmake/carla_ackermann_msgs__rosidl_typesupport_cExport.cmake
[11.145s] -- Installing: /home/nisanth/carla_ros_ws/install/carla_ackermann_msgs/share/carla_ackermann_msgs/cmake/carla_ackermann_msgs__rosidl_typesupport_cExport-noconfig.cmake
[11.146s] -- Installing: /home/nisanth/carla_ros_ws/install/carla_ackermann_msgs/share/carla_ackermann_msgs/cmake/carla_ackermann_msgs__rosidl_typesupport_introspection_cppExport.cmake
[11.146s] -- Installing: /home/nisanth/carla_ros_ws/install/carla_ackermann_msgs/share/carla_ackermann_msgs/cmake/carla_ackermann_msgs__rosidl_typesupport_introspection_cppExport-noconfig.cmake
[11.146s] -- Installing: /home/nisanth/carla_ros_ws/install/carla_ackermann_msgs/share/carla_ackermann_msgs/cmake/carla_ackermann_msgs__rosidl_typesupport_cppExport.cmake
[11.146s] -- Installing: /home/nisanth/carla_ros_ws/install/carla_ackermann_msgs/share/carla_ackermann_msgs/cmake/carla_ackermann_msgs__rosidl_typesupport_cppExport-noconfig.cmake
[11.147s] -- Installing: /home/nisanth/carla_ros_ws/install/carla_ackermann_msgs/share/carla_ackermann_msgs/cmake/export_carla_ackermann_msgs__rosidl_generator_pyExport.cmake
[11.147s] -- Installing: /home/nisanth/carla_ros_ws/install/carla_ackermann_msgs/share/carla_ackermann_msgs/cmake/export_carla_ackermann_msgs__rosidl_generator_pyExport-noconfig.cmake
[11.151s] Invoked command in '/home/nisanth/carla_ros_ws/build/carla_ackermann_msgs' returned '0': AMENT_PREFIX_PATH=/home/nisanth/carla_ros_ws/install/carla_msgs:${AMENT_PREFIX_PATH} CMAKE_PREFIX_PATH=/home/nisanth/carla_ros_ws/install/carla_msgs:/opt/ros/humble LD_LIBRARY_PATH=/home/nisanth/carla_ros_ws/install/carla_msgs/lib:${LD_LIBRARY_PATH} PYTHONPATH=/home/nisanth/carla_ros_ws/install/carla_msgs/local/lib/python3.10/dist-packages:${PYTHONPATH} /usr/bin/cmake --install /home/nisanth/carla_ros_ws/build/carla_ackermann_msgs
