[0.038s] Invoking command in '/home/nisanth/carla_ros_ws/build/carla_msgs': CMAKE_PREFIX_PATH=/opt/ros/humble /usr/bin/cmake /home/nisanth/carla_ros_ws/src/ros-bridge/carla_msgs -DCMAKE_INSTALL_PREFIX=/home/nisanth/carla_ros_ws/install/carla_msgs
[0.625s] -- Found ros_environment: 3.2.2 (/opt/ros/humble/share/ros_environment/cmake)
[0.626s] -- Found ament_cmake: 1.3.13 (/opt/ros/humble/share/ament_cmake/cmake)
[0.626s] -- Override CMake install command with custom implementation using symlinks instead of copying resources
[0.626s] -- Found builtin_interfaces: 1.2.2 (/opt/ros/humble/share/builtin_interfaces/cmake)
[0.626s] -- Found rosidl_generator_c: 3.1.8 (/opt/ros/humble/share/rosidl_generator_c/cmake)
[0.626s] -- Found rosidl_adapter: 3.1.8 (/opt/ros/humble/share/rosidl_adapter/cmake)
[0.626s] -- Found rosidl_generator_cpp: 3.1.8 (/opt/ros/humble/share/rosidl_generator_cpp/cmake)
[0.626s] -- Using all available rosidl_typesupport_c: rosidl_typesupport_fastrtps_c;rosidl_typesupport_introspection_c
[0.626s] -- Using all available rosidl_typesupport_cpp: rosidl_typesupport_fastrtps_cpp;rosidl_typesupport_introspection_cpp
[0.627s] -- Found std_msgs: 4.9.1 (/opt/ros/humble/share/std_msgs/cmake)
[0.627s] -- Found geometry_msgs: 4.9.1 (/opt/ros/humble/share/geometry_msgs/cmake)
[0.627s] -- Found diagnostic_msgs: 4.9.1 (/opt/ros/humble/share/diagnostic_msgs/cmake)
[0.627s] -- Found rosidl_default_generators: 1.2.0 (/opt/ros/humble/share/rosidl_default_generators/cmake)
[0.627s] [0mCMake Deprecation Warning at CMakeLists.txt:1 (cmake_minimum_required):
[0.627s]   Compatibility with CMake < 2.8.12 will be removed from a future version of
[0.627s]   CMake.
[0.627s] 
[0.627s]   Update the VERSION argument <min> value or use a ...<max> suffix to tell
[0.627s]   CMake that the project does not need compatibility with older versions.
[0.627s] 
[0.627s] [0m
[0.824s] -- Found ament_cmake_cppcheck: 0.12.15 (/opt/ros/humble/share/ament_cmake_cppcheck/cmake)
[0.826s] -- Found ament_cmake_cpplint: 0.12.15 (/opt/ros/humble/share/ament_cmake_cpplint/cmake)
[0.827s] -- Found ament_cmake_uncrustify: 0.12.15 (/opt/ros/humble/share/ament_cmake_uncrustify/cmake)
[0.830s] -- Found ament_cmake_ros: 0.10.0 (/opt/ros/humble/share/ament_cmake_ros/cmake)
[1.323s] -- Using all available rosidl_typesupport_c: rosidl_typesupport_fastrtps_c;rosidl_typesupport_introspection_c
[1.505s] -- Using all available rosidl_typesupport_cpp: rosidl_typesupport_fastrtps_cpp;rosidl_typesupport_introspection_cpp
[1.533s] -- Found python_cmake_module: 0.10.0 (/opt/ros/humble/share/python_cmake_module/cmake)
[1.559s] -- Using PYTHON_EXECUTABLE: /usr/bin/python3
[1.559s] -- Using PYTHON_INCLUDE_DIRS: /usr/include/python3.10
[1.559s] -- Using PYTHON_LIBRARIES: /usr/lib/x86_64-linux-gnu/libpython3.10.so
[1.620s] -- Found ament_cmake_flake8: 0.12.15 (/opt/ros/humble/share/ament_cmake_flake8/cmake)
[1.622s] -- Found ament_cmake_pep257: 0.12.15 (/opt/ros/humble/share/ament_cmake_pep257/cmake)
[1.632s] -- Found ament_lint_auto: 0.12.15 (/opt/ros/humble/share/ament_lint_auto/cmake)
[1.668s] -- Added test 'copyright' to check source files copyright and LICENSE
[1.670s] -- Added test 'lint_cmake' to check CMake code style
[1.671s] -- Added test 'xmllint' to check XML markup files
[1.677s] -- Configuring done
[1.801s] -- Generating done
[1.817s] -- Build files have been written to: /home/nisanth/carla_ros_ws/build/carla_msgs
[1.828s] Invoked command in '/home/nisanth/carla_ros_ws/build/carla_msgs' returned '0': CMAKE_PREFIX_PATH=/opt/ros/humble /usr/bin/cmake /home/nisanth/carla_ros_ws/src/ros-bridge/carla_msgs -DCMAKE_INSTALL_PREFIX=/home/nisanth/carla_ros_ws/install/carla_msgs
[1.830s] Invoking command in '/home/nisanth/carla_ros_ws/build/carla_msgs': CMAKE_PREFIX_PATH=/opt/ros/humble /usr/bin/cmake --build /home/nisanth/carla_ros_ws/build/carla_msgs -- -j12 -l12
[1.894s] [35m[1mConsolidate compiler generated dependencies of target carla_msgs__rosidl_generator_c[0m
[1.901s] [  0%] Built target carla_msgs__cpp
[1.910s] [  0%] Built target ament_cmake_python_symlink_carla_msgs
[1.925s] [ 12%] Built target carla_msgs__rosidl_generator_c
[1.933s] [35m[1mConsolidate compiler generated dependencies of target carla_msgs__rosidl_typesupport_cpp[0m
[1.947s] [35m[1mConsolidate compiler generated dependencies of target carla_msgs__rosidl_typesupport_fastrtps_cpp[0m
[1.957s] [35m[1mConsolidate compiler generated dependencies of target carla_msgs__rosidl_typesupport_introspection_cpp[0m
[1.970s] [35m[1mConsolidate compiler generated dependencies of target carla_msgs__rosidl_typesupport_c[0m
[1.973s] [35m[1mConsolidate compiler generated dependencies of target carla_msgs__rosidl_typesupport_introspection_c[0m
[1.973s] [35m[1mConsolidate compiler generated dependencies of target carla_msgs__rosidl_typesupport_fastrtps_c[0m
[1.973s] [ 24%] Built target carla_msgs__rosidl_typesupport_cpp
[1.991s] [ 37%] Built target carla_msgs__rosidl_typesupport_fastrtps_cpp
[1.993s] [ 48%] Built target carla_msgs__rosidl_typesupport_c
[1.997s] [ 61%] Built target carla_msgs__rosidl_typesupport_introspection_cpp
[1.997s] [ 61%] [32m[1mLinking C shared library libcarla_msgs__rosidl_typesupport_introspection_c.so[0m
[2.012s] [ 73%] Built target carla_msgs__rosidl_typesupport_fastrtps_c
[2.173s] running egg_info
[2.173s] writing carla_msgs.egg-info/PKG-INFO
[2.173s] writing dependency_links to carla_msgs.egg-info/dependency_links.txt
[2.173s] [ 85%] Built target carla_msgs__rosidl_typesupport_introspection_c
[2.174s] writing top-level names to carla_msgs.egg-info/top_level.txt
[2.175s] reading manifest file 'carla_msgs.egg-info/SOURCES.txt'
[2.176s] writing manifest file 'carla_msgs.egg-info/SOURCES.txt'
[2.197s] [ 85%] Built target carla_msgs
[2.199s] [ 85%] Built target ament_cmake_python_build_carla_msgs_egg
[2.219s] [ 86%] Built target carla_msgs__py
[2.239s] [35m[1mConsolidate compiler generated dependencies of target carla_msgs__rosidl_generator_py[0m
[2.265s] [ 97%] Built target carla_msgs__rosidl_generator_py
[2.276s] [35m[1mConsolidate compiler generated dependencies of target carla_msgs__rosidl_typesupport_fastrtps_c__pyext[0m
[2.276s] [35m[1mConsolidate compiler generated dependencies of target carla_msgs__rosidl_typesupport_introspection_c__pyext[0m
[2.277s] [35m[1mConsolidate compiler generated dependencies of target carla_msgs__rosidl_typesupport_c__pyext[0m
[2.290s] [ 98%] [32m[1mLinking C shared library rosidl_generator_py/carla_msgs/carla_msgs_s__rosidl_typesupport_introspection_c.cpython-310-x86_64-linux-gnu.so[0m
[2.290s] [ 98%] Built target carla_msgs__rosidl_typesupport_c__pyext
[2.291s] [ 99%] Built target carla_msgs__rosidl_typesupport_fastrtps_c__pyext
[2.424s] [100%] Built target carla_msgs__rosidl_typesupport_introspection_c__pyext
[2.438s] Invoked command in '/home/nisanth/carla_ros_ws/build/carla_msgs' returned '0': CMAKE_PREFIX_PATH=/opt/ros/humble /usr/bin/cmake --build /home/nisanth/carla_ros_ws/build/carla_msgs -- -j12 -l12
[2.440s] Invoking command in '/home/nisanth/carla_ros_ws/build/carla_msgs': CMAKE_PREFIX_PATH=/opt/ros/humble /usr/bin/cmake --install /home/nisanth/carla_ros_ws/build/carla_msgs
[2.446s] -- Install configuration: ""
[2.447s] -- Execute custom install script
[2.447s] -- Up-to-date symlink: /home/nisanth/carla_ros_ws/install/carla_msgs/share/ament_index/resource_index/rosidl_interfaces/carla_msgs
[2.450s] -- Up-to-date symlink: /home/nisanth/carla_ros_ws/install/carla_msgs/include/carla_msgs/carla_msgs/msg/carla_actor_info.h
[2.450s] -- Up-to-date symlink: /home/nisanth/carla_ros_ws/install/carla_msgs/include/carla_msgs/carla_msgs/msg/carla_actor_list.h
[2.450s] -- Up-to-date symlink: /home/nisanth/carla_ros_ws/install/carla_msgs/include/carla_msgs/carla_msgs/msg/carla_bounding_box.h
[2.451s] -- Up-to-date symlink: /home/nisanth/carla_ros_ws/install/carla_msgs/include/carla_msgs/carla_msgs/msg/carla_collision_event.h
[2.451s] -- Up-to-date symlink: /home/nisanth/carla_ros_ws/install/carla_msgs/include/carla_msgs/carla_msgs/msg/carla_control.h
[2.451s] -- Up-to-date symlink: /home/nisanth/carla_ros_ws/install/carla_msgs/include/carla_msgs/carla_msgs/msg/carla_ego_vehicle_control.h
[2.451s] -- Up-to-date symlink: /home/nisanth/carla_ros_ws/install/carla_msgs/include/carla_msgs/carla_msgs/msg/carla_ego_vehicle_info.h
[2.452s] -- Up-to-date symlink: /home/nisanth/carla_ros_ws/install/carla_msgs/include/carla_msgs/carla_msgs/msg/carla_ego_vehicle_info_wheel.h
[2.452s] -- Up-to-date symlink: /home/nisanth/carla_ros_ws/install/carla_msgs/include/carla_msgs/carla_msgs/msg/carla_ego_vehicle_status.h
[2.452s] -- Up-to-date symlink: /home/nisanth/carla_ros_ws/install/carla_msgs/include/carla_msgs/carla_msgs/msg/carla_lane_invasion_event.h
[2.453s] -- Up-to-date symlink: /home/nisanth/carla_ros_ws/install/carla_msgs/include/carla_msgs/carla_msgs/msg/carla_status.h
[2.453s] -- Up-to-date symlink: /home/nisanth/carla_ros_ws/install/carla_msgs/include/carla_msgs/carla_msgs/msg/carla_traffic_light_info.h
[2.453s] -- Up-to-date symlink: /home/nisanth/carla_ros_ws/install/carla_msgs/include/carla_msgs/carla_msgs/msg/carla_traffic_light_info_list.h
[2.454s] -- Up-to-date symlink: /home/nisanth/carla_ros_ws/install/carla_msgs/include/carla_msgs/carla_msgs/msg/carla_traffic_light_status.h
[2.454s] -- Up-to-date symlink: /home/nisanth/carla_ros_ws/install/carla_msgs/include/carla_msgs/carla_msgs/msg/carla_traffic_light_status_list.h
[2.454s] -- Up-to-date symlink: /home/nisanth/carla_ros_ws/install/carla_msgs/include/carla_msgs/carla_msgs/msg/carla_walker_control.h
[2.455s] -- Up-to-date symlink: /home/nisanth/carla_ros_ws/install/carla_msgs/include/carla_msgs/carla_msgs/msg/carla_weather_parameters.h
[2.455s] -- Up-to-date symlink: /home/nisanth/carla_ros_ws/install/carla_msgs/include/carla_msgs/carla_msgs/msg/carla_world_info.h
[2.455s] -- Up-to-date symlink: /home/nisanth/carla_ros_ws/install/carla_msgs/include/carla_msgs/carla_msgs/msg/detail/carla_actor_info__functions.h
[2.455s] -- Up-to-date symlink: /home/nisanth/carla_ros_ws/install/carla_msgs/include/carla_msgs/carla_msgs/msg/detail/carla_actor_info__struct.h
[2.456s] -- Up-to-date symlink: /home/nisanth/carla_ros_ws/install/carla_msgs/include/carla_msgs/carla_msgs/msg/detail/carla_actor_info__type_support.h
[2.456s] -- Up-to-date symlink: /home/nisanth/carla_ros_ws/install/carla_msgs/include/carla_msgs/carla_msgs/msg/detail/carla_actor_list__functions.h
[2.456s] -- Up-to-date symlink: /home/nisanth/carla_ros_ws/install/carla_msgs/include/carla_msgs/carla_msgs/msg/detail/carla_actor_list__struct.h
[2.457s] -- Up-to-date symlink: /home/nisanth/carla_ros_ws/install/carla_msgs/include/carla_msgs/carla_msgs/msg/detail/carla_actor_list__type_support.h
[2.457s] -- Up-to-date symlink: /home/nisanth/carla_ros_ws/install/carla_msgs/include/carla_msgs/carla_msgs/msg/detail/carla_bounding_box__functions.h
[2.457s] -- Up-to-date symlink: /home/nisanth/carla_ros_ws/install/carla_msgs/include/carla_msgs/carla_msgs/msg/detail/carla_bounding_box__struct.h
[2.458s] -- Up-to-date symlink: /home/nisanth/carla_ros_ws/install/carla_msgs/include/carla_msgs/carla_msgs/msg/detail/carla_bounding_box__type_support.h
[2.458s] -- Up-to-date symlink: /home/nisanth/carla_ros_ws/install/carla_msgs/include/carla_msgs/carla_msgs/msg/detail/carla_collision_event__functions.h
[2.458s] -- Up-to-date symlink: /home/nisanth/carla_ros_ws/install/carla_msgs/include/carla_msgs/carla_msgs/msg/detail/carla_collision_event__struct.h
[2.459s] -- Up-to-date symlink: /home/nisanth/carla_ros_ws/install/carla_msgs/include/carla_msgs/carla_msgs/msg/detail/carla_collision_event__type_support.h
[2.459s] -- Up-to-date symlink: /home/nisanth/carla_ros_ws/install/carla_msgs/include/carla_msgs/carla_msgs/msg/detail/carla_control__functions.h
[2.459s] -- Up-to-date symlink: /home/nisanth/carla_ros_ws/install/carla_msgs/include/carla_msgs/carla_msgs/msg/detail/carla_control__struct.h
[2.459s] -- Up-to-date symlink: /home/nisanth/carla_ros_ws/install/carla_msgs/include/carla_msgs/carla_msgs/msg/detail/carla_control__type_support.h
[2.460s] -- Up-to-date symlink: /home/nisanth/carla_ros_ws/install/carla_msgs/include/carla_msgs/carla_msgs/msg/detail/carla_ego_vehicle_control__functions.h
[2.460s] -- Up-to-date symlink: /home/nisanth/carla_ros_ws/install/carla_msgs/include/carla_msgs/carla_msgs/msg/detail/carla_ego_vehicle_control__struct.h
[2.460s] -- Up-to-date symlink: /home/nisanth/carla_ros_ws/install/carla_msgs/include/carla_msgs/carla_msgs/msg/detail/carla_ego_vehicle_control__type_support.h
[2.461s] -- Up-to-date symlink: /home/nisanth/carla_ros_ws/install/carla_msgs/include/carla_msgs/carla_msgs/msg/detail/carla_ego_vehicle_info__functions.h
[2.461s] -- Up-to-date symlink: /home/nisanth/carla_ros_ws/install/carla_msgs/include/carla_msgs/carla_msgs/msg/detail/carla_ego_vehicle_info__struct.h
[2.461s] -- Up-to-date symlink: /home/nisanth/carla_ros_ws/install/carla_msgs/include/carla_msgs/carla_msgs/msg/detail/carla_ego_vehicle_info__type_support.h
[2.462s] -- Up-to-date symlink: /home/nisanth/carla_ros_ws/install/carla_msgs/include/carla_msgs/carla_msgs/msg/detail/carla_ego_vehicle_info_wheel__functions.h
[2.462s] -- Up-to-date symlink: /home/nisanth/carla_ros_ws/install/carla_msgs/include/carla_msgs/carla_msgs/msg/detail/carla_ego_vehicle_info_wheel__struct.h
[2.462s] -- Up-to-date symlink: /home/nisanth/carla_ros_ws/install/carla_msgs/include/carla_msgs/carla_msgs/msg/detail/carla_ego_vehicle_info_wheel__type_support.h
[2.462s] -- Up-to-date symlink: /home/nisanth/carla_ros_ws/install/carla_msgs/include/carla_msgs/carla_msgs/msg/detail/carla_ego_vehicle_status__functions.h
[2.463s] -- Up-to-date symlink: /home/nisanth/carla_ros_ws/install/carla_msgs/include/carla_msgs/carla_msgs/msg/detail/carla_ego_vehicle_status__struct.h
[2.463s] -- Up-to-date symlink: /home/nisanth/carla_ros_ws/install/carla_msgs/include/carla_msgs/carla_msgs/msg/detail/carla_ego_vehicle_status__type_support.h
[2.464s] -- Up-to-date symlink: /home/nisanth/carla_ros_ws/install/carla_msgs/include/carla_msgs/carla_msgs/msg/detail/carla_lane_invasion_event__functions.h
[2.464s] -- Up-to-date symlink: /home/nisanth/carla_ros_ws/install/carla_msgs/include/carla_msgs/carla_msgs/msg/detail/carla_lane_invasion_event__struct.h
[2.464s] -- Up-to-date symlink: /home/nisanth/carla_ros_ws/install/carla_msgs/include/carla_msgs/carla_msgs/msg/detail/carla_lane_invasion_event__type_support.h
[2.465s] -- Up-to-date symlink: /home/nisanth/carla_ros_ws/install/carla_msgs/include/carla_msgs/carla_msgs/msg/detail/carla_status__functions.h
[2.465s] -- Up-to-date symlink: /home/nisanth/carla_ros_ws/install/carla_msgs/include/carla_msgs/carla_msgs/msg/detail/carla_status__struct.h
[2.465s] -- Up-to-date symlink: /home/nisanth/carla_ros_ws/install/carla_msgs/include/carla_msgs/carla_msgs/msg/detail/carla_status__type_support.h
[2.466s] -- Up-to-date symlink: /home/nisanth/carla_ros_ws/install/carla_msgs/include/carla_msgs/carla_msgs/msg/detail/carla_traffic_light_info__functions.h
[2.466s] -- Up-to-date symlink: /home/nisanth/carla_ros_ws/install/carla_msgs/include/carla_msgs/carla_msgs/msg/detail/carla_traffic_light_info__struct.h
[2.466s] -- Up-to-date symlink: /home/nisanth/carla_ros_ws/install/carla_msgs/include/carla_msgs/carla_msgs/msg/detail/carla_traffic_light_info__type_support.h
[2.467s] -- Up-to-date symlink: /home/nisanth/carla_ros_ws/install/carla_msgs/include/carla_msgs/carla_msgs/msg/detail/carla_traffic_light_info_list__functions.h
[2.467s] -- Up-to-date symlink: /home/nisanth/carla_ros_ws/install/carla_msgs/include/carla_msgs/carla_msgs/msg/detail/carla_traffic_light_info_list__struct.h
[2.467s] -- Up-to-date symlink: /home/nisanth/carla_ros_ws/install/carla_msgs/include/carla_msgs/carla_msgs/msg/detail/carla_traffic_light_info_list__type_support.h
[2.467s] -- Up-to-date symlink: /home/nisanth/carla_ros_ws/install/carla_msgs/include/carla_msgs/carla_msgs/msg/detail/carla_traffic_light_status__functions.h
[2.468s] -- Up-to-date symlink: /home/nisanth/carla_ros_ws/install/carla_msgs/include/carla_msgs/carla_msgs/msg/detail/carla_traffic_light_status__struct.h
[2.468s] -- Up-to-date symlink: /home/nisanth/carla_ros_ws/install/carla_msgs/include/carla_msgs/carla_msgs/msg/detail/carla_traffic_light_status__type_support.h
[2.468s] -- Up-to-date symlink: /home/nisanth/carla_ros_ws/install/carla_msgs/include/carla_msgs/carla_msgs/msg/detail/carla_traffic_light_status_list__functions.h
[2.469s] -- Up-to-date symlink: /home/nisanth/carla_ros_ws/install/carla_msgs/include/carla_msgs/carla_msgs/msg/detail/carla_traffic_light_status_list__struct.h
[2.469s] -- Up-to-date symlink: /home/nisanth/carla_ros_ws/install/carla_msgs/include/carla_msgs/carla_msgs/msg/detail/carla_traffic_light_status_list__type_support.h
[2.469s] -- Up-to-date symlink: /home/nisanth/carla_ros_ws/install/carla_msgs/include/carla_msgs/carla_msgs/msg/detail/carla_walker_control__functions.h
[2.470s] -- Up-to-date symlink: /home/nisanth/carla_ros_ws/install/carla_msgs/include/carla_msgs/carla_msgs/msg/detail/carla_walker_control__struct.h
[2.470s] -- Up-to-date symlink: /home/nisanth/carla_ros_ws/install/carla_msgs/include/carla_msgs/carla_msgs/msg/detail/carla_walker_control__type_support.h
[2.470s] -- Up-to-date symlink: /home/nisanth/carla_ros_ws/install/carla_msgs/include/carla_msgs/carla_msgs/msg/detail/carla_weather_parameters__functions.h
[2.471s] -- Up-to-date symlink: /home/nisanth/carla_ros_ws/install/carla_msgs/include/carla_msgs/carla_msgs/msg/detail/carla_weather_parameters__struct.h
[2.471s] -- Up-to-date symlink: /home/nisanth/carla_ros_ws/install/carla_msgs/include/carla_msgs/carla_msgs/msg/detail/carla_weather_parameters__type_support.h
[2.471s] -- Up-to-date symlink: /home/nisanth/carla_ros_ws/install/carla_msgs/include/carla_msgs/carla_msgs/msg/detail/carla_world_info__functions.h
[2.472s] -- Up-to-date symlink: /home/nisanth/carla_ros_ws/install/carla_msgs/include/carla_msgs/carla_msgs/msg/detail/carla_world_info__struct.h
[2.472s] -- Up-to-date symlink: /home/nisanth/carla_ros_ws/install/carla_msgs/include/carla_msgs/carla_msgs/msg/detail/carla_world_info__type_support.h
[2.472s] -- Up-to-date symlink: /home/nisanth/carla_ros_ws/install/carla_msgs/include/carla_msgs/carla_msgs/msg/rosidl_generator_c__visibility_control.h
[2.473s] -- Up-to-date symlink: /home/nisanth/carla_ros_ws/install/carla_msgs/include/carla_msgs/carla_msgs/srv/destroy_object.h
[2.473s] -- Up-to-date symlink: /home/nisanth/carla_ros_ws/install/carla_msgs/include/carla_msgs/carla_msgs/srv/detail/destroy_object__functions.h
[2.473s] -- Up-to-date symlink: /home/nisanth/carla_ros_ws/install/carla_msgs/include/carla_msgs/carla_msgs/srv/detail/destroy_object__struct.h
[2.474s] -- Up-to-date symlink: /home/nisanth/carla_ros_ws/install/carla_msgs/include/carla_msgs/carla_msgs/srv/detail/destroy_object__type_support.h
[2.474s] -- Up-to-date symlink: /home/nisanth/carla_ros_ws/install/carla_msgs/include/carla_msgs/carla_msgs/srv/detail/get_blueprints__functions.h
[2.474s] -- Up-to-date symlink: /home/nisanth/carla_ros_ws/install/carla_msgs/include/carla_msgs/carla_msgs/srv/detail/get_blueprints__struct.h
[2.475s] -- Up-to-date symlink: /home/nisanth/carla_ros_ws/install/carla_msgs/include/carla_msgs/carla_msgs/srv/detail/get_blueprints__type_support.h
[2.475s] -- Up-to-date symlink: /home/nisanth/carla_ros_ws/install/carla_msgs/include/carla_msgs/carla_msgs/srv/detail/spawn_object__functions.h
[2.475s] -- Up-to-date symlink: /home/nisanth/carla_ros_ws/install/carla_msgs/include/carla_msgs/carla_msgs/srv/detail/spawn_object__struct.h
[2.476s] -- Up-to-date symlink: /home/nisanth/carla_ros_ws/install/carla_msgs/include/carla_msgs/carla_msgs/srv/detail/spawn_object__type_support.h
[2.476s] -- Up-to-date symlink: /home/nisanth/carla_ros_ws/install/carla_msgs/include/carla_msgs/carla_msgs/srv/get_blueprints.h
[2.476s] -- Up-to-date symlink: /home/nisanth/carla_ros_ws/install/carla_msgs/include/carla_msgs/carla_msgs/srv/spawn_object.h
[2.477s] -- Up-to-date symlink: /home/nisanth/carla_ros_ws/install/carla_msgs/share/carla_msgs/environment/library_path.sh
[2.477s] -- Up-to-date symlink: /home/nisanth/carla_ros_ws/install/carla_msgs/share/carla_msgs/environment/library_path.dsv
[2.479s] -- Up-to-date symlink: /home/nisanth/carla_ros_ws/install/carla_msgs/include/carla_msgs/carla_msgs/msg/detail/carla_actor_info__rosidl_typesupport_fastrtps_c.h
[2.479s] -- Up-to-date symlink: /home/nisanth/carla_ros_ws/install/carla_msgs/include/carla_msgs/carla_msgs/msg/detail/carla_actor_list__rosidl_typesupport_fastrtps_c.h
[2.479s] -- Up-to-date symlink: /home/nisanth/carla_ros_ws/install/carla_msgs/include/carla_msgs/carla_msgs/msg/detail/carla_bounding_box__rosidl_typesupport_fastrtps_c.h
[2.480s] -- Up-to-date symlink: /home/nisanth/carla_ros_ws/install/carla_msgs/include/carla_msgs/carla_msgs/msg/detail/carla_collision_event__rosidl_typesupport_fastrtps_c.h
[2.480s] -- Up-to-date symlink: /home/nisanth/carla_ros_ws/install/carla_msgs/include/carla_msgs/carla_msgs/msg/detail/carla_control__rosidl_typesupport_fastrtps_c.h
[2.480s] -- Up-to-date symlink: /home/nisanth/carla_ros_ws/install/carla_msgs/include/carla_msgs/carla_msgs/msg/detail/carla_ego_vehicle_control__rosidl_typesupport_fastrtps_c.h
[2.481s] -- Up-to-date symlink: /home/nisanth/carla_ros_ws/install/carla_msgs/include/carla_msgs/carla_msgs/msg/detail/carla_ego_vehicle_info__rosidl_typesupport_fastrtps_c.h
[2.481s] -- Up-to-date symlink: /home/nisanth/carla_ros_ws/install/carla_msgs/include/carla_msgs/carla_msgs/msg/detail/carla_ego_vehicle_info_wheel__rosidl_typesupport_fastrtps_c.h
[2.481s] -- Up-to-date symlink: /home/nisanth/carla_ros_ws/install/carla_msgs/include/carla_msgs/carla_msgs/msg/detail/carla_ego_vehicle_status__rosidl_typesupport_fastrtps_c.h
[2.482s] -- Up-to-date symlink: /home/nisanth/carla_ros_ws/install/carla_msgs/include/carla_msgs/carla_msgs/msg/detail/carla_lane_invasion_event__rosidl_typesupport_fastrtps_c.h
[2.482s] -- Up-to-date symlink: /home/nisanth/carla_ros_ws/install/carla_msgs/include/carla_msgs/carla_msgs/msg/detail/carla_status__rosidl_typesupport_fastrtps_c.h
[2.482s] -- Up-to-date symlink: /home/nisanth/carla_ros_ws/install/carla_msgs/include/carla_msgs/carla_msgs/msg/detail/carla_traffic_light_info__rosidl_typesupport_fastrtps_c.h
[2.483s] -- Up-to-date symlink: /home/nisanth/carla_ros_ws/install/carla_msgs/include/carla_msgs/carla_msgs/msg/detail/carla_traffic_light_info_list__rosidl_typesupport_fastrtps_c.h
[2.483s] -- Up-to-date symlink: /home/nisanth/carla_ros_ws/install/carla_msgs/include/carla_msgs/carla_msgs/msg/detail/carla_traffic_light_status__rosidl_typesupport_fastrtps_c.h
[2.483s] -- Up-to-date symlink: /home/nisanth/carla_ros_ws/install/carla_msgs/include/carla_msgs/carla_msgs/msg/detail/carla_traffic_light_status_list__rosidl_typesupport_fastrtps_c.h
[2.484s] -- Up-to-date symlink: /home/nisanth/carla_ros_ws/install/carla_msgs/include/carla_msgs/carla_msgs/msg/detail/carla_walker_control__rosidl_typesupport_fastrtps_c.h
[2.484s] -- Up-to-date symlink: /home/nisanth/carla_ros_ws/install/carla_msgs/include/carla_msgs/carla_msgs/msg/detail/carla_weather_parameters__rosidl_typesupport_fastrtps_c.h
[2.484s] -- Up-to-date symlink: /home/nisanth/carla_ros_ws/install/carla_msgs/include/carla_msgs/carla_msgs/msg/detail/carla_world_info__rosidl_typesupport_fastrtps_c.h
[2.485s] -- Up-to-date symlink: /home/nisanth/carla_ros_ws/install/carla_msgs/include/carla_msgs/carla_msgs/msg/rosidl_typesupport_fastrtps_c__visibility_control.h
[2.485s] -- Up-to-date symlink: /home/nisanth/carla_ros_ws/install/carla_msgs/include/carla_msgs/carla_msgs/srv/detail/destroy_object__rosidl_typesupport_fastrtps_c.h
[2.485s] -- Up-to-date symlink: /home/nisanth/carla_ros_ws/install/carla_msgs/include/carla_msgs/carla_msgs/srv/detail/get_blueprints__rosidl_typesupport_fastrtps_c.h
[2.486s] -- Up-to-date symlink: /home/nisanth/carla_ros_ws/install/carla_msgs/include/carla_msgs/carla_msgs/srv/detail/spawn_object__rosidl_typesupport_fastrtps_c.h
[2.488s] -- Up-to-date symlink: /home/nisanth/carla_ros_ws/install/carla_msgs/include/carla_msgs/carla_msgs/msg/carla_actor_info.hpp
[2.488s] -- Up-to-date symlink: /home/nisanth/carla_ros_ws/install/carla_msgs/include/carla_msgs/carla_msgs/msg/carla_actor_list.hpp
[2.488s] -- Up-to-date symlink: /home/nisanth/carla_ros_ws/install/carla_msgs/include/carla_msgs/carla_msgs/msg/carla_bounding_box.hpp
[2.489s] -- Up-to-date symlink: /home/nisanth/carla_ros_ws/install/carla_msgs/include/carla_msgs/carla_msgs/msg/carla_collision_event.hpp
[2.489s] -- Up-to-date symlink: /home/nisanth/carla_ros_ws/install/carla_msgs/include/carla_msgs/carla_msgs/msg/carla_control.hpp
[2.489s] -- Up-to-date symlink: /home/nisanth/carla_ros_ws/install/carla_msgs/include/carla_msgs/carla_msgs/msg/carla_ego_vehicle_control.hpp
[2.490s] -- Up-to-date symlink: /home/nisanth/carla_ros_ws/install/carla_msgs/include/carla_msgs/carla_msgs/msg/carla_ego_vehicle_info.hpp
[2.490s] -- Up-to-date symlink: /home/nisanth/carla_ros_ws/install/carla_msgs/include/carla_msgs/carla_msgs/msg/carla_ego_vehicle_info_wheel.hpp
[2.490s] -- Up-to-date symlink: /home/nisanth/carla_ros_ws/install/carla_msgs/include/carla_msgs/carla_msgs/msg/carla_ego_vehicle_status.hpp
[2.491s] -- Up-to-date symlink: /home/nisanth/carla_ros_ws/install/carla_msgs/include/carla_msgs/carla_msgs/msg/carla_lane_invasion_event.hpp
[2.491s] -- Up-to-date symlink: /home/nisanth/carla_ros_ws/install/carla_msgs/include/carla_msgs/carla_msgs/msg/carla_status.hpp
[2.491s] -- Up-to-date symlink: /home/nisanth/carla_ros_ws/install/carla_msgs/include/carla_msgs/carla_msgs/msg/carla_traffic_light_info.hpp
[2.492s] -- Up-to-date symlink: /home/nisanth/carla_ros_ws/install/carla_msgs/include/carla_msgs/carla_msgs/msg/carla_traffic_light_info_list.hpp
[2.492s] -- Up-to-date symlink: /home/nisanth/carla_ros_ws/install/carla_msgs/include/carla_msgs/carla_msgs/msg/carla_traffic_light_status.hpp
[2.492s] -- Up-to-date symlink: /home/nisanth/carla_ros_ws/install/carla_msgs/include/carla_msgs/carla_msgs/msg/carla_traffic_light_status_list.hpp
[2.493s] -- Up-to-date symlink: /home/nisanth/carla_ros_ws/install/carla_msgs/include/carla_msgs/carla_msgs/msg/carla_walker_control.hpp
[2.493s] -- Up-to-date symlink: /home/nisanth/carla_ros_ws/install/carla_msgs/include/carla_msgs/carla_msgs/msg/carla_weather_parameters.hpp
[2.493s] -- Up-to-date symlink: /home/nisanth/carla_ros_ws/install/carla_msgs/include/carla_msgs/carla_msgs/msg/carla_world_info.hpp
[2.494s] -- Up-to-date symlink: /home/nisanth/carla_ros_ws/install/carla_msgs/include/carla_msgs/carla_msgs/msg/detail/carla_actor_info__builder.hpp
[2.494s] -- Up-to-date symlink: /home/nisanth/carla_ros_ws/install/carla_msgs/include/carla_msgs/carla_msgs/msg/detail/carla_actor_info__struct.hpp
[2.495s] -- Up-to-date symlink: /home/nisanth/carla_ros_ws/install/carla_msgs/include/carla_msgs/carla_msgs/msg/detail/carla_actor_info__traits.hpp
[2.495s] -- Up-to-date symlink: /home/nisanth/carla_ros_ws/install/carla_msgs/include/carla_msgs/carla_msgs/msg/detail/carla_actor_info__type_support.hpp
[2.495s] -- Up-to-date symlink: /home/nisanth/carla_ros_ws/install/carla_msgs/include/carla_msgs/carla_msgs/msg/detail/carla_actor_list__builder.hpp
[2.496s] -- Up-to-date symlink: /home/nisanth/carla_ros_ws/install/carla_msgs/include/carla_msgs/carla_msgs/msg/detail/carla_actor_list__struct.hpp
[2.496s] -- Up-to-date symlink: /home/nisanth/carla_ros_ws/install/carla_msgs/include/carla_msgs/carla_msgs/msg/detail/carla_actor_list__traits.hpp
[2.496s] -- Up-to-date symlink: /home/nisanth/carla_ros_ws/install/carla_msgs/include/carla_msgs/carla_msgs/msg/detail/carla_actor_list__type_support.hpp
[2.497s] -- Up-to-date symlink: /home/nisanth/carla_ros_ws/install/carla_msgs/include/carla_msgs/carla_msgs/msg/detail/carla_bounding_box__builder.hpp
[2.497s] -- Up-to-date symlink: /home/nisanth/carla_ros_ws/install/carla_msgs/include/carla_msgs/carla_msgs/msg/detail/carla_bounding_box__struct.hpp
[2.497s] -- Up-to-date symlink: /home/nisanth/carla_ros_ws/install/carla_msgs/include/carla_msgs/carla_msgs/msg/detail/carla_bounding_box__traits.hpp
[2.498s] -- Up-to-date symlink: /home/nisanth/carla_ros_ws/install/carla_msgs/include/carla_msgs/carla_msgs/msg/detail/carla_bounding_box__type_support.hpp
[2.498s] -- Up-to-date symlink: /home/nisanth/carla_ros_ws/install/carla_msgs/include/carla_msgs/carla_msgs/msg/detail/carla_collision_event__builder.hpp
[2.498s] -- Up-to-date symlink: /home/nisanth/carla_ros_ws/install/carla_msgs/include/carla_msgs/carla_msgs/msg/detail/carla_collision_event__struct.hpp
[2.499s] -- Up-to-date symlink: /home/nisanth/carla_ros_ws/install/carla_msgs/include/carla_msgs/carla_msgs/msg/detail/carla_collision_event__traits.hpp
[2.499s] -- Up-to-date symlink: /home/nisanth/carla_ros_ws/install/carla_msgs/include/carla_msgs/carla_msgs/msg/detail/carla_collision_event__type_support.hpp
[2.499s] -- Up-to-date symlink: /home/nisanth/carla_ros_ws/install/carla_msgs/include/carla_msgs/carla_msgs/msg/detail/carla_control__builder.hpp
[2.500s] -- Up-to-date symlink: /home/nisanth/carla_ros_ws/install/carla_msgs/include/carla_msgs/carla_msgs/msg/detail/carla_control__struct.hpp
[2.500s] -- Up-to-date symlink: /home/nisanth/carla_ros_ws/install/carla_msgs/include/carla_msgs/carla_msgs/msg/detail/carla_control__traits.hpp
[2.500s] -- Up-to-date symlink: /home/nisanth/carla_ros_ws/install/carla_msgs/include/carla_msgs/carla_msgs/msg/detail/carla_control__type_support.hpp
[2.501s] -- Up-to-date symlink: /home/nisanth/carla_ros_ws/install/carla_msgs/include/carla_msgs/carla_msgs/msg/detail/carla_ego_vehicle_control__builder.hpp
[2.501s] -- Up-to-date symlink: /home/nisanth/carla_ros_ws/install/carla_msgs/include/carla_msgs/carla_msgs/msg/detail/carla_ego_vehicle_control__struct.hpp
[2.501s] -- Up-to-date symlink: /home/nisanth/carla_ros_ws/install/carla_msgs/include/carla_msgs/carla_msgs/msg/detail/carla_ego_vehicle_control__traits.hpp
[2.502s] -- Up-to-date symlink: /home/nisanth/carla_ros_ws/install/carla_msgs/include/carla_msgs/carla_msgs/msg/detail/carla_ego_vehicle_control__type_support.hpp
[2.502s] -- Up-to-date symlink: /home/nisanth/carla_ros_ws/install/carla_msgs/include/carla_msgs/carla_msgs/msg/detail/carla_ego_vehicle_info__builder.hpp
[2.502s] -- Up-to-date symlink: /home/nisanth/carla_ros_ws/install/carla_msgs/include/carla_msgs/carla_msgs/msg/detail/carla_ego_vehicle_info__struct.hpp
[2.503s] -- Up-to-date symlink: /home/nisanth/carla_ros_ws/install/carla_msgs/include/carla_msgs/carla_msgs/msg/detail/carla_ego_vehicle_info__traits.hpp
[2.503s] -- Up-to-date symlink: /home/nisanth/carla_ros_ws/install/carla_msgs/include/carla_msgs/carla_msgs/msg/detail/carla_ego_vehicle_info__type_support.hpp
[2.503s] -- Up-to-date symlink: /home/nisanth/carla_ros_ws/install/carla_msgs/include/carla_msgs/carla_msgs/msg/detail/carla_ego_vehicle_info_wheel__builder.hpp
[2.504s] -- Up-to-date symlink: /home/nisanth/carla_ros_ws/install/carla_msgs/include/carla_msgs/carla_msgs/msg/detail/carla_ego_vehicle_info_wheel__struct.hpp
[2.504s] -- Up-to-date symlink: /home/nisanth/carla_ros_ws/install/carla_msgs/include/carla_msgs/carla_msgs/msg/detail/carla_ego_vehicle_info_wheel__traits.hpp
[2.504s] -- Up-to-date symlink: /home/nisanth/carla_ros_ws/install/carla_msgs/include/carla_msgs/carla_msgs/msg/detail/carla_ego_vehicle_info_wheel__type_support.hpp
[2.505s] -- Up-to-date symlink: /home/nisanth/carla_ros_ws/install/carla_msgs/include/carla_msgs/carla_msgs/msg/detail/carla_ego_vehicle_status__builder.hpp
[2.505s] -- Up-to-date symlink: /home/nisanth/carla_ros_ws/install/carla_msgs/include/carla_msgs/carla_msgs/msg/detail/carla_ego_vehicle_status__struct.hpp
[2.505s] -- Up-to-date symlink: /home/nisanth/carla_ros_ws/install/carla_msgs/include/carla_msgs/carla_msgs/msg/detail/carla_ego_vehicle_status__traits.hpp
[2.506s] -- Up-to-date symlink: /home/nisanth/carla_ros_ws/install/carla_msgs/include/carla_msgs/carla_msgs/msg/detail/carla_ego_vehicle_status__type_support.hpp
[2.506s] -- Up-to-date symlink: /home/nisanth/carla_ros_ws/install/carla_msgs/include/carla_msgs/carla_msgs/msg/detail/carla_lane_invasion_event__builder.hpp
[2.506s] -- Up-to-date symlink: /home/nisanth/carla_ros_ws/install/carla_msgs/include/carla_msgs/carla_msgs/msg/detail/carla_lane_invasion_event__struct.hpp
[2.507s] -- Up-to-date symlink: /home/nisanth/carla_ros_ws/install/carla_msgs/include/carla_msgs/carla_msgs/msg/detail/carla_lane_invasion_event__traits.hpp
[2.507s] -- Up-to-date symlink: /home/nisanth/carla_ros_ws/install/carla_msgs/include/carla_msgs/carla_msgs/msg/detail/carla_lane_invasion_event__type_support.hpp
[2.507s] -- Up-to-date symlink: /home/nisanth/carla_ros_ws/install/carla_msgs/include/carla_msgs/carla_msgs/msg/detail/carla_status__builder.hpp
[2.508s] -- Up-to-date symlink: /home/nisanth/carla_ros_ws/install/carla_msgs/include/carla_msgs/carla_msgs/msg/detail/carla_status__struct.hpp
[2.508s] -- Up-to-date symlink: /home/nisanth/carla_ros_ws/install/carla_msgs/include/carla_msgs/carla_msgs/msg/detail/carla_status__traits.hpp
[2.508s] -- Up-to-date symlink: /home/nisanth/carla_ros_ws/install/carla_msgs/include/carla_msgs/carla_msgs/msg/detail/carla_status__type_support.hpp
[2.509s] -- Up-to-date symlink: /home/nisanth/carla_ros_ws/install/carla_msgs/include/carla_msgs/carla_msgs/msg/detail/carla_traffic_light_info__builder.hpp
[2.509s] -- Up-to-date symlink: /home/nisanth/carla_ros_ws/install/carla_msgs/include/carla_msgs/carla_msgs/msg/detail/carla_traffic_light_info__struct.hpp
[2.509s] -- Up-to-date symlink: /home/nisanth/carla_ros_ws/install/carla_msgs/include/carla_msgs/carla_msgs/msg/detail/carla_traffic_light_info__traits.hpp
[2.510s] -- Up-to-date symlink: /home/nisanth/carla_ros_ws/install/carla_msgs/include/carla_msgs/carla_msgs/msg/detail/carla_traffic_light_info__type_support.hpp
[2.510s] -- Up-to-date symlink: /home/nisanth/carla_ros_ws/install/carla_msgs/include/carla_msgs/carla_msgs/msg/detail/carla_traffic_light_info_list__builder.hpp
[2.510s] -- Up-to-date symlink: /home/nisanth/carla_ros_ws/install/carla_msgs/include/carla_msgs/carla_msgs/msg/detail/carla_traffic_light_info_list__struct.hpp
[2.511s] -- Up-to-date symlink: /home/nisanth/carla_ros_ws/install/carla_msgs/include/carla_msgs/carla_msgs/msg/detail/carla_traffic_light_info_list__traits.hpp
[2.511s] -- Up-to-date symlink: /home/nisanth/carla_ros_ws/install/carla_msgs/include/carla_msgs/carla_msgs/msg/detail/carla_traffic_light_info_list__type_support.hpp
[2.511s] -- Up-to-date symlink: /home/nisanth/carla_ros_ws/install/carla_msgs/include/carla_msgs/carla_msgs/msg/detail/carla_traffic_light_status__builder.hpp
[2.512s] -- Up-to-date symlink: /home/nisanth/carla_ros_ws/install/carla_msgs/include/carla_msgs/carla_msgs/msg/detail/carla_traffic_light_status__struct.hpp
[2.512s] -- Up-to-date symlink: /home/nisanth/carla_ros_ws/install/carla_msgs/include/carla_msgs/carla_msgs/msg/detail/carla_traffic_light_status__traits.hpp
[2.512s] -- Up-to-date symlink: /home/nisanth/carla_ros_ws/install/carla_msgs/include/carla_msgs/carla_msgs/msg/detail/carla_traffic_light_status__type_support.hpp
[2.513s] -- Up-to-date symlink: /home/nisanth/carla_ros_ws/install/carla_msgs/include/carla_msgs/carla_msgs/msg/detail/carla_traffic_light_status_list__builder.hpp
[2.513s] -- Up-to-date symlink: /home/nisanth/carla_ros_ws/install/carla_msgs/include/carla_msgs/carla_msgs/msg/detail/carla_traffic_light_status_list__struct.hpp
[2.513s] -- Up-to-date symlink: /home/nisanth/carla_ros_ws/install/carla_msgs/include/carla_msgs/carla_msgs/msg/detail/carla_traffic_light_status_list__traits.hpp
[2.513s] -- Up-to-date symlink: /home/nisanth/carla_ros_ws/install/carla_msgs/include/carla_msgs/carla_msgs/msg/detail/carla_traffic_light_status_list__type_support.hpp
[2.514s] -- Up-to-date symlink: /home/nisanth/carla_ros_ws/install/carla_msgs/include/carla_msgs/carla_msgs/msg/detail/carla_walker_control__builder.hpp
[2.514s] -- Up-to-date symlink: /home/nisanth/carla_ros_ws/install/carla_msgs/include/carla_msgs/carla_msgs/msg/detail/carla_walker_control__struct.hpp
[2.515s] -- Up-to-date symlink: /home/nisanth/carla_ros_ws/install/carla_msgs/include/carla_msgs/carla_msgs/msg/detail/carla_walker_control__traits.hpp
[2.515s] -- Up-to-date symlink: /home/nisanth/carla_ros_ws/install/carla_msgs/include/carla_msgs/carla_msgs/msg/detail/carla_walker_control__type_support.hpp
[2.515s] -- Up-to-date symlink: /home/nisanth/carla_ros_ws/install/carla_msgs/include/carla_msgs/carla_msgs/msg/detail/carla_weather_parameters__builder.hpp
[2.516s] -- Up-to-date symlink: /home/nisanth/carla_ros_ws/install/carla_msgs/include/carla_msgs/carla_msgs/msg/detail/carla_weather_parameters__struct.hpp
[2.516s] -- Up-to-date symlink: /home/nisanth/carla_ros_ws/install/carla_msgs/include/carla_msgs/carla_msgs/msg/detail/carla_weather_parameters__traits.hpp
[2.516s] -- Up-to-date symlink: /home/nisanth/carla_ros_ws/install/carla_msgs/include/carla_msgs/carla_msgs/msg/detail/carla_weather_parameters__type_support.hpp
[2.517s] -- Up-to-date symlink: /home/nisanth/carla_ros_ws/install/carla_msgs/include/carla_msgs/carla_msgs/msg/detail/carla_world_info__builder.hpp
[2.517s] -- Up-to-date symlink: /home/nisanth/carla_ros_ws/install/carla_msgs/include/carla_msgs/carla_msgs/msg/detail/carla_world_info__struct.hpp
[2.517s] -- Up-to-date symlink: /home/nisanth/carla_ros_ws/install/carla_msgs/include/carla_msgs/carla_msgs/msg/detail/carla_world_info__traits.hpp
[2.517s] -- Up-to-date symlink: /home/nisanth/carla_ros_ws/install/carla_msgs/include/carla_msgs/carla_msgs/msg/detail/carla_world_info__type_support.hpp
[2.518s] -- Up-to-date symlink: /home/nisanth/carla_ros_ws/install/carla_msgs/include/carla_msgs/carla_msgs/msg/rosidl_generator_cpp__visibility_control.hpp
[2.518s] -- Up-to-date symlink: /home/nisanth/carla_ros_ws/install/carla_msgs/include/carla_msgs/carla_msgs/srv/destroy_object.hpp
[2.518s] -- Up-to-date symlink: /home/nisanth/carla_ros_ws/install/carla_msgs/include/carla_msgs/carla_msgs/srv/detail/destroy_object__builder.hpp
[2.519s] -- Up-to-date symlink: /home/nisanth/carla_ros_ws/install/carla_msgs/include/carla_msgs/carla_msgs/srv/detail/destroy_object__struct.hpp
[2.519s] -- Up-to-date symlink: /home/nisanth/carla_ros_ws/install/carla_msgs/include/carla_msgs/carla_msgs/srv/detail/destroy_object__traits.hpp
[2.519s] -- Up-to-date symlink: /home/nisanth/carla_ros_ws/install/carla_msgs/include/carla_msgs/carla_msgs/srv/detail/destroy_object__type_support.hpp
[2.520s] -- Up-to-date symlink: /home/nisanth/carla_ros_ws/install/carla_msgs/include/carla_msgs/carla_msgs/srv/detail/get_blueprints__builder.hpp
[2.520s] -- Up-to-date symlink: /home/nisanth/carla_ros_ws/install/carla_msgs/include/carla_msgs/carla_msgs/srv/detail/get_blueprints__struct.hpp
[2.521s] -- Up-to-date symlink: /home/nisanth/carla_ros_ws/install/carla_msgs/include/carla_msgs/carla_msgs/srv/detail/get_blueprints__traits.hpp
[2.521s] -- Up-to-date symlink: /home/nisanth/carla_ros_ws/install/carla_msgs/include/carla_msgs/carla_msgs/srv/detail/get_blueprints__type_support.hpp
[2.521s] -- Up-to-date symlink: /home/nisanth/carla_ros_ws/install/carla_msgs/include/carla_msgs/carla_msgs/srv/detail/spawn_object__builder.hpp
[2.521s] -- Up-to-date symlink: /home/nisanth/carla_ros_ws/install/carla_msgs/include/carla_msgs/carla_msgs/srv/detail/spawn_object__struct.hpp
[2.522s] -- Up-to-date symlink: /home/nisanth/carla_ros_ws/install/carla_msgs/include/carla_msgs/carla_msgs/srv/detail/spawn_object__traits.hpp
[2.522s] -- Up-to-date symlink: /home/nisanth/carla_ros_ws/install/carla_msgs/include/carla_msgs/carla_msgs/srv/detail/spawn_object__type_support.hpp
[2.522s] -- Up-to-date symlink: /home/nisanth/carla_ros_ws/install/carla_msgs/include/carla_msgs/carla_msgs/srv/get_blueprints.hpp
[2.523s] -- Up-to-date symlink: /home/nisanth/carla_ros_ws/install/carla_msgs/include/carla_msgs/carla_msgs/srv/spawn_object.hpp
[2.525s] -- Up-to-date symlink: /home/nisanth/carla_ros_ws/install/carla_msgs/include/carla_msgs/carla_msgs/msg/detail/carla_actor_info__rosidl_typesupport_fastrtps_cpp.hpp
[2.525s] -- Up-to-date symlink: /home/nisanth/carla_ros_ws/install/carla_msgs/include/carla_msgs/carla_msgs/msg/detail/carla_actor_list__rosidl_typesupport_fastrtps_cpp.hpp
[2.526s] -- Up-to-date symlink: /home/nisanth/carla_ros_ws/install/carla_msgs/include/carla_msgs/carla_msgs/msg/detail/carla_bounding_box__rosidl_typesupport_fastrtps_cpp.hpp
[2.526s] -- Up-to-date symlink: /home/nisanth/carla_ros_ws/install/carla_msgs/include/carla_msgs/carla_msgs/msg/detail/carla_collision_event__rosidl_typesupport_fastrtps_cpp.hpp
[2.526s] -- Up-to-date symlink: /home/nisanth/carla_ros_ws/install/carla_msgs/include/carla_msgs/carla_msgs/msg/detail/carla_control__rosidl_typesupport_fastrtps_cpp.hpp
[2.527s] -- Up-to-date symlink: /home/nisanth/carla_ros_ws/install/carla_msgs/include/carla_msgs/carla_msgs/msg/detail/carla_ego_vehicle_control__rosidl_typesupport_fastrtps_cpp.hpp
[2.527s] -- Up-to-date symlink: /home/nisanth/carla_ros_ws/install/carla_msgs/include/carla_msgs/carla_msgs/msg/detail/carla_ego_vehicle_info__rosidl_typesupport_fastrtps_cpp.hpp
[2.527s] -- Up-to-date symlink: /home/nisanth/carla_ros_ws/install/carla_msgs/include/carla_msgs/carla_msgs/msg/detail/carla_ego_vehicle_info_wheel__rosidl_typesupport_fastrtps_cpp.hpp
[2.528s] -- Up-to-date symlink: /home/nisanth/carla_ros_ws/install/carla_msgs/include/carla_msgs/carla_msgs/msg/detail/carla_ego_vehicle_status__rosidl_typesupport_fastrtps_cpp.hpp
[2.528s] -- Up-to-date symlink: /home/nisanth/carla_ros_ws/install/carla_msgs/include/carla_msgs/carla_msgs/msg/detail/carla_lane_invasion_event__rosidl_typesupport_fastrtps_cpp.hpp
[2.528s] -- Up-to-date symlink: /home/nisanth/carla_ros_ws/install/carla_msgs/include/carla_msgs/carla_msgs/msg/detail/carla_status__rosidl_typesupport_fastrtps_cpp.hpp
[2.529s] -- Up-to-date symlink: /home/nisanth/carla_ros_ws/install/carla_msgs/include/carla_msgs/carla_msgs/msg/detail/carla_traffic_light_info__rosidl_typesupport_fastrtps_cpp.hpp
[2.529s] -- Up-to-date symlink: /home/nisanth/carla_ros_ws/install/carla_msgs/include/carla_msgs/carla_msgs/msg/detail/carla_traffic_light_info_list__rosidl_typesupport_fastrtps_cpp.hpp
[2.529s] -- Up-to-date symlink: /home/nisanth/carla_ros_ws/install/carla_msgs/include/carla_msgs/carla_msgs/msg/detail/carla_traffic_light_status__rosidl_typesupport_fastrtps_cpp.hpp
[2.530s] -- Up-to-date symlink: /home/nisanth/carla_ros_ws/install/carla_msgs/include/carla_msgs/carla_msgs/msg/detail/carla_traffic_light_status_list__rosidl_typesupport_fastrtps_cpp.hpp
[2.530s] -- Up-to-date symlink: /home/nisanth/carla_ros_ws/install/carla_msgs/include/carla_msgs/carla_msgs/msg/detail/carla_walker_control__rosidl_typesupport_fastrtps_cpp.hpp
[2.530s] -- Up-to-date symlink: /home/nisanth/carla_ros_ws/install/carla_msgs/include/carla_msgs/carla_msgs/msg/detail/carla_weather_parameters__rosidl_typesupport_fastrtps_cpp.hpp
[2.531s] -- Up-to-date symlink: /home/nisanth/carla_ros_ws/install/carla_msgs/include/carla_msgs/carla_msgs/msg/detail/carla_world_info__rosidl_typesupport_fastrtps_cpp.hpp
[2.531s] -- Up-to-date symlink: /home/nisanth/carla_ros_ws/install/carla_msgs/include/carla_msgs/carla_msgs/msg/rosidl_typesupport_fastrtps_cpp__visibility_control.h
[2.531s] -- Up-to-date symlink: /home/nisanth/carla_ros_ws/install/carla_msgs/include/carla_msgs/carla_msgs/srv/detail/destroy_object__rosidl_typesupport_fastrtps_cpp.hpp
[2.531s] -- Up-to-date symlink: /home/nisanth/carla_ros_ws/install/carla_msgs/include/carla_msgs/carla_msgs/srv/detail/get_blueprints__rosidl_typesupport_fastrtps_cpp.hpp
[2.532s] -- Up-to-date symlink: /home/nisanth/carla_ros_ws/install/carla_msgs/include/carla_msgs/carla_msgs/srv/detail/spawn_object__rosidl_typesupport_fastrtps_cpp.hpp
[2.533s] -- Up-to-date symlink: /home/nisanth/carla_ros_ws/install/carla_msgs/include/carla_msgs/carla_msgs/msg/detail/carla_actor_info__rosidl_typesupport_introspection_c.h
[2.533s] -- Up-to-date symlink: /home/nisanth/carla_ros_ws/install/carla_msgs/include/carla_msgs/carla_msgs/msg/detail/carla_actor_list__rosidl_typesupport_introspection_c.h
[2.534s] -- Up-to-date symlink: /home/nisanth/carla_ros_ws/install/carla_msgs/include/carla_msgs/carla_msgs/msg/detail/carla_bounding_box__rosidl_typesupport_introspection_c.h
[2.534s] -- Up-to-date symlink: /home/nisanth/carla_ros_ws/install/carla_msgs/include/carla_msgs/carla_msgs/msg/detail/carla_collision_event__rosidl_typesupport_introspection_c.h
[2.534s] -- Up-to-date symlink: /home/nisanth/carla_ros_ws/install/carla_msgs/include/carla_msgs/carla_msgs/msg/detail/carla_control__rosidl_typesupport_introspection_c.h
[2.535s] -- Up-to-date symlink: /home/nisanth/carla_ros_ws/install/carla_msgs/include/carla_msgs/carla_msgs/msg/detail/carla_ego_vehicle_control__rosidl_typesupport_introspection_c.h
[2.535s] -- Up-to-date symlink: /home/nisanth/carla_ros_ws/install/carla_msgs/include/carla_msgs/carla_msgs/msg/detail/carla_ego_vehicle_info__rosidl_typesupport_introspection_c.h
[2.535s] -- Up-to-date symlink: /home/nisanth/carla_ros_ws/install/carla_msgs/include/carla_msgs/carla_msgs/msg/detail/carla_ego_vehicle_info_wheel__rosidl_typesupport_introspection_c.h
[2.536s] -- Up-to-date symlink: /home/nisanth/carla_ros_ws/install/carla_msgs/include/carla_msgs/carla_msgs/msg/detail/carla_ego_vehicle_status__rosidl_typesupport_introspection_c.h
[2.536s] -- Up-to-date symlink: /home/nisanth/carla_ros_ws/install/carla_msgs/include/carla_msgs/carla_msgs/msg/detail/carla_lane_invasion_event__rosidl_typesupport_introspection_c.h
[2.536s] -- Up-to-date symlink: /home/nisanth/carla_ros_ws/install/carla_msgs/include/carla_msgs/carla_msgs/msg/detail/carla_status__rosidl_typesupport_introspection_c.h
[2.537s] -- Up-to-date symlink: /home/nisanth/carla_ros_ws/install/carla_msgs/include/carla_msgs/carla_msgs/msg/detail/carla_traffic_light_info__rosidl_typesupport_introspection_c.h
[2.537s] -- Up-to-date symlink: /home/nisanth/carla_ros_ws/install/carla_msgs/include/carla_msgs/carla_msgs/msg/detail/carla_traffic_light_info_list__rosidl_typesupport_introspection_c.h
[2.537s] -- Up-to-date symlink: /home/nisanth/carla_ros_ws/install/carla_msgs/include/carla_msgs/carla_msgs/msg/detail/carla_traffic_light_status__rosidl_typesupport_introspection_c.h
[2.538s] -- Up-to-date symlink: /home/nisanth/carla_ros_ws/install/carla_msgs/include/carla_msgs/carla_msgs/msg/detail/carla_traffic_light_status_list__rosidl_typesupport_introspection_c.h
[2.538s] -- Up-to-date symlink: /home/nisanth/carla_ros_ws/install/carla_msgs/include/carla_msgs/carla_msgs/msg/detail/carla_walker_control__rosidl_typesupport_introspection_c.h
[2.538s] -- Up-to-date symlink: /home/nisanth/carla_ros_ws/install/carla_msgs/include/carla_msgs/carla_msgs/msg/detail/carla_weather_parameters__rosidl_typesupport_introspection_c.h
[2.538s] -- Up-to-date symlink: /home/nisanth/carla_ros_ws/install/carla_msgs/include/carla_msgs/carla_msgs/msg/detail/carla_world_info__rosidl_typesupport_introspection_c.h
[2.539s] -- Up-to-date symlink: /home/nisanth/carla_ros_ws/install/carla_msgs/include/carla_msgs/carla_msgs/msg/rosidl_typesupport_introspection_c__visibility_control.h
[2.539s] -- Up-to-date symlink: /home/nisanth/carla_ros_ws/install/carla_msgs/include/carla_msgs/carla_msgs/srv/detail/destroy_object__rosidl_typesupport_introspection_c.h
[2.539s] -- Up-to-date symlink: /home/nisanth/carla_ros_ws/install/carla_msgs/include/carla_msgs/carla_msgs/srv/detail/get_blueprints__rosidl_typesupport_introspection_c.h
[2.540s] -- Up-to-date symlink: /home/nisanth/carla_ros_ws/install/carla_msgs/include/carla_msgs/carla_msgs/srv/detail/spawn_object__rosidl_typesupport_introspection_c.h
[2.541s] -- Up-to-date symlink: /home/nisanth/carla_ros_ws/install/carla_msgs/include/carla_msgs/carla_msgs/msg/detail/carla_actor_info__rosidl_typesupport_introspection_cpp.hpp
[2.542s] -- Up-to-date symlink: /home/nisanth/carla_ros_ws/install/carla_msgs/include/carla_msgs/carla_msgs/msg/detail/carla_actor_list__rosidl_typesupport_introspection_cpp.hpp
[2.542s] -- Up-to-date symlink: /home/nisanth/carla_ros_ws/install/carla_msgs/include/carla_msgs/carla_msgs/msg/detail/carla_bounding_box__rosidl_typesupport_introspection_cpp.hpp
[2.542s] -- Up-to-date symlink: /home/nisanth/carla_ros_ws/install/carla_msgs/include/carla_msgs/carla_msgs/msg/detail/carla_collision_event__rosidl_typesupport_introspection_cpp.hpp
[2.543s] -- Up-to-date symlink: /home/nisanth/carla_ros_ws/install/carla_msgs/include/carla_msgs/carla_msgs/msg/detail/carla_control__rosidl_typesupport_introspection_cpp.hpp
[2.543s] -- Up-to-date symlink: /home/nisanth/carla_ros_ws/install/carla_msgs/include/carla_msgs/carla_msgs/msg/detail/carla_ego_vehicle_control__rosidl_typesupport_introspection_cpp.hpp
[2.543s] -- Up-to-date symlink: /home/nisanth/carla_ros_ws/install/carla_msgs/include/carla_msgs/carla_msgs/msg/detail/carla_ego_vehicle_info__rosidl_typesupport_introspection_cpp.hpp
[2.543s] -- Up-to-date symlink: /home/nisanth/carla_ros_ws/install/carla_msgs/include/carla_msgs/carla_msgs/msg/detail/carla_ego_vehicle_info_wheel__rosidl_typesupport_introspection_cpp.hpp
[2.544s] -- Up-to-date symlink: /home/nisanth/carla_ros_ws/install/carla_msgs/include/carla_msgs/carla_msgs/msg/detail/carla_ego_vehicle_status__rosidl_typesupport_introspection_cpp.hpp
[2.544s] -- Up-to-date symlink: /home/nisanth/carla_ros_ws/install/carla_msgs/include/carla_msgs/carla_msgs/msg/detail/carla_lane_invasion_event__rosidl_typesupport_introspection_cpp.hpp
[2.544s] -- Up-to-date symlink: /home/nisanth/carla_ros_ws/install/carla_msgs/include/carla_msgs/carla_msgs/msg/detail/carla_status__rosidl_typesupport_introspection_cpp.hpp
[2.545s] -- Up-to-date symlink: /home/nisanth/carla_ros_ws/install/carla_msgs/include/carla_msgs/carla_msgs/msg/detail/carla_traffic_light_info__rosidl_typesupport_introspection_cpp.hpp
[2.545s] -- Up-to-date symlink: /home/nisanth/carla_ros_ws/install/carla_msgs/include/carla_msgs/carla_msgs/msg/detail/carla_traffic_light_info_list__rosidl_typesupport_introspection_cpp.hpp
[2.545s] -- Up-to-date symlink: /home/nisanth/carla_ros_ws/install/carla_msgs/include/carla_msgs/carla_msgs/msg/detail/carla_traffic_light_status__rosidl_typesupport_introspection_cpp.hpp
[2.546s] -- Up-to-date symlink: /home/nisanth/carla_ros_ws/install/carla_msgs/include/carla_msgs/carla_msgs/msg/detail/carla_traffic_light_status_list__rosidl_typesupport_introspection_cpp.hpp
[2.546s] -- Up-to-date symlink: /home/nisanth/carla_ros_ws/install/carla_msgs/include/carla_msgs/carla_msgs/msg/detail/carla_walker_control__rosidl_typesupport_introspection_cpp.hpp
[2.546s] -- Up-to-date symlink: /home/nisanth/carla_ros_ws/install/carla_msgs/include/carla_msgs/carla_msgs/msg/detail/carla_weather_parameters__rosidl_typesupport_introspection_cpp.hpp
[2.547s] -- Up-to-date symlink: /home/nisanth/carla_ros_ws/install/carla_msgs/include/carla_msgs/carla_msgs/msg/detail/carla_world_info__rosidl_typesupport_introspection_cpp.hpp
[2.547s] -- Up-to-date symlink: /home/nisanth/carla_ros_ws/install/carla_msgs/include/carla_msgs/carla_msgs/srv/detail/destroy_object__rosidl_typesupport_introspection_cpp.hpp
[2.547s] -- Up-to-date symlink: /home/nisanth/carla_ros_ws/install/carla_msgs/include/carla_msgs/carla_msgs/srv/detail/get_blueprints__rosidl_typesupport_introspection_cpp.hpp
[2.548s] -- Up-to-date symlink: /home/nisanth/carla_ros_ws/install/carla_msgs/include/carla_msgs/carla_msgs/srv/detail/spawn_object__rosidl_typesupport_introspection_cpp.hpp
[2.548s] -- Up-to-date symlink: /home/nisanth/carla_ros_ws/install/carla_msgs/share/carla_msgs/environment/pythonpath.sh
[2.548s] -- Up-to-date symlink: /home/nisanth/carla_ros_ws/install/carla_msgs/share/carla_msgs/environment/pythonpath.dsv
[2.549s] -- Up-to-date symlink: /home/nisanth/carla_ros_ws/install/carla_msgs/local/lib/python3.10/dist-packages/carla_msgs-1.3.0-py3.10.egg-info/PKG-INFO
[2.549s] -- Up-to-date symlink: /home/nisanth/carla_ros_ws/install/carla_msgs/local/lib/python3.10/dist-packages/carla_msgs-1.3.0-py3.10.egg-info/SOURCES.txt
[2.549s] -- Up-to-date symlink: /home/nisanth/carla_ros_ws/install/carla_msgs/local/lib/python3.10/dist-packages/carla_msgs-1.3.0-py3.10.egg-info/dependency_links.txt
[2.550s] -- Up-to-date symlink: /home/nisanth/carla_ros_ws/install/carla_msgs/local/lib/python3.10/dist-packages/carla_msgs-1.3.0-py3.10.egg-info/top_level.txt
[2.551s] -- Up-to-date symlink: /home/nisanth/carla_ros_ws/install/carla_msgs/local/lib/python3.10/dist-packages/carla_msgs/__init__.py
[2.552s] -- Up-to-date symlink: /home/nisanth/carla_ros_ws/install/carla_msgs/local/lib/python3.10/dist-packages/carla_msgs/_carla_msgs_s.ep.rosidl_typesupport_c.c
[2.552s] -- Up-to-date symlink: /home/nisanth/carla_ros_ws/install/carla_msgs/local/lib/python3.10/dist-packages/carla_msgs/_carla_msgs_s.ep.rosidl_typesupport_fastrtps_c.c
[2.552s] -- Up-to-date symlink: /home/nisanth/carla_ros_ws/install/carla_msgs/local/lib/python3.10/dist-packages/carla_msgs/_carla_msgs_s.ep.rosidl_typesupport_introspection_c.c
[2.553s] -- Up-to-date symlink: /home/nisanth/carla_ros_ws/install/carla_msgs/local/lib/python3.10/dist-packages/carla_msgs/carla_msgs_s__rosidl_typesupport_c.cpython-310-x86_64-linux-gnu.so
[2.553s] -- Up-to-date symlink: /home/nisanth/carla_ros_ws/install/carla_msgs/local/lib/python3.10/dist-packages/carla_msgs/carla_msgs_s__rosidl_typesupport_fastrtps_c.cpython-310-x86_64-linux-gnu.so
[2.553s] -- Up-to-date symlink: /home/nisanth/carla_ros_ws/install/carla_msgs/local/lib/python3.10/dist-packages/carla_msgs/carla_msgs_s__rosidl_typesupport_introspection_c.cpython-310-x86_64-linux-gnu.so
[2.553s] -- Up-to-date symlink: /home/nisanth/carla_ros_ws/install/carla_msgs/local/lib/python3.10/dist-packages/carla_msgs/libcarla_msgs__rosidl_generator_py.so
[2.554s] -- Up-to-date symlink: /home/nisanth/carla_ros_ws/install/carla_msgs/local/lib/python3.10/dist-packages/carla_msgs/msg/__init__.py
[2.554s] -- Up-to-date symlink: /home/nisanth/carla_ros_ws/install/carla_msgs/local/lib/python3.10/dist-packages/carla_msgs/msg/_carla_actor_info.py
[2.554s] -- Up-to-date symlink: /home/nisanth/carla_ros_ws/install/carla_msgs/local/lib/python3.10/dist-packages/carla_msgs/msg/_carla_actor_info_s.c
[2.555s] -- Up-to-date symlink: /home/nisanth/carla_ros_ws/install/carla_msgs/local/lib/python3.10/dist-packages/carla_msgs/msg/_carla_actor_list.py
[2.555s] -- Up-to-date symlink: /home/nisanth/carla_ros_ws/install/carla_msgs/local/lib/python3.10/dist-packages/carla_msgs/msg/_carla_actor_list_s.c
[2.555s] -- Up-to-date symlink: /home/nisanth/carla_ros_ws/install/carla_msgs/local/lib/python3.10/dist-packages/carla_msgs/msg/_carla_bounding_box.py
[2.556s] -- Up-to-date symlink: /home/nisanth/carla_ros_ws/install/carla_msgs/local/lib/python3.10/dist-packages/carla_msgs/msg/_carla_bounding_box_s.c
[2.556s] -- Up-to-date symlink: /home/nisanth/carla_ros_ws/install/carla_msgs/local/lib/python3.10/dist-packages/carla_msgs/msg/_carla_collision_event.py
[2.556s] -- Up-to-date symlink: /home/nisanth/carla_ros_ws/install/carla_msgs/local/lib/python3.10/dist-packages/carla_msgs/msg/_carla_collision_event_s.c
[2.557s] -- Up-to-date symlink: /home/nisanth/carla_ros_ws/install/carla_msgs/local/lib/python3.10/dist-packages/carla_msgs/msg/_carla_control.py
[2.557s] -- Up-to-date symlink: /home/nisanth/carla_ros_ws/install/carla_msgs/local/lib/python3.10/dist-packages/carla_msgs/msg/_carla_control_s.c
[2.557s] -- Up-to-date symlink: /home/nisanth/carla_ros_ws/install/carla_msgs/local/lib/python3.10/dist-packages/carla_msgs/msg/_carla_ego_vehicle_control.py
[2.557s] -- Up-to-date symlink: /home/nisanth/carla_ros_ws/install/carla_msgs/local/lib/python3.10/dist-packages/carla_msgs/msg/_carla_ego_vehicle_control_s.c
[2.558s] -- Up-to-date symlink: /home/nisanth/carla_ros_ws/install/carla_msgs/local/lib/python3.10/dist-packages/carla_msgs/msg/_carla_ego_vehicle_info.py
[2.558s] -- Up-to-date symlink: /home/nisanth/carla_ros_ws/install/carla_msgs/local/lib/python3.10/dist-packages/carla_msgs/msg/_carla_ego_vehicle_info_s.c
[2.558s] -- Up-to-date symlink: /home/nisanth/carla_ros_ws/install/carla_msgs/local/lib/python3.10/dist-packages/carla_msgs/msg/_carla_ego_vehicle_info_wheel.py
[2.559s] -- Up-to-date symlink: /home/nisanth/carla_ros_ws/install/carla_msgs/local/lib/python3.10/dist-packages/carla_msgs/msg/_carla_ego_vehicle_info_wheel_s.c
[2.559s] -- Up-to-date symlink: /home/nisanth/carla_ros_ws/install/carla_msgs/local/lib/python3.10/dist-packages/carla_msgs/msg/_carla_ego_vehicle_status.py
[2.559s] -- Up-to-date symlink: /home/nisanth/carla_ros_ws/install/carla_msgs/local/lib/python3.10/dist-packages/carla_msgs/msg/_carla_ego_vehicle_status_s.c
[2.559s] -- Up-to-date symlink: /home/nisanth/carla_ros_ws/install/carla_msgs/local/lib/python3.10/dist-packages/carla_msgs/msg/_carla_lane_invasion_event.py
[2.560s] -- Up-to-date symlink: /home/nisanth/carla_ros_ws/install/carla_msgs/local/lib/python3.10/dist-packages/carla_msgs/msg/_carla_lane_invasion_event_s.c
[2.560s] -- Up-to-date symlink: /home/nisanth/carla_ros_ws/install/carla_msgs/local/lib/python3.10/dist-packages/carla_msgs/msg/_carla_status.py
[2.560s] -- Up-to-date symlink: /home/nisanth/carla_ros_ws/install/carla_msgs/local/lib/python3.10/dist-packages/carla_msgs/msg/_carla_status_s.c
[2.561s] -- Up-to-date symlink: /home/nisanth/carla_ros_ws/install/carla_msgs/local/lib/python3.10/dist-packages/carla_msgs/msg/_carla_traffic_light_info.py
[2.561s] -- Up-to-date symlink: /home/nisanth/carla_ros_ws/install/carla_msgs/local/lib/python3.10/dist-packages/carla_msgs/msg/_carla_traffic_light_info_list.py
[2.561s] -- Up-to-date symlink: /home/nisanth/carla_ros_ws/install/carla_msgs/local/lib/python3.10/dist-packages/carla_msgs/msg/_carla_traffic_light_info_list_s.c
[2.562s] -- Up-to-date symlink: /home/nisanth/carla_ros_ws/install/carla_msgs/local/lib/python3.10/dist-packages/carla_msgs/msg/_carla_traffic_light_info_s.c
[2.562s] -- Up-to-date symlink: /home/nisanth/carla_ros_ws/install/carla_msgs/local/lib/python3.10/dist-packages/carla_msgs/msg/_carla_traffic_light_status.py
[2.562s] -- Up-to-date symlink: /home/nisanth/carla_ros_ws/install/carla_msgs/local/lib/python3.10/dist-packages/carla_msgs/msg/_carla_traffic_light_status_list.py
[2.562s] -- Up-to-date symlink: /home/nisanth/carla_ros_ws/install/carla_msgs/local/lib/python3.10/dist-packages/carla_msgs/msg/_carla_traffic_light_status_list_s.c
[2.563s] -- Up-to-date symlink: /home/nisanth/carla_ros_ws/install/carla_msgs/local/lib/python3.10/dist-packages/carla_msgs/msg/_carla_traffic_light_status_s.c
[2.563s] -- Up-to-date symlink: /home/nisanth/carla_ros_ws/install/carla_msgs/local/lib/python3.10/dist-packages/carla_msgs/msg/_carla_walker_control.py
[2.563s] -- Up-to-date symlink: /home/nisanth/carla_ros_ws/install/carla_msgs/local/lib/python3.10/dist-packages/carla_msgs/msg/_carla_walker_control_s.c
[2.564s] -- Up-to-date symlink: /home/nisanth/carla_ros_ws/install/carla_msgs/local/lib/python3.10/dist-packages/carla_msgs/msg/_carla_weather_parameters.py
[2.564s] -- Up-to-date symlink: /home/nisanth/carla_ros_ws/install/carla_msgs/local/lib/python3.10/dist-packages/carla_msgs/msg/_carla_weather_parameters_s.c
[2.564s] -- Up-to-date symlink: /home/nisanth/carla_ros_ws/install/carla_msgs/local/lib/python3.10/dist-packages/carla_msgs/msg/_carla_world_info.py
[2.564s] -- Up-to-date symlink: /home/nisanth/carla_ros_ws/install/carla_msgs/local/lib/python3.10/dist-packages/carla_msgs/msg/_carla_world_info_s.c
[2.565s] -- Up-to-date symlink: /home/nisanth/carla_ros_ws/install/carla_msgs/local/lib/python3.10/dist-packages/carla_msgs/srv/__init__.py
[2.565s] -- Up-to-date symlink: /home/nisanth/carla_ros_ws/install/carla_msgs/local/lib/python3.10/dist-packages/carla_msgs/srv/_destroy_object.py
[2.565s] -- Up-to-date symlink: /home/nisanth/carla_ros_ws/install/carla_msgs/local/lib/python3.10/dist-packages/carla_msgs/srv/_destroy_object_s.c
[2.566s] -- Up-to-date symlink: /home/nisanth/carla_ros_ws/install/carla_msgs/local/lib/python3.10/dist-packages/carla_msgs/srv/_get_blueprints.py
[2.566s] -- Up-to-date symlink: /home/nisanth/carla_ros_ws/install/carla_msgs/local/lib/python3.10/dist-packages/carla_msgs/srv/_get_blueprints_s.c
[2.566s] -- Up-to-date symlink: /home/nisanth/carla_ros_ws/install/carla_msgs/local/lib/python3.10/dist-packages/carla_msgs/srv/_spawn_object.py
[2.567s] -- Up-to-date symlink: /home/nisanth/carla_ros_ws/install/carla_msgs/local/lib/python3.10/dist-packages/carla_msgs/srv/_spawn_object_s.c
[2.567s] -- Up-to-date symlink: /home/nisanth/carla_ros_ws/install/carla_msgs/local/lib/python3.10/dist-packages/carla_msgs/carla_msgs_s__rosidl_typesupport_fastrtps_c.cpython-310-x86_64-linux-gnu.so
[2.567s] -- Up-to-date symlink: /home/nisanth/carla_ros_ws/install/carla_msgs/local/lib/python3.10/dist-packages/carla_msgs/carla_msgs_s__rosidl_typesupport_introspection_c.cpython-310-x86_64-linux-gnu.so
[2.567s] -- Up-to-date symlink: /home/nisanth/carla_ros_ws/install/carla_msgs/local/lib/python3.10/dist-packages/carla_msgs/carla_msgs_s__rosidl_typesupport_c.cpython-310-x86_64-linux-gnu.so
[2.568s] -- Up-to-date symlink: /home/nisanth/carla_ros_ws/install/carla_msgs/share/carla_msgs/msg/CarlaBoundingBox.idl
[2.568s] -- Up-to-date symlink: /home/nisanth/carla_ros_ws/install/carla_msgs/share/carla_msgs/msg/CarlaEgoVehicleControl.idl
[2.568s] -- Up-to-date symlink: /home/nisanth/carla_ros_ws/install/carla_msgs/share/carla_msgs/msg/CarlaEgoVehicleStatus.idl
[2.569s] -- Up-to-date symlink: /home/nisanth/carla_ros_ws/install/carla_msgs/share/carla_msgs/msg/CarlaEgoVehicleInfoWheel.idl
[2.569s] -- Up-to-date symlink: /home/nisanth/carla_ros_ws/install/carla_msgs/share/carla_msgs/msg/CarlaEgoVehicleInfo.idl
[2.569s] -- Up-to-date symlink: /home/nisanth/carla_ros_ws/install/carla_msgs/share/carla_msgs/msg/CarlaCollisionEvent.idl
[2.569s] -- Up-to-date symlink: /home/nisanth/carla_ros_ws/install/carla_msgs/share/carla_msgs/msg/CarlaLaneInvasionEvent.idl
[2.570s] -- Up-to-date symlink: /home/nisanth/carla_ros_ws/install/carla_msgs/share/carla_msgs/msg/CarlaWorldInfo.idl
[2.570s] -- Up-to-date symlink: /home/nisanth/carla_ros_ws/install/carla_msgs/share/carla_msgs/msg/CarlaActorInfo.idl
[2.570s] -- Up-to-date symlink: /home/nisanth/carla_ros_ws/install/carla_msgs/share/carla_msgs/msg/CarlaActorList.idl
[2.571s] -- Up-to-date symlink: /home/nisanth/carla_ros_ws/install/carla_msgs/share/carla_msgs/msg/CarlaControl.idl
[2.571s] -- Up-to-date symlink: /home/nisanth/carla_ros_ws/install/carla_msgs/share/carla_msgs/msg/CarlaStatus.idl
[2.571s] -- Up-to-date symlink: /home/nisanth/carla_ros_ws/install/carla_msgs/share/carla_msgs/msg/CarlaTrafficLightInfo.idl
[2.572s] -- Up-to-date symlink: /home/nisanth/carla_ros_ws/install/carla_msgs/share/carla_msgs/msg/CarlaTrafficLightInfoList.idl
[2.572s] -- Up-to-date symlink: /home/nisanth/carla_ros_ws/install/carla_msgs/share/carla_msgs/msg/CarlaTrafficLightStatus.idl
[2.572s] -- Up-to-date symlink: /home/nisanth/carla_ros_ws/install/carla_msgs/share/carla_msgs/msg/CarlaTrafficLightStatusList.idl
[2.573s] -- Up-to-date symlink: /home/nisanth/carla_ros_ws/install/carla_msgs/share/carla_msgs/msg/CarlaWalkerControl.idl
[2.573s] -- Up-to-date symlink: /home/nisanth/carla_ros_ws/install/carla_msgs/share/carla_msgs/msg/CarlaWeatherParameters.idl
[2.573s] -- Up-to-date symlink: /home/nisanth/carla_ros_ws/install/carla_msgs/share/carla_msgs/srv/SpawnObject.idl
[2.574s] -- Up-to-date symlink: /home/nisanth/carla_ros_ws/install/carla_msgs/share/carla_msgs/srv/DestroyObject.idl
[2.574s] -- Up-to-date symlink: /home/nisanth/carla_ros_ws/install/carla_msgs/share/carla_msgs/srv/GetBlueprints.idl
[2.574s] -- Up-to-date symlink: /home/nisanth/carla_ros_ws/install/carla_msgs/share/carla_msgs/msg/CarlaBoundingBox.msg
[2.575s] -- Up-to-date symlink: /home/nisanth/carla_ros_ws/install/carla_msgs/share/carla_msgs/msg/CarlaEgoVehicleControl.msg
[2.575s] -- Up-to-date symlink: /home/nisanth/carla_ros_ws/install/carla_msgs/share/carla_msgs/msg/CarlaEgoVehicleStatus.msg
[2.575s] -- Up-to-date symlink: /home/nisanth/carla_ros_ws/install/carla_msgs/share/carla_msgs/msg/CarlaEgoVehicleInfoWheel.msg
[2.576s] -- Up-to-date symlink: /home/nisanth/carla_ros_ws/install/carla_msgs/share/carla_msgs/msg/CarlaEgoVehicleInfo.msg
[2.576s] -- Up-to-date symlink: /home/nisanth/carla_ros_ws/install/carla_msgs/share/carla_msgs/msg/CarlaCollisionEvent.msg
[2.576s] -- Up-to-date symlink: /home/nisanth/carla_ros_ws/install/carla_msgs/share/carla_msgs/msg/CarlaLaneInvasionEvent.msg
[2.576s] -- Up-to-date symlink: /home/nisanth/carla_ros_ws/install/carla_msgs/share/carla_msgs/msg/CarlaWorldInfo.msg
[2.577s] -- Up-to-date symlink: /home/nisanth/carla_ros_ws/install/carla_msgs/share/carla_msgs/msg/CarlaActorInfo.msg
[2.577s] -- Up-to-date symlink: /home/nisanth/carla_ros_ws/install/carla_msgs/share/carla_msgs/msg/CarlaActorList.msg
[2.577s] -- Up-to-date symlink: /home/nisanth/carla_ros_ws/install/carla_msgs/share/carla_msgs/msg/CarlaControl.msg
[2.578s] -- Up-to-date symlink: /home/nisanth/carla_ros_ws/install/carla_msgs/share/carla_msgs/msg/CarlaStatus.msg
[2.578s] -- Up-to-date symlink: /home/nisanth/carla_ros_ws/install/carla_msgs/share/carla_msgs/msg/CarlaTrafficLightInfo.msg
[2.578s] -- Up-to-date symlink: /home/nisanth/carla_ros_ws/install/carla_msgs/share/carla_msgs/msg/CarlaTrafficLightInfoList.msg
[2.579s] -- Up-to-date symlink: /home/nisanth/carla_ros_ws/install/carla_msgs/share/carla_msgs/msg/CarlaTrafficLightStatus.msg
[2.579s] -- Up-to-date symlink: /home/nisanth/carla_ros_ws/install/carla_msgs/share/carla_msgs/msg/CarlaTrafficLightStatusList.msg
[2.579s] -- Up-to-date symlink: /home/nisanth/carla_ros_ws/install/carla_msgs/share/carla_msgs/msg/CarlaWalkerControl.msg
[2.579s] -- Up-to-date symlink: /home/nisanth/carla_ros_ws/install/carla_msgs/share/carla_msgs/msg/CarlaWeatherParameters.msg
[2.580s] -- Up-to-date symlink: /home/nisanth/carla_ros_ws/install/carla_msgs/share/carla_msgs/srv/SpawnObject.srv
[2.580s] -- Up-to-date symlink: /home/nisanth/carla_ros_ws/install/carla_msgs/share/carla_msgs/srv/SpawnObject_Request.msg
[2.580s] -- Up-to-date symlink: /home/nisanth/carla_ros_ws/install/carla_msgs/share/carla_msgs/srv/SpawnObject_Response.msg
[2.581s] -- Up-to-date symlink: /home/nisanth/carla_ros_ws/install/carla_msgs/share/carla_msgs/srv/DestroyObject.srv
[2.581s] -- Up-to-date symlink: /home/nisanth/carla_ros_ws/install/carla_msgs/share/carla_msgs/srv/DestroyObject_Request.msg
[2.582s] -- Up-to-date symlink: /home/nisanth/carla_ros_ws/install/carla_msgs/share/carla_msgs/srv/DestroyObject_Response.msg
[2.582s] -- Up-to-date symlink: /home/nisanth/carla_ros_ws/install/carla_msgs/share/carla_msgs/srv/GetBlueprints.srv
[2.582s] -- Up-to-date symlink: /home/nisanth/carla_ros_ws/install/carla_msgs/share/carla_msgs/srv/GetBlueprints_Request.msg
[2.582s] -- Up-to-date symlink: /home/nisanth/carla_ros_ws/install/carla_msgs/share/carla_msgs/srv/GetBlueprints_Response.msg
[2.583s] -- Up-to-date symlink: /home/nisanth/carla_ros_ws/install/carla_msgs/share/ament_index/resource_index/package_run_dependencies/carla_msgs
[2.583s] -- Up-to-date symlink: /home/nisanth/carla_ros_ws/install/carla_msgs/share/ament_index/resource_index/parent_prefix_path/carla_msgs
[2.583s] -- Up-to-date symlink: /home/nisanth/carla_ros_ws/install/carla_msgs/share/carla_msgs/environment/ament_prefix_path.sh
[2.584s] -- Up-to-date symlink: /home/nisanth/carla_ros_ws/install/carla_msgs/share/carla_msgs/environment/ament_prefix_path.dsv
[2.584s] -- Up-to-date symlink: /home/nisanth/carla_ros_ws/install/carla_msgs/share/carla_msgs/environment/path.sh
[2.584s] -- Up-to-date symlink: /home/nisanth/carla_ros_ws/install/carla_msgs/share/carla_msgs/environment/path.dsv
[2.585s] -- Up-to-date symlink: /home/nisanth/carla_ros_ws/install/carla_msgs/share/carla_msgs/local_setup.bash
[2.585s] -- Up-to-date symlink: /home/nisanth/carla_ros_ws/install/carla_msgs/share/carla_msgs/local_setup.sh
[2.585s] -- Up-to-date symlink: /home/nisanth/carla_ros_ws/install/carla_msgs/share/carla_msgs/local_setup.zsh
[2.586s] -- Up-to-date symlink: /home/nisanth/carla_ros_ws/install/carla_msgs/share/carla_msgs/local_setup.dsv
[2.586s] -- Symlinking: /home/nisanth/carla_ros_ws/install/carla_msgs/share/carla_msgs/package.dsv
[2.596s] -- Up-to-date symlink: /home/nisanth/carla_ros_ws/install/carla_msgs/share/ament_index/resource_index/packages/carla_msgs
[2.596s] -- Up-to-date symlink: /home/nisanth/carla_ros_ws/install/carla_msgs/share/carla_msgs/cmake/rosidl_cmake-extras.cmake
[2.597s] -- Up-to-date symlink: /home/nisanth/carla_ros_ws/install/carla_msgs/share/carla_msgs/cmake/ament_cmake_export_dependencies-extras.cmake
[2.597s] -- Up-to-date symlink: /home/nisanth/carla_ros_ws/install/carla_msgs/share/carla_msgs/cmake/ament_cmake_export_include_directories-extras.cmake
[2.597s] -- Up-to-date symlink: /home/nisanth/carla_ros_ws/install/carla_msgs/share/carla_msgs/cmake/ament_cmake_export_libraries-extras.cmake
[2.598s] -- Up-to-date symlink: /home/nisanth/carla_ros_ws/install/carla_msgs/share/carla_msgs/cmake/ament_cmake_export_targets-extras.cmake
[2.598s] -- Up-to-date symlink: /home/nisanth/carla_ros_ws/install/carla_msgs/share/carla_msgs/cmake/rosidl_cmake_export_typesupport_targets-extras.cmake
[2.598s] -- Up-to-date symlink: /home/nisanth/carla_ros_ws/install/carla_msgs/share/carla_msgs/cmake/rosidl_cmake_export_typesupport_libraries-extras.cmake
[2.599s] -- Up-to-date symlink: /home/nisanth/carla_ros_ws/install/carla_msgs/share/carla_msgs/cmake/carla_msgsConfig.cmake
[2.599s] -- Up-to-date symlink: /home/nisanth/carla_ros_ws/install/carla_msgs/share/carla_msgs/cmake/carla_msgsConfig-version.cmake
[2.599s] -- Up-to-date symlink: /home/nisanth/carla_ros_ws/install/carla_msgs/share/carla_msgs/package.xml
[2.600s] -- Up-to-date: /home/nisanth/carla_ros_ws/install/carla_msgs/lib/libcarla_msgs__rosidl_generator_c.so
[2.601s] -- Up-to-date: /home/nisanth/carla_ros_ws/install/carla_msgs/lib/libcarla_msgs__rosidl_typesupport_fastrtps_c.so
[2.602s] -- Up-to-date: /home/nisanth/carla_ros_ws/install/carla_msgs/lib/libcarla_msgs__rosidl_typesupport_fastrtps_cpp.so
[2.603s] -- Installing: /home/nisanth/carla_ros_ws/install/carla_msgs/lib/libcarla_msgs__rosidl_typesupport_introspection_c.so
[2.604s] -- Set runtime path of "/home/nisanth/carla_ros_ws/install/carla_msgs/lib/libcarla_msgs__rosidl_typesupport_introspection_c.so" to ""
[2.605s] -- Up-to-date: /home/nisanth/carla_ros_ws/install/carla_msgs/lib/libcarla_msgs__rosidl_typesupport_c.so
[2.606s] -- Up-to-date: /home/nisanth/carla_ros_ws/install/carla_msgs/lib/libcarla_msgs__rosidl_typesupport_introspection_cpp.so
[2.607s] -- Up-to-date: /home/nisanth/carla_ros_ws/install/carla_msgs/lib/libcarla_msgs__rosidl_typesupport_cpp.so
[2.639s] Listing '/home/nisanth/carla_ros_ws/install/carla_msgs/local/lib/python3.10/dist-packages/carla_msgs'...
[2.639s] Compiling '/home/nisanth/carla_ros_ws/install/carla_msgs/local/lib/python3.10/dist-packages/carla_msgs/__init__.py'...
[2.639s] Listing '/home/nisanth/carla_ros_ws/install/carla_msgs/local/lib/python3.10/dist-packages/carla_msgs/msg'...
[2.639s] Listing '/home/nisanth/carla_ros_ws/install/carla_msgs/local/lib/python3.10/dist-packages/carla_msgs/srv'...
[2.643s] -- Up-to-date: /home/nisanth/carla_ros_ws/install/carla_msgs/lib/libcarla_msgs__rosidl_generator_py.so
[2.644s] -- Up-to-date: /home/nisanth/carla_ros_ws/install/carla_msgs/share/carla_msgs/cmake/export_carla_msgs__rosidl_generator_cExport.cmake
[2.644s] -- Up-to-date: /home/nisanth/carla_ros_ws/install/carla_msgs/share/carla_msgs/cmake/export_carla_msgs__rosidl_generator_cExport-noconfig.cmake
[2.644s] -- Up-to-date: /home/nisanth/carla_ros_ws/install/carla_msgs/share/carla_msgs/cmake/export_carla_msgs__rosidl_typesupport_fastrtps_cExport.cmake
[2.644s] -- Up-to-date: /home/nisanth/carla_ros_ws/install/carla_msgs/share/carla_msgs/cmake/export_carla_msgs__rosidl_typesupport_fastrtps_cExport-noconfig.cmake
[2.644s] -- Up-to-date: /home/nisanth/carla_ros_ws/install/carla_msgs/share/carla_msgs/cmake/export_carla_msgs__rosidl_generator_cppExport.cmake
[2.645s] -- Up-to-date: /home/nisanth/carla_ros_ws/install/carla_msgs/share/carla_msgs/cmake/export_carla_msgs__rosidl_typesupport_fastrtps_cppExport.cmake
[2.645s] -- Up-to-date: /home/nisanth/carla_ros_ws/install/carla_msgs/share/carla_msgs/cmake/export_carla_msgs__rosidl_typesupport_fastrtps_cppExport-noconfig.cmake
[2.645s] -- Up-to-date: /home/nisanth/carla_ros_ws/install/carla_msgs/share/carla_msgs/cmake/carla_msgs__rosidl_typesupport_introspection_cExport.cmake
[2.645s] -- Up-to-date: /home/nisanth/carla_ros_ws/install/carla_msgs/share/carla_msgs/cmake/carla_msgs__rosidl_typesupport_introspection_cExport-noconfig.cmake
[2.645s] -- Up-to-date: /home/nisanth/carla_ros_ws/install/carla_msgs/share/carla_msgs/cmake/carla_msgs__rosidl_typesupport_cExport.cmake
[2.646s] -- Up-to-date: /home/nisanth/carla_ros_ws/install/carla_msgs/share/carla_msgs/cmake/carla_msgs__rosidl_typesupport_cExport-noconfig.cmake
[2.646s] -- Up-to-date: /home/nisanth/carla_ros_ws/install/carla_msgs/share/carla_msgs/cmake/carla_msgs__rosidl_typesupport_introspection_cppExport.cmake
[2.646s] -- Up-to-date: /home/nisanth/carla_ros_ws/install/carla_msgs/share/carla_msgs/cmake/carla_msgs__rosidl_typesupport_introspection_cppExport-noconfig.cmake
[2.646s] -- Up-to-date: /home/nisanth/carla_ros_ws/install/carla_msgs/share/carla_msgs/cmake/carla_msgs__rosidl_typesupport_cppExport.cmake
[2.646s] -- Up-to-date: /home/nisanth/carla_ros_ws/install/carla_msgs/share/carla_msgs/cmake/carla_msgs__rosidl_typesupport_cppExport-noconfig.cmake
[2.646s] -- Up-to-date: /home/nisanth/carla_ros_ws/install/carla_msgs/share/carla_msgs/cmake/export_carla_msgs__rosidl_generator_pyExport.cmake
[2.647s] -- Up-to-date: /home/nisanth/carla_ros_ws/install/carla_msgs/share/carla_msgs/cmake/export_carla_msgs__rosidl_generator_pyExport-noconfig.cmake
[2.711s] Invoked command in '/home/nisanth/carla_ros_ws/build/carla_msgs' returned '0': CMAKE_PREFIX_PATH=/opt/ros/humble /usr/bin/cmake --install /home/nisanth/carla_ros_ws/build/carla_msgs
