[1.924s] Invoking command in '/home/nisanth/carla_ros_ws/build/carla_twist_to_control': PYTHONPATH=/home/nisanth/carla_ros_ws/build/carla_twist_to_control/prefix_override:/usr/lib/python3/dist-packages/colcon_core/task/python/colcon_distutils_commands:/home/nisanth/carla_ros_ws/install/carla_twist_to_control/lib/python3.10/site-packages:${PYTHONPATH} /usr/bin/python3 -W ignore:setup.py install is deprecated -W ignore:easy_install command is deprecated setup.py develop --editable --build-directory /home/nisanth/carla_ros_ws/build/carla_twist_to_control/build --no-deps symlink_data
[2.291s] running develop
[2.495s] running egg_info
[2.495s] creating src/carla_twist_to_control.egg-info
[2.496s] writing src/carla_twist_to_control.egg-info/PKG-INFO
[2.497s] writing dependency_links to src/carla_twist_to_control.egg-info/dependency_links.txt
[2.497s] writing entry points to src/carla_twist_to_control.egg-info/entry_points.txt
[2.497s] writing requirements to src/carla_twist_to_control.egg-info/requires.txt
[2.497s] writing top-level names to src/carla_twist_to_control.egg-info/top_level.txt
[2.498s] writing manifest file 'src/carla_twist_to_control.egg-info/SOURCES.txt'
[2.500s] reading manifest file 'src/carla_twist_to_control.egg-info/SOURCES.txt'
[2.501s] writing manifest file 'src/carla_twist_to_control.egg-info/SOURCES.txt'
[2.503s] running build_ext
[2.505s] Creating /home/nisanth/carla_ros_ws/install/carla_twist_to_control/lib/python3.10/site-packages/carla-twist-to-control.egg-link (link to src)
[2.505s] Installing carla_twist_to_control script to /home/nisanth/carla_ros_ws/install/carla_twist_to_control/lib/carla_twist_to_control
[2.505s] 
[2.505s] Installed /home/nisanth/carla_ros_ws/build/carla_twist_to_control/src
[2.505s] running symlink_data
[2.506s] creating /home/nisanth/carla_ros_ws/install/carla_twist_to_control/share/ament_index
[2.507s] creating /home/nisanth/carla_ros_ws/install/carla_twist_to_control/share/ament_index/resource_index
[2.507s] creating /home/nisanth/carla_ros_ws/install/carla_twist_to_control/share/ament_index/resource_index/packages
[2.507s] symbolically linking /home/nisanth/carla_ros_ws/build/carla_twist_to_control/resource/carla_twist_to_control -> /home/nisanth/carla_ros_ws/install/carla_twist_to_control/share/ament_index/resource_index/packages
[2.507s] symbolically linking /home/nisanth/carla_ros_ws/build/carla_twist_to_control/package.xml -> /home/nisanth/carla_ros_ws/install/carla_twist_to_control/share/carla_twist_to_control
[2.508s] symbolically linking /home/nisanth/carla_ros_ws/build/carla_twist_to_control/launch/carla_twist_to_control.launch.py -> /home/nisanth/carla_ros_ws/install/carla_twist_to_control/share/carla_twist_to_control
[2.606s] Invoked command in '/home/nisanth/carla_ros_ws/build/carla_twist_to_control' returned '0': PYTHONPATH=/home/nisanth/carla_ros_ws/build/carla_twist_to_control/prefix_override:/usr/lib/python3/dist-packages/colcon_core/task/python/colcon_distutils_commands:/home/nisanth/carla_ros_ws/install/carla_twist_to_control/lib/python3.10/site-packages:${PYTHONPATH} /usr/bin/python3 -W ignore:setup.py install is deprecated -W ignore:easy_install command is deprecated setup.py develop --editable --build-directory /home/nisanth/carla_ros_ws/build/carla_twist_to_control/build --no-deps symlink_data
