[1.937s] Invoking command in '/home/nisanth/carla_ros_ws/build/pcl_recorder': AMENT_PREFIX_PATH=/home/nisanth/carla_ros_ws/install/carla_ros_bridge:/home/nisanth/carla_ros_ws/install/carla_spawn_objects:/home/nisanth/carla_ros_ws/install/carla_manual_control:/home/nisanth/carla_ros_ws/install/ros_compatibility:/home/nisanth/carla_ros_ws/install/carla_msgs:/home/nisanth/carla_ros_ws/install/carla_common:${AMENT_PREFIX_PATH} CMAKE_PREFIX_PATH=/home/nisanth/carla_ros_ws/install/carla_msgs:/opt/ros/humble LD_LIBRARY_PATH=/home/nisanth/carla_ros_ws/install/carla_msgs/lib:${LD_LIBRARY_PATH} PYTHONPATH=/home/nisanth/carla_ros_ws/build/carla_ros_bridge/src:/home/nisanth/carla_ros_ws/install/carla_ros_bridge/lib/python3.10/site-packages:/home/nisanth/carla_ros_ws/build/carla_spawn_objects:/home/nisanth/carla_ros_ws/install/carla_spawn_objects/lib/python3.10/site-packages:/home/nisanth/carla_ros_ws/build/carla_manual_control/src:/home/nisanth/carla_ros_ws/install/carla_manual_control/lib/python3.10/site-packages:/home/nisanth/carla_ros_ws/build/ros_compatibility/src:/home/nisanth/carla_ros_ws/install/ros_compatibility/lib/python3.10/site-packages:/home/nisanth/carla_ros_ws/install/carla_msgs/local/lib/python3.10/dist-packages:/home/nisanth/carla_ros_ws/build/carla_common/src:/home/nisanth/carla_ros_ws/install/carla_common/lib/python3.10/site-packages:${PYTHONPATH} /usr/bin/cmake /home/nisanth/carla_ros_ws/src/ros-bridge/pcl_recorder -DAMENT_CMAKE_SYMLINK_INSTALL=1 -DCMAKE_INSTALL_PREFIX=/home/nisanth/carla_ros_ws/install/pcl_recorder
[2.087s] -- The C compiler identification is GNU 11.4.0
[2.547s] -- The CXX compiler identification is GNU 11.4.0
[2.861s] -- Detecting C compiler ABI info
[3.035s] -- Detecting C compiler ABI info - done
[3.042s] -- Check for working C compiler: /usr/bin/cc - skipped
[3.042s] -- Detecting C compile features
[3.043s] -- Detecting C compile features - done
[3.046s] -- Detecting CXX compiler ABI info
[3.211s] -- Detecting CXX compiler ABI info - done
[3.220s] -- Check for working CXX compiler: /usr/bin/c++ - skipped
[3.220s] -- Detecting CXX compile features
[3.221s] -- Detecting CXX compile features - done
[3.224s] -- Found ros_environment: 3.2.2 (/opt/ros/humble/share/ros_environment/cmake)
[3.227s] -- Found ament_cmake: 1.3.13 (/opt/ros/humble/share/ament_cmake/cmake)
[3.449s] -- Found Python3: /usr/bin/python3 (found version "3.10.12") found components: Interpreter 
[3.564s] -- Override CMake install command with custom implementation using symlinks instead of copying resources
[3.599s] -- Found rclcpp: 16.0.18 (/opt/ros/humble/share/rclcpp/cmake)
[3.748s] -- Found rosidl_generator_c: 3.1.8 (/opt/ros/humble/share/rosidl_generator_c/cmake)
[3.754s] -- Found rosidl_adapter: 3.1.8 (/opt/ros/humble/share/rosidl_adapter/cmake)
[3.764s] -- Found rosidl_generator_cpp: 3.1.8 (/opt/ros/humble/share/rosidl_generator_cpp/cmake)
[3.780s] -- Using all available rosidl_typesupport_c: rosidl_typesupport_fastrtps_c;rosidl_typesupport_introspection_c
[3.800s] -- Using all available rosidl_typesupport_cpp: rosidl_typesupport_fastrtps_cpp;rosidl_typesupport_introspection_cpp
[3.873s] -- Found rmw_implementation_cmake: 6.1.2 (/opt/ros/humble/share/rmw_implementation_cmake/cmake)
[3.878s] -- Found rmw_fastrtps_cpp: 6.2.10 (/opt/ros/humble/share/rmw_fastrtps_cpp/cmake)
[5.180s] -- Found OpenSSL: /usr/lib/x86_64-linux-gnu/libcrypto.so (found version "3.0.2")  
[6.376s] -- Found FastRTPS: /opt/ros/humble/include  
[8.644s] -- Using RMW implementation 'rmw_fastrtps_cpp' as default
[8.652s] -- Looking for pthread.h
[8.824s] -- Looking for pthread.h - found
[8.824s] -- Performing Test CMAKE_HAVE_LIBC_PTHREAD
[8.994s] -- Performing Test CMAKE_HAVE_LIBC_PTHREAD - Success
[8.995s] -- Found Threads: TRUE  
[9.045s] -- Found rclcpp_components: 16.0.18 (/opt/ros/humble/share/rclcpp_components/cmake)
[9.071s] -- Found sensor_msgs: 4.9.1 (/opt/ros/humble/share/sensor_msgs/cmake)
[9.100s] -- Found tf2: 0.25.19 (/opt/ros/humble/share/tf2/cmake)
[9.104s] -- Found tf2_eigen: 0.25.19 (/opt/ros/humble/share/tf2_eigen/cmake)
[9.178s] -- Found tf2_geometry_msgs: 0.25.19 (/opt/ros/humble/share/tf2_geometry_msgs/cmake)
[9.218s] -- Found eigen3_cmake_module: 0.1.1 (/opt/ros/humble/share/eigen3_cmake_module/cmake)
[9.220s] -- Found Eigen3: TRUE (found version "3.4.0") 
[9.220s] -- Ensuring Eigen3 include directory is part of orocos-kdl CMake target
[9.223s] -- Found pcl_conversions: 2.4.5 (/opt/ros/humble/share/pcl_conversions/cmake)
[9.267s] -- Checking for module 'eigen3'
[9.283s] --   Found eigen3, version 3.4.0
[9.323s] -- Found Eigen: /usr/include/eigen3 (Required is at least version "3.1") 
[9.323s] -- Eigen found (include: /usr/include/eigen3, version: 3.4.0)
[10.627s] -- Checking for module 'flann'
[10.647s] --   Found flann, version 1.9.1
[11.128s] -- Found FLANN: /usr/lib/x86_64-linux-gnu/libflann_cpp.so  
[11.128s] -- FLANN found (include: /usr/include, lib: /usr/lib/x86_64-linux-gnu/libflann_cpp.so)
[16.909s] -- Checking for module 'libusb-1.0'
[16.927s] --   Found libusb-1.0, version 1.0.25
[17.049s] -- Found libusb: /usr/lib/x86_64-linux-gnu/libusb-1.0.so  
[17.051s] -- OpenNI found (version: 1.5.4.0, include: /usr/include/ni, lib: /usr/lib/libOpenNI.so;libusb::libusb)
[17.279s] -- OpenNI2 found (version: 2.2.0.33, include: /usr/include/openni2, lib: /usr/lib/x86_64-linux-gnu/libOpenNI2.so;libusb::libusb)
[19.418s] -- Eigen found (include: /usr/include/eigen3, version: 3.4.0)
[19.426s] -- OpenNI found (version: 1.5.4.0, include: /usr/include/ni, lib: /usr/lib/libOpenNI.so;libusb::libusb)
[19.434s] -- OpenNI2 found (version: 2.2.0.33, include: /usr/include/openni2, lib: /usr/lib/x86_64-linux-gnu/libOpenNI2.so;libusb::libusb)
[21.582s] -- Found Qhull version 8.0.2
[23.695s] -- OpenNI found (version: 1.5.4.0, include: /usr/include/ni, lib: /usr/lib/libOpenNI.so;libusb::libusb)
[25.792s] -- Found PCL_COMMON: /usr/lib/x86_64-linux-gnu/libpcl_common.so  
[25.793s] -- Found PCL_KDTREE: /usr/lib/x86_64-linux-gnu/libpcl_kdtree.so  
[25.794s] -- Found PCL_OCTREE: /usr/lib/x86_64-linux-gnu/libpcl_octree.so  
[25.795s] -- Found PCL_SEARCH: /usr/lib/x86_64-linux-gnu/libpcl_search.so  
[25.795s] -- Found PCL_SAMPLE_CONSENSUS: /usr/lib/x86_64-linux-gnu/libpcl_sample_consensus.so  
[25.796s] -- Found PCL_FILTERS: /usr/lib/x86_64-linux-gnu/libpcl_filters.so  
[25.796s] -- Found PCL_2D: /usr/include/pcl-1.12  
[25.796s] -- Found PCL_GEOMETRY: /usr/include/pcl-1.12  
[25.797s] -- Found PCL_IO: /usr/lib/x86_64-linux-gnu/libpcl_io.so  
[25.798s] -- Found PCL_FEATURES: /usr/lib/x86_64-linux-gnu/libpcl_features.so  
[25.799s] -- Found PCL_ML: /usr/lib/x86_64-linux-gnu/libpcl_ml.so  
[25.799s] -- Found PCL_SEGMENTATION: /usr/lib/x86_64-linux-gnu/libpcl_segmentation.so  
[25.800s] -- Found PCL_VISUALIZATION: /usr/lib/x86_64-linux-gnu/libpcl_visualization.so  
[25.801s] -- Found PCL_SURFACE: /usr/lib/x86_64-linux-gnu/libpcl_surface.so  
[25.802s] -- Found PCL_REGISTRATION: /usr/lib/x86_64-linux-gnu/libpcl_registration.so  
[25.802s] -- Found PCL_KEYPOINTS: /usr/lib/x86_64-linux-gnu/libpcl_keypoints.so  
[25.803s] -- Found PCL_TRACKING: /usr/lib/x86_64-linux-gnu/libpcl_tracking.so  
[25.804s] -- Found PCL_RECOGNITION: /usr/lib/x86_64-linux-gnu/libpcl_recognition.so  
[25.805s] -- Found PCL_STEREO: /usr/lib/x86_64-linux-gnu/libpcl_stereo.so  
[25.806s] -- Found PCL_APPS: /usr/lib/x86_64-linux-gnu/libpcl_apps.so  
[25.807s] -- Found PCL_IN_HAND_SCANNER: /usr/include/pcl-1.12  
[25.807s] -- Found PCL_MODELER: /usr/include/pcl-1.12  
[25.807s] -- Found PCL_POINT_CLOUD_EDITOR: /usr/include/pcl-1.12  
[25.808s] -- Found PCL_OUTOFCORE: /usr/lib/x86_64-linux-gnu/libpcl_outofcore.so  
[25.808s] -- Found PCL_PEOPLE: /usr/lib/x86_64-linux-gnu/libpcl_people.so  
[25.814s] -- Found Boost: /usr/lib/x86_64-linux-gnu/cmake/Boost-1.74.0/BoostConfig.cmake (found version "1.74.0") found components: system 
[25.815s] [33mCMake Warning (dev) at CMakeLists.txt:64 (find_package):
[25.815s]   Policy CMP0074 is not set: find_package uses <PackageName>_ROOT variables.
[25.815s]   Run "cmake --help-policy CMP0074" for policy details.  Use the cmake_policy
[25.815s]   command to set the policy and suppress this warning.
[25.815s] 
[25.815s]   CMake variable PCL_ROOT is set to:
[25.815s] 
[25.815s]     /usr
[25.816s] 
[25.816s]   For compatibility, CMake is ignoring the variable.
[25.816s] This warning is for project developers.  Use -Wno-dev to suppress it.
[25.816s] [0m
[25.922s] -- Configuring done
[26.010s] -- Generating done
[26.025s] -- Build files have been written to: /home/nisanth/carla_ros_ws/build/pcl_recorder
[26.054s] Invoked command in '/home/nisanth/carla_ros_ws/build/pcl_recorder' returned '0': AMENT_PREFIX_PATH=/home/nisanth/carla_ros_ws/install/carla_ros_bridge:/home/nisanth/carla_ros_ws/install/carla_spawn_objects:/home/nisanth/carla_ros_ws/install/carla_manual_control:/home/nisanth/carla_ros_ws/install/ros_compatibility:/home/nisanth/carla_ros_ws/install/carla_msgs:/home/nisanth/carla_ros_ws/install/carla_common:${AMENT_PREFIX_PATH} CMAKE_PREFIX_PATH=/home/nisanth/carla_ros_ws/install/carla_msgs:/opt/ros/humble LD_LIBRARY_PATH=/home/nisanth/carla_ros_ws/install/carla_msgs/lib:${LD_LIBRARY_PATH} PYTHONPATH=/home/nisanth/carla_ros_ws/build/carla_ros_bridge/src:/home/nisanth/carla_ros_ws/install/carla_ros_bridge/lib/python3.10/site-packages:/home/nisanth/carla_ros_ws/build/carla_spawn_objects:/home/nisanth/carla_ros_ws/install/carla_spawn_objects/lib/python3.10/site-packages:/home/nisanth/carla_ros_ws/build/carla_manual_control/src:/home/nisanth/carla_ros_ws/install/carla_manual_control/lib/python3.10/site-packages:/home/nisanth/carla_ros_ws/build/ros_compatibility/src:/home/nisanth/carla_ros_ws/install/ros_compatibility/lib/python3.10/site-packages:/home/nisanth/carla_ros_ws/install/carla_msgs/local/lib/python3.10/dist-packages:/home/nisanth/carla_ros_ws/build/carla_common/src:/home/nisanth/carla_ros_ws/install/carla_common/lib/python3.10/site-packages:${PYTHONPATH} /usr/bin/cmake /home/nisanth/carla_ros_ws/src/ros-bridge/pcl_recorder -DAMENT_CMAKE_SYMLINK_INSTALL=1 -DCMAKE_INSTALL_PREFIX=/home/nisanth/carla_ros_ws/install/pcl_recorder
[26.057s] Invoking command in '/home/nisanth/carla_ros_ws/build/pcl_recorder': AMENT_PREFIX_PATH=/home/nisanth/carla_ros_ws/install/carla_ros_bridge:/home/nisanth/carla_ros_ws/install/carla_spawn_objects:/home/nisanth/carla_ros_ws/install/carla_manual_control:/home/nisanth/carla_ros_ws/install/ros_compatibility:/home/nisanth/carla_ros_ws/install/carla_msgs:/home/nisanth/carla_ros_ws/install/carla_common:${AMENT_PREFIX_PATH} CMAKE_PREFIX_PATH=/home/nisanth/carla_ros_ws/install/carla_msgs:/opt/ros/humble LD_LIBRARY_PATH=/home/nisanth/carla_ros_ws/install/carla_msgs/lib:${LD_LIBRARY_PATH} PYTHONPATH=/home/nisanth/carla_ros_ws/build/carla_ros_bridge/src:/home/nisanth/carla_ros_ws/install/carla_ros_bridge/lib/python3.10/site-packages:/home/nisanth/carla_ros_ws/build/carla_spawn_objects:/home/nisanth/carla_ros_ws/install/carla_spawn_objects/lib/python3.10/site-packages:/home/nisanth/carla_ros_ws/build/carla_manual_control/src:/home/nisanth/carla_ros_ws/install/carla_manual_control/lib/python3.10/site-packages:/home/nisanth/carla_ros_ws/build/ros_compatibility/src:/home/nisanth/carla_ros_ws/install/ros_compatibility/lib/python3.10/site-packages:/home/nisanth/carla_ros_ws/install/carla_msgs/local/lib/python3.10/dist-packages:/home/nisanth/carla_ros_ws/build/carla_common/src:/home/nisanth/carla_ros_ws/install/carla_common/lib/python3.10/site-packages:${PYTHONPATH} /usr/bin/cmake --build /home/nisanth/carla_ros_ws/build/pcl_recorder -- -j12 -l12
[26.128s] [ 66%] [32mBuilding CXX object CMakeFiles/pcl_recorder_node.dir/src/mainROS2.cpp.o[0m
[26.128s] [ 66%] [32mBuilding CXX object CMakeFiles/pcl_recorder_node.dir/src/PclRecorderROS2.cpp.o[0m
[28.435s] In file included from [01m[K/home/nisanth/carla_ros_ws/src/ros-bridge/pcl_recorder/include/PclRecorderROS2.h:13[m[K,
[28.435s]                  from [01m[K/home/nisanth/carla_ros_ws/src/ros-bridge/pcl_recorder/src/mainROS2.cpp:7[m[K:
[28.435s] [01m[K/opt/ros/humble/include/tf2_eigen/tf2_eigen/tf2_eigen.h:32:2:[m[K [01;35m[Kwarning: [m[K#warning This header is obsolete, please include tf2_eigen/tf2_eigen.hpp instead [[01;35m[K]8;;https://gcc.gnu.org/onlinedocs/gcc/Warning-Options.html#index-Wcpp-Wcpp]8;;[m[K]
[28.435s]    32 | #[01;35m[Kwarning[m[K This header is obsolete, please include tf2_eigen/tf2_eigen.hpp instead
[28.435s]       |  [01;35m[K^~~~~~~[m[K
[28.859s] In file included from [01m[K/home/nisanth/carla_ros_ws/src/ros-bridge/pcl_recorder/include/PclRecorderROS2.h:13[m[K,
[28.859s]                  from [01m[K/home/nisanth/carla_ros_ws/src/ros-bridge/pcl_recorder/src/PclRecorderROS2.cpp:13[m[K:
[28.859s] [01m[K/opt/ros/humble/include/tf2_eigen/tf2_eigen/tf2_eigen.h:32:2:[m[K [01;35m[Kwarning: [m[K#warning This header is obsolete, please include tf2_eigen/tf2_eigen.hpp instead [[01;35m[K]8;;https://gcc.gnu.org/onlinedocs/gcc/Warning-Options.html#index-Wcpp-Wcpp]8;;[m[K]
[28.859s]    32 | #[01;35m[Kwarning[m[K This header is obsolete, please include tf2_eigen/tf2_eigen.hpp instead
[28.859s]       |  [01;35m[K^~~~~~~[m[K
[44.302s] [100%] [32m[1mLinking CXX executable pcl_recorder_node[0m
[45.478s] [100%] Built target pcl_recorder_node
[45.492s] Invoked command in '/home/nisanth/carla_ros_ws/build/pcl_recorder' returned '0': AMENT_PREFIX_PATH=/home/nisanth/carla_ros_ws/install/carla_ros_bridge:/home/nisanth/carla_ros_ws/install/carla_spawn_objects:/home/nisanth/carla_ros_ws/install/carla_manual_control:/home/nisanth/carla_ros_ws/install/ros_compatibility:/home/nisanth/carla_ros_ws/install/carla_msgs:/home/nisanth/carla_ros_ws/install/carla_common:${AMENT_PREFIX_PATH} CMAKE_PREFIX_PATH=/home/nisanth/carla_ros_ws/install/carla_msgs:/opt/ros/humble LD_LIBRARY_PATH=/home/nisanth/carla_ros_ws/install/carla_msgs/lib:${LD_LIBRARY_PATH} PYTHONPATH=/home/nisanth/carla_ros_ws/build/carla_ros_bridge/src:/home/nisanth/carla_ros_ws/install/carla_ros_bridge/lib/python3.10/site-packages:/home/nisanth/carla_ros_ws/build/carla_spawn_objects:/home/nisanth/carla_ros_ws/install/carla_spawn_objects/lib/python3.10/site-packages:/home/nisanth/carla_ros_ws/build/carla_manual_control/src:/home/nisanth/carla_ros_ws/install/carla_manual_control/lib/python3.10/site-packages:/home/nisanth/carla_ros_ws/build/ros_compatibility/src:/home/nisanth/carla_ros_ws/install/ros_compatibility/lib/python3.10/site-packages:/home/nisanth/carla_ros_ws/install/carla_msgs/local/lib/python3.10/dist-packages:/home/nisanth/carla_ros_ws/build/carla_common/src:/home/nisanth/carla_ros_ws/install/carla_common/lib/python3.10/site-packages:${PYTHONPATH} /usr/bin/cmake --build /home/nisanth/carla_ros_ws/build/pcl_recorder -- -j12 -l12
[45.494s] Invoking command in '/home/nisanth/carla_ros_ws/build/pcl_recorder': AMENT_PREFIX_PATH=/home/nisanth/carla_ros_ws/install/carla_ros_bridge:/home/nisanth/carla_ros_ws/install/carla_spawn_objects:/home/nisanth/carla_ros_ws/install/carla_manual_control:/home/nisanth/carla_ros_ws/install/ros_compatibility:/home/nisanth/carla_ros_ws/install/carla_msgs:/home/nisanth/carla_ros_ws/install/carla_common:${AMENT_PREFIX_PATH} CMAKE_PREFIX_PATH=/home/nisanth/carla_ros_ws/install/carla_msgs:/opt/ros/humble LD_LIBRARY_PATH=/home/nisanth/carla_ros_ws/install/carla_msgs/lib:${LD_LIBRARY_PATH} PYTHONPATH=/home/nisanth/carla_ros_ws/build/carla_ros_bridge/src:/home/nisanth/carla_ros_ws/install/carla_ros_bridge/lib/python3.10/site-packages:/home/nisanth/carla_ros_ws/build/carla_spawn_objects:/home/nisanth/carla_ros_ws/install/carla_spawn_objects/lib/python3.10/site-packages:/home/nisanth/carla_ros_ws/build/carla_manual_control/src:/home/nisanth/carla_ros_ws/install/carla_manual_control/lib/python3.10/site-packages:/home/nisanth/carla_ros_ws/build/ros_compatibility/src:/home/nisanth/carla_ros_ws/install/ros_compatibility/lib/python3.10/site-packages:/home/nisanth/carla_ros_ws/install/carla_msgs/local/lib/python3.10/dist-packages:/home/nisanth/carla_ros_ws/build/carla_common/src:/home/nisanth/carla_ros_ws/install/carla_common/lib/python3.10/site-packages:${PYTHONPATH} /usr/bin/cmake --install /home/nisanth/carla_ros_ws/build/pcl_recorder
[45.504s] -- Install configuration: ""
[45.504s] -- Execute custom install script
[45.506s] -- Symlinking: /home/nisanth/carla_ros_ws/install/pcl_recorder/lib/pcl_recorder/pcl_recorder_node
[45.527s] -- Symlinking: /home/nisanth/carla_ros_ws/install/pcl_recorder/share/pcl_recorder//pcl_recorder.launch
[45.543s] -- Symlinking: /home/nisanth/carla_ros_ws/install/pcl_recorder/share/pcl_recorder//pcl_recorder.launch.py
[45.558s] -- Symlinking: /home/nisanth/carla_ros_ws/install/pcl_recorder/share/ament_index/resource_index/package_run_dependencies/pcl_recorder
[45.571s] -- Symlinking: /home/nisanth/carla_ros_ws/install/pcl_recorder/share/ament_index/resource_index/parent_prefix_path/pcl_recorder
[45.584s] -- Symlinking: /home/nisanth/carla_ros_ws/install/pcl_recorder/share/pcl_recorder/environment/ament_prefix_path.sh
[45.595s] -- Symlinking: /home/nisanth/carla_ros_ws/install/pcl_recorder/share/pcl_recorder/environment/ament_prefix_path.dsv
[45.608s] -- Symlinking: /home/nisanth/carla_ros_ws/install/pcl_recorder/share/pcl_recorder/environment/path.sh
[45.619s] -- Symlinking: /home/nisanth/carla_ros_ws/install/pcl_recorder/share/pcl_recorder/environment/path.dsv
[45.631s] -- Symlinking: /home/nisanth/carla_ros_ws/install/pcl_recorder/share/pcl_recorder/local_setup.bash
[45.644s] -- Symlinking: /home/nisanth/carla_ros_ws/install/pcl_recorder/share/pcl_recorder/local_setup.sh
[45.656s] -- Symlinking: /home/nisanth/carla_ros_ws/install/pcl_recorder/share/pcl_recorder/local_setup.zsh
[45.668s] -- Symlinking: /home/nisanth/carla_ros_ws/install/pcl_recorder/share/pcl_recorder/local_setup.dsv
[45.681s] -- Symlinking: /home/nisanth/carla_ros_ws/install/pcl_recorder/share/pcl_recorder/package.dsv
[45.696s] -- Symlinking: /home/nisanth/carla_ros_ws/install/pcl_recorder/share/ament_index/resource_index/packages/pcl_recorder
[45.712s] -- Symlinking: /home/nisanth/carla_ros_ws/install/pcl_recorder/share/pcl_recorder/cmake/pcl_recorderConfig.cmake
[45.725s] -- Symlinking: /home/nisanth/carla_ros_ws/install/pcl_recorder/share/pcl_recorder/cmake/pcl_recorderConfig-version.cmake
[45.739s] -- Symlinking: /home/nisanth/carla_ros_ws/install/pcl_recorder/share/pcl_recorder/package.xml
[45.758s] Invoked command in '/home/nisanth/carla_ros_ws/build/pcl_recorder' returned '0': AMENT_PREFIX_PATH=/home/nisanth/carla_ros_ws/install/carla_ros_bridge:/home/nisanth/carla_ros_ws/install/carla_spawn_objects:/home/nisanth/carla_ros_ws/install/carla_manual_control:/home/nisanth/carla_ros_ws/install/ros_compatibility:/home/nisanth/carla_ros_ws/install/carla_msgs:/home/nisanth/carla_ros_ws/install/carla_common:${AMENT_PREFIX_PATH} CMAKE_PREFIX_PATH=/home/nisanth/carla_ros_ws/install/carla_msgs:/opt/ros/humble LD_LIBRARY_PATH=/home/nisanth/carla_ros_ws/install/carla_msgs/lib:${LD_LIBRARY_PATH} PYTHONPATH=/home/nisanth/carla_ros_ws/build/carla_ros_bridge/src:/home/nisanth/carla_ros_ws/install/carla_ros_bridge/lib/python3.10/site-packages:/home/nisanth/carla_ros_ws/build/carla_spawn_objects:/home/nisanth/carla_ros_ws/install/carla_spawn_objects/lib/python3.10/site-packages:/home/nisanth/carla_ros_ws/build/carla_manual_control/src:/home/nisanth/carla_ros_ws/install/carla_manual_control/lib/python3.10/site-packages:/home/nisanth/carla_ros_ws/build/ros_compatibility/src:/home/nisanth/carla_ros_ws/install/ros_compatibility/lib/python3.10/site-packages:/home/nisanth/carla_ros_ws/install/carla_msgs/local/lib/python3.10/dist-packages:/home/nisanth/carla_ros_ws/build/carla_common/src:/home/nisanth/carla_ros_ws/install/carla_common/lib/python3.10/site-packages:${PYTHONPATH} /usr/bin/cmake --install /home/nisanth/carla_ros_ws/build/pcl_recorder
