running develop
running egg_info
creating src/carla_waypoint_publisher.egg-info
writing src/carla_waypoint_publisher.egg-info/PKG-INFO
writing dependency_links to src/carla_waypoint_publisher.egg-info/dependency_links.txt
writing entry points to src/carla_waypoint_publisher.egg-info/entry_points.txt
writing requirements to src/carla_waypoint_publisher.egg-info/requires.txt
writing top-level names to src/carla_waypoint_publisher.egg-info/top_level.txt
writing manifest file 'src/carla_waypoint_publisher.egg-info/SOURCES.txt'
reading manifest file 'src/carla_waypoint_publisher.egg-info/SOURCES.txt'
writing manifest file 'src/carla_waypoint_publisher.egg-info/SOURCES.txt'
running build_ext
Creating /home/nisanth/carla_ros_ws/install/carla_waypoint_publisher/lib/python3.10/site-packages/carla-waypoint-publisher.egg-link (link to src)
Installing carla_waypoint_publisher script to /home/nisanth/carla_ros_ws/install/carla_waypoint_publisher/lib/carla_waypoint_publisher

Installed /home/nisanth/carla_ros_ws/build/carla_waypoint_publisher/src
running symlink_data
creating /home/nisanth/carla_ros_ws/install/carla_waypoint_publisher/share/ament_index
creating /home/nisanth/carla_ros_ws/install/carla_waypoint_publisher/share/ament_index/resource_index
creating /home/nisanth/carla_ros_ws/install/carla_waypoint_publisher/share/ament_index/resource_index/packages
symbolically linking /home/nisanth/carla_ros_ws/build/carla_waypoint_publisher/resource/carla_waypoint_publisher -> /home/nisanth/carla_ros_ws/install/carla_waypoint_publisher/share/ament_index/resource_index/packages
symbolically linking /home/nisanth/carla_ros_ws/build/carla_waypoint_publisher/package.xml -> /home/nisanth/carla_ros_ws/install/carla_waypoint_publisher/share/carla_waypoint_publisher
symbolically linking /home/nisanth/carla_ros_ws/build/carla_waypoint_publisher/launch/carla_waypoint_publisher.launch.py -> /home/nisanth/carla_ros_ws/install/carla_waypoint_publisher/share/carla_waypoint_publisher
