[1.358s] Invoking command in '/home/nisanth/carla_ros_ws/src/ros-bridge/carla_twist_to_control': PYTHONPATH=/home/nisanth/carla_ros_ws/build/carla_twist_to_control/prefix_override:/usr/lib/python3/dist-packages/colcon_core/task/python/colcon_distutils_commands:/home/nisanth/carla_ros_ws/install/carla_twist_to_control/lib/python3.10/site-packages:${PYTHONPATH} /usr/bin/python3 -W ignore:setup.py install is deprecated -W ignore:easy_install command is deprecated setup.py egg_info --egg-base ../../../build/carla_twist_to_control build --build-base /home/nisanth/carla_ros_ws/build/carla_twist_to_control/build install --record /home/nisanth/carla_ros_ws/build/carla_twist_to_control/install.log --single-version-externally-managed install_data
[1.624s] running egg_info
[1.624s] creating ../../../build/carla_twist_to_control/carla_twist_to_control.egg-info
[1.625s] writing ../../../build/carla_twist_to_control/carla_twist_to_control.egg-info/PKG-INFO
[1.625s] writing dependency_links to ../../../build/carla_twist_to_control/carla_twist_to_control.egg-info/dependency_links.txt
[1.625s] writing entry points to ../../../build/carla_twist_to_control/carla_twist_to_control.egg-info/entry_points.txt
[1.626s] writing requirements to ../../../build/carla_twist_to_control/carla_twist_to_control.egg-info/requires.txt
[1.626s] writing top-level names to ../../../build/carla_twist_to_control/carla_twist_to_control.egg-info/top_level.txt
[1.626s] writing manifest file '../../../build/carla_twist_to_control/carla_twist_to_control.egg-info/SOURCES.txt'
[1.629s] reading manifest file '../../../build/carla_twist_to_control/carla_twist_to_control.egg-info/SOURCES.txt'
[1.630s] writing manifest file '../../../build/carla_twist_to_control/carla_twist_to_control.egg-info/SOURCES.txt'
[1.630s] running build
[1.630s] running build_py
[1.630s] creating /home/nisanth/carla_ros_ws/build/carla_twist_to_control/build
[1.630s] creating /home/nisanth/carla_ros_ws/build/carla_twist_to_control/build/lib
[1.631s] creating /home/nisanth/carla_ros_ws/build/carla_twist_to_control/build/lib/carla_twist_to_control
[1.631s] copying src/carla_twist_to_control/carla_twist_to_control.py -> /home/nisanth/carla_ros_ws/build/carla_twist_to_control/build/lib/carla_twist_to_control
[1.632s] copying src/carla_twist_to_control/__init__.py -> /home/nisanth/carla_ros_ws/build/carla_twist_to_control/build/lib/carla_twist_to_control
[1.632s] running install
[1.633s] running install_lib
[1.633s] creating /home/nisanth/carla_ros_ws/install/carla_twist_to_control/lib/python3.10/site-packages/carla_twist_to_control
[1.633s] copying /home/nisanth/carla_ros_ws/build/carla_twist_to_control/build/lib/carla_twist_to_control/carla_twist_to_control.py -> /home/nisanth/carla_ros_ws/install/carla_twist_to_control/lib/python3.10/site-packages/carla_twist_to_control
[1.633s] copying /home/nisanth/carla_ros_ws/build/carla_twist_to_control/build/lib/carla_twist_to_control/__init__.py -> /home/nisanth/carla_ros_ws/install/carla_twist_to_control/lib/python3.10/site-packages/carla_twist_to_control
[1.633s] byte-compiling /home/nisanth/carla_ros_ws/install/carla_twist_to_control/lib/python3.10/site-packages/carla_twist_to_control/carla_twist_to_control.py to carla_twist_to_control.cpython-310.pyc
[1.634s] byte-compiling /home/nisanth/carla_ros_ws/install/carla_twist_to_control/lib/python3.10/site-packages/carla_twist_to_control/__init__.py to __init__.cpython-310.pyc
[1.635s] running install_data
[1.636s] running install_egg_info
[1.638s] Copying ../../../build/carla_twist_to_control/carla_twist_to_control.egg-info to /home/nisanth/carla_ros_ws/install/carla_twist_to_control/lib/python3.10/site-packages/carla_twist_to_control-0.0.0-py3.10.egg-info
[1.641s] running install_scripts
[1.663s] Installing carla_twist_to_control script to /home/nisanth/carla_ros_ws/install/carla_twist_to_control/lib/carla_twist_to_control
[1.663s] writing list of installed files to '/home/nisanth/carla_ros_ws/build/carla_twist_to_control/install.log'
[1.715s] Invoked command in '/home/nisanth/carla_ros_ws/src/ros-bridge/carla_twist_to_control' returned '0': PYTHONPATH=/home/nisanth/carla_ros_ws/build/carla_twist_to_control/prefix_override:/usr/lib/python3/dist-packages/colcon_core/task/python/colcon_distutils_commands:/home/nisanth/carla_ros_ws/install/carla_twist_to_control/lib/python3.10/site-packages:${PYTHONPATH} /usr/bin/python3 -W ignore:setup.py install is deprecated -W ignore:easy_install command is deprecated setup.py egg_info --egg-base ../../../build/carla_twist_to_control build --build-base /home/nisanth/carla_ros_ws/build/carla_twist_to_control/build install --record /home/nisanth/carla_ros_ws/build/carla_twist_to_control/install.log --single-version-externally-managed install_data
