running egg_info
creating ../../../build/rqt_carla_control/rqt_carla_control.egg-info
writing ../../../build/rqt_carla_control/rqt_carla_control.egg-info/PKG-INFO
writing dependency_links to ../../../build/rqt_carla_control/rqt_carla_control.egg-info/dependency_links.txt
writing requirements to ../../../build/rqt_carla_control/rqt_carla_control.egg-info/requires.txt
writing top-level names to ../../../build/rqt_carla_control/rqt_carla_control.egg-info/top_level.txt
writing manifest file '../../../build/rqt_carla_control/rqt_carla_control.egg-info/SOURCES.txt'
reading manifest file '../../../build/rqt_carla_control/rqt_carla_control.egg-info/SOURCES.txt'
writing manifest file '../../../build/rqt_carla_control/rqt_carla_control.egg-info/SOURCES.txt'
running build
running build_py
creating /home/nisanth/carla_ros_ws/build/rqt_carla_control/build
creating /home/nisanth/carla_ros_ws/build/rqt_carla_control/build/lib
creating /home/nisanth/carla_ros_ws/build/rqt_carla_control/build/lib/rqt_carla_control
copying src/rqt_carla_control/rqt_carla_control.py -> /home/nisanth/carla_ros_ws/build/rqt_carla_control/build/lib/rqt_carla_control
copying src/rqt_carla_control/__init__.py -> /home/nisanth/carla_ros_ws/build/rqt_carla_control/build/lib/rqt_carla_control
running build_scripts
creating /home/nisanth/carla_ros_ws/build/rqt_carla_control/build/scripts-3.10
copying and adjusting scripts/rqt_carla_control -> /home/nisanth/carla_ros_ws/build/rqt_carla_control/build/scripts-3.10
changing mode of /home/nisanth/carla_ros_ws/build/rqt_carla_control/build/scripts-3.10/rqt_carla_control from 644 to 755
running install
running install_lib
creating /home/nisanth/carla_ros_ws/install/rqt_carla_control/lib/python3.10/site-packages/rqt_carla_control
copying /home/nisanth/carla_ros_ws/build/rqt_carla_control/build/lib/rqt_carla_control/rqt_carla_control.py -> /home/nisanth/carla_ros_ws/install/rqt_carla_control/lib/python3.10/site-packages/rqt_carla_control
copying /home/nisanth/carla_ros_ws/build/rqt_carla_control/build/lib/rqt_carla_control/__init__.py -> /home/nisanth/carla_ros_ws/install/rqt_carla_control/lib/python3.10/site-packages/rqt_carla_control
byte-compiling /home/nisanth/carla_ros_ws/install/rqt_carla_control/lib/python3.10/site-packages/rqt_carla_control/rqt_carla_control.py to rqt_carla_control.cpython-310.pyc
byte-compiling /home/nisanth/carla_ros_ws/install/rqt_carla_control/lib/python3.10/site-packages/rqt_carla_control/__init__.py to __init__.cpython-310.pyc
running install_data
running install_egg_info
Copying ../../../build/rqt_carla_control/rqt_carla_control.egg-info to /home/nisanth/carla_ros_ws/install/rqt_carla_control/lib/python3.10/site-packages/rqt_carla_control-0.0.0-py3.10.egg-info
running install_scripts
copying /home/nisanth/carla_ros_ws/build/rqt_carla_control/build/scripts-3.10/rqt_carla_control -> /home/nisanth/carla_ros_ws/install/rqt_carla_control/lib/rqt_carla_control
changing mode of /home/nisanth/carla_ros_ws/install/rqt_carla_control/lib/rqt_carla_control/rqt_carla_control to 755
writing list of installed files to '/home/nisanth/carla_ros_ws/build/rqt_carla_control/install.log'
