[1.359s] Invoking command in '/home/nisanth/carla_ros_ws/src/ros-bridge/rqt_carla_control': PYTHONPATH=/home/nisanth/carla_ros_ws/build/rqt_carla_control/prefix_override:/usr/lib/python3/dist-packages/colcon_core/task/python/colcon_distutils_commands:/home/nisanth/carla_ros_ws/install/rqt_carla_control/lib/python3.10/site-packages:${PYTHONPATH} /usr/bin/python3 -W ignore:setup.py install is deprecated -W ignore:easy_install command is deprecated setup.py egg_info --egg-base ../../../build/rqt_carla_control build --build-base /home/nisanth/carla_ros_ws/build/rqt_carla_control/build install --record /home/nisanth/carla_ros_ws/build/rqt_carla_control/install.log --single-version-externally-managed install_data
[1.612s] running egg_info
[1.613s] creating ../../../build/rqt_carla_control/rqt_carla_control.egg-info
[1.613s] writing ../../../build/rqt_carla_control/rqt_carla_control.egg-info/PKG-INFO
[1.614s] writing dependency_links to ../../../build/rqt_carla_control/rqt_carla_control.egg-info/dependency_links.txt
[1.614s] writing requirements to ../../../build/rqt_carla_control/rqt_carla_control.egg-info/requires.txt
[1.615s] writing top-level names to ../../../build/rqt_carla_control/rqt_carla_control.egg-info/top_level.txt
[1.615s] writing manifest file '../../../build/rqt_carla_control/rqt_carla_control.egg-info/SOURCES.txt'
[1.617s] reading manifest file '../../../build/rqt_carla_control/rqt_carla_control.egg-info/SOURCES.txt'
[1.619s] writing manifest file '../../../build/rqt_carla_control/rqt_carla_control.egg-info/SOURCES.txt'
[1.619s] running build
[1.619s] running build_py
[1.619s] creating /home/nisanth/carla_ros_ws/build/rqt_carla_control/build
[1.620s] creating /home/nisanth/carla_ros_ws/build/rqt_carla_control/build/lib
[1.620s] creating /home/nisanth/carla_ros_ws/build/rqt_carla_control/build/lib/rqt_carla_control
[1.621s] copying src/rqt_carla_control/rqt_carla_control.py -> /home/nisanth/carla_ros_ws/build/rqt_carla_control/build/lib/rqt_carla_control
[1.623s] copying src/rqt_carla_control/__init__.py -> /home/nisanth/carla_ros_ws/build/rqt_carla_control/build/lib/rqt_carla_control
[1.623s] running build_scripts
[1.623s] creating /home/nisanth/carla_ros_ws/build/rqt_carla_control/build/scripts-3.10
[1.623s] copying and adjusting scripts/rqt_carla_control -> /home/nisanth/carla_ros_ws/build/rqt_carla_control/build/scripts-3.10
[1.625s] changing mode of /home/nisanth/carla_ros_ws/build/rqt_carla_control/build/scripts-3.10/rqt_carla_control from 644 to 755
[1.625s] running install
[1.625s] running install_lib
[1.626s] creating /home/nisanth/carla_ros_ws/install/rqt_carla_control/lib/python3.10/site-packages/rqt_carla_control
[1.626s] copying /home/nisanth/carla_ros_ws/build/rqt_carla_control/build/lib/rqt_carla_control/rqt_carla_control.py -> /home/nisanth/carla_ros_ws/install/rqt_carla_control/lib/python3.10/site-packages/rqt_carla_control
[1.626s] copying /home/nisanth/carla_ros_ws/build/rqt_carla_control/build/lib/rqt_carla_control/__init__.py -> /home/nisanth/carla_ros_ws/install/rqt_carla_control/lib/python3.10/site-packages/rqt_carla_control
[1.626s] byte-compiling /home/nisanth/carla_ros_ws/install/rqt_carla_control/lib/python3.10/site-packages/rqt_carla_control/rqt_carla_control.py to rqt_carla_control.cpython-310.pyc
[1.628s] byte-compiling /home/nisanth/carla_ros_ws/install/rqt_carla_control/lib/python3.10/site-packages/rqt_carla_control/__init__.py to __init__.cpython-310.pyc
[1.628s] running install_data
[1.630s] running install_egg_info
[1.632s] Copying ../../../build/rqt_carla_control/rqt_carla_control.egg-info to /home/nisanth/carla_ros_ws/install/rqt_carla_control/lib/python3.10/site-packages/rqt_carla_control-0.0.0-py3.10.egg-info
[1.634s] running install_scripts
[1.656s] copying /home/nisanth/carla_ros_ws/build/rqt_carla_control/build/scripts-3.10/rqt_carla_control -> /home/nisanth/carla_ros_ws/install/rqt_carla_control/lib/rqt_carla_control
[1.657s] changing mode of /home/nisanth/carla_ros_ws/install/rqt_carla_control/lib/rqt_carla_control/rqt_carla_control to 755
[1.658s] writing list of installed files to '/home/nisanth/carla_ros_ws/build/rqt_carla_control/install.log'
[1.723s] Invoked command in '/home/nisanth/carla_ros_ws/src/ros-bridge/rqt_carla_control' returned '0': PYTHONPATH=/home/nisanth/carla_ros_ws/build/rqt_carla_control/prefix_override:/usr/lib/python3/dist-packages/colcon_core/task/python/colcon_distutils_commands:/home/nisanth/carla_ros_ws/install/rqt_carla_control/lib/python3.10/site-packages:${PYTHONPATH} /usr/bin/python3 -W ignore:setup.py install is deprecated -W ignore:easy_install command is deprecated setup.py egg_info --egg-base ../../../build/rqt_carla_control build --build-base /home/nisanth/carla_ros_ws/build/rqt_carla_control/build install --record /home/nisanth/carla_ros_ws/build/rqt_carla_control/install.log --single-version-externally-managed install_data
