/home/nisanth/carla_ros_ws/install/carla_ros_scenario_runner/lib/python3.10/site-packages/carla_ros_scenario_runner/ros_vehicle_control.py
/home/nisanth/carla_ros_ws/install/carla_ros_scenario_runner/lib/python3.10/site-packages/carla_ros_scenario_runner/scenario_runner_runner.py
/home/nisanth/carla_ros_ws/install/carla_ros_scenario_runner/lib/python3.10/site-packages/carla_ros_scenario_runner/__init__.py
/home/nisanth/carla_ros_ws/install/carla_ros_scenario_runner/lib/python3.10/site-packages/carla_ros_scenario_runner/carla_ros_scenario_runner_node.py
/home/nisanth/carla_ros_ws/install/carla_ros_scenario_runner/lib/python3.10/site-packages/carla_ros_scenario_runner/application_runner.py
/home/nisanth/carla_ros_ws/install/carla_ros_scenario_runner/lib/python3.10/site-packages/carla_ros_scenario_runner/__pycache__/ros_vehicle_control.cpython-310.pyc
/home/nisanth/carla_ros_ws/install/carla_ros_scenario_runner/lib/python3.10/site-packages/carla_ros_scenario_runner/__pycache__/scenario_runner_runner.cpython-310.pyc
/home/nisanth/carla_ros_ws/install/carla_ros_scenario_runner/lib/python3.10/site-packages/carla_ros_scenario_runner/__pycache__/__init__.cpython-310.pyc
/home/nisanth/carla_ros_ws/install/carla_ros_scenario_runner/lib/python3.10/site-packages/carla_ros_scenario_runner/__pycache__/carla_ros_scenario_runner_node.cpython-310.pyc
/home/nisanth/carla_ros_ws/install/carla_ros_scenario_runner/lib/python3.10/site-packages/carla_ros_scenario_runner/__pycache__/application_runner.cpython-310.pyc
/home/nisanth/carla_ros_ws/install/carla_ros_scenario_runner/share/ament_index/resource_index/packages/carla_ros_scenario_runner
/home/nisanth/carla_ros_ws/install/carla_ros_scenario_runner/share/carla_ros_scenario_runner/package.xml
/home/nisanth/carla_ros_ws/install/carla_ros_scenario_runner/share/carla_ros_scenario_runner/carla_ros_scenario_runner.launch.py
/home/nisanth/carla_ros_ws/install/carla_ros_scenario_runner/lib/python3.10/site-packages/carla_ros_scenario_runner-0.0.0-py3.10.egg-info/dependency_links.txt
/home/nisanth/carla_ros_ws/install/carla_ros_scenario_runner/lib/python3.10/site-packages/carla_ros_scenario_runner-0.0.0-py3.10.egg-info/requires.txt
/home/nisanth/carla_ros_ws/install/carla_ros_scenario_runner/lib/python3.10/site-packages/carla_ros_scenario_runner-0.0.0-py3.10.egg-info/SOURCES.txt
/home/nisanth/carla_ros_ws/install/carla_ros_scenario_runner/lib/python3.10/site-packages/carla_ros_scenario_runner-0.0.0-py3.10.egg-info/zip-safe
/home/nisanth/carla_ros_ws/install/carla_ros_scenario_runner/lib/python3.10/site-packages/carla_ros_scenario_runner-0.0.0-py3.10.egg-info/entry_points.txt
/home/nisanth/carla_ros_ws/install/carla_ros_scenario_runner/lib/python3.10/site-packages/carla_ros_scenario_runner-0.0.0-py3.10.egg-info/PKG-INFO
/home/nisanth/carla_ros_ws/install/carla_ros_scenario_runner/lib/python3.10/site-packages/carla_ros_scenario_runner-0.0.0-py3.10.egg-info/top_level.txt
/home/nisanth/carla_ros_ws/install/carla_ros_scenario_runner/lib/carla_ros_scenario_runner/carla_ros_scenario_runner
