[1.945s] Invoking command in '/home/nisanth/carla_ros_ws/build/carla_common': PYTHONPATH=/home/nisanth/carla_ros_ws/build/carla_common/prefix_override:/usr/lib/python3/dist-packages/colcon_core/task/python/colcon_distutils_commands:/home/nisanth/carla_ros_ws/install/carla_common/lib/python3.10/site-packages:${PYTHONPATH} /usr/bin/python3 -W ignore:setup.py install is deprecated -W ignore:easy_install command is deprecated setup.py develop --editable --build-directory /home/nisanth/carla_ros_ws/build/carla_common/build --no-deps symlink_data
[2.305s] running develop
[2.506s] running egg_info
[2.506s] creating src/carla_common.egg-info
[2.507s] writing src/carla_common.egg-info/PKG-INFO
[2.507s] writing dependency_links to src/carla_common.egg-info/dependency_links.txt
[2.508s] writing requirements to src/carla_common.egg-info/requires.txt
[2.508s] writing top-level names to src/carla_common.egg-info/top_level.txt
[2.508s] writing manifest file 'src/carla_common.egg-info/SOURCES.txt'
[2.511s] reading manifest file 'src/carla_common.egg-info/SOURCES.txt'
[2.512s] writing manifest file 'src/carla_common.egg-info/SOURCES.txt'
[2.514s] running build_ext
[2.515s] Creating /home/nisanth/carla_ros_ws/install/carla_common/lib/python3.10/site-packages/carla-common.egg-link (link to src)
[2.516s] 
[2.517s] Installed /home/nisanth/carla_ros_ws/build/carla_common/src
[2.517s] running symlink_data
[2.517s] creating /home/nisanth/carla_ros_ws/install/carla_common/share/ament_index
[2.517s] creating /home/nisanth/carla_ros_ws/install/carla_common/share/ament_index/resource_index
[2.518s] creating /home/nisanth/carla_ros_ws/install/carla_common/share/ament_index/resource_index/packages
[2.518s] symbolically linking /home/nisanth/carla_ros_ws/build/carla_common/resource/carla_common -> /home/nisanth/carla_ros_ws/install/carla_common/share/ament_index/resource_index/packages
[2.520s] symbolically linking /home/nisanth/carla_ros_ws/build/carla_common/package.xml -> /home/nisanth/carla_ros_ws/install/carla_common/share/carla_common
[2.594s] Invoked command in '/home/nisanth/carla_ros_ws/build/carla_common' returned '0': PYTHONPATH=/home/nisanth/carla_ros_ws/build/carla_common/prefix_override:/usr/lib/python3/dist-packages/colcon_core/task/python/colcon_distutils_commands:/home/nisanth/carla_ros_ws/install/carla_common/lib/python3.10/site-packages:${PYTHONPATH} /usr/bin/python3 -W ignore:setup.py install is deprecated -W ignore:easy_install command is deprecated setup.py develop --editable --build-directory /home/nisanth/carla_ros_ws/build/carla_common/build --no-deps symlink_data
